07-03 23:19:32.535  1520  2271 W JobScheduler: Job didn't exist in JobStore: a7ad534 #u0a547/100 com.alldocument.hubhub/com.com.alldocument.hubhub.nav.CurryHub
07-03 23:19:32.547  1520  1792 D WifiStaIfaceHidlImpl: getCachedScanData is not implemented by HIDL
07-03 23:19:32.547 21096 21101 I adbd    : opening control endpoint /dev/usb-ffs/adb/ep0
07-03 23:19:32.549 21096 21101 I adbd    : UsbFfsConnection constructed
07-03 23:19:32.550 21096 10100 I adbd    : UsbFfs-monitor thread spawned
07-03 23:19:32.578  1520  2772 I Hiber/hiber: begin socketDestroy, mUid: 10169
07-03 23:19:32.582  1520  2772 D TranNetworkManagementServiceMultiLinkImpl: linkTurb destorySocketByUid  uid :10169
07-03 23:19:32.582  1520  2772 I Hiber/hiber: clearDnsCache again!!!
07-03 23:19:32.587  1520  1603 D tranpm/BehaviorManager: onMemPressureChange : level 1
07-03 23:19:32.661  9895 10090 D ApplicationLoaders: Returning zygote-cached class loader: /system/framework/org.apache.http.legacy.jar
07-03 23:19:32.663  1055 10079 D SPRDHWComposer: exit pq flip thread!
07-03 23:19:32.669  9895 10090 W k.mathchallenge: Loading /data/misc/apexdata/com.android.art/dalvik-cache/arm64/system@framework@com.android.location.provider.jar@classes.odex non-executable as it requires an image which we failed to load
07-03 23:19:32.671  9895 10090 D nativeloader: Configuring clns-9 for other apk /system/framework/com.android.location.provider.jar. target_sdk_version=37, uses_libraries=ALL, library_path=/data/app/~~6fiN0DrfFq1TQdg4eT1CeA==/com.google.android.gms-PaojABA_g8YVAXl9FpdsMA==/lib/arm64:/data/app/~~6fiN0DrfFq1TQdg4eT1CeA==/com.google.android.gms-PaojABA_g8YVAXl9FpdsMA==/base.apk!/lib/arm64-v8a, permitted_path=/data:/mnt/expand:/data/user/0/com.google.android.gms
07-03 23:19:32.680  9895 10090 D nativeloader: Configuring clns-10 for other apk /system/framework/com.android.media.remotedisplay.jar. target_sdk_version=37, uses_libraries=ALL, library_path=/data/app/~~6fiN0DrfFq1TQdg4eT1CeA==/com.google.android.gms-PaojABA_g8YVAXl9FpdsMA==/lib/arm64:/data/app/~~6fiN0DrfFq1TQdg4eT1CeA==/com.google.android.gms-PaojABA_g8YVAXl9FpdsMA==/base.apk!/lib/arm64-v8a, permitted_path=/data:/mnt/expand:/data/user/0/com.google.android.gms
07-03 23:19:32.717  9895 10090 D nativeloader: Configuring clns-11 for other apk /data/app/~~6fiN0DrfFq1TQdg4eT1CeA==/com.google.android.gms-PaojABA_g8YVAXl9FpdsMA==/base.apk. target_sdk_version=37, uses_libraries=, library_path=/data/app/~~6fiN0DrfFq1TQdg4eT1CeA==/com.google.android.gms-PaojABA_g8YVAXl9FpdsMA==/lib/arm64:/data/app/~~6fiN0DrfFq1TQdg4eT1CeA==/com.google.android.gms-PaojABA_g8YVAXl9FpdsMA==/base.apk!/lib/arm64-v8a, permitted_path=/data:/mnt/expand:/data/user/0/com.google.android.gms
07-03 23:19:32.733  1066  1158 D PowerHAL: PowerSessionManager::enableSystemTopAppBoost!!
07-03 23:19:32.749  1520  2271 D ConnectivityService: requestNetwork for uid/pid:10256/9895 activeRequest: null callbackRequest: 9540 [NetworkRequest [ REQUEST id=9541, [ Capabilities: INTERNET&NOT_RESTRICTED&TRUSTED&NOT_VCN_MANAGED&NOT_BANDWIDTH_CONSTRAINED Uid: 10256 RequestorUid: 10256 RequestorPkg: com.mohamedk.mathchallenge UnderlyingNetworks: Null] ]] callback flags: 0 order: 2147483647 isUidTracked: false declaredMethods: ALL
07-03 23:19:32.754  1520  1792 D WifiNetworkFactory: got request NetworkRequest [ REQUEST id=9541, [ Capabilities: INTERNET&NOT_RESTRICTED&TRUSTED&NOT_VCN_MANAGED&NOT_BANDWIDTH_CONSTRAINED Uid: 10256 RequestorUid: 10256 RequestorPkg: com.mohamedk.mathchallenge UnderlyingNetworks: Null] ]
07-03 23:19:32.754  1520  1792 D UntrustedWifiNetworkFactory: got request NetworkRequest [ REQUEST id=9541, [ Capabilities: INTERNET&NOT_RESTRICTED&TRUSTED&NOT_VCN_MANAGED&NOT_BANDWIDTH_CONSTRAINED Uid: 10256 RequestorUid: 10256 RequestorPkg: com.mohamedk.mathchallenge UnderlyingNetworks: Null] ]
07-03 23:19:32.754  1520  1792 D OemPaidWifiNetworkFactory: got request NetworkRequest [ REQUEST id=9541, [ Capabilities: INTERNET&NOT_RESTRICTED&TRUSTED&NOT_VCN_MANAGED&NOT_BANDWIDTH_CONSTRAINED Uid: 10256 RequestorUid: 10256 RequestorPkg: com.mohamedk.mathchallenge UnderlyingNetworks: Null] ]
07-03 23:19:32.754  1520  1792 D MultiInternetWifiNetworkFactory: got request NetworkRequest [ REQUEST id=9541, [ Capabilities: INTERNET&NOT_RESTRICTED&TRUSTED&NOT_VCN_MANAGED&NOT_BANDWIDTH_CONSTRAINED Uid: 10256 RequestorUid: 10256 RequestorPkg: com.mohamedk.mathchallenge UnderlyingNetworks: Null] ]
07-03 23:19:32.756  1520  1804 D ConnectivityService: NetReassign [9541 : null → 113] [c ٠] [a ١] [i ٥]
07-03 23:19:32.761  9895 10090 I Ads     : Updating ad debug logging enablement.
07-03 23:19:32.770  1520  4442 W ProcessStats: Tracking association SourceState{a7b415d com.google.android.gms/10133 BTop #119827} whose proc state 2 is better than process ProcessState{e6ec32c com.google.android.gms.persistent/10133 pkg=com.google.android.gms} proc state 4 (551 skipped)
07-03 23:19:32.783  9895 10104 W Ads     : Update ad debug logging enablement as false
07-03 23:19:32.788  9895 10090 W libc    : Access denied finding property "ro.vendor.tran.hr_spo2.option"
07-03 23:19:32.789  9895 10090 W HeartRateOximetryLiceFactory: HeartRateOximetryLice is not supported
07-03 23:19:32.789  9895 10090 D os.SingleLiceFactory: using android.hardware.ISensorManagerLice$Default@8e22944 instead of com.transsion.heartrateoximetry.HeartRateOximetryLiceFactory  from android.hardware.ISensorManagerLice
07-03 23:19:32.789  9895 10090 D os.LiceInfo: instance successfully. com.transsion.hardware.SensorManagerLice@f767a2d from android.hardware.ISensorManagerLice
07-03 23:19:32.810  9895 10090 I DynamiteModule: Considering local module com.google.android.gms.ads.dynamite:0 and remote module com.google.android.gms.ads.dynamite:260480602
07-03 23:19:32.810  9895 10090 I DynamiteModule: Selected remote version of com.google.android.gms.ads.dynamite, version >= 260480602
07-03 23:19:32.810  9895 10090 V DynamiteModule: Dynamite loader version >= 2, using loadModule2NoCrashUtils
07-03 23:19:32.858 22508 22508 D BoundBrokerSvc: onRebind: Intent { act=com.google.android.gms.appset.service.START dat=chimera-action:/... cmp=com.google.android.gms/.chimera.GmsApiService }
07-03 23:19:32.860  9895  9895 I WebViewFactory: Loading com.google.android.webview version 149.0.7827.159 (code 782715903)
07-03 23:19:32.874  9895  9895 V ResourcesManager: The following library key has been added: ResourcesKey{ mHash=4948082 mResDir=null mSplitDirs=[] mOverlayDirs=[/product/overlay/NavigationBarModeGestural/NavigationBarModeGesturalOverlay.apk,/product/overlay/IconDefaultShape.apk,/data/resource-cache/com.android.systemui-neutral-MXzk.frro,/data/resource-cache/com.android.systemui-accent-U2jN.frro,/data/resource-cache/com.android.systemui-dynamic-l7hw.frro] mLibDirs=[/data/app/~~WTa5xZuS9mODZTYtZZYpTg==/com.google.android.webview-Q6sZyMG4zVs5i10fkaUFHw==/base.apk,/system/framework/android.test.base.jar] mDisplayId=0 mOverrideConfig=v35 mCompatInfo={280dpi always-compat mTimeFlag = 75567} mLoaders=[]}
07-03 23:19:32.876  9895  9895 D ApplicationLoaders: Returning zygote-cached class loader: /system/framework/android.test.base.jar
07-03 23:19:32.888  9895  9895 D nativeloader: Configuring clns-12 for other apk /data/app/~~WTa5xZuS9mODZTYtZZYpTg==/com.google.android.webview-Q6sZyMG4zVs5i10fkaUFHw==/base.apk. target_sdk_version=36, uses_libraries=, library_path=/data/app/~~WTa5xZuS9mODZTYtZZYpTg==/com.google.android.webview-Q6sZyMG4zVs5i10fkaUFHw==/lib/arm64:/data/app/~~WTa5xZuS9mODZTYtZZYpTg==/com.google.android.webview-Q6sZyMG4zVs5i10fkaUFHw==/base.apk!/lib/arm64-v8a, permitted_path=/data:/mnt/expand
07-03 23:19:32.931  1520  2006 I Hiber/importantScene: isTrafficActive uid:10264 speed :0
07-03 23:19:32.932  1520  2006 I Hiber/appStateMachine: uid:10264 enter FrozenState
07-03 23:19:32.934  1520  2006 I Hiber/stateManager: freeze uid: 10264 com.whatsapp costTime=2ms ,last unfreeze 5s ago
07-03 23:19:32.934  1520  2006 I Hiber/restrictionPolicy: uid:10264  pkgName:com.whatsapp isAllowedNet
07-03 23:19:32.935  1520  2007 I Hiber/hiber: msg for start proxy frozen state
07-03 23:19:32.935  1520  2009 I Hiber/nativeServiceClient: watch app network uid=10264, persistent=0
07-03 23:19:32.941  1520  2007 D ActivityManager: Hiber try idle uid[10264] by hiber ,bgTime>0 ? true,isIdled before ? true ,isCurAllowListed ? false ,isProcStateBackground?true
07-03 23:19:32.942  1520  2007 D ActivityManager: Hiber try idle uid[10264] by hiber
07-03 23:19:32.942  1520  2007 I Hiber/proxyManager: p_service: 10264
07-03 23:19:32.942  1520  2007 I Hiber/hiber: proxy alarm (uid=١٠٢٦٤, pkgName=com.whatsapp)
07-03 23:19:32.942  1520  2007 I Hiber/proxyManager: p_alarm: uid=10264, pkgName=com.whatsapp
07-03 23:19:32.942  1520  2007 D AlarmManagerService: set alarm to kernel: 89354958000000, type=2
07-03 23:19:32.942  1520  2007 D AlarmManagerService: set alarm to kernel: 89330939000000, type=3
07-03 23:19:32.943  1520  2007 D Hiber/alarmManagerServiceExtImpl: proxyAlarms, alarm=Alarm{19a2fe7 type 3 origWhen 89511717 whenElapsed 89511717 com.whatsapp}
07-03 23:19:32.943  1520  2007 D Hiber/alarmManagerServiceExtImpl: proxyAlarms, alarm=Alarm{bda29e9 type 2 origWhen 89845288 whenElapsed 89845288 com.whatsapp}
07-03 23:19:32.943  1520  2007 D Hiber/alarmManagerServiceExtImpl: proxyAlarms, alarm=Alarm{7c86302 type 3 origWhen 90233897 whenElapsed 90233897 com.whatsapp}
07-03 23:19:32.943  1520  2007 D Hiber/alarmManagerServiceExtImpl: proxyAlarms, alarm=Alarm{3967f38 type 0 origWhen 1783112404000 whenElapsed 91758958 com.whatsapp}
07-03 23:19:32.943  1520  2007 D Hiber/alarmManagerServiceExtImpl: proxyAlarms, alarm=Alarm{62b42ff type 0 origWhen 1783112406000 whenElapsed 91760958 com.whatsapp}
07-03 23:19:32.943  1520  2007 D Hiber/alarmManagerServiceExtImpl: proxyAlarms, alarm=Alarm{7df066e type 0 origWhen 1783112407000 whenElapsed 91761959 com.whatsapp}
07-03 23:19:32.943  1520  2007 D Hiber/alarmManagerServiceExtImpl: proxyAlarms, alarm=Alarm{2e2fbce type 0 origWhen 1783112422000 whenElapsed 91776958 com.whatsapp}
07-03 23:19:32.943  1520  2007 D Hiber/alarmManagerServiceExtImpl: proxyAlarms, alarm=Alarm{2f97cb6 type 0 origWhen 1783112427000 whenElapsed 91781958 com.whatsapp}
07-03 23:19:32.943  1520  2007 D Hiber/alarmManagerServiceExtImpl: proxyAlarms, alarm=Alarm{f0f68cc type 0 origWhen 1783119601000 whenElapsed 98955958 com.whatsapp}
07-03 23:19:32.943  1520  2007 D Hiber/alarmManagerServiceExtImpl: proxyAlarms, alarm=Alarm{f276b11 type 0 origWhen 1783119602000 whenElapsed 98956958 com.whatsapp}
07-03 23:19:32.943  1520  2007 D Hiber/alarmManagerServiceExtImpl: proxyAlarms, alarm=Alarm{5cfe59c type 0 origWhen 1783119606000 whenElapsed 98960958 com.whatsapp}
07-03 23:19:32.943  1520  2007 D Hiber/alarmManagerServiceExtImpl: proxyAlarms, alarm=Alarm{2fdbdb7 type 0 origWhen 1783119614000 whenElapsed 98968959 com.whatsapp}
07-03 23:19:32.943  1520  2007 D Hiber/alarmManagerServiceExtImpl: proxyAlarms, alarm=Alarm{2b22aef type 0 origWhen 1783119627000 whenElapsed 98981958 com.whatsapp}
07-03 23:19:32.943  1520  2007 D Hiber/alarmManagerServiceExtImpl: proxyAlarms, alarm=Alarm{545f715 type 3 origWhen 128669548 whenElapsed 128669548 com.whatsapp}
07-03 23:19:32.943  1520  2007 D Hiber/alarmManagerServiceExtImpl: proxyAlarms, alarm=Alarm{2cb49fc type 3 origWhen 129311387 whenElapsed 129311387 com.whatsapp}
07-03 23:19:32.943  1520  2007 D Hiber/alarmManagerServiceExtImpl: proxyAlarms, alarm=Alarm{861b924 type 3 origWhen 130474465 whenElapsed 130474465 com.whatsapp}
07-03 23:19:32.943  1520  2007 D Hiber/alarmManagerServiceExtImpl: proxyAlarms, alarm=Alarm{68df476 type 3 origWhen 131568460 whenElapsed 131568460 com.whatsapp}
07-03 23:19:32.943  1520  2007 D Hiber/alarmManagerServiceExtImpl: proxyAlarms, alarm=Alarm{4227ba5 type 3 origWhen 132446432 whenElapsed 132446432 com.whatsapp}
07-03 23:19:32.943  1520  2007 D Hiber/alarmManagerServiceExtImpl: proxyAlarms, alarm=Alarm{af91b7a type 2 origWhen 144885660 whenElapsed 144885660 com.whatsapp}
07-03 23:19:32.943  1520  2007 D Hiber/alarmManagerServiceExtImpl: proxyAlarms, alarm=Alarm{4313a77 type 2 origWhen 144885679 whenElapsed 144885679 com.whatsapp}
07-03 23:19:32.943  1520  2007 D Hiber/alarmManagerServiceExtImpl: proxyAlarms, alarm=Alarm{6017885 type 2 origWhen 144885696 whenElapsed 144885696 com.whatsapp}
07-03 23:19:32.943  1520  2007 D Hiber/alarmManagerServiceExtImpl: proxyAlarms, alarm=Alarm{f50ca2a type 2 origWhen 144885705 whenElapsed 144885705 com.whatsapp}
07-03 23:19:32.943  1520  2007 D Hiber/alarmManagerServiceExtImpl: proxyAlarms, alarm=Alarm{ddcfc8d type 2 origWhen 144886075 whenElapsed 144886075 com.whatsapp}
07-03 23:19:32.943  1520  2007 D Hiber/alarmManagerServiceExtImpl: proxyAlarms, alarm=Alarm{ccc0f2b type 2 origWhen 214531176 whenElapsed 214531176 com.whatsapp}
07-03 23:19:32.943  1520  2007 D Hiber/alarmManagerServiceExtImpl: proxyAlarms, alarm=Alarm{7d056e4 type 2 origWhen 214531195 whenElapsed 214531195 com.whatsapp}
07-03 23:19:32.943  1520  2007 D Hiber/alarmManagerServiceExtImpl: proxyAlarms, alarm=Alarm{d3706da type 2 origWhen 214531212 whenElapsed 214531212 com.whatsapp}
07-03 23:19:32.943  1520  2007 D Hiber/alarmManagerServiceExtImpl: proxyAlarms, alarm=Alarm{97b101b type 2 origWhen 214531221 whenElapsed 214531221 com.whatsapp}
07-03 23:19:32.943  1520  2007 D Hiber/alarmManagerServiceExtImpl: proxyAlarms, alarm=Alarm{e18ae42 type 2 origWhen 214531591 whenElapsed 214531591 com.whatsapp}
07-03 23:19:32.943  1520  2007 D Hiber/alarmManagerServiceExtImpl: proxyAlarms, alarm=Alarm{5c3bf88 type 2 origWhen 1655932763 whenElapsed 1655932763 com.whatsapp}
07-03 23:19:32.943  1520  2007 D Hiber/alarmManagerServiceExtImpl: proxyAlarms, alarm=Alarm{686a74d type 2 origWhen 1655932784 whenElapsed 1655932784 com.whatsapp}
07-03 23:19:32.943  1520  2007 D Hiber/alarmManagerServiceExtImpl: proxyAlarms, alarm=Alarm{b20870b type 2 origWhen 1655932799 whenElapsed 1655932799 com.whatsapp}
07-03 23:19:32.943  1520  2007 D Hiber/alarmManagerServiceExtImpl: proxyAlarms, alarm=Alarm{83045b8 type 2 origWhen 1655932809 whenElapsed 1655932809 com.whatsapp}
07-03 23:19:32.943  1520  2007 D Hiber/alarmManagerServiceExtImpl: proxyAlarms, alarm=Alarm{ea67e53 type 2 origWhen 1655933179 whenElapsed 1655933179 com.whatsapp}
07-03 23:19:32.943  1520  2007 D Hiber/alarmManagerServiceExtImpl: proxyAlarms leave, uid=10264, packageName=com.whatsapp
07-03 23:19:32.944  1520  1559 D SceneMonitor: onUidIdle: Uid: 10264 name: com.whatsapp
07-03 23:19:32.946  1520  2612 D SceneMonitor: handleMessage(MSG_PROCESS_STOP)
07-03 23:19:32.947  1520  2612 D SceneMonitor: com.whatsapp[10264] gone
07-03 23:19:33.017  9895  9895 I cr_WVCFactoryProvider: version=149.0.7827.159 (782715903) minSdkVersion=29 multiprocess=true packageId=9 splits=<none>
07-03 23:19:33.038  9895  9895 D nativeloader: Load /data/app/~~WTa5xZuS9mODZTYtZZYpTg==/com.google.android.webview-Q6sZyMG4zVs5i10fkaUFHw==/base.apk!/lib/arm64-v8a/libwebviewchromium.so using class loader ns clns-12 (caller=/data/app/~~WTa5xZuS9mODZTYtZZYpTg==/com.google.android.webview-Q6sZyMG4zVs5i10fkaUFHw==/base.apk): ok
07-03 23:19:33.048  9895  9895 D nativeloader: Load /system/lib64/libwebviewchromium_plat_support.so using class loader ns clns-12 (caller=/data/app/~~WTa5xZuS9mODZTYtZZYpTg==/com.google.android.webview-Q6sZyMG4zVs5i10fkaUFHw==/base.apk): ok
07-03 23:19:33.053  2039  2255 D TranSignalStrengthComponentImpl: [LTE] dbm: -106
07-03 23:19:33.054  1520  1605 D TranSignalStrengthComponentImpl: [LTE] dbm: -106
07-03 23:19:33.055  1520  4442 D ActivityManager: Skip enqueue broadcast because no receiver with Intent { act=android.intent.action.SIG_STR flg=0x10 (has extras) }
07-03 23:19:33.055  1520  1605 D TranSignalStrengthComponentImpl: [LTE] dbm: -106
07-03 23:19:33.055  2013  2013 D TranSignalStrengthComponentImpl: [LTE] dbm: -106
07-03 23:19:33.056  2013  2968 I TranPhoneInterfaceManager: MPSTCB - onSignalStrengthsChanged
07-03 23:19:33.056  2013  2968 D TranPhoneInterfaceManager: [onSignalStrengthsChanged]
07-03 23:19:33.056  2013  2968 D TranSmartAllocController: mDefaultDataSubId = 2  subId = 2
07-03 23:19:33.057  2013  2968 D TranSmartAllocController: mSupport = true  mBwAllocEnable = false mSimReady =true  mScreenOn =true
07-03 23:19:33.057  2013  2968 D TranSmartAllocController: mDataAvailable = false  mInService = true  cellSignalStrengthList = [CellSignalStrengthLte: rssi=-51 rsrp=-106 rsrq=-19 rssnr=6 cqiTableIndex=2147483647 cqi=2147483647 ta=2147483647 level=3 parametersUseForLevel=0]
07-03 23:19:33.057  2013  2013 D TranSignalStrengthComponentImpl: [LTE] dbm: -107
07-03 23:19:33.057  2013  2013 D TranSignalStrengthComponentImpl: [LTE] dbm: -106
07-03 23:19:33.057  2013  2013 D TranSignalStrengthComponentImpl: [LTE] dbm: -106
07-03 23:19:33.057  2013  2013 D TranSignalStrengthComponentImpl: [LTE] dbm: -106
07-03 23:19:33.059  2013  2013 D AftersaleLogController: updateSignalDurationStartTime signalQuality: {=5237, t5=1030, t6=176808, t7=8914, t8=3095, t9=928, t20=989, t12=28537, t23=7645456, t11=87, t25=16541033, t14=3536200, t24=6819935, t13=1137557, t16=13380820, t26=57865392, t15=2447813, t18=43704542, t17=12185053, t19=4912932} ,4G signalQuality: -19
07-03 23:19:33.059  2039  2255 D TranSignalStrengthComponentImpl: [LTE] dbm: -106
07-03 23:19:33.060  9895 10127 I chromium: [0703/231933.054873:INFO:android_webview/browser/variations/variations_seed_loader.cc:67] Failed to open file for reading.: No such file or directory (2)
07-03 23:19:33.061  2039  2039 D TranSignalStrengthComponentImpl: [LTE] dbm: -106
07-03 23:19:33.063  2013  2588 D TranPhoneSwitcher: getNetworkType: 4G
07-03 23:19:33.063  2013  2588 I TranPhoneSwitcher: mDefaultsign:3subid :2
07-03 23:19:33.126  9895  9895 I cr_LibraryLoader: Successfully loaded native library
07-03 23:19:33.142  9895  9895 I cr_CachingUmaRecorder: Flushed 47 samples from 22 histograms, 0 samples were dropped.
07-03 23:19:33.149  9895  9895 I cr_ChildProcLH: ScopedServiceBindingBatch.tryActivate: false
07-03 23:19:33.152  9895  9895 I cr_CombinedPProvider: #registerProvider() provider:WV.wk@6e8510f isPolicyCacheEnabled:false policyProvidersSize:0
07-03 23:19:33.152  9895  9895 I cr_PolicyProvider: #setManagerAndSource() 0
07-03 23:19:33.154  9895  9895 I cr_DisplayManager: Is Display Topology available: false
07-03 23:19:33.154  9895 10125 I cr_policy: registerReceiver succeeded after 2ms
07-03 23:19:33.171  1520  4442 V GrammaticalInflectionUtils: AttributionSource: android.content.AttributionSource@48c58729 does not have READ_SYSTEM_GRAMMATICAL_GENDER permission.
07-03 23:19:33.178  1520  2248 I ActivityManager: isUserAMonkey mUserIsMonkey = false
07-03 23:19:33.182 30822 30853 D PaySecureElementClient: Felica app not found; returning isSecureElementAvailable = false!
07-03 23:19:33.194  2336  2336 D Zygote  : Forked child process 10132
07-03 23:19:33.199  1520  1594 I ActivityManager: Start proc 10132:com.google.android.webview:sandboxed_process0:org.chromium.content.app.SandboxedProcessService0:0/u0i353 for  {com.mohamedk.mathchallenge/org.chromium.content.app.SandboxedProcessService0:0}
07-03 23:19:33.206 10132 10132 E libc    : SetHeapTaggingLevel: re-enabling tagging after it was disabled is not supported
07-03 23:19:33.217 10132 10132 I ocessService0:0: Using generational CollectorTypeCMC GC.
07-03 23:19:33.232 10132 10132 D nativeloader: Load libframework-connectivity-tiramisu-jni.so using APEX ns com_android_tethering for caller /apex/com.android.tethering/javalib/framework-connectivity-t.jar: ok
07-03 23:19:33.243 10132 10132 W TranInstanceHelper: Failed to instance com.transsion.hubcore.linkplus.implement.app.TranActivityThreadLinkplusImpl, java.lang.ClassNotFoundException: com.transsion.hubcore.linkplus.implement.app.TranActivityThreadLinkplusImpl
07-03 23:19:33.243 10132 10132 D TranClassInfo: instance successfully. com.transsion.hubcore.app.TranActivityThreadImpl@15f25e4 from com.transsion.hubcore.app.ITranActivityThread
07-03 23:19:33.246 10132 10132 D os.SingleLice: instance successfully. com.transsion.widget.v3.FloatingToolbarLice@566ca4d from com.transsion.widget.FloatingToolbarLiceFactory
07-03 23:19:33.246 10132 10132 D os.SingleLiceFactory: instance successfully. com.transsion.widget.v3.FloatingToolbarLice@566ca4d from android.app.IActivityThreadLice
07-03 23:19:33.246  9895  9895 I cr_CombinedPProvider: #linkNativeInternal() 1
07-03 23:19:33.248  1520  4442 D BiometricService: canAuthenticate: User=0, Caller=0, Authenticators=15
07-03 23:19:33.248 10132 10132 D os.SingleLice: instance successfully. com.transsion.common.v1.CommonLice@2f5c902 from com.transsion.common.CommonLiceFactory
07-03 23:19:33.248 10132 10132 D os.SingleLiceFactory: instance successfully. com.transsion.common.v1.CommonLice@2f5c902 from android.app.IActivityThreadLice
07-03 23:19:33.249 10132 10132 D os.SingleLice: instance successfully. com.transsion.typeface.v1.StaticTypefaceLice@f716213 from com.transsion.typeface.TypefaceLiceFactory
07-03 23:19:33.249 10132 10132 D os.SingleLiceFactory: instance successfully. com.transsion.typeface.v1.StaticTypefaceLice@f716213 from android.app.IActivityThreadLice
07-03 23:19:33.249 10132 10132 D os.SingleLiceFactory: using android.app.IActivityThreadLice$DefaultImpl@cdabc50 instead of com.transsion.sun.SunLiceFactory  from android.app.IActivityThreadLice
07-03 23:19:33.250 10132 10132 D os.SingleLice: instance successfully. com.transsion.fdleak.FdLeakLice@462be49 from com.transsion.fdleak.FdLeakLiceFactory
07-03 23:19:33.250 10132 10132 D os.SingleLiceFactory: instance successfully. com.transsion.fdleak.FdLeakLice@462be49 from android.app.IActivityThreadLice
07-03 23:19:33.250 10132 10132 D os.LiceInfo: instance successfully. com.transsion.app.ActivityThreadLice@97b734e from android.app.IActivityThreadLice
07-03 23:19:33.251  9895  9895 I cr_AppResProvider: #getApplicationRestrictionsFromUserManager() Bundle[EMPTY_PARCEL]
07-03 23:19:33.251  9895  9895 I cr_PolicyProvider: #notifySettingsAvailable() 0
07-03 23:19:33.251  9895  9895 I cr_CombinedPProvider: #onSettingsAvailable() 0
07-03 23:19:33.251  9895  9895 I cr_CombinedPProvider: #flushPolicies()
07-03 23:19:33.258 10132 10144 I SurfaceFactory: [static] sSurfaceFactory = com.transsion.rt.SurfaceFactoryImpl@3060c6f
07-03 23:19:33.258  1520  2248 D os.typeface.lice.server: getOverlaySerializedSystemFontMap ProcessRecord{a88e3cd 10132:com.google.android.webview:sandboxed_process0:org.chromium.content.app.SandboxedProcessService0:0/u0a256i353}
07-03 23:19:33.258  1520  2248 D os.typeface.lice: getOverlaySerializedSystemFontMap com.mohamedk.mathchallenge
07-03 23:19:33.260  1520  2248 D os.ActivityManagerServiceLice: make process active com.google.android.webview:sandboxed_process0:org.chromium.content.app.SandboxedProcessService0:0(10132)
07-03 23:19:33.262  1520  4442 D BiometricService/PreAuthInfo: Package: com.android.vending Sensor ID: 0 Modality: 2 Status: 1
07-03 23:19:33.264  1520  1559 D SceneMonitor: onUidIdle: Uid: 99353 name: null
07-03 23:19:33.264  1520  1559 D SceneMonitor: Uid: 99353 UidStateChanged: 19
07-03 23:19:33.264  1520  2612 D SceneMonitor: handleMessage(MSG_PROCESS_STOP)
07-03 23:19:33.266  1520  4442 D BiometricService/PreAuthInfo: getCanAuthenticateInternal Modality: 2 AuthenticatorStatus: 1
07-03 23:19:33.266  1520  4442 D AuthService: canAuthenticate, userId: 0, callingUserId: 0, authenticators: 15, result: 0
07-03 23:19:33.267  1520  2612 D SceneMonitor: null[99353] gone
07-03 23:19:33.270  1520  2248 D BiometricService: canAuthenticate: User=0, Caller=0, Authenticators=32768
07-03 23:19:33.270 10132 10132 D TranClassInfo: instance successfully. com.transsion.hubcore.graphics.TranGraphicImpl@e374d7c from com.transsion.hubcore.graphics.ITranGraphic
07-03 23:19:33.271 10132 10132 D os.SingleLiceFactory: instance successfully. com.transsion.typeface.v1.StaticTypefaceLice@f716213 from android.graphics.IGraphicLice
07-03 23:19:33.271  1520  2248 D BiometricService/PreAuthInfo: getCanAuthenticateInternal Modality: 1 AuthenticatorStatus: 1
07-03 23:19:33.271 10132 10132 D os.LiceInfo: instance successfully. com.transsion.graphics.GraphicLice@10ff605 from android.graphics.IGraphicLice
07-03 23:19:33.271  1520  2248 D AuthService: canAuthenticate, userId: 0, callingUserId: 0, authenticators: 32768, result: 0
07-03 23:19:33.272  1520  2248 D BiometricService: canAuthenticate: User=0, Caller=0, Authenticators=15
07-03 23:19:33.272  1520  2248 D BiometricService/PreAuthInfo: Package: com.android.vending Sensor ID: 0 Modality: 2 Status: 1
07-03 23:19:33.272  1520  2248 D BiometricService/PreAuthInfo: getCanAuthenticateInternal Modality: 2 AuthenticatorStatus: 1
07-03 23:19:33.272  1520  2248 D AuthService: canAuthenticate, userId: 0, callingUserId: 0, authenticators: 15, result: 0
07-03 23:19:33.282  1520  4442 D BiometricService: canAuthenticate: User=0, Caller=0, Authenticators=15
07-03 23:19:33.283  1520  4442 D BiometricService/PreAuthInfo: Package: com.android.vending Sensor ID: 0 Modality: 2 Status: 1
07-03 23:19:33.284  1520  4442 D BiometricService/PreAuthInfo: getCanAuthenticateInternal Modality: 2 AuthenticatorStatus: 1
07-03 23:19:33.284  1520  4442 D AuthService: canAuthenticate, userId: 0, callingUserId: 0, authenticators: 15, result: 0
07-03 23:19:33.285  1520  1612 W TranCpuPowerReporterComponentImpl: cpu_h_loading(541861000032) is disable.
07-03 23:19:33.285  1520  1612 D tranpm/CpuMonitorManager: observer-uEvent SYS_CPU_LOADING={"over_thr":"0", "cpu_loading":"72", "top_procs":[["1520","1000","-900","91"], ["103","0","0","47"], ["1100","1000","-1000","31"], ["3593","10236","-700","17"], ["1240","0","-1000","16"], ["22508","10133","100","15"], ["30822","10134","100","13"], ["2039","10176","-800","12"], ["343","1036","-1000","11"], ["1055","1000","-1000","11"]]}
07-03 23:19:33.286  1520  1612 D tranpm/CpuMonitorManager: handleUEvent sysCpuLoading={over_thr=0,loading=72,top_procs=[{pid=103,uid=0,adj=0,usage=47}, {pid=1100,uid=1000,adj=-1000,usage=31}, {pid=3593,uid=10236,adj=-700,usage=17}, {pid=1240,uid=0,adj=-1000,usage=16}, {pid=22508,uid=10133,adj=100,usage=15}, {pid=30822,uid=10134,adj=100,usage=13}, {pid=2039,uid=10176,adj=-800,usage=12}, {pid=343,uid=1036,adj=-1000,usage=11}, {pid=1055,uid=1000,adj=-1000,usage=11}]}
07-03 23:19:33.287  1520  1994 D tranpm/CpuAbnormalPolicy: reportOriginCpuEvent type=cpu_loading usage=72
07-03 23:19:33.287  1520  1994 D tranpm/BehaviorManager: cpuProcessNotifyCpuEvent : type 2 usage 72
07-03 23:19:33.288  1520  1994 D tranpm/CpuMonitorManager: handleCpuLoadingEnd cpuLoading={over_thr=0,loading=72,top_procs=[{pid=103,uid=0,adj=0,usage=47}, {pid=1100,uid=1000,adj=-1000,usage=31}, {pid=3593,uid=10236,adj=-700,usage=17}, {pid=1240,uid=0,adj=-1000,usage=16}, {pid=22508,uid=10133,adj=100,usage=15}, {pid=30822,uid=10134,adj=100,usage=13}, {pid=2039,uid=10176,adj=-800,usage=12}, {pid=343,uid=1036,adj=-1000,usage=11}, {pid=1055,uid=1000,adj=-1000,usage=11}]}
07-03 23:19:33.299 10132 10132 D ApplicationLoaders: Returning zygote-cached class loader: /system/framework/android.test.base.jar
07-03 23:19:33.347  1520  1603 D tranpm/BehaviorManager: onMemPressureChange : level 2
07-03 23:19:33.349   443  9300 I keystore2: system/security/keystore2/src/security_level.rs:234 - create_operation start
07-03 23:19:33.349   443  9300 I keystore2: system/security/keystore2/src/security_level.rs:236 - caller_pid=30822
07-03 23:19:33.349   443  9300 I keystore2: system/security/keystore2/src/security_level.rs:237 - caller_uid=10134
07-03 23:19:33.349   443  9300 I keystore2: system/security/keystore2/src/security_level.rs:238 - forced=false
07-03 23:19:33.349   443  9300 I keystore2: system/security/keystore2/src/security_level.rs:239 - key.domain=r#KEY_ID
07-03 23:19:33.349   443  9300 I keystore2: system/security/keystore2/src/security_level.rs:240 - key.alias=None
07-03 23:19:33.349   443  9300 I keystore2: system/security/keystore2/src/security_level.rs:276 - with_try_import start
07-03 23:19:33.352   443  9300 I keystore2: system/security/keystore2/src/security_level.rs:298 - with_try_import end
07-03 23:19:33.353   443  9300 I keystore2: system/security/keystore2/src/security_level.rs:332 - authorize_create start
07-03 23:19:33.353   443  9300 I keystore2: system/security/keystore2/src/security_level.rs:343 - authorize_create end
07-03 23:19:33.353   443  9300 I keystore2: system/security/keystore2/src/security_level.rs:344 - unwrap_key_if_required start
07-03 23:19:33.368 10132 10132 I LoadedApk: No resource references to update in package com.transsion.theme.icon
07-03 23:19:33.370 10132 10132 I cr_WebViewApkApp: version=149.0.7827.159 (782715903) minSdkVersion=29 processName=com.google.android.webview:sandboxed_process0:org.chromium.content.app.SandboxedProcessService0:0 splits=<none>
07-03 23:19:33.372 10132 10132 D ActivityThread: skip preload drawable for isolated process
07-03 23:19:33.373 10132 10132 D os.SingleLiceFactory: using android.app.IActivityThreadLice$DefaultImpl@cdabc50 instead of com.transsion.activityembedding.ActivityEmbeddingLiceFactory  from android.app.IActivityThreadLice
07-03 23:19:33.378  1520  1559 D SceneMonitor: onUidActive: Uid: 99353 name: null
07-03 23:19:33.378  1520  1559 D SceneMonitor: Uid: 99353 UidStateChanged: 3
07-03 23:19:33.387 10132 10132 I cr_ChildProcessService: Creating new ChildProcessService pid=10132
07-03 23:19:33.395  1520  1530 W system_server: Suspending all threads took: 6.990ms
07-03 23:19:33.399   443  9300 I keystore2: system/security/keystore2/src/security_level.rs:353 - unwrap_key_if_required end
07-03 23:19:33.399   443  9300 I keystore2: system/security/keystore2/src/security_level.rs:354 - upgrade_keyblob_if_required_with start
07-03 23:19:33.400   444   444 E TrustyKeymaster: succeeded to send cmd (4) to com.android.trusty.keymaster with rc(269). errno: Success
07-03 23:19:33.401   444   444 E TrustyKeymaster: Getting response size (56)
07-03 23:19:33.402   443  9300 I keystore2: system/security/keystore2/src/security_level.rs:395 - upgrade_keyblob_if_required_with end
07-03 23:19:33.403   443  9300 I keystore2: system/security/keystore2/src/enforcements.rs:249 - finalize_create_authorization self.state=OpAuthRequired
07-03 23:19:33.405   443  9300 I keystore2: system/security/keystore2/src/security_level.rs:401 - operation_db.create_operation start
07-03 23:19:33.405   443  9300 I keystore2: system/security/keystore2/src/security_level.rs:419 - operation_db.create_operation end
07-03 23:19:33.436  9895  9895 W chromium: [WARNING:android_webview/browser/network_service/net_helpers.cc:137] HTTP Cache size is: 20971520
07-03 23:19:33.488   444   444 E TrustyKeymaster: succeeded to send cmd (16) to com.android.trusty.keymaster with rc(12). errno: Success
07-03 23:19:33.488   444   444 E TrustyKeymaster: Getting response size (8)
07-03 23:19:33.514  1520  4442 D BiometricService: canAuthenticate: User=0, Caller=0, Authenticators=15
07-03 23:19:33.516  1520  4442 D BiometricService/PreAuthInfo: Package: com.android.vending Sensor ID: 0 Modality: 2 Status: 1
07-03 23:19:33.516  1520  4442 D BiometricService/PreAuthInfo: getCanAuthenticateInternal Modality: 2 AuthenticatorStatus: 1
07-03 23:19:33.516  1520  4442 D AuthService: canAuthenticate, userId: 0, callingUserId: 0, authenticators: 15, result: 0
07-03 23:19:33.526  1520  4442 D ConnectivityService: requestNetwork for uid/pid:10256/9895 activeRequest: null callbackRequest: 9542 [NetworkRequest [ REQUEST id=9543, [ Capabilities: INTERNET&NOT_RESTRICTED&TRUSTED&NOT_VCN_MANAGED&NOT_BANDWIDTH_CONSTRAINED Uid: 10256 RequestorUid: 10256 RequestorPkg: com.mohamedk.mathchallenge UnderlyingNetworks: Null] ]] callback flags: 0 order: 2147483647 isUidTracked: false declaredMethods: ALL
07-03 23:19:33.537  1520  1792 D WifiNetworkFactory: got request NetworkRequest [ REQUEST id=9543, [ Capabilities: INTERNET&NOT_RESTRICTED&TRUSTED&NOT_VCN_MANAGED&NOT_BANDWIDTH_CONSTRAINED Uid: 10256 RequestorUid: 10256 RequestorPkg: com.mohamedk.mathchallenge UnderlyingNetworks: Null] ]
07-03 23:19:33.538  1520  1792 D UntrustedWifiNetworkFactory: got request NetworkRequest [ REQUEST id=9543, [ Capabilities: INTERNET&NOT_RESTRICTED&TRUSTED&NOT_VCN_MANAGED&NOT_BANDWIDTH_CONSTRAINED Uid: 10256 RequestorUid: 10256 RequestorPkg: com.mohamedk.mathchallenge UnderlyingNetworks: Null] ]
07-03 23:19:33.539  1520  1792 D OemPaidWifiNetworkFactory: got request NetworkRequest [ REQUEST id=9543, [ Capabilities: INTERNET&NOT_RESTRICTED&TRUSTED&NOT_VCN_MANAGED&NOT_BANDWIDTH_CONSTRAINED Uid: 10256 RequestorUid: 10256 RequestorPkg: com.mohamedk.mathchallenge UnderlyingNetworks: Null] ]
07-03 23:19:33.540  1520  1792 D MultiInternetWifiNetworkFactory: got request NetworkRequest [ REQUEST id=9543, [ Capabilities: INTERNET&NOT_RESTRICTED&TRUSTED&NOT_VCN_MANAGED&NOT_BANDWIDTH_CONSTRAINED Uid: 10256 RequestorUid: 10256 RequestorPkg: com.mohamedk.mathchallenge UnderlyingNetworks: Null] ]
07-03 23:19:33.540  1520  1804 D ConnectivityService: NetReassign [9543 : null → 113] [c ١] [a ١] [i ٨]
07-03 23:19:33.543 22508 22508 D BoundBrokerSvc: onBind: Intent { act=com.google.android.gms.safebrowsing.SafeBrowsingService.START dat=chimera-action:/... cmp=com.google.android.gms/.chimera.GmsBoundBrokerService }
07-03 23:19:33.543 22508 22508 D BoundBrokerSvc: Loading bound service for intent: Intent { act=com.google.android.gms.safebrowsing.SafeBrowsingService.START dat=chimera-action:/... cmp=com.google.android.gms/.chimera.GmsBoundBrokerService }
07-03 23:19:33.549  1520  1804 D ConnectivityService: NetReassign [no changes] [c ٠] [a ١] [i ٧]
07-03 23:19:33.551 21096 10100 W adbd    : timed out while waiting for FUNCTIONFS_BIND, trying again
07-03 23:19:33.551 21096 10100 I adbd    : UsbFfs: connection terminated: monitor thread finished
07-03 23:19:33.552 21096 21096 I adbd    : UsbFfs: already offline
07-03 23:19:33.552 21096 21096 I adbd    : destroying transport UsbFfs
07-03 23:19:33.552 21096 21096 I adbd    : UsbFfsConnection being destroyed
07-03 23:19:33.563  1520  1603 D tranpm/BehaviorManager: onMemPressureChange : level 0
07-03 23:19:33.602  1520  2271 I AppsFilter: interaction: PackageSetting{7eadace com.mohamedk.mathchallenge/10256} -> PackageSetting{689f6bf com.snapchat.android/10300} BLOCKED
07-03 23:19:33.624  9895  9895 I cr_AppResProvider: #getApplicationRestrictionsFromUserManager() Bundle[EMPTY_PARCEL]
07-03 23:19:33.624  9895  9895 I cr_PolicyProvider: #notifySettingsAvailable() 0
07-03 23:19:33.624  9895  9895 I cr_CombinedPProvider: #onSettingsAvailable() 0
07-03 23:19:33.624  9895  9895 I cr_CombinedPProvider: #flushPolicies()
07-03 23:19:33.633  9895 10167 I CameraManagerGlobal: Connecting to camera service
07-03 23:19:33.659 21096 21101 I adbd    : opening control endpoint /dev/usb-ffs/adb/ep0
07-03 23:19:33.661 21096 21101 I adbd    : UsbFfsConnection constructed
07-03 23:19:33.662 21096 10172 I adbd    : UsbFfs-monitor thread spawned
07-03 23:19:33.671  1520  1603 D tranpm/BehaviorManager: onMemPressureChange : level 1
07-03 23:19:33.684  1520  1530 I system_server: Background young concurrent mark compact GC freed 20MB AllocSpace bytes, 106(2436KB) LOS objects, 16% free, 120MB/144MB, paused 14.559ms,18.308ms total 397.711ms
07-03 23:19:33.688  1520  1532 W System  : A resource failed to call close. 
07-03 23:19:33.688  1520  1532 W System  : A resource failed to call close. 
07-03 23:19:33.690  9895 10157 W cr_media: BLUETOOTH_CONNECT permission is missing.
07-03 23:19:33.692  9895 10157 W cr_media: getBluetoothAdapter() requires BLUETOOTH permission
07-03 23:19:33.692  9895 10157 W cr_media: registerBluetoothIntentsIfNeeded: Requires BLUETOOTH permission
07-03 23:19:33.715 10132 10153 I cr_LibraryLoader: Successfully loaded native library
07-03 23:19:33.718 10132 10153 I cr_CachingUmaRecorder: Flushed 2 samples from 2 histograms, 0 samples were dropped.
07-03 23:19:33.719 10132 10153 W chromium: [WARNING:content/app/android/content_main_android.cc:82] android_setCpu already initialized
07-03 23:19:33.720  9895 10167 D TranClassInfo: instance successfully. com.transsion.camera.camadapter.Implement.TranCamAdapterComponentImpl@aa74ca7 from com.transsion.hubcore.camadapter.ITranCamAdapterComponent
07-03 23:19:33.720  9895 10167 D TranClassInfo: instance successfully. com.transsion.hubcore.hardware.camera2.TranCameraManagerImpl@2c0b554 from com.transsion.hubcore.hardware.camera2.ITranCameraManager
07-03 23:19:33.721  9895 10167 D TranCamManagerExt: ignore id:20
07-03 23:19:33.721  9895 10167 V CameraManagerGlobal: ignore id:20
07-03 23:19:33.721  9895 10167 D TranCamManagerExt: ignore id:21
07-03 23:19:33.721  9895 10167 V CameraManagerGlobal: ignore id:21
07-03 23:19:33.721  9895 10167 D TranCamManagerExt: ignore id:24
07-03 23:19:33.721  9895 10167 V CameraManagerGlobal: ignore id:24
07-03 23:19:33.721  9895 10167 D TranCamManagerExt: ignore id:30
07-03 23:19:33.721  9895 10167 V CameraManagerGlobal: ignore id:30
07-03 23:19:33.721  9895 10167 D TranCamManagerExt: ignore id:31
07-03 23:19:33.721  9895 10167 V CameraManagerGlobal: ignore id:31
07-03 23:19:33.721  9895 10167 D TranCamManagerExt: ignore id:36
07-03 23:19:33.721  9895 10167 V CameraManagerGlobal: ignore id:36
07-03 23:19:33.721  9895 10167 D TranCamManagerExt: ignore id:37
07-03 23:19:33.721  9895 10167 V CameraManagerGlobal: ignore id:37
07-03 23:19:33.721  9895 10167 D TranCamManagerExt: ignore id:38
07-03 23:19:33.721  9895 10167 V CameraManagerGlobal: ignore id:38
07-03 23:19:33.721  9895 10167 D TranCamManagerExt: ignore id:39
07-03 23:19:33.721  9895 10167 V CameraManagerGlobal: ignore id:39
07-03 23:19:33.721  9895 10167 D TranCamManagerExt: ignore id:42
07-03 23:19:33.721  9895 10167 V CameraManagerGlobal: ignore id:42
07-03 23:19:33.721  9895 10167 D TranCamManagerExt: ignore id:48
07-03 23:19:33.722  9895 10167 V CameraManagerGlobal: ignore id:48
07-03 23:19:33.722  9895 10167 D TranCamManagerExt: ignore id:51
07-03 23:19:33.722  9895 10167 V CameraManagerGlobal: ignore id:51
07-03 23:19:33.722  9895 10167 D TranCamManagerExt: ignore id:54
07-03 23:19:33.722  9895 10167 V CameraManagerGlobal: ignore id:54
07-03 23:19:33.722  9895 10167 D TranCamManagerExt: ignore id:55
07-03 23:19:33.722  9895 10167 V CameraManagerGlobal: ignore id:55
07-03 23:19:33.722  9895 10167 D TranCamManagerExt: ignore id:58
07-03 23:19:33.722  9895 10167 V CameraManagerGlobal: ignore id:58
07-03 23:19:33.727  9895  9906 D TranCamManagerExt: id:20 ignore...
07-03 23:19:33.727  9895  9906 I CameraManagerGlobal: onTorchStatusChangedLocked id:20 ignore callback
07-03 23:19:33.727  9895  9906 D TranCamManagerExt: id:21 ignore...
07-03 23:19:33.727  1227  1248 D uas-service: thread(pid=10132) com.mohamedk.mathchallenge is config default uxtag 0x420
07-03 23:19:33.727  9895  9906 I CameraManagerGlobal: onTorchStatusChangedLocked id:21 ignore callback
07-03 23:19:33.727  9895  9906 D TranCamManagerExt: id:24 ignore...
07-03 23:19:33.728  9895  9906 I CameraManagerGlobal: onTorchStatusChangedLocked id:24 ignore callback
07-03 23:19:33.728  9895  9906 D TranCamManagerExt: id:30 ignore...
07-03 23:19:33.728  9895  9906 I CameraManagerGlobal: onTorchStatusChangedLocked id:30 ignore callback
07-03 23:19:33.728  9895  9906 D TranCamManagerExt: id:31 ignore...
07-03 23:19:33.728  9895  9906 I CameraManagerGlobal: onTorchStatusChangedLocked id:31 ignore callback
07-03 23:19:33.728  9895  9906 D TranCamManagerExt: id:36 ignore...
07-03 23:19:33.728  9895  9906 I CameraManagerGlobal: onTorchStatusChangedLocked id:36 ignore callback
07-03 23:19:33.728  9895  9906 D TranCamManagerExt: id:37 ignore...
07-03 23:19:33.728  9895  9906 I CameraManagerGlobal: onTorchStatusChangedLocked id:37 ignore callback
07-03 23:19:33.729  9895  9906 D TranCamManagerExt: id:38 ignore...
07-03 23:19:33.729  9895  9906 I CameraManagerGlobal: onTorchStatusChangedLocked id:38 ignore callback
07-03 23:19:33.729  9895  9906 D TranCamManagerExt: id:39 ignore...
07-03 23:19:33.729  9895  9906 I CameraManagerGlobal: onTorchStatusChangedLocked id:39 ignore callback
07-03 23:19:33.730  9895  9906 D TranCamManagerExt: id:42 ignore...
07-03 23:19:33.730  9895  9906 I CameraManagerGlobal: onTorchStatusChangedLocked id:42 ignore callback
07-03 23:19:33.730  9895  9906 D TranCamManagerExt: id:48 ignore...
07-03 23:19:33.730  9895  9906 I CameraManagerGlobal: onTorchStatusChangedLocked id:48 ignore callback
07-03 23:19:33.730  9895  9906 D TranCamManagerExt: id:51 ignore...
07-03 23:19:33.730  9895  9906 I CameraManagerGlobal: onTorchStatusChangedLocked id:51 ignore callback
07-03 23:19:33.730  9895  9906 D TranCamManagerExt: id:54 ignore...
07-03 23:19:33.730  9895  9906 I CameraManagerGlobal: onTorchStatusChangedLocked id:54 ignore callback
07-03 23:19:33.730  9895  9906 D TranCamManagerExt: id:55 ignore...
07-03 23:19:33.730  9895  9906 I CameraManagerGlobal: onTorchStatusChangedLocked id:55 ignore callback
07-03 23:19:33.730  9895  9906 D TranCamManagerExt: id:58 ignore...
07-03 23:19:33.730  9895  9906 I CameraManagerGlobal: onTorchStatusChangedLocked id:58 ignore callback
07-03 23:19:33.743  9895 10176 I DynamiteModule: Considering local module com.google.android.gms.ads.dynamite:0 and remote module com.google.android.gms.ads.dynamite:260480602
07-03 23:19:33.744  9895 10176 I DynamiteModule: Selected remote version of com.google.android.gms.ads.dynamite, version >= 260480602
07-03 23:19:33.744  9895 10176 V DynamiteModule: Dynamite loader version >= 2, using loadModule2NoCrashUtils
07-03 23:19:33.754 10132 10153 W chromium: [WARNING:content/child/runtime_features.cc:546] Fenced frames cannot be enabled in this configuration. Use --enable-features=FencedFrames instead.
07-03 23:19:33.754 10132 10153 W chromium: [WARNING:content/child/runtime_features.cc:571] Topics cannot be enabled in this configuration. Use --enable-features=BrowsingTopics in addition.
07-03 23:19:33.754 10132 10153 W chromium: [WARNING:content/child/runtime_features.cc:592] SharedStorage cannot be enabled in this configuration. Use --enable-features=SharedStorageAPI in addition.
07-03 23:19:33.767  1089  3003 W AidlConversionCppNdk: legacy2aidl_audio_channel_mask_t_AudioChannelLayout: no AudioChannelLayout found for legacy output audio_channel_mask_t value 0x10
07-03 23:19:33.781  9895 10157 W AidlConversionCppNdk: aidl2legacy_AudioChannelLayout_audio_channel_mask_t: no legacy output audio_channel_mask_t found for AudioChannelLayout{layoutMask: 16}
07-03 23:19:33.784  9895 10176 I Ads     : Use RequestConfiguration.Builder().setTestDeviceIds(Arrays.asList("9AF0E9D06F58AAFE9382450148F79464")) to get test ads on this device.
07-03 23:19:33.799 22580 26498 I FontLog : (REDACTED) Received query %s, URI %s
07-03 23:19:33.800 22580 26498 I FontLog : (REDACTED) Query [%s] resolved to %s
07-03 23:19:33.811  1520  2271 D ConnectivityService: requestNetwork for uid/pid:10256/9895 activeRequest: null callbackRequest: 9545 [NetworkRequest [ REQUEST id=9546, [ Capabilities: INTERNET&NOT_RESTRICTED&TRUSTED&NOT_VCN_MANAGED&NOT_BANDWIDTH_CONSTRAINED Uid: 10256 RequestorUid: 10256 RequestorPkg: com.mohamedk.mathchallenge UnderlyingNetworks: Null] ]] callback flags: 0 order: 2147483647 isUidTracked: false declaredMethods: ALL
07-03 23:19:33.815  1520  1792 D WifiNetworkFactory: got request NetworkRequest [ REQUEST id=9546, [ Capabilities: INTERNET&NOT_RESTRICTED&TRUSTED&NOT_VCN_MANAGED&NOT_BANDWIDTH_CONSTRAINED Uid: 10256 RequestorUid: 10256 RequestorPkg: com.mohamedk.mathchallenge UnderlyingNetworks: Null] ]
07-03 23:19:33.816  1520  1792 D UntrustedWifiNetworkFactory: got request NetworkRequest [ REQUEST id=9546, [ Capabilities: INTERNET&NOT_RESTRICTED&TRUSTED&NOT_VCN_MANAGED&NOT_BANDWIDTH_CONSTRAINED Uid: 10256 RequestorUid: 10256 RequestorPkg: com.mohamedk.mathchallenge UnderlyingNetworks: Null] ]
07-03 23:19:33.816  1520  1792 D OemPaidWifiNetworkFactory: got request NetworkRequest [ REQUEST id=9546, [ Capabilities: INTERNET&NOT_RESTRICTED&TRUSTED&NOT_VCN_MANAGED&NOT_BANDWIDTH_CONSTRAINED Uid: 10256 RequestorUid: 10256 RequestorPkg: com.mohamedk.mathchallenge UnderlyingNetworks: Null] ]
07-03 23:19:33.816  1520  1792 D MultiInternetWifiNetworkFactory: got request NetworkRequest [ REQUEST id=9546, [ Capabilities: INTERNET&NOT_RESTRICTED&TRUSTED&NOT_VCN_MANAGED&NOT_BANDWIDTH_CONSTRAINED Uid: 10256 RequestorUid: 10256 RequestorPkg: com.mohamedk.mathchallenge UnderlyingNetworks: Null] ]
07-03 23:19:33.819  1520  1804 D ConnectivityService: NetReassign [9546 : null → 113] [c ٠] [a ١] [i ٥]
07-03 23:19:33.837 22580 26498 I FontLog : (REDACTED) Font PFD returned from cache for %s
07-03 23:19:33.837 22580 26498 I FontLog : (REDACTED) Fetch %s end status %s
07-03 23:19:33.848 22580 16423 I FontLog : (REDACTED) Pulling font file for id = %d, cache size = %d
07-03 23:19:33.849  9895  9901 W k.mathchallenge: Deferring native library unloading due to contention
07-03 23:19:33.858  9895  9903 W k.mathchallenge: ApkAssets: Deleting an ApkAssets object '<empty> and /data/app/~~WTa5xZuS9mODZTYtZZYpTg==/com.google.android.webview-Q6sZyMG4zVs5i10fkaUFHw==/base.apk' with 2 weak references
07-03 23:19:33.862 22580 16423 I FontLog : (REDACTED) Received query %s, URI %s
07-03 23:19:33.862 22580 16423 I FontLog : (REDACTED) Query [%s] resolved to %s
07-03 23:19:33.894 22508 22508 D BoundBrokerSvc: onBind: Intent { act=com.google.android.gms.ads.identifier.service.EVENT_ATTESTATION pkg=com.google.android.gms }
07-03 23:19:33.894 22508 22508 D BoundBrokerSvc: Loading bound service for intent: Intent { act=com.google.android.gms.ads.identifier.service.EVENT_ATTESTATION pkg=com.google.android.gms }
07-03 23:19:33.898  9895 10117 W Ads     : Invoke Firebase method getInstance error.
07-03 23:19:33.898  9895 10117 W Ads     : The Google Mobile Ads SDK will not integrate with Firebase. Admob/Firebase integration requires the latest Firebase SDK jar, but Firebase SDK is either missing or out of date
07-03 23:19:33.903  1520  2271 I AppsFilter: interaction: PackageSetting{7eadace com.mohamedk.mathchallenge/10256} -> PackageSetting{7836dc0 com.google.android.apps.maps/10155} BLOCKED
07-03 23:19:33.929  9895 10176 W ServiceBindIntentUtils: Dynamic lookup for intent failed for action: com.google.android.gms.ads.service.CACHE
07-03 23:19:33.934 22580 16423 I FontLog : (REDACTED) Fetch %s end status %s
07-03 23:19:33.937  1520  2009 I Hiber/nativeServiceClient: check binder uid=10264
07-03 23:19:33.941 22508 22508 D BoundBrokerSvc: onBind: Intent { act=com.google.android.gms.ads.service.CACHE pkg=com.google.android.gms }
07-03 23:19:33.941 22508 22508 D BoundBrokerSvc: Loading bound service for intent: Intent { act=com.google.android.gms.ads.service.CACHE pkg=com.google.android.gms }
07-03 23:19:33.941 22580 16423 I FontLog : (REDACTED) Pulling font file for id = %d, cache size = %d
07-03 23:19:33.954 22580 16423 I FontLog : (REDACTED) Received query %s, URI %s
07-03 23:19:33.955 22580 16423 I FontLog : (REDACTED) Query [%s] resolved to %s
07-03 23:19:33.958 22580 16423 I FontLog : (REDACTED) Font PFD returned from cache for %s
07-03 23:19:33.958 22580 16423 I FontLog : (REDACTED) Fetch %s end status %s
07-03 23:19:33.963 22580 16423 I FontLog : (REDACTED) Pulling font file for id = %d, cache size = %d
07-03 23:19:33.975 22580 21239 I FontLog : (REDACTED) Received query %s, URI %s
07-03 23:19:33.975 22580 21239 I FontLog : (REDACTED) Query [%s] resolved to %s
07-03 23:19:33.977 22580 21239 I FontLog : (REDACTED) Font PFD returned from cache for %s
07-03 23:19:33.978 22580 21239 I FontLog : (REDACTED) Fetch %s end status %s
07-03 23:19:33.983 22580 21239 I FontLog : (REDACTED) Pulling font file for id = %d, cache size = %d
07-03 23:19:33.997 22580 21239 I FontLog : (REDACTED) Received query %s, URI %s
07-03 23:19:33.998 22580 21239 I FontLog : (REDACTED) Query [%s] resolved to %s
07-03 23:19:34.000 22580 21239 I FontLog : (REDACTED) Font PFD returned from cache for %s
07-03 23:19:34.000 22580 21239 I FontLog : (REDACTED) Fetch %s end status %s
07-03 23:19:34.005 22580 21239 I FontLog : (REDACTED) Pulling font file for id = %d, cache size = %d
07-03 23:19:34.053  2039  2255 D TranSignalStrengthComponentImpl: [LTE] dbm: -106
07-03 23:19:34.053  2039  2255 D TranSignalStrengthComponentImpl: [LTE] dbm: -106
07-03 23:19:34.053  2013  2968 I TranPhoneInterfaceManager: MPSTCB - onSignalStrengthsChanged
07-03 23:19:34.053  2013  2968 D TranPhoneInterfaceManager: [onSignalStrengthsChanged]
07-03 23:19:34.053  2013  2968 D TranSmartAllocController: mDefaultDataSubId = 2  subId = 1
07-03 23:19:34.053  2013  2968 D TranSmartAllocController: mSupport = true  mBwAllocEnable = false mSimReady =true  mScreenOn =true
07-03 23:19:34.054  1520  2888 D ActivityManager: Skip enqueue broadcast because no receiver with Intent { act=android.intent.action.SIG_STR flg=0x10 (has extras) }
07-03 23:19:34.054  2013  2013 D TranSignalStrengthComponentImpl: [LTE] dbm: -106
07-03 23:19:34.055  2013  2013 D TranSignalStrengthComponentImpl: [LTE] dbm: -107
07-03 23:19:34.055  2013  2013 D TranSignalStrengthComponentImpl: [LTE] dbm: -106
07-03 23:19:34.055  2013  2013 D TranSignalStrengthComponentImpl: [LTE] dbm: -106
07-03 23:19:34.055  2013  2013 D TranSignalStrengthComponentImpl: [LTE] dbm: -106
07-03 23:19:34.056  2013  2013 D AftersaleLogController: updateSignalDurationStartTime signalQuality: {=6982, t6=176650, t7=13280, t8=59, t9=938, t20=1001, t12=137031, t23=21090846, t11=662728, t25=23790259, t14=3540996, t24=4856321, t13=3418723, t16=13275227, t26=39136447, t15=2769488, t18=23194810, t17=12620382, t19=8268429} ,4G signalQuality: -19
07-03 23:19:34.054  1520  1605 D TranSignalStrengthComponentImpl: [LTE] dbm: -106
07-03 23:19:34.057  1520  1605 D TranSignalStrengthComponentImpl: [LTE] dbm: -106
07-03 23:19:34.057  2039  2039 D TranSignalStrengthComponentImpl: [LTE] dbm: -106
