07-03 23:27:30.939  1520  2007 D AlarmManagerService: set alarm to kernel: 89831692000000, type=3
07-03 23:27:30.940  1520  2007 D Hiber/alarmManagerServiceExtImpl: proxyAlarms, alarm=Alarm{58d6da3 type 2 origWhen 90383668 whenElapsed 90383668 com.instagram.lite}
07-03 23:27:30.940  1520  2007 D Hiber/alarmManagerServiceExtImpl: proxyAlarms, alarm=Alarm{3b188a0 type 2 origWhen 90383675 whenElapsed 90383675 com.instagram.lite}
07-03 23:27:30.940  1520  2007 D Hiber/alarmManagerServiceExtImpl: proxyAlarms, alarm=Alarm{5f81c59 type 2 origWhen 101123697 whenElapsed 101128698 com.instagram.lite}
07-03 23:27:30.940  1520  2007 D Hiber/alarmManagerServiceExtImpl: proxyAlarms, alarm=Alarm{5d75153 type 1 origWhen 1783144876937 whenElapsed 124231895 com.instagram.lite}
07-03 23:27:30.940  1520  2007 D Hiber/alarmManagerServiceExtImpl: proxyAlarms, alarm=Alarm{91d601e type 2 origWhen 129923682 whenElapsed 129923682 com.instagram.lite}
07-03 23:27:30.940  1520  2007 D Hiber/alarmManagerServiceExtImpl: proxyAlarms, alarm=Alarm{9ff40ff type 2 origWhen 173123690 whenElapsed 173128690 com.instagram.lite}
07-03 23:27:30.940  1520  2007 D Hiber/alarmManagerServiceExtImpl: proxyAlarms leave, uid=10267, packageName=com.instagram.lite
07-03 23:27:30.940  1520  1559 D SceneMonitor: onUidIdle: Uid: 10267 name: com.instagram.lite
07-03 23:27:30.941  1520  2772 D ActivityManager: Hiber/checkExecutingCmp=receiver
07-03 23:27:30.941  1520  2612 D SceneMonitor: handleMessage(MSG_PROCESS_STOP)
07-03 23:27:30.941  1520  2612 D SceneMonitor: com.instagram.lite[10267] gone
07-03 23:27:30.942  1520  2772 I Hiber/stateManager: unfreeze uid: 10267 com.instagram.lite pids:[13364]  reason:executingComponent   cpninfo: costTime=1ms ,last freeze 0s ago
07-03 23:27:30.942  1520  2006 I Hiber/appStateMachine: uid=10267, pkg=com.instagram.lite, transition from Frozen to Running, reason=executingComponent
07-03 23:27:30.942  1520  2006 I Hiber/appStateMachine: uid:10267 exit FrozenState
07-03 23:27:30.943  1520  2007 I Hiber/proxyManager: up_service: 10267
07-03 23:27:30.943  1520  2007 D AlarmManagerService: set alarm to kernel: 89834958000000, type=2
07-03 23:27:30.943  1520  2007 D AlarmManagerService: set alarm to kernel: 89831692000000, type=3
07-03 23:27:30.943  1520  2007 D Hiber/alarmManagerServiceExtImpl: unproxyAlarms, alarm=Alarm{58d6da3 type 2 origWhen 90383668 whenElapsed 90383668 com.instagram.lite}
07-03 23:27:30.943  1520  2007 D Hiber/alarmManagerServiceExtImpl: unproxyAlarms, alarm=Alarm{3b188a0 type 2 origWhen 90383675 whenElapsed 90383675 com.instagram.lite}
07-03 23:27:30.943  1520  2007 D Hiber/alarmManagerServiceExtImpl: unproxyAlarms, alarm=Alarm{5f81c59 type 2 origWhen 101123697 whenElapsed 101128698 com.instagram.lite}
07-03 23:27:30.943  1520  2007 D Hiber/alarmManagerServiceExtImpl: unproxyAlarms, alarm=Alarm{5d75153 type 1 origWhen 1783144876937 whenElapsed 124231895 com.instagram.lite}
07-03 23:27:30.943  1520  2007 D Hiber/alarmManagerServiceExtImpl: unproxyAlarms, alarm=Alarm{91d601e type 2 origWhen 129923682 whenElapsed 129923682 com.instagram.lite}
07-03 23:27:30.943  1520  2007 D Hiber/alarmManagerServiceExtImpl: unproxyAlarms, alarm=Alarm{9ff40ff type 2 origWhen 173123690 whenElapsed 173128690 com.instagram.lite}
07-03 23:27:30.943  1520  2007 D Hiber/alarmManagerServiceExtImpl: unproxyAlarms leave, uid=10267, packageName=null
07-03 23:27:31.214 21096 15703 W adbd    : timed out while waiting for FUNCTIONFS_BIND, trying again
07-03 23:27:31.214 21096 15703 I adbd    : UsbFfs: connection terminated: monitor thread finished
07-03 23:27:31.215  1062  1062 I EnhanceAIDL: enhance could not find the type in device map
07-03 23:27:31.215 21096 21096 I adbd    : UsbFfs: already offline
07-03 23:27:31.215 21096 21096 I adbd    : destroying transport UsbFfs
07-03 23:27:31.215 21096 21096 I adbd    : UsbFfsConnection being destroyed
07-03 23:27:31.249 21096 21101 I adbd    : opening control endpoint /dev/usb-ffs/adb/ep0
07-03 23:27:31.251 21096 21101 I adbd    : UsbFfsConnection constructed
07-03 23:27:31.253 21096 15704 I adbd    : UsbFfs-monitor thread spawned
07-03 23:27:31.377  1520  2009 I Hiber/nativeServiceClient: check binder uid=10264
07-03 23:27:31.487  1520  1792 D WifiStaIfaceHidlImpl: getCachedScanData is not implemented by HIDL
07-03 23:27:31.615  1062  1062 I EnhanceAIDL: enhance could not find the type in device map
07-03 23:27:31.778  1520  4439 V BroadcastQueue: Enqueuing BroadcastRecord{2c724b9 Intent { flg=0x10 cmp=com.instagram.lite/com.facebook.lite.KeepWarmReceiver (has extras) }/u0} ordered=false from uid 10267 pid 13364 for 1 receivers
07-03 23:27:32.015  1062  1062 I EnhanceAIDL: enhance could not find the type in device map
07-03 23:27:32.255 21096 15704 W adbd    : timed out while waiting for FUNCTIONFS_BIND, trying again
07-03 23:27:32.255 21096 15704 I adbd    : UsbFfs: connection terminated: monitor thread finished
07-03 23:27:32.255 21096 21096 I adbd    : UsbFfs: already offline
07-03 23:27:32.255 21096 21096 I adbd    : destroying transport UsbFfs
07-03 23:27:32.255 21096 21096 I adbd    : UsbFfsConnection being destroyed
07-03 23:27:32.281 21096 21101 I adbd    : opening control endpoint /dev/usb-ffs/adb/ep0
07-03 23:27:32.283 21096 21101 I adbd    : UsbFfsConnection constructed
07-03 23:27:32.285 21096 15706 I adbd    : UsbFfs-monitor thread spawned
07-03 23:27:32.416  1062  1062 I EnhanceAIDL: enhance could not find the type in device map
07-03 23:27:32.594  1520  1681 W SensorService: Dropping 1 cached events (100/100) to save 1/1 new events. 210 events previously dropped
07-03 23:27:32.616  1062  1062 I EnhanceAIDL: enhance could not find the type in device map
07-03 23:27:32.672  1520  1592 I ActivityManager: Test idle failed due to 625efc0 1520:system/1000 runnable at -2m20s399ms because PERSISTENT
07-03 23:27:32.854  1520  4439 V BroadcastQueue: Enqueuing BroadcastRecord{4cb5f0a Intent { flg=0x10 cmp=com.facebook.lite/.KeepWarmReceiver (has extras) }/u0} ordered=false from uid 10246 pid 13177 for 1 receivers
07-03 23:27:33.185  2013  2968 I TranPhoneInterfaceManager: MPSTCB - onSignalStrengthsChanged
07-03 23:27:33.185  2039  2255 D TranSignalStrengthComponentImpl: [LTE] dbm: -108
07-03 23:27:33.185  2013  2968 D TranPhoneInterfaceManager: [onSignalStrengthsChanged]
07-03 23:27:33.185  2013  2968 D TranSmartAllocController: mDefaultDataSubId = 2  subId = 1
07-03 23:27:33.185  2013  2968 D TranSmartAllocController: mSupport = true  mBwAllocEnable = false mSimReady =true  mScreenOn =true
07-03 23:27:33.185  2039  2255 D TranSignalStrengthComponentImpl: [LTE] dbm: -108
07-03 23:27:33.185  1520  1605 D TranSignalStrengthComponentImpl: [LTE] dbm: -108
07-03 23:27:33.185  1520  1605 D TranSignalStrengthComponentImpl: [LTE] dbm: -108
07-03 23:27:33.186  1520  4439 D ActivityManager: Skip enqueue broadcast because no receiver with Intent { act=android.intent.action.SIG_STR flg=0x10 (has extras) }
07-03 23:27:33.187  2039  2039 D TranSignalStrengthComponentImpl: [LTE] dbm: -108
07-03 23:27:33.187  2013  2013 D TranSignalStrengthComponentImpl: [LTE] dbm: -108
07-03 23:27:33.189  2013  2013 D TranSignalStrengthComponentImpl: [LTE] dbm: -108
07-03 23:27:33.189  2013  2013 D TranSignalStrengthComponentImpl: [LTE] dbm: -108
07-03 23:27:33.189  2013  2013 D TranSignalStrengthComponentImpl: [LTE] dbm: -108
07-03 23:27:33.189  2013  2013 D TranSignalStrengthComponentImpl: [LTE] dbm: -108
07-03 23:27:33.190  2013  2588 D TranPhoneSwitcher: getNetworkType: 4G
07-03 23:27:33.190  2013  2588 I TranPhoneSwitcher: mOthersign:2subid :1
07-03 23:27:33.216  1062  1062 I EnhanceAIDL: enhance could not find the type in device map
07-03 23:27:33.283  1520  2006 I Hiber/importantScene: isTrafficActive uid:10246 speed :0
07-03 23:27:33.283  1520  2006 I Hiber/appStateMachine: uid:10246 enter FrozenState
07-03 23:27:33.285  1520  2006 I Hiber/stateManager: freeze uid: 10246 com.facebook.lite costTime=2ms ,last unfreeze 5s ago
07-03 23:27:33.285  1520  2006 I Hiber/restrictionPolicy: uid:10246  pkgName:com.facebook.lite isAllowedNet
07-03 23:27:33.286  1520  2007 I Hiber/hiber: msg for start proxy frozen state
07-03 23:27:33.286  1520  2009 I Hiber/nativeServiceClient: watch app network uid=10246, persistent=0
07-03 23:27:33.286  1520  2007 D ActivityManager: Hiber try idle uid[10246] by hiber ,bgTime>0 ? true,isIdled before ? true ,isCurAllowListed ? false ,isProcStateBackground?true
07-03 23:27:33.286  1520  2007 D ActivityManager: Hiber try idle uid[10246] by hiber
07-03 23:27:33.287  1520  2007 I Hiber/proxyManager: p_service: 10246
07-03 23:27:33.287 21096 15706 W adbd    : timed out while waiting for FUNCTIONFS_BIND, trying again
07-03 23:27:33.287 21096 15706 I adbd    : UsbFfs: connection terminated: monitor thread finished
07-03 23:27:33.287  1520  2007 I Hiber/hiber: proxy alarm (uid=١٠٢٤٦, pkgName=com.facebook.lite)
07-03 23:27:33.287  1520  2007 I Hiber/proxyManager: p_alarm: uid=10246, pkgName=com.facebook.lite
07-03 23:27:33.287  1520  2772 D ActivityManager: Hiber/checkExecutingCmp=receiver
07-03 23:27:33.287 21096 21096 I adbd    : UsbFfs: already offline
07-03 23:27:33.287 21096 21096 I adbd    : destroying transport UsbFfs
07-03 23:27:33.287  1520  2007 D AlarmManagerService: set alarm to kernel: 89834958000000, type=2
07-03 23:27:33.287  1520  2007 D AlarmManagerService: set alarm to kernel: 89831692000000, type=3
07-03 23:27:33.287 21096 21096 I adbd    : UsbFfsConnection being destroyed
07-03 23:27:33.287  1520  2007 D Hiber/alarmManagerServiceExtImpl: proxyAlarms, alarm=Alarm{7bd4fa0 type 2 origWhen 90189052 whenElapsed 90194053 com.facebook.lite}
07-03 23:27:33.287  1520  2007 D Hiber/alarmManagerServiceExtImpl: proxyAlarms, alarm=Alarm{f9dd759 type 2 origWhen 90189063 whenElapsed 90194080 com.facebook.lite}
07-03 23:27:33.287  1520  2007 D Hiber/alarmManagerServiceExtImpl: proxyAlarms, alarm=Alarm{d0003b4 type 2 origWhen 90189298 whenElapsed 90194299 com.facebook.lite}
07-03 23:27:33.287  1520  2007 D Hiber/alarmManagerServiceExtImpl: proxyAlarms, alarm=Alarm{bf2e9ee type 2 origWhen 90248927 whenElapsed 90248927 com.facebook.lite}
07-03 23:27:33.287  1520  2007 D Hiber/alarmManagerServiceExtImpl: proxyAlarms, alarm=Alarm{5c84e8f type 2 origWhen 90248970 whenElapsed 90248970 com.facebook.lite}
07-03 23:27:33.287  1520  2007 D Hiber/alarmManagerServiceExtImpl: proxyAlarms, alarm=Alarm{5a7ff1e type 2 origWhen 100989249 whenElapsed 100994249 com.facebook.lite}
07-03 23:27:33.287  1520  2007 D Hiber/alarmManagerServiceExtImpl: proxyAlarms, alarm=Alarm{776f3ff type 2 origWhen 129789024 whenElapsed 129789024 com.facebook.lite}
07-03 23:27:33.287  1520  2007 D Hiber/alarmManagerServiceExtImpl: proxyAlarms, alarm=Alarm{804003f type 1 origWhen 1783181538369 whenElapsed 160893327 com.facebook.lite}
07-03 23:27:33.288  1520  1559 D SceneMonitor: onUidIdle: Uid: 10246 name: com.facebook.lite
07-03 23:27:33.288  1520  2007 D Hiber/alarmManagerServiceExtImpl: proxyAlarms, alarm=Alarm{237c5cc type 2 origWhen 172989161 whenElapsed 172994177 com.facebook.lite}
07-03 23:27:33.288  1520  2007 D Hiber/alarmManagerServiceExtImpl: proxyAlarms leave, uid=10246, packageName=com.facebook.lite
07-03 23:27:33.288  1520  2612 D SceneMonitor: handleMessage(MSG_PROCESS_STOP)
07-03 23:27:33.288  1520  2612 D SceneMonitor: com.facebook.lite[10246] gone
07-03 23:27:33.289  1520  2772 I Hiber/stateManager: unfreeze uid: 10246 com.facebook.lite pids:[13177]  reason:executingComponent   cpninfo: costTime=2ms ,last freeze 0s ago
07-03 23:27:33.289  1520  2006 I Hiber/appStateMachine: uid=10246, pkg=com.facebook.lite, transition from Frozen to Running, reason=executingComponent
07-03 23:27:33.289  1520  2006 I Hiber/appStateMachine: uid:10246 exit FrozenState
07-03 23:27:33.289  1520  2007 I Hiber/proxyManager: up_service: 10246
07-03 23:27:33.289  1520  2007 D AlarmManagerService: set alarm to kernel: 89834958000000, type=2
07-03 23:27:33.290  1520  2007 D AlarmManagerService: set alarm to kernel: 89831692000000, type=3
07-03 23:27:33.290  1520  2007 D Hiber/alarmManagerServiceExtImpl: unproxyAlarms, alarm=Alarm{7bd4fa0 type 2 origWhen 90189052 whenElapsed 90194053 com.facebook.lite}
07-03 23:27:33.290  1520  2007 D Hiber/alarmManagerServiceExtImpl: unproxyAlarms, alarm=Alarm{f9dd759 type 2 origWhen 90189063 whenElapsed 90194080 com.facebook.lite}
07-03 23:27:33.290  1520  2007 D Hiber/alarmManagerServiceExtImpl: unproxyAlarms, alarm=Alarm{d0003b4 type 2 origWhen 90189298 whenElapsed 90194299 com.facebook.lite}
07-03 23:27:33.290  1520  2007 D Hiber/alarmManagerServiceExtImpl: unproxyAlarms, alarm=Alarm{bf2e9ee type 2 origWhen 90248927 whenElapsed 90248927 com.facebook.lite}
07-03 23:27:33.290  1520  2007 D Hiber/alarmManagerServiceExtImpl: unproxyAlarms, alarm=Alarm{5c84e8f type 2 origWhen 90248970 whenElapsed 90248970 com.facebook.lite}
07-03 23:27:33.290  1520  2007 D Hiber/alarmManagerServiceExtImpl: unproxyAlarms, alarm=Alarm{5a7ff1e type 2 origWhen 100989249 whenElapsed 100994249 com.facebook.lite}
07-03 23:27:33.290  1520  2007 D Hiber/alarmManagerServiceExtImpl: unproxyAlarms, alarm=Alarm{776f3ff type 2 origWhen 129789024 whenElapsed 129789024 com.facebook.lite}
07-03 23:27:33.290  1520  2007 D Hiber/alarmManagerServiceExtImpl: unproxyAlarms, alarm=Alarm{804003f type 1 origWhen 1783181538369 whenElapsed 160893327 com.facebook.lite}
07-03 23:27:33.290  1520  2007 D Hiber/alarmManagerServiceExtImpl: unproxyAlarms, alarm=Alarm{237c5cc type 2 origWhen 172989161 whenElapsed 172994177 com.facebook.lite}
07-03 23:27:33.290  1520  2007 D Hiber/alarmManagerServiceExtImpl: unproxyAlarms leave, uid=10246, packageName=null
07-03 23:27:33.328 21096 21101 I adbd    : opening control endpoint /dev/usb-ffs/adb/ep0
07-03 23:27:33.329 21096 21101 I adbd    : UsbFfsConnection constructed
07-03 23:27:33.330 21096 15708 I adbd    : UsbFfs-monitor thread spawned
07-03 23:27:33.381  1520  1799 D TranWifiTputMonitor: WIFI: TX: 14 RX: 2 TOTAL = 16
07-03 23:27:33.381  1520  1799 D TranWifiTputMonitor: High Tput: false, TOTAL TPUT: 16
07-03 23:27:33.815  1520  1800 D TranWifiSmartAssistantController: start current network monitor 
07-03 23:27:33.816  1520  1800 D TranWifiSmartAssistantController: userIgnored :false isScoredCurrentNetwork :true
07-03 23:27:33.816  1520  1800 D TranWifiSmartAssistantController: mCurrentNetwork :113 SSID :"Airtel_Zerotouch"
07-03 23:27:33.819  1520  1800 D WifiNetworkQuality: current rssi is sufficient
07-03 23:27:33.820  1520  1800 D TranWifiSmartAssistantController: mNoCandidateCount : -1
07-03 23:27:33.820  1520  1800 D TranWifiSmartAssistantController: ====>>rssi :-36
07-03 23:27:33.820  1520  1800 I WifiNetworkQuality: tput greater than NO_INTERNET_TRAFFIC
07-03 23:27:34.018  1062  1062 I EnhanceAIDL: enhance could not find the type in device map
07-03 23:27:34.189  2039  2255 D TranSignalStrengthComponentImpl: [LTE] dbm: -107
07-03 23:27:34.189  2013  2968 I TranPhoneInterfaceManager: MPSTCB - onSignalStrengthsChanged
07-03 23:27:34.189  2013  2968 D TranPhoneInterfaceManager: [onSignalStrengthsChanged]
07-03 23:27:34.189  2013  2968 D TranSmartAllocController: mDefaultDataSubId = 2  subId = 2
07-03 23:27:34.189  2013  2968 D TranSmartAllocController: mSupport = true  mBwAllocEnable = false mSimReady =true  mScreenOn =true
07-03 23:27:34.189  2013  2968 D TranSmartAllocController: mDataAvailable = false  mInService = true  cellSignalStrengthList = [CellSignalStrengthLte: rssi=-51 rsrp=-107 rsrq=-23 rssnr=2 cqiTableIndex=2147483647 cqi=2147483647 ta=2147483647 level=3 parametersUseForLevel=0]
07-03 23:27:34.190  2039  2255 D TranSignalStrengthComponentImpl: [LTE] dbm: -107
07-03 23:27:34.190  1520  1605 D TranSignalStrengthComponentImpl: [LTE] dbm: -107
07-03 23:27:34.191  1520  1605 D TranSignalStrengthComponentImpl: [LTE] dbm: -107
07-03 23:27:34.191  2039  2039 D TranSignalStrengthComponentImpl: [LTE] dbm: -107
07-03 23:27:34.192  1520  4439 D ActivityManager: Skip enqueue broadcast because no receiver with Intent { act=android.intent.action.SIG_STR flg=0x10 (has extras) }
07-03 23:27:34.193  2013  2013 D TranSignalStrengthComponentImpl: [LTE] dbm: -107
07-03 23:27:34.194  2013  2013 D TranSignalStrengthComponentImpl: [LTE] dbm: -108
07-03 23:27:34.194  2013  2013 D TranSignalStrengthComponentImpl: [LTE] dbm: -107
07-03 23:27:34.195  2013  2013 D TranSignalStrengthComponentImpl: [LTE] dbm: -107
07-03 23:27:34.196  2013  2013 D TranSignalStrengthComponentImpl: [LTE] dbm: -108
07-03 23:27:34.198  2013  2968 I TranPhoneInterfaceManager: MPSTCB - onSignalStrengthsChanged
07-03 23:27:34.198  2013  2968 D TranPhoneInterfaceManager: [onSignalStrengthsChanged]
07-03 23:27:34.198  2013  2968 D TranSmartAllocController: mDefaultDataSubId = 2  subId = 1
07-03 23:27:34.198  2013  2968 D TranSmartAllocController: mSupport = true  mBwAllocEnable = false mSimReady =true  mScreenOn =true
07-03 23:27:34.199  2039  2255 D TranSignalStrengthComponentImpl: [LTE] dbm: -108
07-03 23:27:34.199  2039  2255 D TranSignalStrengthComponentImpl: [LTE] dbm: -108
07-03 23:27:34.199  1520  1605 D TranSignalStrengthComponentImpl: [LTE] dbm: -108
07-03 23:27:34.199  1520  1605 D TranSignalStrengthComponentImpl: [LTE] dbm: -108
07-03 23:27:34.200  1520  4439 D ActivityManager: Skip enqueue broadcast because no receiver with Intent { act=android.intent.action.SIG_STR flg=0x10 (has extras) }
07-03 23:27:34.200  2013  2013 D TranSignalStrengthComponentImpl: [LTE] dbm: -107
07-03 23:27:34.201  2013  2013 D TranSignalStrengthComponentImpl: [LTE] dbm: -107
07-03 23:27:34.201  2013  2013 D AftersaleLogController: updateSignalDurationStartTime signalStrength: {=5237, t5=1030, t6=176808, t7=8914, t8=3095, t9=928, t20=989, t12=28537, t23=7645456, t11=87, t25=16615597, t14=3536200, t24=6819935, t13=1137557, t16=13610952, t26=58047444, t15=2449863, t18=43770023, t17=12400731, t19=4912932} ,4G rsrp: -107
07-03 23:27:34.201  2013  2013 D TranSignalStrengthComponentImpl: [LTE] dbm: -108
07-03 23:27:34.202  2013  2588 D TranPhoneSwitcher: getNetworkType: 4G
07-03 23:27:34.202  2013  2588 I TranPhoneSwitcher: mDefaultsign:3subid :2
07-03 23:27:34.203  2013  2013 D TranSignalStrengthComponentImpl: [LTE] dbm: -108
07-03 23:27:34.203  2013  2013 D TranSignalStrengthComponentImpl: [LTE] dbm: -108
07-03 23:27:34.203  2013  2013 D TranSignalStrengthComponentImpl: [LTE] dbm: -108
07-03 23:27:34.203  2013  2013 D TranSignalStrengthComponentImpl: [LTE] dbm: -108
07-03 23:27:34.203  1520  4439 D PowerHALManager: powerhalmanager sendHint!!!
07-03 23:27:34.203  1066  1066 D PowerHAL: enter VendorPower::sendHint
07-03 23:27:34.203  1066  1066 D PowerHAL: sendHint enter sendHint if():
07-03 23:27:34.204  1066  1066 D PowerHAL: sendHint got hintSession:0xb40000701fc13930 
07-03 23:27:34.204  1066  1066 D PowerHAL: PowerHintSession sendHint hintSession and hint=2: mTgid: 2039, mUid: 10176
07-03 23:27:34.204  1066  1066 D PowerHAL: enter case CPU_LOAD_RESET, and uclampMin_High=650
07-03 23:27:34.204  1066  1066 D PowerHAL: sendHint got hintSession:0xb40000701fc13930 return ok!
07-03 23:27:34.204  2013  2588 D TranPhoneSwitcher: getNetworkType: 4G
07-03 23:27:34.204  2013  2588 I TranPhoneSwitcher: mOthersign:2subid :1
07-03 23:27:34.205  2039  2039 D TranSignalStrengthComponentImpl: [LTE] dbm: -108
07-03 23:27:34.224  1520  4439 D PowerHALManager: powerhalmanager sendHint!!!
07-03 23:27:34.225  1066  1066 D PowerHAL: enter VendorPower::sendHint
07-03 23:27:34.225  1066  1066 D PowerHAL: sendHint enter sendHint if():
07-03 23:27:34.225  1066  1066 D PowerHAL: sendHint got hintSession:0xb40000701fc13930 
07-03 23:27:34.225  1066  1066 D PowerHAL: PowerHintSession sendHint hintSession and hint=0: mTgid: 2039, mUid: 10176
07-03 23:27:34.225  1066  1066 D PowerHAL: enter case CPU_LOAD_UP, and uclampMin_High=650
07-03 23:27:34.225  1066  1066 D PowerHAL: sendHint got hintSession:0xb40000701fc13930 return ok!
07-03 23:27:34.229  1066  1158 D PowerHAL: PowerSessionManager::disableSystemTopAppBoost!!
07-03 23:27:34.256  1055 32072 D SPRDHWComposer: hwc create flip thread success!
07-03 23:27:34.260  1100  1186 D mali_gralloc: unregister: id=41e00005377, handle=0xb400007a4dcbfb40, base=0x0, importpid=1100, clone_count=0
07-03 23:27:34.332 21096 15708 W adbd    : timed out while waiting for FUNCTIONFS_BIND, trying again
07-03 23:27:34.332 21096 15708 I adbd    : UsbFfs: connection terminated: monitor thread finished
07-03 23:27:34.333 21096 21096 I adbd    : UsbFfs: already offline
07-03 23:27:34.333 21096 21096 I adbd    : destroying transport UsbFfs
07-03 23:27:34.333 21096 21096 I adbd    : UsbFfsConnection being destroyed
07-03 23:27:34.372 21096 21101 I adbd    : opening control endpoint /dev/usb-ffs/adb/ep0
07-03 23:27:34.374 21096 21101 I adbd    : UsbFfsConnection constructed
07-03 23:27:34.375 21096 15710 I adbd    : UsbFfs-monitor thread spawned
07-03 23:27:34.502  1520  1792 D WifiStaIfaceHidlImpl: getCachedScanData is not implemented by HIDL
07-03 23:27:34.526  1055 15709 D SPRDHWComposer: exit pq flip thread!
07-03 23:27:34.607  1520  1681 W SensorService: Dropping 1 cached events (100/100) to save 1/1 new events. 211 events previously dropped
07-03 23:27:34.640  1066  1158 D PowerHAL: PowerSessionManager::enableSystemTopAppBoost!!
07-03 23:27:34.818  1062  1062 I EnhanceAIDL: enhance could not find the type in device map
07-03 23:27:35.018  1062  1062 I EnhanceAIDL: enhance could not find the type in device map
07-03 23:27:35.193  2013  2968 I TranPhoneInterfaceManager: MPSTCB - onSignalStrengthsChanged
07-03 23:27:35.194  1520  1605 D TranSignalStrengthComponentImpl: [LTE] dbm: -106
07-03 23:27:35.194  1520  1605 D TranSignalStrengthComponentImpl: [LTE] dbm: -106
07-03 23:27:35.194  2039  2255 D TranSignalStrengthComponentImpl: [LTE] dbm: -106
07-03 23:27:35.194  2039  2255 D TranSignalStrengthComponentImpl: [LTE] dbm: -106
07-03 23:27:35.194  2013  2968 D TranPhoneInterfaceManager: [onSignalStrengthsChanged]
07-03 23:27:35.195  2013  2968 D TranSmartAllocController: mDefaultDataSubId = 2  subId = 2
07-03 23:27:35.195  2013  2968 D TranSmartAllocController: mSupport = true  mBwAllocEnable = false mSimReady =true  mScreenOn =true
07-03 23:27:35.195  2013  2968 D TranSmartAllocController: mDataAvailable = false  mInService = true  cellSignalStrengthList = [CellSignalStrengthLte: rssi=-51 rsrp=-106 rsrq=-23 rssnr=8 cqiTableIndex=2147483647 cqi=2147483647 ta=2147483647 level=3 parametersUseForLevel=0]
07-03 23:27:35.195  1520  4439 D ActivityManager: Skip enqueue broadcast because no receiver with Intent { act=android.intent.action.SIG_STR flg=0x10 (has extras) }
07-03 23:27:35.195  2039  2039 D TranSignalStrengthComponentImpl: [LTE] dbm: -106
07-03 23:27:35.195  2013  2013 D TranSignalStrengthComponentImpl: [LTE] dbm: -106
07-03 23:27:35.196  2013  2013 D TranSignalStrengthComponentImpl: [LTE] dbm: -107
07-03 23:27:35.196  2013  2013 D TranSignalStrengthComponentImpl: [LTE] dbm: -106
07-03 23:27:35.196  2013  2013 D TranSignalStrengthComponentImpl: [LTE] dbm: -106
07-03 23:27:35.196  2013  2013 D TranSignalStrengthComponentImpl: [LTE] dbm: -106
07-03 23:27:35.197  2013  2588 D TranPhoneSwitcher: getNetworkType: 4G
07-03 23:27:35.197  2013  2588 I TranPhoneSwitcher: mDefaultsign:3subid :2
07-03 23:27:35.198  2013  2968 I TranPhoneInterfaceManager: MPSTCB - onSignalStrengthsChanged
07-03 23:27:35.198  2013  2968 D TranPhoneInterfaceManager: [onSignalStrengthsChanged]
07-03 23:27:35.198  2039  2255 D TranSignalStrengthComponentImpl: [LTE] dbm: -106
07-03 23:27:35.198  1520  1605 D TranSignalStrengthComponentImpl: [LTE] dbm: -106
07-03 23:27:35.198  1520  1605 D TranSignalStrengthComponentImpl: [LTE] dbm: -106
07-03 23:27:35.199  2039  2255 D TranSignalStrengthComponentImpl: [LTE] dbm: -106
07-03 23:27:35.199  1520  4439 D ActivityManager: Skip enqueue broadcast because no receiver with Intent { act=android.intent.action.SIG_STR flg=0x10 (has extras) }
07-03 23:27:35.199  2013  2968 D TranSmartAllocController: mDefaultDataSubId = 2  subId = 1
07-03 23:27:35.199  2013  2968 D TranSmartAllocController: mSupport = true  mBwAllocEnable = false mSimReady =true  mScreenOn =true
07-03 23:27:35.199  2013  2013 D TranSignalStrengthComponentImpl: [LTE] dbm: -106
07-03 23:27:35.199  2039  2039 D TranSignalStrengthComponentImpl: [LTE] dbm: -106
07-03 23:27:35.200  2013  2013 D TranSignalStrengthComponentImpl: [LTE] dbm: -108
07-03 23:27:35.200  2013  2013 D TranSignalStrengthComponentImpl: [LTE] dbm: -106
07-03 23:27:35.200  2013  2013 D TranSignalStrengthComponentImpl: [LTE] dbm: -107
07-03 23:27:35.200  2013  2013 D TranSignalStrengthComponentImpl: [LTE] dbm: -106
07-03 23:27:35.200  2013  2013 D TranSignalStrengthComponentImpl: [LTE] dbm: -108
07-03 23:27:35.200  2013  2013 D TranSignalStrengthComponentImpl: [LTE] dbm: -106
07-03 23:27:35.200  2013  2013 W AlarmManager: Unrecognized alarm listener com.android.internal.telephony.data.AutoDataSwitchController$$ExternalSyntheticLambda0@44ad59
07-03 23:27:35.201  2013  2013 D TranSignalStrengthComponentImpl: [LTE] dbm: -106
07-03 23:27:35.201  2013  2013 D TranSignalStrengthComponentImpl: [LTE] dbm: -106
07-03 23:27:35.201  2013  2013 D AftersaleLogController: updateSignalDurationStartTime signalStrength: {=6982, t6=176650, t7=13280, t8=59, t9=938, t20=1001, t12=137031, t23=21090846, t11=662728, t25=23880404, t14=3540996, t24=4856321, t13=3418723, t16=13496090, t26=39304940, t15=2770550, t18=23254289, t17=12853316, t19=8268429} ,4G rsrp: -106
07-03 23:27:35.202  1520  4439 D PowerHALManager: powerhalmanager sendHint!!!
07-03 23:27:35.202  2013  2588 D TranPhoneSwitcher: getNetworkType: 4G
07-03 23:27:35.203  2013  2588 I TranPhoneSwitcher: mOthersign:3subid :1
07-03 23:27:35.203  1066  1066 D PowerHAL: enter VendorPower::sendHint
07-03 23:27:35.203  1066  1066 D PowerHAL: sendHint enter sendHint if():
07-03 23:27:35.203  1066  1066 D PowerHAL: sendHint got hintSession:0xb40000701fc13930 
07-03 23:27:35.203  1066  1066 D PowerHAL: PowerHintSession sendHint hintSession and hint=2: mTgid: 2039, mUid: 10176
07-03 23:27:35.203  1066  1066 D PowerHAL: enter case CPU_LOAD_RESET, and uclampMin_High=650
07-03 23:27:35.203  1066  1066 D PowerHAL: sendHint got hintSession:0xb40000701fc13930 return ok!
07-03 23:27:35.211  1520  4439 D PowerHALManager: powerhalmanager sendHint!!!
07-03 23:27:35.212  1066  1066 D PowerHAL: enter VendorPower::sendHint
07-03 23:27:35.212  1066  1066 D PowerHAL: sendHint enter sendHint if():
07-03 23:27:35.212  1066  1066 D PowerHAL: sendHint got hintSession:0xb40000701fc13930 
07-03 23:27:35.212  1066  1066 D PowerHAL: PowerHintSession sendHint hintSession and hint=0: mTgid: 2039, mUid: 10176
07-03 23:27:35.212  1066  1066 D PowerHAL: enter case CPU_LOAD_UP, and uclampMin_High=650
07-03 23:27:35.212  1066  1066 D PowerHAL: sendHint got hintSession:0xb40000701fc13930 return ok!
07-03 23:27:35.213  1066  1158 D PowerHAL: PowerSessionManager::disableSystemTopAppBoost!!
07-03 23:27:35.236  1055 32072 D SPRDHWComposer: hwc create flip thread success!
07-03 23:27:35.377 21096 15710 W adbd    : timed out while waiting for FUNCTIONFS_BIND, trying again
07-03 23:27:35.377 21096 15710 I adbd    : UsbFfs: connection terminated: monitor thread finished
07-03 23:27:35.377 21096 21096 I adbd    : UsbFfs: already offline
07-03 23:27:35.377 21096 21096 I adbd    : destroying transport UsbFfs
07-03 23:27:35.377 21096 21096 I adbd    : UsbFfsConnection being destroyed
07-03 23:27:35.432 21096 21101 I adbd    : opening control endpoint /dev/usb-ffs/adb/ep0
07-03 23:27:35.434 21096 21101 I adbd    : UsbFfsConnection constructed
07-03 23:27:35.435 21096 15712 I adbd    : UsbFfs-monitor thread spawned
07-03 23:27:35.497  1055 15711 D SPRDHWComposer: exit pq flip thread!
07-03 23:27:35.619  1062  1062 I EnhanceAIDL: enhance could not find the type in device map
07-03 23:27:35.625  1066  1158 D PowerHAL: PowerSessionManager::enableSystemTopAppBoost!!
07-03 23:27:35.819  1062  1062 I EnhanceAIDL: enhance could not find the type in device map
07-03 23:27:35.947  1520  2006 I Hiber/importantScene: isTrafficActive uid:10267 speed :0
07-03 23:27:35.948  1520  2006 I Hiber/appStateMachine: uid:10267 enter FrozenState
07-03 23:27:35.950  1520  2006 I Hiber/stateManager: freeze uid: 10267 com.instagram.lite costTime=2ms ,last unfreeze 5s ago
07-03 23:27:35.950  1520  2006 I Hiber/restrictionPolicy: uid:10267  pkgName:com.instagram.lite isAllowedNet
07-03 23:27:35.950  1520  2009 I Hiber/nativeServiceClient: watch app network uid=10267, persistent=0
07-03 23:27:35.950  1520  2007 I Hiber/hiber: msg for start proxy frozen state
07-03 23:27:35.950  1520  2007 D ActivityManager: Hiber try idle uid[10267] by hiber ,bgTime>0 ? true,isIdled before ? true ,isCurAllowListed ? false ,isProcStateBackground?true
07-03 23:27:35.950  1520  2007 D ActivityManager: Hiber try idle uid[10267] by hiber
07-03 23:27:35.951  1520  2007 I Hiber/proxyManager: p_service: 10267
07-03 23:27:35.951  1520  2007 I Hiber/hiber: proxy alarm (uid=١٠٢٦٧, pkgName=com.instagram.lite)
07-03 23:27:35.951  1520  2007 I Hiber/proxyManager: p_alarm: uid=10267, pkgName=com.instagram.lite
07-03 23:27:35.951  1520  2007 D AlarmManagerService: set alarm to kernel: 89834958000000, type=2
07-03 23:27:35.951  1520  2007 D AlarmManagerService: set alarm to kernel: 89831692000000, type=3
07-03 23:27:35.951  1520  2772 D ActivityManager: Hiber/checkExecutingCmp=receiver
07-03 23:27:35.951  1520  2007 D Hiber/alarmManagerServiceExtImpl: proxyAlarms, alarm=Alarm{58d6da3 type 2 origWhen 90383668 whenElapsed 90383668 com.instagram.lite}
07-03 23:27:35.951  1520  2007 D Hiber/alarmManagerServiceExtImpl: proxyAlarms, alarm=Alarm{3b188a0 type 2 origWhen 90383675 whenElapsed 90383675 com.instagram.lite}
07-03 23:27:35.952  1520  2007 D Hiber/alarmManagerServiceExtImpl: proxyAlarms, alarm=Alarm{5f81c59 type 2 origWhen 101123697 whenElapsed 101128698 com.instagram.lite}
07-03 23:27:35.952  1520  2007 D Hiber/alarmManagerServiceExtImpl: proxyAlarms, alarm=Alarm{5d75153 type 1 origWhen 1783144876937 whenElapsed 124231895 com.instagram.lite}
07-03 23:27:35.952  1520  1559 D SceneMonitor: onUidIdle: Uid: 10267 name: com.instagram.lite
07-03 23:27:35.952  1520  2007 D Hiber/alarmManagerServiceExtImpl: proxyAlarms, alarm=Alarm{91d601e type 2 origWhen 129923682 whenElapsed 129923682 com.instagram.lite}
07-03 23:27:35.952  1520  2007 D Hiber/alarmManagerServiceExtImpl: proxyAlarms, alarm=Alarm{9ff40ff type 2 origWhen 173123690 whenElapsed 173128690 com.instagram.lite}
07-03 23:27:35.952  1520  2007 D Hiber/alarmManagerServiceExtImpl: proxyAlarms leave, uid=10267, packageName=com.instagram.lite
07-03 23:27:35.952  1520  2612 D SceneMonitor: handleMessage(MSG_PROCESS_STOP)
07-03 23:27:35.952  1520  2612 D SceneMonitor: com.instagram.lite[10267] gone
07-03 23:27:35.953  1520  2772 I Hiber/stateManager: unfreeze uid: 10267 com.instagram.lite pids:[13364]  reason:executingComponent   cpninfo: costTime=3ms ,last freeze 0s ago
07-03 23:27:35.954  1520  2006 I Hiber/appStateMachine: uid=10267, pkg=com.instagram.lite, transition from Frozen to Running, reason=executingComponent
07-03 23:27:35.954  1520  2006 I Hiber/appStateMachine: uid:10267 exit FrozenState
07-03 23:27:35.954  1520  2007 I Hiber/proxyManager: up_service: 10267
07-03 23:27:35.954  1520  2007 D AlarmManagerService: set alarm to kernel: 89834958000000, type=2
07-03 23:27:35.954  1520  2007 D AlarmManagerService: set alarm to kernel: 89831692000000, type=3
07-03 23:27:35.954  1520  2007 D Hiber/alarmManagerServiceExtImpl: unproxyAlarms, alarm=Alarm{58d6da3 type 2 origWhen 90383668 whenElapsed 90383668 com.instagram.lite}
07-03 23:27:35.954  1520  2007 D Hiber/alarmManagerServiceExtImpl: unproxyAlarms, alarm=Alarm{3b188a0 type 2 origWhen 90383675 whenElapsed 90383675 com.instagram.lite}
07-03 23:27:35.954  1520  2007 D Hiber/alarmManagerServiceExtImpl: unproxyAlarms, alarm=Alarm{5f81c59 type 2 origWhen 101123697 whenElapsed 101128698 com.instagram.lite}
07-03 23:27:35.954  1520  2007 D Hiber/alarmManagerServiceExtImpl: unproxyAlarms, alarm=Alarm{5d75153 type 1 origWhen 1783144876937 whenElapsed 124231895 com.instagram.lite}
07-03 23:27:35.955  1520  2007 D Hiber/alarmManagerServiceExtImpl: unproxyAlarms, alarm=Alarm{91d601e type 2 origWhen 129923682 whenElapsed 129923682 com.instagram.lite}
07-03 23:27:35.955  1520  2007 D Hiber/alarmManagerServiceExtImpl: unproxyAlarms, alarm=Alarm{9ff40ff type 2 origWhen 173123690 whenElapsed 173128690 com.instagram.lite}
07-03 23:27:35.955  1520  2007 D Hiber/alarmManagerServiceExtImpl: unproxyAlarms leave, uid=10267, packageName=null
07-03 23:27:36.201  2039  2255 D TranSignalStrengthComponentImpl: [LTE] dbm: -105
07-03 23:27:36.201  2013  2968 I TranPhoneInterfaceManager: MPSTCB - onSignalStrengthsChanged
07-03 23:27:36.201  2013  2968 D TranPhoneInterfaceManager: [onSignalStrengthsChanged]
07-03 23:27:36.201  2013  2968 D TranSmartAllocController: mDefaultDataSubId = 2  subId = 1
07-03 23:27:36.201  2039  2255 D TranSignalStrengthComponentImpl: [LTE] dbm: -105
07-03 23:27:36.201  2013  2968 D TranSmartAllocController: mSupport = true  mBwAllocEnable = false mSimReady =true  mScreenOn =true
07-03 23:27:36.202  1520  1605 D TranSignalStrengthComponentImpl: [LTE] dbm: -105
07-03 23:27:36.202  1520  1605 D TranSignalStrengthComponentImpl: [LTE] dbm: -105
07-03 23:27:36.202  1520  4439 D ActivityManager: Skip enqueue broadcast because no receiver with Intent { act=android.intent.action.SIG_STR flg=0x10 (has extras) }
07-03 23:27:36.203  2039  2039 D TranSignalStrengthComponentImpl: [LTE] dbm: -105
07-03 23:27:36.203  2013  2013 D TranSignalStrengthComponentImpl: [LTE] dbm: -105
07-03 23:27:36.204  2013  2013 D TranSignalStrengthComponentImpl: [LTE] dbm: -106
07-03 23:27:36.204  2013  2013 D TranSignalStrengthComponentImpl: [LTE] dbm: -105
07-03 23:27:36.204  2013  2013 D TranSignalStrengthComponentImpl: [LTE] dbm: -105
07-03 23:27:36.204  2013  2013 D TranSignalStrengthComponentImpl: [LTE] dbm: -105
07-03 23:27:36.204  2013  2013 D AftersaleLogController: updateSignalDurationStartTime signalStrength: {=6982, t6=176650, t7=13280, t8=59, t9=938, t20=1001, t12=137031, t23=21090846, t11=662728, t25=23880404, t14=3540996, t24=4856321, t13=3418723, t16=13497093, t26=39304940, t15=2770550, t18=23254289, t17=12853316, t19=8268429} ,4G rsrp: -105
07-03 23:27:36.205  2013  2588 D TranPhoneSwitcher: getNetworkType: 4G
07-03 23:27:36.205  2013  2588 I TranPhoneSwitcher: mOthersign:3subid :1
07-03 23:27:36.219  1062  1062 I EnhanceAIDL: enhance could not find the type in device map
07-03 23:27:36.387  1520  1799 D TranWifiTputMonitor: WIFI: TX: 47 RX: 3 TOTAL = 50
07-03 23:27:36.388  1520  1799 D TranWifiTputMonitor: High Tput: false, TOTAL TPUT: 50
07-03 23:27:36.420  1062  1062 I EnhanceAIDL: enhance could not find the type in device map
07-03 23:27:36.437 21096 15712 W adbd    : timed out while waiting for FUNCTIONFS_BIND, trying again
07-03 23:27:36.437 21096 15712 I adbd    : UsbFfs: connection terminated: monitor thread finished
07-03 23:27:36.438 21096 21096 I adbd    : UsbFfs: already offline
07-03 23:27:36.438 21096 21096 I adbd    : destroying transport UsbFfs
07-03 23:27:36.438 21096 21096 I adbd    : UsbFfsConnection being destroyed
07-03 23:27:36.465 21096 21101 I adbd    : opening control endpoint /dev/usb-ffs/adb/ep0
07-03 23:27:36.467 21096 21101 I adbd    : UsbFfsConnection constructed
07-03 23:27:36.469 21096 15715 I adbd    : UsbFfs-monitor thread spawned
07-03 23:27:36.609  1520  1681 W SensorService: Dropping 1 cached events (100/100) to save 1/1 new events. 210 events previously dropped
07-03 23:27:36.784  1520  4440 V BroadcastQueue: Enqueuing BroadcastRecord{ced8b5b Intent { flg=0x10 cmp=com.instagram.lite/com.facebook.lite.KeepWarmReceiver (has extras) }/u0} ordered=false from uid 10267 pid 13364 for 1 receivers
07-03 23:27:36.820  1062  1062 I EnhanceAIDL: enhance could not find the type in device map
07-03 23:27:36.823  1520  1800 D TranWifiSmartAssistantController: start current network monitor 
07-03 23:27:36.824  1520  1800 D TranWifiSmartAssistantController: userIgnored :false isScoredCurrentNetwork :true
07-03 23:27:36.824  1520  1800 D TranWifiSmartAssistantController: mCurrentNetwork :113 SSID :"Airtel_Zerotouch"
07-03 23:27:36.827  1520  1800 D WifiNetworkQuality: current rssi is sufficient
07-03 23:27:36.827  1520  1800 D TranWifiSmartAssistantController: mNoCandidateCount : -1
07-03 23:27:36.827  1520  1800 D TranWifiSmartAssistantController: ====>>rssi :-37
07-03 23:27:36.827  1520  1800 I WifiNetworkQuality: tput greater than NO_INTERNET_TRAFFIC
07-03 23:27:37.021  1062  1062 I EnhanceAIDL: enhance could not find the type in device map
07-03 23:27:37.205  2039  2255 D TranSignalStrengthComponentImpl: [LTE] dbm: -105
07-03 23:27:37.205  2039  2255 D TranSignalStrengthComponentImpl: [LTE] dbm: -105
07-03 23:27:37.205  2013  2968 I TranPhoneInterfaceManager: MPSTCB - onSignalStrengthsChanged
07-03 23:27:37.205  2013  2968 D TranPhoneInterfaceManager: [onSignalStrengthsChanged]
07-03 23:27:37.205  2013  2968 D TranSmartAllocController: mDefaultDataSubId = 2  subId = 2
07-03 23:27:37.205  2013  2968 D TranSmartAllocController: mSupport = true  mBwAllocEnable = false mSimReady =true  mScreenOn =true
07-03 23:27:37.205  2013  2968 D TranSmartAllocController: mDataAvailable = false  mInService = true  cellSignalStrengthList = [CellSignalStrengthLte: rssi=-51 rsrp=-105 rsrq=-21 rssnr=2 cqiTableIndex=2147483647 cqi=2147483647 ta=2147483647 level=3 parametersUseForLevel=0]
07-03 23:27:37.207  1520  1605 D TranSignalStrengthComponentImpl: [LTE] dbm: -105
07-03 23:27:37.207  1520  1605 D TranSignalStrengthComponentImpl: [LTE] dbm: -105
07-03 23:27:37.207  2039  2039 D TranSignalStrengthComponentImpl: [LTE] dbm: -105
07-03 23:27:37.207  1520  4440 D ActivityManager: Skip enqueue broadcast because no receiver with Intent { act=android.intent.action.SIG_STR flg=0x10 (has extras) }
07-03 23:27:37.208  2013  2013 D TranSignalStrengthComponentImpl: [LTE] dbm: -105
07-03 23:27:37.209  2013  2013 D TranSignalStrengthComponentImpl: [LTE] dbm: -107
07-03 23:27:37.209  2013  2013 D TranSignalStrengthComponentImpl: [LTE] dbm: -105
07-03 23:27:37.209  2013  2013 D TranSignalStrengthComponentImpl: [LTE] dbm: -105
07-03 23:27:37.209  2013  2013 D TranSignalStrengthComponentImpl: [LTE] dbm: -105
07-03 23:27:37.209  2013  2013 D AftersaleLogController: updateSignalDurationStartTime signalStrength: {=5237, t5=1030, t6=176808, t7=8914, t8=3095, t9=928, t20=989, t12=28537, t23=7645456, t11=87, t25=16615597, t14=3536200, t24=6819935, t13=1137557, t16=13613960, t26=58047444, t15=2449863, t18=43770023, t17=12400731, t19=4912932} ,4G rsrp: -105
07-03 23:27:37.210  2013  2588 D TranPhoneSwitcher: getNetworkType: 4G
07-03 23:27:37.210  2013  2588 I TranPhoneSwitcher: mDefaultsign:3subid :2
07-03 23:27:37.220  1062  1062 I EnhanceAIDL: enhance could not find the type in device map
07-03 23:27:37.470 21096 15715 W adbd    : timed out while waiting for FUNCTIONFS_BIND, trying again
07-03 23:27:37.471 21096 15715 I adbd    : UsbFfs: connection terminated: monitor thread finished
07-03 23:27:37.471 21096 21096 I adbd    : UsbFfs: already offline
07-03 23:27:37.471 21096 21096 I adbd    : destroying transport UsbFfs
07-03 23:27:37.471 21096 21096 I adbd    : UsbFfsConnection being destroyed
07-03 23:27:37.504 21096 21101 I adbd    : opening control endpoint /dev/usb-ffs/adb/ep0
07-03 23:27:37.506 21096 21101 I adbd    : UsbFfsConnection constructed
07-03 23:27:37.508 21096 15717 I adbd    : UsbFfs-monitor thread spawned
07-03 23:27:37.519  1520  1792 D WifiStaIfaceHidlImpl: getCachedScanData is not implemented by HIDL
07-03 23:27:37.674  1520  1592 I ActivityManager: Test idle failed due to 625efc0 1520:system/1000 runnable at -2m25s402ms because PERSISTENT
07-03 23:27:37.821  1062  1062 I EnhanceAIDL: enhance could not find the type in device map
07-03 23:27:37.863  1520  4440 V BroadcastQueue: Enqueuing BroadcastRecord{e731610 Intent { flg=0x10 cmp=com.facebook.lite/.KeepWarmReceiver (has extras) }/u0} ordered=false from uid 10246 pid 13177 for 1 receivers
07-03 23:27:38.021  1062  1062 I EnhanceAIDL: enhance could not find the type in device map
07-03 23:27:38.068  1520  1961 D aegean_PivotMemCompact: ingore for foucus in same
07-03 23:27:38.221  1062  1062 I EnhanceAIDL: enhance could not find the type in device map
07-03 23:27:38.297  1520  2006 I Hiber/importantScene: isTrafficActive uid:10246 speed :0
07-03 23:27:38.297  1520  2006 I Hiber/appStateMachine: uid:10246 enter FrozenState
07-03 23:27:38.299  1520  2006 I Hiber/stateManager: freeze uid: 10246 com.facebook.lite costTime=2ms ,last unfreeze 5s ago
07-03 23:27:38.300  1520  2006 I Hiber/restrictionPolicy: uid:10246  pkgName:com.facebook.lite isAllowedNet
07-03 23:27:38.300  1520  2007 I Hiber/hiber: msg for start proxy frozen state
07-03 23:27:38.300  1520  2007 D ActivityManager: Hiber try idle uid[10246] by hiber ,bgTime>0 ? true,isIdled before ? true ,isCurAllowListed ? false ,isProcStateBackground?true
07-03 23:27:38.300  1520  2009 I Hiber/nativeServiceClient: watch app network uid=10246, persistent=0
07-03 23:27:38.300  1520  2007 D ActivityManager: Hiber try idle uid[10246] by hiber
07-03 23:27:38.301  1520  2007 I Hiber/proxyManager: p_service: 10246
07-03 23:27:38.301  1520  2007 I Hiber/hiber: proxy alarm (uid=١٠٢٤٦, pkgName=com.facebook.lite)
07-03 23:27:38.301  1520  2007 I Hiber/proxyManager: p_alarm: uid=10246, pkgName=com.facebook.lite
07-03 23:27:38.301  1520  2007 D AlarmManagerService: set alarm to kernel: 89834958000000, type=2
07-03 23:27:38.301  1520  2007 D AlarmManagerService: set alarm to kernel: 89831692000000, type=3
07-03 23:27:38.301  1520  2772 D ActivityManager: Hiber/checkExecutingCmp=receiver
07-03 23:27:38.301  1520  2007 D Hiber/alarmManagerServiceExtImpl: proxyAlarms, alarm=Alarm{7bd4fa0 type 2 origWhen 90189052 whenElapsed 90194053 com.facebook.lite}
07-03 23:27:38.301  1520  2007 D Hiber/alarmManagerServiceExtImpl: proxyAlarms, alarm=Alarm{f9dd759 type 2 origWhen 90189063 whenElapsed 90194080 com.facebook.lite}
07-03 23:27:38.302  1520  2007 D Hiber/alarmManagerServiceExtImpl: proxyAlarms, alarm=Alarm{d0003b4 type 2 origWhen 90189298 whenElapsed 90194299 com.facebook.lite}
07-03 23:27:38.302  1520  2007 D Hiber/alarmManagerServiceExtImpl: proxyAlarms, alarm=Alarm{bf2e9ee type 2 origWhen 90248927 whenElapsed 90248927 com.facebook.lite}
07-03 23:27:38.302  1520  2007 D Hiber/alarmManagerServiceExtImpl: proxyAlarms, alarm=Alarm{5c84e8f type 2 origWhen 90248970 whenElapsed 90248970 com.facebook.lite}
07-03 23:27:38.302  1520  2007 D Hiber/alarmManagerServiceExtImpl: proxyAlarms, alarm=Alarm{5a7ff1e type 2 origWhen 100989249 whenElapsed 100994249 com.facebook.lite}
07-03 23:27:38.302  1520  2007 D Hiber/alarmManagerServiceExtImpl: proxyAlarms, alarm=Alarm{776f3ff type 2 origWhen 129789024 whenElapsed 129789024 com.facebook.lite}
07-03 23:27:38.302  1520  2007 D Hiber/alarmManagerServiceExtImpl: proxyAlarms, alarm=Alarm{804003f type 1 origWhen 1783181538369 whenElapsed 160893327 com.facebook.lite}
07-03 23:27:38.302  1520  2007 D Hiber/alarmManagerServiceExtImpl: proxyAlarms, alarm=Alarm{237c5cc type 2 origWhen 172989161 whenElapsed 172994177 com.facebook.lite}
07-03 23:27:38.302  1520  2007 D Hiber/alarmManagerServiceExtImpl: proxyAlarms leave, uid=10246, packageName=com.facebook.lite
07-03 23:27:38.304  1520  2772 I Hiber/stateManager: unfreeze uid: 10246 com.facebook.lite pids:[13177]  reason:executingComponent   cpninfo: costTime=2ms ,last freeze 0s ago
07-03 23:27:38.304  1520  2006 I Hiber/appStateMachine: uid=10246, pkg=com.facebook.lite, transition from Frozen to Running, reason=executingComponent
07-03 23:27:38.304  1520  2006 I Hiber/appStateMachine: uid:10246 exit FrozenState
07-03 23:27:38.304  1520  2007 I Hiber/proxyManager: up_service: 10246
07-03 23:27:38.305  1520  2007 D AlarmManagerService: set alarm to kernel: 89834958000000, type=2
07-03 23:27:38.305  1520  1559 D SceneMonitor: onUidIdle: Uid: 10246 name: com.facebook.lite
07-03 23:27:38.305  1520  2007 D AlarmManagerService: set alarm to kernel: 89831692000000, type=3
07-03 23:27:38.305  1520  2007 D Hiber/alarmManagerServiceExtImpl: unproxyAlarms, alarm=Alarm{7bd4fa0 type 2 origWhen 90189052 whenElapsed 90194053 com.facebook.lite}
07-03 23:27:38.305  1520  2007 D Hiber/alarmManagerServiceExtImpl: unproxyAlarms, alarm=Alarm{f9dd759 type 2 origWhen 90189063 whenElapsed 90194080 com.facebook.lite}
07-03 23:27:38.305  1520  2007 D Hiber/alarmManagerServiceExtImpl: unproxyAlarms, alarm=Alarm{d0003b4 type 2 origWhen 90189298 whenElapsed 90194299 com.facebook.lite}
07-03 23:27:38.305  1520  2007 D Hiber/alarmManagerServiceExtImpl: unproxyAlarms, alarm=Alarm{bf2e9ee type 2 origWhen 90248927 whenElapsed 90248927 com.facebook.lite}
07-03 23:27:38.305  1520  2007 D Hiber/alarmManagerServiceExtImpl: unproxyAlarms, alarm=Alarm{5c84e8f type 2 origWhen 90248970 whenElapsed 90248970 com.facebook.lite}
07-03 23:27:38.305  1520  2007 D Hiber/alarmManagerServiceExtImpl: unproxyAlarms, alarm=Alarm{5a7ff1e type 2 origWhen 100989249 whenElapsed 100994249 com.facebook.lite}
07-03 23:27:38.305  1520  2007 D Hiber/alarmManagerServiceExtImpl: unproxyAlarms, alarm=Alarm{776f3ff type 2 origWhen 129789024 whenElapsed 129789024 com.facebook.lite}
07-03 23:27:38.305  1520  2007 D Hiber/alarmManagerServiceExtImpl: unproxyAlarms, alarm=Alarm{804003f type 1 origWhen 1783181538369 whenElapsed 160893327 com.facebook.lite}
07-03 23:27:38.305  1520  2007 D Hiber/alarmManagerServiceExtImpl: unproxyAlarms, alarm=Alarm{237c5cc type 2 origWhen 172989161 whenElapsed 172994177 com.facebook.lite}
07-03 23:27:38.305  1520  2007 D Hiber/alarmManagerServiceExtImpl: unproxyAlarms leave, uid=10246, packageName=null
07-03 23:27:38.305  1520  2612 D SceneMonitor: handleMessage(MSG_PROCESS_STOP)
07-03 23:27:38.305  1520  2612 D SceneMonitor: com.facebook.lite[10246] gone
07-03 23:27:38.509 21096 15717 W adbd    : timed out while waiting for FUNCTIONFS_BIND, trying again
07-03 23:27:38.510 21096 15717 I adbd    : UsbFfs: connection terminated: monitor thread finished
07-03 23:27:38.510 21096 21096 I adbd    : UsbFfs: already offline
07-03 23:27:38.510 21096 21096 I adbd    : destroying transport UsbFfs
07-03 23:27:38.510 21096 21096 I adbd    : UsbFfsConnection being destroyed
07-03 23:27:38.537 21096 21101 I adbd    : opening control endpoint /dev/usb-ffs/adb/ep0
07-03 23:27:38.538 21096 21101 I adbd    : UsbFfsConnection constructed
07-03 23:27:38.539 21096 15719 I adbd    : UsbFfs-monitor thread spawned
07-03 23:27:38.611  1520  1681 W SensorService: Dropping 1 cached events (100/100) to save 1/1 new events. 210 events previously dropped
07-03 23:27:38.822  1062  1062 I EnhanceAIDL: enhance could not find the type in device map
07-03 23:27:39.022  1062  1062 I EnhanceAIDL: enhance could not find the type in device map
07-03 23:27:39.223  1062  1062 I EnhanceAIDL: enhance could not find the type in device map
07-03 23:27:39.394  1520  1799 D TranWifiTputMonitor: WIFI: TX: 11 RX: 2 TOTAL = 13
07-03 23:27:39.395  1520  1799 D TranWifiTputMonitor: High Tput: false, TOTAL TPUT: 13
07-03 23:27:39.422  1062  1062 I EnhanceAIDL: enhance could not find the type in device map
07-03 23:27:39.542 21096 15719 W adbd    : timed out while waiting for FUNCTIONFS_BIND, trying again
07-03 23:27:39.542 21096 15719 I adbd    : UsbFfs: connection terminated: monitor thread finished
07-03 23:27:39.542 21096 21096 I adbd    : UsbFfs: already offline
07-03 23:27:39.542 21096 21096 I adbd    : destroying transport UsbFfs
07-03 23:27:39.542 21096 21096 I adbd    : UsbFfsConnection being destroyed
07-03 23:27:39.585 21096 21101 I adbd    : opening control endpoint /dev/usb-ffs/adb/ep0
07-03 23:27:39.587 21096 21101 I adbd    : UsbFfsConnection constructed
07-03 23:27:39.589 21096 15720 I adbd    : UsbFfs-monitor thread spawned
07-03 23:27:39.823  1062  1062 I EnhanceAIDL: enhance could not find the type in device map
07-03 23:27:39.831  1520  1800 D TranWifiSmartAssistantController: start current network monitor 
07-03 23:27:39.832  1520  1800 D TranWifiSmartAssistantController: userIgnored :false isScoredCurrentNetwork :true
07-03 23:27:39.832  1520  1800 D TranWifiSmartAssistantController: mCurrentNetwork :113 SSID :"Airtel_Zerotouch"
07-03 23:27:39.835  1520  1800 D WifiNetworkQuality: current rssi is sufficient
07-03 23:27:39.835  1520  1800 D TranWifiSmartAssistantController: mNoCandidateCount : -1
07-03 23:27:39.835  1520  1800 D TranWifiSmartAssistantController: ====>>rssi :-39
07-03 23:27:39.835  1520  1800 I WifiNetworkQuality: tput greater than NO_INTERNET_TRAFFIC
07-03 23:27:39.955  1520  2008 I Hiber/stateManager: unfreeze uid: 10264 com.whatsapp pids:[8909]  reason:packet   cpninfo:TRANSACTION_-1 costTime=3ms ,last freeze 9s ago
07-03 23:27:39.956  1520  2006 I Hiber/appStateMachine: uid=10264, pkg=com.whatsapp, transition from Frozen to Running, reason=packet
07-03 23:27:39.956  1520  2006 I Hiber/appStateMachine: uid:10264 exit FrozenState
07-03 23:27:39.956  1520  2772 D Hiber/proxyWakeLock: remove uid: 10264 wiht all pids from wakelockUidInfo list
07-03 23:27:39.956  1520  2007 I Hiber/proxyManager: up_service: 10264
07-03 23:27:39.956  1520  2007 D AlarmManagerService: set alarm to kernel: 89834958000000, type=2
07-03 23:27:39.956  1520  2007 D AlarmManagerService: set alarm to kernel: 89831692000000, type=3
07-03 23:27:39.956  1520  2007 D Hiber/alarmManagerServiceExtImpl: unproxyAlarms, alarm=Alarm{7f016d1 type 3 origWhen 89999501 whenElapsed 89999501 com.whatsapp}
07-03 23:27:39.956  1520  2007 D Hiber/alarmManagerServiceExtImpl: unproxyAlarms, alarm=Alarm{7c86302 type 3 origWhen 90233897 whenElapsed 90233897 com.whatsapp}
