07-03 23:27:07.815 21096 21101 I adbd    : opening control endpoint /dev/usb-ffs/adb/ep0
07-03 23:27:07.816 21096 21101 I adbd    : UsbFfsConnection constructed
07-03 23:27:07.817 21096 15593 I adbd    : UsbFfs-monitor thread spawned
07-03 23:27:07.820  8249 11368 I ApplicationPackageManager: color1 =0,color2 =0,bgColor =0
07-03 23:27:07.820  8249 11368 I ApplicationPackageManager: dr is not VectorDrawable,so we do nothing !
07-03 23:27:07.844  8249 11368 W PackageManager: Failure retrieving resources for com.smartexampro.app: Drawable com.smartexampro.app:mipmap/ic_launcher with resource ID #0x7f0a0000
07-03 23:27:07.882  8249 11368 I ApplicationPackageManager: color1 =0,color2 =0,bgColor =0
07-03 23:27:07.882  8249 11368 I ApplicationPackageManager: dr is not VectorDrawable,so we do nothing !
07-03 23:27:07.916  8249 11368 I ApplicationPackageManager: color1 =0,color2 =0,bgColor =0
07-03 23:27:07.916  8249 11368 I ApplicationPackageManager: dr is not VectorDrawable,so we do nothing !
07-03 23:27:07.939  8249 11368 I ApplicationPackageManager: color1 =0,color2 =0,bgColor =0
07-03 23:27:07.939  8249 11368 I ApplicationPackageManager: dr is not VectorDrawable,so we do nothing !
07-03 23:27:07.977  8249 11368 I ApplicationPackageManager: color1 =0,color2 =0,bgColor =0
07-03 23:27:07.978  8249 11368 I ApplicationPackageManager: dr is not VectorDrawable,so we do nothing !
07-03 23:27:08.001  8249 11368 I ApplicationPackageManager: color1 =0,color2 =0,bgColor =0
07-03 23:27:08.001  8249 11368 I ApplicationPackageManager: dr is not VectorDrawable,so we do nothing !
07-03 23:27:08.002  1520  1812 V NotificationRecord: force dont update mImportance 2
07-03 23:27:08.003  1520  1812 V NotificationRecord: force dont update mImportance 2
07-03 23:27:08.019  8249  8249 D HWUI    : --- Failed to create image decoder with message 'unimplemented'
07-03 23:27:08.025  8249 11368 I ApplicationPackageManager: color1 =0,color2 =0,bgColor =0
07-03 23:27:08.025  8249 11368 I ApplicationPackageManager: dr is not VectorDrawable,so we do nothing !
07-03 23:27:08.035  2013  2968 I TranPhoneInterfaceManager: MPSTCB - onSignalStrengthsChanged
07-03 23:27:08.035  2013  2968 D TranPhoneInterfaceManager: [onSignalStrengthsChanged]
07-03 23:27:08.035  2013  2968 D TranSmartAllocController: mDefaultDataSubId = 2  subId = 2
07-03 23:27:08.035  2013  2968 D TranSmartAllocController: mSupport = true  mBwAllocEnable = false mSimReady =true  mScreenOn =true
07-03 23:27:08.035  2013  2968 D TranSmartAllocController: mDataAvailable = false  mInService = true  cellSignalStrengthList = [CellSignalStrengthLte: rssi=-51 rsrp=-110 rsrq=-26 rssnr=-1 cqiTableIndex=2147483647 cqi=2147483647 ta=2147483647 level=2 parametersUseForLevel=0]
07-03 23:27:08.036  2039  2255 D TranSignalStrengthComponentImpl: [LTE] dbm: -110
07-03 23:27:08.036  2039  2255 D TranSignalStrengthComponentImpl: [LTE] dbm: -110
07-03 23:27:08.037  1520  1605 D TranSignalStrengthComponentImpl: [LTE] dbm: -110
07-03 23:27:08.037  1520  1605 D TranSignalStrengthComponentImpl: [LTE] dbm: -110
07-03 23:27:08.039  2039  2039 D TranSignalStrengthComponentImpl: [LTE] dbm: -110
07-03 23:27:08.039  1520  4439 D ActivityManager: Skip enqueue broadcast because no receiver with Intent { act=android.intent.action.SIG_STR flg=0x10 (has extras) }
07-03 23:27:08.040  1520  1961 D aegean_PivotMemCompact: ingore for foucus in same
07-03 23:27:08.040  2013  2013 D TranSignalStrengthComponentImpl: [LTE] dbm: -110
07-03 23:27:08.040  2013  2013 D TranSignalStrengthComponentImpl: [LTE] dbm: -108
07-03 23:27:08.040  2013  2013 D TranSignalStrengthComponentImpl: [LTE] dbm: -110
07-03 23:27:08.042  2013  2588 D TranPhoneSwitcher: getNetworkType: 4G
07-03 23:27:08.042  2013  2588 I TranPhoneSwitcher: mDefaultsign:2subid :2
07-03 23:27:08.042  2039  2255 D TranSignalStrengthComponentImpl: [LTE] dbm: -110
07-03 23:27:08.042  2039  2255 D TranSignalStrengthComponentImpl: [LTE] dbm: -110
07-03 23:27:08.042  1520  1605 D TranSignalStrengthComponentImpl: [LTE] dbm: -110
07-03 23:27:08.042  1520  1605 D TranSignalStrengthComponentImpl: [LTE] dbm: -110
07-03 23:27:08.043  1520  4439 D ActivityManager: Skip enqueue broadcast because no receiver with Intent { act=android.intent.action.SIG_STR flg=0x10 (has extras) }
07-03 23:27:08.043  2039  2039 D TranSignalStrengthComponentImpl: [LTE] dbm: -110
07-03 23:27:08.043  2013  2013 D TranSignalStrengthComponentImpl: [LTE] dbm: -110
07-03 23:27:08.043  2013  2013 D TranSignalStrengthComponentImpl: [LTE] dbm: -110
07-03 23:27:08.043  2013  2013 D TranSignalStrengthComponentImpl: [LTE] dbm: -110
07-03 23:27:08.044  2013  2968 I TranPhoneInterfaceManager: MPSTCB - onSignalStrengthsChanged
07-03 23:27:08.044  2013  2968 D TranPhoneInterfaceManager: [onSignalStrengthsChanged]
07-03 23:27:08.044  2013  2968 D TranSmartAllocController: mDefaultDataSubId = 2  subId = 1
07-03 23:27:08.044  2013  2968 D TranSmartAllocController: mSupport = true  mBwAllocEnable = false mSimReady =true  mScreenOn =true
07-03 23:27:08.044  2013  2013 D TranSignalStrengthComponentImpl: [LTE] dbm: -108
07-03 23:27:08.044  2013  2013 D TranSignalStrengthComponentImpl: [LTE] dbm: -110
07-03 23:27:08.044  2013  2013 D TranSignalStrengthComponentImpl: [LTE] dbm: -110
07-03 23:27:08.044  2013  2013 D TranSignalStrengthComponentImpl: [LTE] dbm: -110
07-03 23:27:08.045  2013  2588 D TranPhoneSwitcher: getNetworkType: 4G
07-03 23:27:08.045  2013  2588 I TranPhoneSwitcher: mOthersign:2subid :1
07-03 23:27:08.057  8249 11368 I ApplicationPackageManager: color1 =0,color2 =0,bgColor =0
07-03 23:27:08.058  8249 11368 I ApplicationPackageManager: dr is not VectorDrawable,so we do nothing !
07-03 23:27:08.072  1520  4439 V os.notification: onFixNotification  start, notification= Notification(channel=nonresident_group_channel_id shortcut=null contentView=com.transsnet.store/0x7f0c02bf vibrate=null sound=null defaults=0 flags=AUTO_CANCEL color=0x00000000 groupKey=com vis=PRIVATE)
07-03 23:27:08.072  1520  4439 V os.notification: onFixNotification  end, notification= Notification(channel=nonresident_group_channel_id shortcut=null contentView=com.transsnet.store/0x7f0c02bf vibrate=null sound=null defaults=0 flags=AUTO_CANCEL color=0x00000000 groupKey=com vis=PRIVATE)
07-03 23:27:08.073  1520  4439 V os.notification: tranImportance = 14,muteTime = 9223372036854775807 ,currentTime = 1783110428073 ,pkg -> com.transsnet.store
07-03 23:27:08.073  1520  4439 V NotificationCloudRule: gapTime=(currentTime - lastTime) = 8232
07-03 23:27:08.073  1520  4439 D os.permission.PermissionInfo: checkPermission 10202:android.permission.POST_NOTIFICATIONS:false
07-03 23:27:08.085  1520  1812 V NotificationRecord: force dont update mImportance 2
07-03 23:27:08.085  1520  1812 V NotificationRecord: force dont update mImportance 2
07-03 23:27:08.091  1520  4439 V os.notification: onFixNotification  start, notification= Notification(channel=nonresident_group_channel_id shortcut=null contentView=com.transsnet.store/0x7f0c020e vibrate=null sound=null defaults=0 flags=AUTO_CANCEL|GROUP_SUMMARY color=0x00000000 groupKey=com vis=PRIVATE)
07-03 23:27:08.091  1520  4439 V os.notification: onFixNotification  end, notification= Notification(channel=nonresident_group_channel_id shortcut=null contentView=com.transsnet.store/0x7f0c020e vibrate=null sound=null defaults=0 flags=AUTO_CANCEL|GROUP_SUMMARY color=0x00000000 groupKey=com vis=PRIVATE)
07-03 23:27:08.092  1520  4439 V os.notification: tranImportance = 14,muteTime = 9223372036854775807 ,currentTime = 1783110428092 ,pkg -> com.transsnet.store
07-03 23:27:08.092  1520  4439 W NotificationCloudRule: no need to handle group notification , notification = NotificationRecord(0x001f55bb: pkg=com.transsnet.store user=UserHandle{0} id=١٠١٠٠ tag=null importance=٣ key=0|com.transsnet.store|10100|null|10202: Notification(channel=nonresident_group_channel_id shortcut=null contentView=com.transsnet.store/0x7f0c020e vibrate=null sound=null defaults=0 flags=AUTO_CANCEL|GROUP_SUMMARY color=0x00000000 groupKey=com vis=PRIVATE))
07-03 23:27:08.101  8249 11368 I ApplicationPackageManager: color1 =0,color2 =0,bgColor =0
07-03 23:27:08.101  8249 11368 I ApplicationPackageManager: dr is not VectorDrawable,so we do nothing !
07-03 23:27:08.144  8249 11368 I ApplicationPackageManager: color1 =0,color2 =0,bgColor =0
07-03 23:27:08.144  8249 11368 I ApplicationPackageManager: dr is not VectorDrawable,so we do nothing !
07-03 23:27:08.166  8249 11368 I ApplicationPackageManager: color1 =0,color2 =0,bgColor =0
07-03 23:27:08.166  8249 11368 I ApplicationPackageManager: dr is not VectorDrawable,so we do nothing !
07-03 23:27:08.191  1062  1062 I EnhanceAIDL: enhance could not find the type in device map
07-03 23:27:08.230  1520  2006 I Hiber/importantScene: isTrafficActive uid:10246 speed :0
07-03 23:27:08.230  1520  2006 I Hiber/appStateMachine: uid:10246 enter FrozenState
07-03 23:27:08.231  1520  2006 I Hiber/stateManager: freeze uid: 10246 com.facebook.lite costTime=1ms ,last unfreeze 5s ago
07-03 23:27:08.231  1520  2006 I Hiber/restrictionPolicy: uid:10246  pkgName:com.facebook.lite isAllowedNet
07-03 23:27:08.231  1520  2009 I Hiber/nativeServiceClient: watch app network uid=10246, persistent=0
07-03 23:27:08.232  1520  2007 I Hiber/hiber: msg for start proxy frozen state
07-03 23:27:08.232  1520  2007 D ActivityManager: Hiber try idle uid[10246] by hiber ,bgTime>0 ? true,isIdled before ? true ,isCurAllowListed ? false ,isProcStateBackground?true
07-03 23:27:08.232  1520  2007 D ActivityManager: Hiber try idle uid[10246] by hiber
07-03 23:27:08.232  1520  2007 I Hiber/proxyManager: p_service: 10246
07-03 23:27:08.232  1520  2772 D ActivityManager: Hiber/checkExecutingCmp=receiver
07-03 23:27:08.232  1520  2007 I Hiber/hiber: proxy alarm (uid=١٠٢٤٦, pkgName=com.facebook.lite)
07-03 23:27:08.232  1520  2007 I Hiber/proxyManager: p_alarm: uid=10246, pkgName=com.facebook.lite
07-03 23:27:08.232  1520  2007 D AlarmManagerService: set alarm to kernel: 89834958000000, type=2
07-03 23:27:08.233  1520  2007 D AlarmManagerService: set alarm to kernel: 89786217000000, type=3
07-03 23:27:08.233  1520  2007 D Hiber/alarmManagerServiceExtImpl: proxyAlarms, alarm=Alarm{7bd4fa0 type 2 origWhen 90189052 whenElapsed 90194053 com.facebook.lite}
07-03 23:27:08.233  1520  1559 D SceneMonitor: onUidIdle: Uid: 10246 name: com.facebook.lite
07-03 23:27:08.233  1520  2007 D Hiber/alarmManagerServiceExtImpl: proxyAlarms, alarm=Alarm{f9dd759 type 2 origWhen 90189063 whenElapsed 90194080 com.facebook.lite}
07-03 23:27:08.233  1520  2007 D Hiber/alarmManagerServiceExtImpl: proxyAlarms, alarm=Alarm{d0003b4 type 2 origWhen 90189298 whenElapsed 90194299 com.facebook.lite}
07-03 23:27:08.233  1520  2007 D Hiber/alarmManagerServiceExtImpl: proxyAlarms, alarm=Alarm{bf2e9ee type 2 origWhen 90248927 whenElapsed 90248927 com.facebook.lite}
07-03 23:27:08.233  1520  2007 D Hiber/alarmManagerServiceExtImpl: proxyAlarms, alarm=Alarm{5c84e8f type 2 origWhen 90248970 whenElapsed 90248970 com.facebook.lite}
07-03 23:27:08.233  1520  2007 D Hiber/alarmManagerServiceExtImpl: proxyAlarms, alarm=Alarm{5a7ff1e type 2 origWhen 100989249 whenElapsed 100994249 com.facebook.lite}
07-03 23:27:08.233  1520  2007 D Hiber/alarmManagerServiceExtImpl: proxyAlarms, alarm=Alarm{776f3ff type 2 origWhen 129789024 whenElapsed 129789024 com.facebook.lite}
07-03 23:27:08.233  1520  2007 D Hiber/alarmManagerServiceExtImpl: proxyAlarms, alarm=Alarm{804003f type 1 origWhen 1783181538369 whenElapsed 160893327 com.facebook.lite}
07-03 23:27:08.233  1520  2007 D Hiber/alarmManagerServiceExtImpl: proxyAlarms, alarm=Alarm{237c5cc type 2 origWhen 172989161 whenElapsed 172994177 com.facebook.lite}
07-03 23:27:08.233  1520  2007 D Hiber/alarmManagerServiceExtImpl: proxyAlarms leave, uid=10246, packageName=com.facebook.lite
07-03 23:27:08.234  1520  2772 I Hiber/stateManager: unfreeze uid: 10246 com.facebook.lite pids:[13177]  reason:executingComponent   cpninfo: costTime=1ms ,last freeze 0s ago
07-03 23:27:08.234  1520  2006 I Hiber/appStateMachine: uid=10246, pkg=com.facebook.lite, transition from Frozen to Running, reason=executingComponent
07-03 23:27:08.234  1520  2006 I Hiber/appStateMachine: uid:10246 exit FrozenState
07-03 23:27:08.234  1520  2007 I Hiber/proxyManager: up_service: 10246
07-03 23:27:08.234  1520  2612 D SceneMonitor: handleMessage(MSG_PROCESS_STOP)
07-03 23:27:08.234  1520  2612 D SceneMonitor: com.facebook.lite[10246] gone
07-03 23:27:08.234  1520  2007 D AlarmManagerService: set alarm to kernel: 89834958000000, type=2
07-03 23:27:08.234  1520  2007 D AlarmManagerService: set alarm to kernel: 89786217000000, type=3
07-03 23:27:08.234  1520  2007 D Hiber/alarmManagerServiceExtImpl: unproxyAlarms, alarm=Alarm{7bd4fa0 type 2 origWhen 90189052 whenElapsed 90194053 com.facebook.lite}
07-03 23:27:08.234  1520  2007 D Hiber/alarmManagerServiceExtImpl: unproxyAlarms, alarm=Alarm{f9dd759 type 2 origWhen 90189063 whenElapsed 90194080 com.facebook.lite}
07-03 23:27:08.234  1520  2007 D Hiber/alarmManagerServiceExtImpl: unproxyAlarms, alarm=Alarm{d0003b4 type 2 origWhen 90189298 whenElapsed 90194299 com.facebook.lite}
07-03 23:27:08.234  1520  2007 D Hiber/alarmManagerServiceExtImpl: unproxyAlarms, alarm=Alarm{bf2e9ee type 2 origWhen 90248927 whenElapsed 90248927 com.facebook.lite}
07-03 23:27:08.234  1520  2007 D Hiber/alarmManagerServiceExtImpl: unproxyAlarms, alarm=Alarm{5c84e8f type 2 origWhen 90248970 whenElapsed 90248970 com.facebook.lite}
07-03 23:27:08.234  1520  2007 D Hiber/alarmManagerServiceExtImpl: unproxyAlarms, alarm=Alarm{5a7ff1e type 2 origWhen 100989249 whenElapsed 100994249 com.facebook.lite}
07-03 23:27:08.234  1520  2007 D Hiber/alarmManagerServiceExtImpl: unproxyAlarms, alarm=Alarm{776f3ff type 2 origWhen 129789024 whenElapsed 129789024 com.facebook.lite}
07-03 23:27:08.234  1520  2007 D Hiber/alarmManagerServiceExtImpl: unproxyAlarms, alarm=Alarm{804003f type 1 origWhen 1783181538369 whenElapsed 160893327 com.facebook.lite}
07-03 23:27:08.234  1520  2007 D Hiber/alarmManagerServiceExtImpl: unproxyAlarms, alarm=Alarm{237c5cc type 2 origWhen 172989161 whenElapsed 172994177 com.facebook.lite}
07-03 23:27:08.234  1520  2007 D Hiber/alarmManagerServiceExtImpl: unproxyAlarms leave, uid=10246, packageName=null
07-03 23:27:08.331  1520  1603 D tranpm/BehaviorManager: onMemPressureChange : level 0
07-03 23:27:08.571  1520  1681 W SensorService: Dropping 1 cached events (100/100) to save 1/1 new events. 209 events previously dropped
07-03 23:27:08.592  1062  1062 I EnhanceAIDL: enhance could not find the type in device map
07-03 23:27:08.746  1520  2009 I Hiber/nativeServiceClient: check binder uid=10197
07-03 23:27:08.793  1062  1062 I EnhanceAIDL: enhance could not find the type in device map
07-03 23:27:08.819 21096 15593 W adbd    : timed out while waiting for FUNCTIONFS_BIND, trying again
07-03 23:27:08.819 21096 15593 I adbd    : UsbFfs: connection terminated: monitor thread finished
07-03 23:27:08.820 21096 21096 I adbd    : UsbFfs: already offline
07-03 23:27:08.820 21096 21096 I adbd    : destroying transport UsbFfs
07-03 23:27:08.820 21096 21096 I adbd    : UsbFfsConnection being destroyed
07-03 23:27:08.845 21096 21101 I adbd    : opening control endpoint /dev/usb-ffs/adb/ep0
07-03 23:27:08.846 21096 21101 I adbd    : UsbFfsConnection constructed
07-03 23:27:08.848 21096 15596 I adbd    : UsbFfs-monitor thread spawned
07-03 23:27:09.041  2013  2968 I TranPhoneInterfaceManager: MPSTCB - onSignalStrengthsChanged
07-03 23:27:09.041  2013  2968 D TranPhoneInterfaceManager: [onSignalStrengthsChanged]
07-03 23:27:09.041  2013  2968 D TranSmartAllocController: mDefaultDataSubId = 2  subId = 2
07-03 23:27:09.041  2013  2968 D TranSmartAllocController: mSupport = true  mBwAllocEnable = false mSimReady =true  mScreenOn =true
07-03 23:27:09.041  2013  2968 D TranSmartAllocController: mDataAvailable = false  mInService = true  cellSignalStrengthList = [CellSignalStrengthLte: rssi=-51 rsrp=-110 rsrq=-27 rssnr=0 cqiTableIndex=2147483647 cqi=2147483647 ta=2147483647 level=2 parametersUseForLevel=0]
07-03 23:27:09.041  2039  2255 D TranSignalStrengthComponentImpl: [LTE] dbm: -110
07-03 23:27:09.041  2039  2255 D TranSignalStrengthComponentImpl: [LTE] dbm: -110
07-03 23:27:09.042  1520  1605 D TranSignalStrengthComponentImpl: [LTE] dbm: -110
07-03 23:27:09.042  1520  1605 D TranSignalStrengthComponentImpl: [LTE] dbm: -110
07-03 23:27:09.043  1520  4439 D ActivityManager: Skip enqueue broadcast because no receiver with Intent { act=android.intent.action.SIG_STR flg=0x10 (has extras) }
07-03 23:27:09.044  2013  2013 D TranSignalStrengthComponentImpl: [LTE] dbm: -110
07-03 23:27:09.044  2039  2039 D TranSignalStrengthComponentImpl: [LTE] dbm: -110
07-03 23:27:09.045  2013  2013 D TranSignalStrengthComponentImpl: [LTE] dbm: -108
07-03 23:27:09.045  2013  2013 D TranSignalStrengthComponentImpl: [LTE] dbm: -110
07-03 23:27:09.046  2013  2588 D TranPhoneSwitcher: getNetworkType: 4G
07-03 23:27:09.046  2013  2588 I TranPhoneSwitcher: mDefaultsign:2subid :2
07-03 23:27:09.047  2039  2255 D TranSignalStrengthComponentImpl: [LTE] dbm: -110
07-03 23:27:09.047  2013  2968 I TranPhoneInterfaceManager: MPSTCB - onSignalStrengthsChanged
07-03 23:27:09.048  2039  2255 D TranSignalStrengthComponentImpl: [LTE] dbm: -110
07-03 23:27:09.048  2013  2968 D TranPhoneInterfaceManager: [onSignalStrengthsChanged]
07-03 23:27:09.048  2013  2968 D TranSmartAllocController: mDefaultDataSubId = 2  subId = 1
07-03 23:27:09.048  2013  2968 D TranSmartAllocController: mSupport = true  mBwAllocEnable = false mSimReady =true  mScreenOn =true
07-03 23:27:09.050  2039  2039 D TranSignalStrengthComponentImpl: [LTE] dbm: -110
07-03 23:27:09.050  1520  1605 D TranSignalStrengthComponentImpl: [LTE] dbm: -110
07-03 23:27:09.050  1520  1605 D TranSignalStrengthComponentImpl: [LTE] dbm: -110
07-03 23:27:09.052  1520  4439 D ActivityManager: Skip enqueue broadcast because no receiver with Intent { act=android.intent.action.SIG_STR flg=0x10 (has extras) }
07-03 23:27:09.053  2013  2013 D TranSignalStrengthComponentImpl: [LTE] dbm: -110
07-03 23:27:09.053  2013  2013 D TranSignalStrengthComponentImpl: [LTE] dbm: -110
07-03 23:27:09.053  2013  2013 D TranSignalStrengthComponentImpl: [LTE] dbm: -110
07-03 23:27:09.053  2039  2039 I SysUI(260310)_OverviewSysUiProxyService:  isEnabled mIsEnabled false mIsFoldExpanded true
07-03 23:27:09.054  2039  2039 D SysUI(260310)_TrStackScrollerController: updateShowEmptyShadeView: noNotifications=false, visibleNotificationCount=4, mediaNotificationVisible=false
07-03 23:27:09.054  2013  2013 D TranSignalStrengthComponentImpl: [LTE] dbm: -108
07-03 23:27:09.054  2013  2013 D TranSignalStrengthComponentImpl: [LTE] dbm: -110
07-03 23:27:09.054  2013  2013 D TranSignalStrengthComponentImpl: [LTE] dbm: -110
07-03 23:27:09.055  2013  2013 D TranSignalStrengthComponentImpl: [LTE] dbm: -110
07-03 23:27:09.055  1520  4439 D PowerHALManager: powerhalmanager sendHint!!!
07-03 23:27:09.056  2039  2039 I TranNotificationExpandButton: Call setExpandedVisibility
07-03 23:27:09.056  1066  1066 D PowerHAL: enter VendorPower::sendHint
07-03 23:27:09.056  1066  1066 D PowerHAL: sendHint enter sendHint if():
07-03 23:27:09.056  1066  1066 D PowerHAL: sendHint got hintSession:0xb40000701fc13930 
07-03 23:27:09.056  1066  1066 D PowerHAL: PowerHintSession sendHint hintSession and hint=2: mTgid: 2039, mUid: 10176
07-03 23:27:09.056  1066  1066 D PowerHAL: enter case CPU_LOAD_RESET, and uclampMin_High=650
07-03 23:27:09.056  2013  2588 D TranPhoneSwitcher: getNetworkType: 4G
07-03 23:27:09.056  2013  2588 I TranPhoneSwitcher: mOthersign:2subid :1
07-03 23:27:09.057  1066  1066 D PowerHAL: sendHint got hintSession:0xb40000701fc13930 return ok!
07-03 23:27:09.065  1520  4439 D PowerHALManager: powerhalmanager sendHint!!!
07-03 23:27:09.065  1066  1066 D PowerHAL: enter VendorPower::sendHint
07-03 23:27:09.065  1066  1066 D PowerHAL: sendHint enter sendHint if():
07-03 23:27:09.065  1066  1066 D PowerHAL: sendHint got hintSession:0xb40000701fc13930 
07-03 23:27:09.065  1066  1066 D PowerHAL: PowerHintSession sendHint hintSession and hint=0: mTgid: 2039, mUid: 10176
07-03 23:27:09.065  1066  1066 D PowerHAL: enter case CPU_LOAD_UP, and uclampMin_High=650
07-03 23:27:09.065  1066  1066 D PowerHAL: sendHint got hintSession:0xb40000701fc13930 return ok!
07-03 23:27:09.070  1066  1158 D PowerHAL: PowerSessionManager::disableSystemTopAppBoost!!
07-03 23:27:09.082  1055 32072 D SPRDHWComposer: hwc create flip thread success!
07-03 23:27:09.192  1062  1062 I EnhanceAIDL: enhance could not find the type in device map
07-03 23:27:09.331  1520  1799 D TranWifiTputMonitor: WIFI: TX: 49 RX: 9 TOTAL = 58
07-03 23:27:09.331  1520  1799 D TranWifiTputMonitor: High Tput: false, TOTAL TPUT: 58
07-03 23:27:09.333  1520  1603 D tranpm/BehaviorManager: onMemPressureChange : level 0
07-03 23:27:09.349  1055 15597 D SPRDHWComposer: exit pq flip thread!
07-03 23:27:09.392  1062  1062 I EnhanceAIDL: enhance could not find the type in device map
07-03 23:27:09.481  1066  1158 D PowerHAL: PowerSessionManager::enableSystemTopAppBoost!!
07-03 23:27:09.755  1520  1800 D TranWifiSmartAssistantController: start current network monitor 
07-03 23:27:09.755  1520  1800 D TranWifiSmartAssistantController: userIgnored :false isScoredCurrentNetwork :true
07-03 23:27:09.756  1520  1800 D TranWifiSmartAssistantController: mCurrentNetwork :113 SSID :"Airtel_Zerotouch"
07-03 23:27:09.759  1520  1800 D WifiNetworkQuality: current rssi is sufficient
07-03 23:27:09.760  1520  1800 D TranWifiSmartAssistantController: mNoCandidateCount : -1
07-03 23:27:09.760  1520  1800 D TranWifiSmartAssistantController: ====>>rssi :-40
07-03 23:27:09.760  1520  1800 I WifiNetworkQuality: tput greater than NO_INTERNET_TRAFFIC
07-03 23:27:09.773  1520  2006 I Hiber/importantScene: isTrafficActive uid:10169 speed :0
07-03 23:27:09.773  1520  2006 I Hiber/appStateMachine: uid:10169 enter FrozenState
07-03 23:27:09.777  1520  2006 I Hiber/stateManager: freeze uid: 10169 com.transsion.phonemaster costTime=4ms ,last unfreeze 5s ago
07-03 23:27:09.777  1520  2007 I Hiber/hiber: msg for start proxy frozen state
07-03 23:27:09.778  1520  2007 D ActivityManager: Hiber try idle uid[10169] by hiber ,bgTime>0 ? true,isIdled before ? true ,isCurAllowListed ? false ,isProcStateBackground?true
07-03 23:27:09.778  1520  2007 D ActivityManager: Hiber try idle uid[10169] by hiber
07-03 23:27:09.778  1520  2007 I Hiber/proxyManager: p_service: 10169
07-03 23:27:09.778  1520  2007 I Hiber/hiber: proxy alarm (uid=١٠١٦٩, pkgName=com.transsion.phonemaster)
07-03 23:27:09.779  1520  2007 I Hiber/proxyManager: p_alarm: uid=10169, pkgName=com.transsion.phonemaster
07-03 23:27:09.779  1520  2007 D AlarmManagerService: set alarm to kernel: 89834958000000, type=2
07-03 23:27:09.779  1520  2007 D AlarmManagerService: set alarm to kernel: 89786217000000, type=3
07-03 23:27:09.779  1520  2007 D Hiber/alarmManagerServiceExtImpl: proxyAlarms, alarm=Alarm{143c561 type 1 origWhen 1783117675716 whenElapsed 97035675 com.transsion.phonemaster}
07-03 23:27:09.779  1520  1559 D SceneMonitor: onUidIdle: Uid: 10169 name: com.transsion.phonemaster
07-03 23:27:09.779  1520  2007 D Hiber/alarmManagerServiceExtImpl: proxyAlarms, alarm=Alarm{a04c886 type 1 origWhen 1783193335718 whenElapsed 172690676 com.transsion.phonemaster}
07-03 23:27:09.779  1520  2007 D Hiber/alarmManagerServiceExtImpl: proxyAlarms leave, uid=10169, packageName=com.transsion.phonemaster
07-03 23:27:09.779  1520  2612 D SceneMonitor: handleMessage(MSG_PROCESS_STOP)
07-03 23:27:09.779  1520  2612 D SceneMonitor: com.transsion.phonemaster[10169] gone
07-03 23:27:09.786  1520  4439 D AlarmManagerService: set alarm to kernel: 89834958000000, type=2
07-03 23:27:09.787  1520  4439 D AlarmManagerService: set alarm to kernel: 89786217000000, type=3
07-03 23:27:09.793  1520  1568 W ActivityManager: Rescheduling restart of crashed service com.android.chrome/org.chromium.content.app.PrivilegedProcessService0 in 0ms for mem-pressure-event
07-03 23:27:09.797  1062  1062 I EnhanceAIDL: enhance could not find the type in device map
07-03 23:27:09.797  1520  1592 D ActivityManager: performServiceRestartLocked: app=com.android.chrome process=com.android.chrome:privileged_process0 uid=10142 restartDelay=0
07-03 23:27:09.799  1520  1592 I Hiber/stateManager: unfreeze uid: 10142 com.android.chrome pids:[11255, 11302]  reason:restartService   cpninfo: costTime=2ms ,last freeze 206s ago
07-03 23:27:09.800  1520  2006 I Hiber/appStateMachine: uid=10142, pkg=com.android.chrome, transition from Frozen to Running, reason=restartService
07-03 23:27:09.800  1520  2006 I Hiber/appStateMachine: uid:10142 exit FrozenState
07-03 23:27:09.800  1520  1592 V GrammaticalInflectionUtils: AttributionSource: android.content.AttributionSource@a0694ec4 does not have READ_SYSTEM_GRAMMATICAL_GENDER permission.
07-03 23:27:09.801  1520  2772 D Hiber/proxyWakeLock: remove uid: 10142 wiht all pids from wakelockUidInfo list
07-03 23:27:09.801  1520  2007 I Hiber/proxyManager: up_service: 10142
07-03 23:27:09.801  1520  2007 D Hiber/alarmManagerServiceExtImpl: unproxyAlarms leave, uid=10142, packageName=null
07-03 23:27:09.814  1520  4440 D AlarmManagerService: set alarm to kernel: 89834958000000, type=2
07-03 23:27:09.814  1520  4440 D AlarmManagerService: set alarm to kernel: 89786217000000, type=3
07-03 23:27:09.815  1038  1038 D Zygote  : Forked child process 15601
07-03 23:27:09.816  1520  1594 I ActivityManager: Start proc 15601:com.android.chrome:privileged_process0/u0a142 for service {com.android.chrome/org.chromium.content.app.PrivilegedProcessService0}
07-03 23:27:09.835 11255 11296 W cr_ChildProcessConn: onServiceDisconnected (crash or killed by oom): pid=11302 bindings:W  S
07-03 23:27:09.838 15601 15601 I ileged_process0: Using generational CollectorTypeCMC GC.
07-03 23:27:09.849 21096 15596 W adbd    : timed out while waiting for FUNCTIONFS_BIND, trying again
07-03 23:27:09.850 21096 15596 I adbd    : UsbFfs: connection terminated: monitor thread finished
07-03 23:27:09.850 21096 21096 I adbd    : UsbFfs: already offline
07-03 23:27:09.850 21096 21096 I adbd    : destroying transport UsbFfs
07-03 23:27:09.850 21096 21096 I adbd    : UsbFfsConnection being destroyed
07-03 23:27:09.850 15601 15601 D nativeloader: Load libframework-connectivity-tiramisu-jni.so using APEX ns com_android_tethering for caller /apex/com.android.tethering/javalib/framework-connectivity-t.jar: ok
07-03 23:27:09.857 15601 15601 W TranInstanceHelper: Failed to instance com.transsion.hubcore.linkplus.implement.app.TranActivityThreadLinkplusImpl, java.lang.ClassNotFoundException: com.transsion.hubcore.linkplus.implement.app.TranActivityThreadLinkplusImpl
07-03 23:27:09.857 15601 15601 D TranClassInfo: instance successfully. com.transsion.hubcore.app.TranActivityThreadImpl@88de577 from com.transsion.hubcore.app.ITranActivityThread
07-03 23:27:09.860 15601 15601 D os.SingleLice: instance successfully. com.transsion.widget.v3.FloatingToolbarLice@15f25e4 from com.transsion.widget.FloatingToolbarLiceFactory
07-03 23:27:09.860 15601 15601 D os.SingleLiceFactory: instance successfully. com.transsion.widget.v3.FloatingToolbarLice@15f25e4 from android.app.IActivityThreadLice
07-03 23:27:09.861 15601 15601 D os.SingleLice: instance successfully. com.transsion.common.v1.CommonLice@566ca4d from com.transsion.common.CommonLiceFactory
07-03 23:27:09.861 15601 15601 D os.SingleLiceFactory: instance successfully. com.transsion.common.v1.CommonLice@566ca4d from android.app.IActivityThreadLice
07-03 23:27:09.862 15601 15601 D os.SingleLice: instance successfully. com.transsion.typeface.v1.StaticTypefaceLice@2f5c902 from com.transsion.typeface.TypefaceLiceFactory
07-03 23:27:09.862 15601 15601 D os.SingleLiceFactory: instance successfully. com.transsion.typeface.v1.StaticTypefaceLice@2f5c902 from android.app.IActivityThreadLice
07-03 23:27:09.862 15601 15601 D os.SingleLiceFactory: using android.app.IActivityThreadLice$DefaultImpl@f716213 instead of com.transsion.sun.SunLiceFactory  from android.app.IActivityThreadLice
07-03 23:27:09.862 15601 15601 D os.SingleLice: instance successfully. com.transsion.fdleak.FdLeakLice@cdabc50 from com.transsion.fdleak.FdLeakLiceFactory
07-03 23:27:09.862 15601 15601 D os.SingleLiceFactory: instance successfully. com.transsion.fdleak.FdLeakLice@cdabc50 from android.app.IActivityThreadLice
07-03 23:27:09.862 15601 15601 D os.LiceInfo: instance successfully. com.transsion.app.ActivityThreadLice@462be49 from android.app.IActivityThreadLice
07-03 23:27:09.870 15601 15612 I SurfaceFactory: [static] sSurfaceFactory = com.transsion.rt.SurfaceFactoryImpl@97b734e
07-03 23:27:09.872  1520  4439 D os.typeface.lice.server: getOverlaySerializedSystemFontMap ProcessRecord{39eadd 15601:com.android.chrome:privileged_process0/u0a142}
07-03 23:27:09.872  1520  4439 D os.typeface.lice: getOverlaySerializedSystemFontMap com.android.chrome
07-03 23:27:09.874  1520  4439 D os.ActivityManagerServiceLice: make process active com.android.chrome:privileged_process0(15601)
07-03 23:27:09.883  1520  2006 I Hiber/importantScene: isTrafficActive uid:10264 speed :0
07-03 23:27:09.883 15601 15601 D TranClassInfo: instance successfully. com.transsion.hubcore.graphics.TranGraphicImpl@3060c6f from com.transsion.hubcore.graphics.ITranGraphic
07-03 23:27:09.884  1520  2006 I Hiber/appStateMachine: uid:10264 enter FrozenState
07-03 23:27:09.884 15601 15601 D os.SingleLiceFactory: instance successfully. com.transsion.typeface.v1.StaticTypefaceLice@2f5c902 from android.graphics.IGraphicLice
07-03 23:27:09.884 15601 15601 D os.LiceInfo: instance successfully. com.transsion.graphics.GraphicLice@e374d7c from android.graphics.IGraphicLice
07-03 23:27:09.889  1520  2006 I Hiber/stateManager: freeze uid: 10264 com.whatsapp costTime=5ms ,last unfreeze 5s ago
07-03 23:27:09.889  1520  2006 I Hiber/restrictionPolicy: uid:10264  pkgName:com.whatsapp isAllowedNet
07-03 23:27:09.889  1520  2009 I Hiber/nativeServiceClient: watch app network uid=10264, persistent=0
07-03 23:27:09.890  1520  2007 I Hiber/hiber: msg for start proxy frozen state
07-03 23:27:09.891 15601 15601 D DebugTheme.onThemeUpdated: reload start !TranResourcesUtils.isRunningOnSystemServer()=true currentForegroundUser=0
07-03 23:27:09.891  1520  2007 D ActivityManager: Hiber try idle uid[10264] by hiber ,bgTime>0 ? true,isIdled before ? true ,isCurAllowListed ? false ,isProcStateBackground?true
07-03 23:27:09.891  1520  2007 D ActivityManager: Hiber try idle uid[10264] by hiber
07-03 23:27:09.893  1520  2007 I Hiber/proxyManager: p_service: 10264
07-03 23:27:09.894  1520  2007 I Hiber/hiber: proxy alarm (uid=١٠٢٦٤, pkgName=com.whatsapp)
07-03 23:27:09.894  1520  1559 D SceneMonitor: onUidIdle: Uid: 10264 name: com.whatsapp
07-03 23:27:09.894  1520  2007 I Hiber/proxyManager: p_alarm: uid=10264, pkgName=com.whatsapp
07-03 23:27:09.894  1520  2007 D AlarmManagerService: set alarm to kernel: 89834958000000, type=2
07-03 23:27:09.895  1520  2612 D SceneMonitor: handleMessage(MSG_PROCESS_STOP)
07-03 23:27:09.895  1520  2612 D SceneMonitor: com.whatsapp[10264] gone
07-03 23:27:09.895  1520  2007 D AlarmManagerService: set alarm to kernel: 89786217000000, type=3
07-03 23:27:09.895  1520  2007 D Hiber/alarmManagerServiceExtImpl: proxyAlarms, alarm=Alarm{7f016d1 type 3 origWhen 89999501 whenElapsed 89999501 com.whatsapp}
07-03 23:27:09.895  1520  2007 D Hiber/alarmManagerServiceExtImpl: proxyAlarms, alarm=Alarm{7c86302 type 3 origWhen 90233897 whenElapsed 90233897 com.whatsapp}
07-03 23:27:09.895  1520  2007 D Hiber/alarmManagerServiceExtImpl: proxyAlarms, alarm=Alarm{ac65108 type 2 origWhen 90328621 whenElapsed 90328621 com.whatsapp}
07-03 23:27:09.895  1520  2007 D Hiber/alarmManagerServiceExtImpl: proxyAlarms, alarm=Alarm{3967f38 type 0 origWhen 1783112404000 whenElapsed 91758958 com.whatsapp}
07-03 23:27:09.895  1520  2007 D Hiber/alarmManagerServiceExtImpl: proxyAlarms, alarm=Alarm{62b42ff type 0 origWhen 1783112406000 whenElapsed 91760958 com.whatsapp}
07-03 23:27:09.895  1520  2007 D Hiber/alarmManagerServiceExtImpl: proxyAlarms, alarm=Alarm{7df066e type 0 origWhen 1783112407000 whenElapsed 91761959 com.whatsapp}
07-03 23:27:09.895  1520  2007 D Hiber/alarmManagerServiceExtImpl: proxyAlarms, alarm=Alarm{2e2fbce type 0 origWhen 1783112422000 whenElapsed 91776958 com.whatsapp}
07-03 23:27:09.895  1520  2007 D Hiber/alarmManagerServiceExtImpl: proxyAlarms, alarm=Alarm{2f97cb6 type 0 origWhen 1783112427000 whenElapsed 91781958 com.whatsapp}
07-03 23:27:09.896  1520  2007 D Hiber/alarmManagerServiceExtImpl: proxyAlarms, alarm=Alarm{f0f68cc type 0 origWhen 1783119601000 whenElapsed 98955958 com.whatsapp}
07-03 23:27:09.896  1520  2007 D Hiber/alarmManagerServiceExtImpl: proxyAlarms, alarm=Alarm{f276b11 type 0 origWhen 1783119602000 whenElapsed 98956958 com.whatsapp}
07-03 23:27:09.896  1520  2007 D Hiber/alarmManagerServiceExtImpl: proxyAlarms, alarm=Alarm{5cfe59c type 0 origWhen 1783119606000 whenElapsed 98960958 com.whatsapp}
07-03 23:27:09.896  1520  2007 D Hiber/alarmManagerServiceExtImpl: proxyAlarms, alarm=Alarm{2fdbdb7 type 0 origWhen 1783119614000 whenElapsed 98968959 com.whatsapp}
07-03 23:27:09.896  1520  2007 D Hiber/alarmManagerServiceExtImpl: proxyAlarms, alarm=Alarm{2b22aef type 0 origWhen 1783119627000 whenElapsed 98981958 com.whatsapp}
07-03 23:27:09.896  1520  2007 D Hiber/alarmManagerServiceExtImpl: proxyAlarms, alarm=Alarm{545f715 type 3 origWhen 128669548 whenElapsed 128669548 com.whatsapp}
07-03 23:27:09.896  1520  2007 D Hiber/alarmManagerServiceExtImpl: proxyAlarms, alarm=Alarm{2cb49fc type 3 origWhen 129311387 whenElapsed 129311387 com.whatsapp}
07-03 23:27:09.896  1520  2007 D Hiber/alarmManagerServiceExtImpl: proxyAlarms, alarm=Alarm{861b924 type 3 origWhen 130474465 whenElapsed 130474465 com.whatsapp}
07-03 23:27:09.896  1520  2007 D Hiber/alarmManagerServiceExtImpl: proxyAlarms, alarm=Alarm{68df476 type 3 origWhen 131568460 whenElapsed 131568460 com.whatsapp}
07-03 23:27:09.896  1520  2007 D Hiber/alarmManagerServiceExtImpl: proxyAlarms, alarm=Alarm{4227ba5 type 3 origWhen 132446432 whenElapsed 132446432 com.whatsapp}
07-03 23:27:09.896  1520  2007 D Hiber/alarmManagerServiceExtImpl: proxyAlarms, alarm=Alarm{af91b7a type 2 origWhen 144885660 whenElapsed 144885660 com.whatsapp}
07-03 23:27:09.896  1520  2007 D Hiber/alarmManagerServiceExtImpl: proxyAlarms, alarm=Alarm{4313a77 type 2 origWhen 144885679 whenElapsed 144885679 com.whatsapp}
07-03 23:27:09.896  1520  2007 D Hiber/alarmManagerServiceExtImpl: proxyAlarms, alarm=Alarm{6017885 type 2 origWhen 144885696 whenElapsed 144885696 com.whatsapp}
07-03 23:27:09.896  1520  2007 D Hiber/alarmManagerServiceExtImpl: proxyAlarms, alarm=Alarm{f50ca2a type 2 origWhen 144885705 whenElapsed 144885705 com.whatsapp}
07-03 23:27:09.896  1520  2007 D Hiber/alarmManagerServiceExtImpl: proxyAlarms, alarm=Alarm{ddcfc8d type 2 origWhen 144886075 whenElapsed 144886075 com.whatsapp}
07-03 23:27:09.896  1520  2007 D Hiber/alarmManagerServiceExtImpl: proxyAlarms, alarm=Alarm{ccc0f2b type 2 origWhen 214531176 whenElapsed 214531176 com.whatsapp}
07-03 23:27:09.896  1520  2007 D Hiber/alarmManagerServiceExtImpl: proxyAlarms, alarm=Alarm{7d056e4 type 2 origWhen 214531195 whenElapsed 214531195 com.whatsapp}
07-03 23:27:09.896  1520  2007 D Hiber/alarmManagerServiceExtImpl: proxyAlarms, alarm=Alarm{d3706da type 2 origWhen 214531212 whenElapsed 214531212 com.whatsapp}
07-03 23:27:09.896  1520  2007 D Hiber/alarmManagerServiceExtImpl: proxyAlarms, alarm=Alarm{97b101b type 2 origWhen 214531221 whenElapsed 214531221 com.whatsapp}
07-03 23:27:09.896  1520  2007 D Hiber/alarmManagerServiceExtImpl: proxyAlarms, alarm=Alarm{e18ae42 type 2 origWhen 214531591 whenElapsed 214531591 com.whatsapp}
07-03 23:27:09.896  1520  2007 D Hiber/alarmManagerServiceExtImpl: proxyAlarms, alarm=Alarm{5c3bf88 type 2 origWhen 1655932763 whenElapsed 1655932763 com.whatsapp}
07-03 23:27:09.896  1520  2007 D Hiber/alarmManagerServiceExtImpl: proxyAlarms, alarm=Alarm{686a74d type 2 origWhen 1655932784 whenElapsed 1655932784 com.whatsapp}
07-03 23:27:09.896  1520  2007 D Hiber/alarmManagerServiceExtImpl: proxyAlarms, alarm=Alarm{b20870b type 2 origWhen 1655932799 whenElapsed 1655932799 com.whatsapp}
07-03 23:27:09.897  1520  2007 D Hiber/alarmManagerServiceExtImpl: proxyAlarms, alarm=Alarm{83045b8 type 2 origWhen 1655932809 whenElapsed 1655932809 com.whatsapp}
07-03 23:27:09.897  1520  2007 D Hiber/alarmManagerServiceExtImpl: proxyAlarms, alarm=Alarm{ea67e53 type 2 origWhen 1655933179 whenElapsed 1655933179 com.whatsapp}
07-03 23:27:09.897  1520  2007 D Hiber/alarmManagerServiceExtImpl: proxyAlarms leave, uid=10264, packageName=com.whatsapp
07-03 23:27:09.926 15601 15601 W ileged_process0: Failed to find entry 'classes.dex': Entry not found
07-03 23:27:09.928 15601 15601 D nativeloader: Configuring clns-7 for other apk /data/app/~~STc24g5lvhZB7kBw_wbULw==/com.google.android.trichromelibrary_782711433-P4oTGPWmSKJVD6O_o7M-3w==/base.apk. target_sdk_version=36, uses_libraries=ALL, library_path=/data/app/~~SyjW0n9uCWdRStUApQXhBw==/com.android.chrome-BGZ6qIffaz-uoIzqYYvIvQ==/lib/arm64:/data/app/~~SyjW0n9uCWdRStUApQXhBw==/com.android.chrome-BGZ6qIffaz-uoIzqYYvIvQ==/base.apk!/lib/arm64-v8a:/data/app/~~STc24g5lvhZB7kBw_wbULw==/com.google.android.trichromelibrary_782711433-P4oTGPWmSKJVD6O_o7M-3w==/base.apk!/lib/arm64-v8a, permitted_path=/data:/mnt/expand:/data/user/0/com.android.chrome
07-03 23:27:09.951  1520  1603 D tranpm/BehaviorManager: onMemPressureChange : level 0
07-03 23:27:09.962 15601 15601 D nativeloader: Configuring clns-8 for other apk /data/app/~~SyjW0n9uCWdRStUApQXhBw==/com.android.chrome-BGZ6qIffaz-uoIzqYYvIvQ==/base.apk. target_sdk_version=36, uses_libraries=, library_path=/data/app/~~SyjW0n9uCWdRStUApQXhBw==/com.android.chrome-BGZ6qIffaz-uoIzqYYvIvQ==/lib/arm64:/data/app/~~SyjW0n9uCWdRStUApQXhBw==/com.android.chrome-BGZ6qIffaz-uoIzqYYvIvQ==/base.apk!/lib/arm64-v8a:/data/app/~~STc24g5lvhZB7kBw_wbULw==/com.google.android.trichromelibrary_782711433-P4oTGPWmSKJVD6O_o7M-3w==/base.apk!/lib/arm64-v8a, permitted_path=/data:/mnt/expand:/data/user/0/com.android.chrome
07-03 23:27:09.984 15601 15601 V GraphicsEnvironment: Currently set values for:
07-03 23:27:09.984 15601 15601 V GraphicsEnvironment:   angle_gl_driver_selection_pkgs=[]
07-03 23:27:09.984 15601 15601 V GraphicsEnvironment:   angle_gl_driver_selection_values=[]
07-03 23:27:09.984 15601 15601 V GraphicsEnvironment: Global.Settings values are invalid: number of packages: 0, number of values: 0
07-03 23:27:09.984 15601 15601 V GraphicsEnvironment: Neither updatable production driver nor prerelease driver is supported.
07-03 23:27:09.987 15601 15601 I LoadedApk: No resource references to update in package com.transsion.theme.icon
07-03 23:27:09.987 15601 15601 I LoadedApk: No resource references to update in package com.google.android.trichromelibrary
07-03 23:27:09.993  1062  1062 I EnhanceAIDL: enhance could not find the type in device map
07-03 23:27:10.002 15601 15601 I cr_SplitCompatApp: version=149.0.7827.114 (782711433) minSdkVersion=29 processName=com.android.chrome:privileged_process0 isIsolatedProcess=false splits=chrome,config.ar,dev_ui,on_demand,stack_unwinder
07-03 23:27:10.011 21096 21101 I adbd    : opening control endpoint /dev/usb-ffs/adb/ep0
07-03 23:27:10.013 21096 21101 I adbd    : UsbFfsConnection constructed
07-03 23:27:10.014 21096 15615 I adbd    : UsbFfs-monitor thread spawned
07-03 23:27:10.016 15601 15601 D os.SingleLiceFactory: using android.app.IActivityThreadLice$DefaultImpl@f716213 instead of com.transsion.activityembedding.ActivityEmbeddingLiceFactory  from android.app.IActivityThreadLice
07-03 23:27:10.045  2039  2255 D TranSignalStrengthComponentImpl: [LTE] dbm: -111
07-03 23:27:10.046  2039  2255 D TranSignalStrengthComponentImpl: [LTE] dbm: -111
07-03 23:27:10.046  2013  2968 I TranPhoneInterfaceManager: MPSTCB - onSignalStrengthsChanged
07-03 23:27:10.046  2013  2968 D TranPhoneInterfaceManager: [onSignalStrengthsChanged]
07-03 23:27:10.046  1520  1605 D TranSignalStrengthComponentImpl: [LTE] dbm: -111
07-03 23:27:10.046  2013  2968 D TranSmartAllocController: mDefaultDataSubId = 2  subId = 2
07-03 23:27:10.046  2013  2968 D TranSmartAllocController: mSupport = true  mBwAllocEnable = false mSimReady =true  mScreenOn =true
07-03 23:27:10.046  1520  1605 D TranSignalStrengthComponentImpl: [LTE] dbm: -111
07-03 23:27:10.046  2013  2968 D TranSmartAllocController: mDataAvailable = false  mInService = true  cellSignalStrengthList = [CellSignalStrengthLte: rssi=-51 rsrp=-111 rsrq=-26 rssnr=0 cqiTableIndex=2147483647 cqi=2147483647 ta=2147483647 level=2 parametersUseForLevel=0]
07-03 23:27:10.047  1520  4439 D ActivityManager: Skip enqueue broadcast because no receiver with Intent { act=android.intent.action.SIG_STR flg=0x10 (has extras) }
07-03 23:27:10.047  2013  2013 D TranSignalStrengthComponentImpl: [LTE] dbm: -111
07-03 23:27:10.048  2039  2039 D TranSignalStrengthComponentImpl: [LTE] dbm: -111
07-03 23:27:10.048  2013  2013 D TranSignalStrengthComponentImpl: [LTE] dbm: -108
07-03 23:27:10.048  2013  2013 D TranSignalStrengthComponentImpl: [LTE] dbm: -111
07-03 23:27:10.048  2013  2013 D TranSignalStrengthComponentImpl: [LTE] dbm: -111
07-03 23:27:10.048  2013  2013 D TranSignalStrengthComponentImpl: [LTE] dbm: -111
07-03 23:27:10.049  2013  2013 D AftersaleLogController: updateSignalDurationStartTime signalStrength: {=5237, t5=1030, t6=176808, t7=8914, t8=3095, t9=928, t20=989, t12=28537, t23=7645456, t11=87, t25=16615597, t14=3536200, t24=6819935, t13=1137557, t16=13610952, t26=58047444, t15=2449863, t18=43763008, t17=12383593, t19=4912932} ,4G rsrp: -111
07-03 23:27:10.049  2013  2588 D TranPhoneSwitcher: getNetworkType: 4G
07-03 23:27:10.049  2013  2588 I TranPhoneSwitcher: mDefaultsign:2subid :2
07-03 23:27:10.059  1520  1603 D tranpm/BehaviorManager: onMemPressureChange : level 1
07-03 23:27:10.128 11255 11255 E chromium: [ERROR:content/browser/gpu/gpu_process_host.cc:1005] GPU process exited unexpectedly: exit_code=0
07-03 23:27:10.130 11255 11255 W chromium: [WARNING:content/browser/gpu/gpu_process_host.cc:1447] The GPU process has crashed 1 time(s)
07-03 23:27:10.365  1520  1792 D WifiStaIfaceHidlImpl: getCachedScanData is not implemented by HIDL
07-03 23:27:10.574  1520  1681 W SensorService: Dropping 1 cached events (100/100) to save 1/1 new events. 210 events previously dropped
07-03 23:27:10.748  1520  2772 I Hiber/hiber: begin socketDestroy, mUid: 10197
07-03 23:27:10.754  1520  2772 D TranNetworkManagementServiceMultiLinkImpl: linkTurb destorySocketByUid  uid :10197
07-03 23:27:10.754  1520  2772 I Hiber/hiber: clearDnsCache again!!!
07-03 23:27:10.778  1520  2009 I Hiber/nativeServiceClient: check binder uid=10169
07-03 23:27:10.784  1520  2006 I Hiber/appStateMachine: uid=10169, pkg=com.transsion.phonemaster, transition from Frozen to Running, reason=transBinder
07-03 23:27:10.784  1520  2008 I Hiber/stateManager: unfreeze uid: 10169 com.transsion.phonemaster pids:[13217, 13217]  reason:transBinder   cpninfo:TRANSACTION_1 costTime=3ms ,last freeze 1s ago
07-03 23:27:10.784  1520  2006 I Hiber/appStateMachine: uid:10169 exit FrozenState
07-03 23:27:10.784  1520  2007 I Hiber/proxyManager: up_service: 10169
07-03 23:27:10.785  1520  2772 D Hiber/proxyWakeLock: remove uid: 10169 wiht all pids from wakelockUidInfo list
07-03 23:27:10.785  1520  2007 D AlarmManagerService: set alarm to kernel: 89834958000000, type=2
07-03 23:27:10.785  1520  2007 D AlarmManagerService: set alarm to kernel: 89786217000000, type=3
07-03 23:27:10.785  1520  2007 D Hiber/alarmManagerServiceExtImpl: unproxyAlarms, alarm=Alarm{143c561 type 1 origWhen 1783117675716 whenElapsed 97035675 com.transsion.phonemaster}
07-03 23:27:10.785  1520  2007 D Hiber/alarmManagerServiceExtImpl: unproxyAlarms, alarm=Alarm{a04c886 type 1 origWhen 1783193335718 whenElapsed 172690676 com.transsion.phonemaster}
07-03 23:27:10.785  1520  2007 D Hiber/alarmManagerServiceExtImpl: unproxyAlarms leave, uid=10169, packageName=null
07-03 23:27:10.890  1520  2009 I Hiber/nativeServiceClient: check binder uid=10264
07-03 23:27:10.893  1520  2006 I Hiber/importantScene: isTrafficActive uid:10267 speed :0
07-03 23:27:10.893  1520  2006 I Hiber/appStateMachine: uid:10267 enter FrozenState
07-03 23:27:10.894  1520  2006 I Hiber/stateManager: freeze uid: 10267 com.instagram.lite costTime=1ms ,last unfreeze 5s ago
07-03 23:27:10.895  1520  2006 I Hiber/restrictionPolicy: uid:10267  pkgName:com.instagram.lite isAllowedNet
07-03 23:27:10.895  1520  2007 I Hiber/hiber: msg for start proxy frozen state
07-03 23:27:10.895  1520  2007 D ActivityManager: Hiber try idle uid[10267] by hiber ,bgTime>0 ? true,isIdled before ? true ,isCurAllowListed ? false ,isProcStateBackground?true
07-03 23:27:10.895  1520  2007 D ActivityManager: Hiber try idle uid[10267] by hiber
07-03 23:27:10.895  1520  2007 I Hiber/proxyManager: p_service: 10267
07-03 23:27:10.895  1520  2007 I Hiber/hiber: proxy alarm (uid=١٠٢٦٧, pkgName=com.instagram.lite)
07-03 23:27:10.895  1520  2007 I Hiber/proxyManager: p_alarm: uid=10267, pkgName=com.instagram.lite
07-03 23:27:10.895  1520  2772 D ActivityManager: Hiber/checkExecutingCmp=receiver
07-03 23:27:10.896  1520  2009 I Hiber/nativeServiceClient: watch app network uid=10267, persistent=0
07-03 23:27:10.896  1520  1559 D SceneMonitor: onUidIdle: Uid: 10267 name: com.instagram.lite
07-03 23:27:10.896  1520  2612 D SceneMonitor: handleMessage(MSG_PROCESS_STOP)
07-03 23:27:10.896  1520  2772 I Hiber/stateManager: unfreeze uid: 10267 com.instagram.lite pids:[13364, 13364]  reason:executingComponent   cpninfo: costTime=1ms ,last freeze 0s ago
07-03 23:27:10.896  1520  2612 D SceneMonitor: com.instagram.lite[10267] gone
07-03 23:27:10.896  1520  2006 I Hiber/appStateMachine: uid=10267, pkg=com.instagram.lite, transition from Frozen to Running, reason=executingComponent
07-03 23:27:10.897  1520  2006 I Hiber/appStateMachine: uid:10267 exit FrozenState
07-03 23:27:10.897  1520  2007 D AlarmManagerService: set alarm to kernel: 89834958000000, type=2
07-03 23:27:10.897  1520  2007 D AlarmManagerService: set alarm to kernel: 89786217000000, type=3
07-03 23:27:10.897  1520  2007 D Hiber/alarmManagerServiceExtImpl: proxyAlarms, alarm=Alarm{58d6da3 type 2 origWhen 90383668 whenElapsed 90383668 com.instagram.lite}
07-03 23:27:10.897  1520  2007 D Hiber/alarmManagerServiceExtImpl: proxyAlarms, alarm=Alarm{3b188a0 type 2 origWhen 90383675 whenElapsed 90383675 com.instagram.lite}
07-03 23:27:10.897  1520  2007 D Hiber/alarmManagerServiceExtImpl: proxyAlarms, alarm=Alarm{5f81c59 type 2 origWhen 101123697 whenElapsed 101128698 com.instagram.lite}
07-03 23:27:10.897  1520  2007 D Hiber/alarmManagerServiceExtImpl: proxyAlarms, alarm=Alarm{5d75153 type 1 origWhen 1783144876937 whenElapsed 124231895 com.instagram.lite}
07-03 23:27:10.897  1520  2007 D Hiber/alarmManagerServiceExtImpl: proxyAlarms, alarm=Alarm{91d601e type 2 origWhen 129923682 whenElapsed 129923682 com.instagram.lite}
07-03 23:27:10.897  1520  2007 D Hiber/alarmManagerServiceExtImpl: proxyAlarms, alarm=Alarm{9ff40ff type 2 origWhen 173123690 whenElapsed 173128690 com.instagram.lite}
07-03 23:27:10.897  1520  2007 D Hiber/alarmManagerServiceExtImpl: proxyAlarms leave, uid=10267, packageName=com.instagram.lite
07-03 23:27:10.897  1520  2007 I Hiber/proxyManager: up_service: 10267
07-03 23:27:10.898  1520  2007 D AlarmManagerService: set alarm to kernel: 89834958000000, type=2
07-03 23:27:10.898  1520  2007 D AlarmManagerService: set alarm to kernel: 89786217000000, type=3
07-03 23:27:10.898  1520  2007 D Hiber/alarmManagerServiceExtImpl: unproxyAlarms, alarm=Alarm{58d6da3 type 2 origWhen 90383668 whenElapsed 90383668 com.instagram.lite}
07-03 23:27:10.898  1520  2007 D Hiber/alarmManagerServiceExtImpl: unproxyAlarms, alarm=Alarm{3b188a0 type 2 origWhen 90383675 whenElapsed 90383675 com.instagram.lite}
07-03 23:27:10.898  1520  2007 D Hiber/alarmManagerServiceExtImpl: unproxyAlarms, alarm=Alarm{5f81c59 type 2 origWhen 101123697 whenElapsed 101128698 com.instagram.lite}
07-03 23:27:10.898  1520  2007 D Hiber/alarmManagerServiceExtImpl: unproxyAlarms, alarm=Alarm{5d75153 type 1 origWhen 1783144876937 whenElapsed 124231895 com.instagram.lite}
07-03 23:27:10.898  1520  2007 D Hiber/alarmManagerServiceExtImpl: unproxyAlarms, alarm=Alarm{91d601e type 2 origWhen 129923682 whenElapsed 129923682 com.instagram.lite}
07-03 23:27:10.898  1520  2007 D Hiber/alarmManagerServiceExtImpl: unproxyAlarms, alarm=Alarm{9ff40ff type 2 origWhen 173123690 whenElapsed 173128690 com.instagram.lite}
07-03 23:27:10.898  1520  2007 D Hiber/alarmManagerServiceExtImpl: unproxyAlarms leave, uid=10267, packageName=null
07-03 23:27:11.015 21096 15615 W adbd    : timed out while waiting for FUNCTIONFS_BIND, trying again
07-03 23:27:11.015 21096 15615 I adbd    : UsbFfs: connection terminated: monitor thread finished
07-03 23:27:11.015 21096 21096 I adbd    : UsbFfs: already offline
07-03 23:27:11.015 21096 21096 I adbd    : destroying transport UsbFfs
07-03 23:27:11.015 21096 21096 I adbd    : UsbFfsConnection being destroyed
07-03 23:27:11.035  1520  1603 D tranpm/BehaviorManager: onMemPressureChange : level 2
07-03 23:27:11.080 21096 21101 I adbd    : opening control endpoint /dev/usb-ffs/adb/ep0
07-03 23:27:11.081 21096 21101 I adbd    : UsbFfsConnection constructed
07-03 23:27:11.082 21096 15617 I adbd    : UsbFfs-monitor thread spawned
07-03 23:27:11.147  1520  1603 D tranpm/BehaviorManager: onMemPressureChange : level 1
07-03 23:27:11.194  1062  1062 I EnhanceAIDL: enhance could not find the type in device map
07-03 23:27:11.260  1520  1701 D AlarmManager: waitForAlarm result:8currentTime=1783110431259, elapsedRealtime=89786218
