07-03 23:19:27.310   443  9300 I keystore2: system/security/keystore2/src/security_level.rs:353 - unwrap_key_if_required end
07-03 23:19:27.310   443  9300 I keystore2: system/security/keystore2/src/security_level.rs:354 - upgrade_keyblob_if_required_with start
07-03 23:19:27.315   443  9300 I keystore2: system/security/keystore2/src/security_level.rs:395 - upgrade_keyblob_if_required_with end
07-03 23:19:27.315   443  9300 I keystore2: system/security/keystore2/src/enforcements.rs:249 - finalize_create_authorization self.state=NoAuthRequired
07-03 23:19:27.315   443  9300 I keystore2: system/security/keystore2/src/security_level.rs:401 - operation_db.create_operation start
07-03 23:19:27.315   443  9300 I keystore2: system/security/keystore2/src/security_level.rs:419 - operation_db.create_operation end
07-03 23:19:27.367   443  9300 E keystore2: system/security/keystore2/src/error.rs:171 - system/security/keystore2/src/operation.rs:847: KeystoreOperation::finish
07-03 23:19:27.367   443  9300 E keystore2: 
07-03 23:19:27.367   443  9300 E keystore2: Caused by:
07-03 23:19:27.367   443  9300 E keystore2:     0: system/security/keystore2/src/operation.rs:428: Finish failed.
07-03 23:19:27.367   443  9300 E keystore2:     1: Error::Km(r#UNKNOWN_ERROR)
07-03 23:19:27.386  9929 10007 W ContextImpl: Calling a method in the system process without a qualified user: android.app.ContextImpl.bindService:2159 android.content.ContextWrapper.bindService:863 x5.e.a:8 com.transsion.sdk.oneid.data.UniqueIdInfo.<init>:61 com.transsion.sdk.oneid.data.GroupFpInfo.<init>:23 
07-03 23:19:27.567  9929 10007 W PowerProfile: screen.on is deprecated! Use screen.on.display0 instead.
07-03 23:19:27.567  9929 10007 W PowerProfile: screen.full is deprecated! Use screen.full.display0 instead.
07-03 23:19:27.567  9929 10007 W ModemPowerProfile: getAverageBatteryDrainMaH called with unexpected key: 0x0, drain:SLEEP,RAT:DEFAULT
07-03 23:19:27.568  9929 10007 W ModemPowerProfile: getAverageBatteryDrainMaH called with unexpected key: 0x10000000, drain:IDLE,RAT:DEFAULT
07-03 23:19:27.568  9929 10007 W ModemPowerProfile: getAverageBatteryDrainMaH called with unexpected key: 0x20000000, drain:RX,RAT:DEFAULT
07-03 23:19:27.568  9929 10007 W ModemPowerProfile: getAverageBatteryDrainMaH called with unexpected key: 0x30000000, drain:TX,level:0,RAT:DEFAULT
07-03 23:19:27.568  9929 10007 W ModemPowerProfile: getAverageBatteryDrainMaH called with unexpected key: 0x31000000, drain:TX,level:1,RAT:DEFAULT
07-03 23:19:27.568  9929 10007 W ModemPowerProfile: getAverageBatteryDrainMaH called with unexpected key: 0x32000000, drain:TX,level:2,RAT:DEFAULT
07-03 23:19:27.568  9929 10007 W ModemPowerProfile: getAverageBatteryDrainMaH called with unexpected key: 0x33000000, drain:TX,level:3,RAT:DEFAULT
07-03 23:19:27.568  9929 10007 W ModemPowerProfile: getAverageBatteryDrainMaH called with unexpected key: 0x34000000, drain:TX,level:4,RAT:DEFAULT
07-03 23:19:27.639   443  9300 I keystore2: system/security/keystore2/src/security_level.rs:234 - create_operation start
07-03 23:19:27.639   443  9300 I keystore2: system/security/keystore2/src/security_level.rs:236 - caller_pid=9626
07-03 23:19:27.639   443  9300 I keystore2: system/security/keystore2/src/security_level.rs:237 - caller_uid=10169
07-03 23:19:27.639   443  9300 I keystore2: system/security/keystore2/src/security_level.rs:238 - forced=false
07-03 23:19:27.640   443  9300 I keystore2: system/security/keystore2/src/security_level.rs:239 - key.domain=r#KEY_ID
07-03 23:19:27.640   443  9300 I keystore2: system/security/keystore2/src/security_level.rs:240 - key.alias=None
07-03 23:19:27.640   443  9300 I keystore2: system/security/keystore2/src/security_level.rs:276 - with_try_import start
07-03 23:19:27.642   443  9300 I keystore2: system/security/keystore2/src/security_level.rs:298 - with_try_import end
07-03 23:19:27.642   443  9300 I keystore2: system/security/keystore2/src/security_level.rs:332 - authorize_create start
07-03 23:19:27.642   443  9300 I keystore2: system/security/keystore2/src/security_level.rs:343 - authorize_create end
07-03 23:19:27.642   443  9300 I keystore2: system/security/keystore2/src/security_level.rs:344 - unwrap_key_if_required start
07-03 23:19:27.642   443  9300 I keystore2: system/security/keystore2/src/security_level.rs:353 - unwrap_key_if_required end
07-03 23:19:27.642   443  9300 I keystore2: system/security/keystore2/src/security_level.rs:354 - upgrade_keyblob_if_required_with start
07-03 23:19:27.648   443  9300 I keystore2: system/security/keystore2/src/security_level.rs:395 - upgrade_keyblob_if_required_with end
07-03 23:19:27.648   443  9300 I keystore2: system/security/keystore2/src/enforcements.rs:249 - finalize_create_authorization self.state=NoAuthRequired
07-03 23:19:27.648   443  9300 I keystore2: system/security/keystore2/src/security_level.rs:401 - operation_db.create_operation start
07-03 23:19:27.648   443  9300 I keystore2: system/security/keystore2/src/security_level.rs:419 - operation_db.create_operation end
07-03 23:19:27.701  1520  2006 I Hiber/importantScene: isTrafficActive uid:10264 speed :0
07-03 23:19:27.701  1520  2006 I Hiber/appStateMachine: uid:10264 enter FrozenState
07-03 23:19:27.725  1520  2006 I Hiber/stateManager: freeze uid: 10264 com.whatsapp costTime=24ms ,last unfreeze 10s ago
07-03 23:19:27.725  1520  2006 I Hiber/restrictionPolicy: uid:10264  pkgName:com.whatsapp isAllowedNet
07-03 23:19:27.727  1520  2009 I Hiber/nativeServiceClient: watch app network uid=10264, persistent=0
07-03 23:19:27.728  1520  2007 I Hiber/hiber: msg for start proxy frozen state
07-03 23:19:27.732  1520  2007 D ActivityManager: Hiber try idle uid[10264] by hiber ,bgTime>0 ? true,isIdled before ? true ,isCurAllowListed ? false ,isProcStateBackground?true
07-03 23:19:27.732  1520  2007 D ActivityManager: Hiber try idle uid[10264] by hiber
07-03 23:19:27.732  1520  2007 I Hiber/proxyManager: p_service: 10264
07-03 23:19:27.732  1520  2007 I Hiber/hiber: proxy alarm (uid=١٠٢٦٤, pkgName=com.whatsapp)
07-03 23:19:27.732  1520  2007 I Hiber/proxyManager: p_alarm: uid=10264, pkgName=com.whatsapp
07-03 23:19:27.732  1520  2007 D Hiber/alarmManagerServiceExtImpl: proxyAlarms, alarm=Alarm{19a2fe7 type 3 origWhen 89511717 whenElapsed 89511717 com.whatsapp}
07-03 23:19:27.732  1520  2007 D Hiber/alarmManagerServiceExtImpl: proxyAlarms, alarm=Alarm{bda29e9 type 2 origWhen 89845288 whenElapsed 89845288 com.whatsapp}
07-03 23:19:27.733  1520  2007 D Hiber/alarmManagerServiceExtImpl: proxyAlarms, alarm=Alarm{7c86302 type 3 origWhen 90233897 whenElapsed 90233897 com.whatsapp}
07-03 23:19:27.733  1520  2007 D Hiber/alarmManagerServiceExtImpl: proxyAlarms, alarm=Alarm{3967f38 type 0 origWhen 1783112404000 whenElapsed 91758958 com.whatsapp}
07-03 23:19:27.733  1520  2007 D Hiber/alarmManagerServiceExtImpl: proxyAlarms, alarm=Alarm{62b42ff type 0 origWhen 1783112406000 whenElapsed 91760958 com.whatsapp}
07-03 23:19:27.733  1520  2007 D Hiber/alarmManagerServiceExtImpl: proxyAlarms, alarm=Alarm{7df066e type 0 origWhen 1783112407000 whenElapsed 91761959 com.whatsapp}
07-03 23:19:27.733  1520  2007 D Hiber/alarmManagerServiceExtImpl: proxyAlarms, alarm=Alarm{2e2fbce type 0 origWhen 1783112422000 whenElapsed 91776958 com.whatsapp}
07-03 23:19:27.733  1520  2007 D Hiber/alarmManagerServiceExtImpl: proxyAlarms, alarm=Alarm{2f97cb6 type 0 origWhen 1783112427000 whenElapsed 91781958 com.whatsapp}
07-03 23:19:27.733  1520  2007 D Hiber/alarmManagerServiceExtImpl: proxyAlarms, alarm=Alarm{f0f68cc type 0 origWhen 1783119601000 whenElapsed 98955958 com.whatsapp}
07-03 23:19:27.733  1520  2007 D Hiber/alarmManagerServiceExtImpl: proxyAlarms, alarm=Alarm{f276b11 type 0 origWhen 1783119602000 whenElapsed 98956958 com.whatsapp}
07-03 23:19:27.733  1520  2007 D Hiber/alarmManagerServiceExtImpl: proxyAlarms, alarm=Alarm{5cfe59c type 0 origWhen 1783119606000 whenElapsed 98960958 com.whatsapp}
07-03 23:19:27.733  1520  2007 D Hiber/alarmManagerServiceExtImpl: proxyAlarms, alarm=Alarm{2fdbdb7 type 0 origWhen 1783119614000 whenElapsed 98968959 com.whatsapp}
07-03 23:19:27.733  1520  2007 D Hiber/alarmManagerServiceExtImpl: proxyAlarms, alarm=Alarm{2b22aef type 0 origWhen 1783119627000 whenElapsed 98981958 com.whatsapp}
07-03 23:19:27.733  1520  2007 D Hiber/alarmManagerServiceExtImpl: proxyAlarms, alarm=Alarm{545f715 type 3 origWhen 128669548 whenElapsed 128669548 com.whatsapp}
07-03 23:19:27.733  1520  2007 D Hiber/alarmManagerServiceExtImpl: proxyAlarms, alarm=Alarm{2cb49fc type 3 origWhen 129311387 whenElapsed 129311387 com.whatsapp}
07-03 23:19:27.733  1520  2007 D Hiber/alarmManagerServiceExtImpl: proxyAlarms, alarm=Alarm{861b924 type 3 origWhen 130474465 whenElapsed 130474465 com.whatsapp}
07-03 23:19:27.733  1520  2007 D Hiber/alarmManagerServiceExtImpl: proxyAlarms, alarm=Alarm{68df476 type 3 origWhen 131568460 whenElapsed 131568460 com.whatsapp}
07-03 23:19:27.733  1520  2007 D Hiber/alarmManagerServiceExtImpl: proxyAlarms, alarm=Alarm{4227ba5 type 3 origWhen 132446432 whenElapsed 132446432 com.whatsapp}
07-03 23:19:27.733  1520  2007 D Hiber/alarmManagerServiceExtImpl: proxyAlarms, alarm=Alarm{af91b7a type 2 origWhen 144885660 whenElapsed 144885660 com.whatsapp}
07-03 23:19:27.733  1520  2007 D Hiber/alarmManagerServiceExtImpl: proxyAlarms, alarm=Alarm{4313a77 type 2 origWhen 144885679 whenElapsed 144885679 com.whatsapp}
07-03 23:19:27.733  1520  2007 D Hiber/alarmManagerServiceExtImpl: proxyAlarms, alarm=Alarm{6017885 type 2 origWhen 144885696 whenElapsed 144885696 com.whatsapp}
07-03 23:19:27.733  1520  2007 D Hiber/alarmManagerServiceExtImpl: proxyAlarms, alarm=Alarm{f50ca2a type 2 origWhen 144885705 whenElapsed 144885705 com.whatsapp}
07-03 23:19:27.733  1520  2007 D Hiber/alarmManagerServiceExtImpl: proxyAlarms, alarm=Alarm{ddcfc8d type 2 origWhen 144886075 whenElapsed 144886075 com.whatsapp}
07-03 23:19:27.733  1520  2007 D Hiber/alarmManagerServiceExtImpl: proxyAlarms, alarm=Alarm{ccc0f2b type 2 origWhen 214531176 whenElapsed 214531176 com.whatsapp}
07-03 23:19:27.733  1520  2007 D Hiber/alarmManagerServiceExtImpl: proxyAlarms, alarm=Alarm{7d056e4 type 2 origWhen 214531195 whenElapsed 214531195 com.whatsapp}
07-03 23:19:27.733  1520  2007 D Hiber/alarmManagerServiceExtImpl: proxyAlarms, alarm=Alarm{d3706da type 2 origWhen 214531212 whenElapsed 214531212 com.whatsapp}
07-03 23:19:27.733  1520  2007 D Hiber/alarmManagerServiceExtImpl: proxyAlarms, alarm=Alarm{97b101b type 2 origWhen 214531221 whenElapsed 214531221 com.whatsapp}
07-03 23:19:27.733  1520  2007 D Hiber/alarmManagerServiceExtImpl: proxyAlarms, alarm=Alarm{e18ae42 type 2 origWhen 214531591 whenElapsed 214531591 com.whatsapp}
07-03 23:19:27.733  1520  2007 D Hiber/alarmManagerServiceExtImpl: proxyAlarms, alarm=Alarm{5c3bf88 type 2 origWhen 1655932763 whenElapsed 1655932763 com.whatsapp}
07-03 23:19:27.733  1520  2007 D Hiber/alarmManagerServiceExtImpl: proxyAlarms, alarm=Alarm{686a74d type 2 origWhen 1655932784 whenElapsed 1655932784 com.whatsapp}
07-03 23:19:27.733  1520  2007 D Hiber/alarmManagerServiceExtImpl: proxyAlarms, alarm=Alarm{b20870b type 2 origWhen 1655932799 whenElapsed 1655932799 com.whatsapp}
07-03 23:19:27.733  1520  2007 D Hiber/alarmManagerServiceExtImpl: proxyAlarms, alarm=Alarm{83045b8 type 2 origWhen 1655932809 whenElapsed 1655932809 com.whatsapp}
07-03 23:19:27.733  1520  2007 D Hiber/alarmManagerServiceExtImpl: proxyAlarms, alarm=Alarm{ea67e53 type 2 origWhen 1655933179 whenElapsed 1655933179 com.whatsapp}
07-03 23:19:27.733  1520  2007 D Hiber/alarmManagerServiceExtImpl: proxyAlarms leave, uid=10264, packageName=com.whatsapp
07-03 23:19:27.737   443  9300 I keystore2: system/security/keystore2/src/security_level.rs:234 - create_operation start
07-03 23:19:27.737   443  9300 I keystore2: system/security/keystore2/src/security_level.rs:236 - caller_pid=9626
07-03 23:19:27.737   443  9300 I keystore2: system/security/keystore2/src/security_level.rs:237 - caller_uid=10169
07-03 23:19:27.737   443  9300 I keystore2: system/security/keystore2/src/security_level.rs:238 - forced=false
07-03 23:19:27.737   443  9300 I keystore2: system/security/keystore2/src/security_level.rs:239 - key.domain=r#KEY_ID
07-03 23:19:27.737   443  9300 I keystore2: system/security/keystore2/src/security_level.rs:240 - key.alias=None
07-03 23:19:27.737   443  9300 I keystore2: system/security/keystore2/src/security_level.rs:276 - with_try_import start
07-03 23:19:27.738   443  9300 I keystore2: system/security/keystore2/src/security_level.rs:298 - with_try_import end
07-03 23:19:27.738   443  9300 I keystore2: system/security/keystore2/src/security_level.rs:332 - authorize_create start
07-03 23:19:27.738   443  9300 I keystore2: system/security/keystore2/src/security_level.rs:343 - authorize_create end
07-03 23:19:27.738   443  9300 I keystore2: system/security/keystore2/src/security_level.rs:344 - unwrap_key_if_required start
07-03 23:19:27.738   443  9300 I keystore2: system/security/keystore2/src/security_level.rs:353 - unwrap_key_if_required end
07-03 23:19:27.738   443  9300 I keystore2: system/security/keystore2/src/security_level.rs:354 - upgrade_keyblob_if_required_with start
07-03 23:19:27.750   443  9300 I keystore2: system/security/keystore2/src/security_level.rs:395 - upgrade_keyblob_if_required_with end
07-03 23:19:27.750   443  9300 I keystore2: system/security/keystore2/src/enforcements.rs:249 - finalize_create_authorization self.state=NoAuthRequired
07-03 23:19:27.750   443  9300 I keystore2: system/security/keystore2/src/security_level.rs:401 - operation_db.create_operation start
07-03 23:19:27.750   443  9300 I keystore2: system/security/keystore2/src/security_level.rs:419 - operation_db.create_operation end
07-03 23:19:27.755  1520  1578 I Griffin/CleanManager: dispatch clean index=12
07-03 23:19:27.755  1520  1578 D aegean_TranRecentTasksProxy: FW_getTasks=4
07-03 23:19:27.925  1520  2008 I Hiber/stateManager: unfreeze uid: 10264 com.whatsapp pids:[8909]  reason:packet   cpninfo:TRANSACTION_-1 costTime=2ms ,last freeze 0s ago
07-03 23:19:27.925  1520  2006 I Hiber/appStateMachine: uid=10264, pkg=com.whatsapp, transition from Frozen to Running, reason=packet
07-03 23:19:27.925  1520  2006 I Hiber/appStateMachine: uid:10264 exit FrozenState
07-03 23:19:27.925  1520  2007 I Hiber/proxyManager: up_service: 10264
07-03 23:19:27.926  1520  2772 D Hiber/proxyWakeLock: remove uid: 10264 wiht all pids from wakelockUidInfo list
07-03 23:19:27.926  1520  2007 D Hiber/alarmManagerServiceExtImpl: unproxyAlarms, alarm=Alarm{19a2fe7 type 3 origWhen 89511717 whenElapsed 89511717 com.whatsapp}
07-03 23:19:27.926  1520  2007 D Hiber/alarmManagerServiceExtImpl: unproxyAlarms, alarm=Alarm{bda29e9 type 2 origWhen 89845288 whenElapsed 89845288 com.whatsapp}
07-03 23:19:27.926  1520  2007 D Hiber/alarmManagerServiceExtImpl: unproxyAlarms, alarm=Alarm{7c86302 type 3 origWhen 90233897 whenElapsed 90233897 com.whatsapp}
07-03 23:19:27.926  1520  2007 D Hiber/alarmManagerServiceExtImpl: unproxyAlarms, alarm=Alarm{3967f38 type 0 origWhen 1783112404000 whenElapsed 91758958 com.whatsapp}
07-03 23:19:27.927  1520  2007 D Hiber/alarmManagerServiceExtImpl: unproxyAlarms, alarm=Alarm{62b42ff type 0 origWhen 1783112406000 whenElapsed 91760958 com.whatsapp}
07-03 23:19:27.927  1520  2007 D Hiber/alarmManagerServiceExtImpl: unproxyAlarms, alarm=Alarm{7df066e type 0 origWhen 1783112407000 whenElapsed 91761959 com.whatsapp}
07-03 23:19:27.927  1520  2007 D Hiber/alarmManagerServiceExtImpl: unproxyAlarms, alarm=Alarm{2e2fbce type 0 origWhen 1783112422000 whenElapsed 91776958 com.whatsapp}
07-03 23:19:27.927  1520  2007 D Hiber/alarmManagerServiceExtImpl: unproxyAlarms, alarm=Alarm{2f97cb6 type 0 origWhen 1783112427000 whenElapsed 91781958 com.whatsapp}
07-03 23:19:27.927  1520  2007 D Hiber/alarmManagerServiceExtImpl: unproxyAlarms, alarm=Alarm{f0f68cc type 0 origWhen 1783119601000 whenElapsed 98955958 com.whatsapp}
07-03 23:19:27.927  1520  2007 D Hiber/alarmManagerServiceExtImpl: unproxyAlarms, alarm=Alarm{f276b11 type 0 origWhen 1783119602000 whenElapsed 98956958 com.whatsapp}
07-03 23:19:27.927  1520  2007 D Hiber/alarmManagerServiceExtImpl: unproxyAlarms, alarm=Alarm{5cfe59c type 0 origWhen 1783119606000 whenElapsed 98960958 com.whatsapp}
07-03 23:19:27.927  1520  2007 D Hiber/alarmManagerServiceExtImpl: unproxyAlarms, alarm=Alarm{2fdbdb7 type 0 origWhen 1783119614000 whenElapsed 98968959 com.whatsapp}
07-03 23:19:27.927  1520  2007 D Hiber/alarmManagerServiceExtImpl: unproxyAlarms, alarm=Alarm{2b22aef type 0 origWhen 1783119627000 whenElapsed 98981958 com.whatsapp}
07-03 23:19:27.927  1520  2007 D Hiber/alarmManagerServiceExtImpl: unproxyAlarms, alarm=Alarm{545f715 type 3 origWhen 128669548 whenElapsed 128669548 com.whatsapp}
07-03 23:19:27.927  1520  2007 D Hiber/alarmManagerServiceExtImpl: unproxyAlarms, alarm=Alarm{2cb49fc type 3 origWhen 129311387 whenElapsed 129311387 com.whatsapp}
07-03 23:19:27.927  1520  2007 D Hiber/alarmManagerServiceExtImpl: unproxyAlarms, alarm=Alarm{861b924 type 3 origWhen 130474465 whenElapsed 130474465 com.whatsapp}
07-03 23:19:27.927  1520  1603 D tranpm/BehaviorManager: onMemPressureChange : level 2
07-03 23:19:27.927  1520  2007 D Hiber/alarmManagerServiceExtImpl: unproxyAlarms, alarm=Alarm{68df476 type 3 origWhen 131568460 whenElapsed 131568460 com.whatsapp}
07-03 23:19:27.927  1520  2007 D Hiber/alarmManagerServiceExtImpl: unproxyAlarms, alarm=Alarm{4227ba5 type 3 origWhen 132446432 whenElapsed 132446432 com.whatsapp}
07-03 23:19:27.927  1520  2007 D Hiber/alarmManagerServiceExtImpl: unproxyAlarms, alarm=Alarm{af91b7a type 2 origWhen 144885660 whenElapsed 144885660 com.whatsapp}
07-03 23:19:27.927  1520  2007 D Hiber/alarmManagerServiceExtImpl: unproxyAlarms, alarm=Alarm{4313a77 type 2 origWhen 144885679 whenElapsed 144885679 com.whatsapp}
07-03 23:19:27.927  1520  2007 D Hiber/alarmManagerServiceExtImpl: unproxyAlarms, alarm=Alarm{6017885 type 2 origWhen 144885696 whenElapsed 144885696 com.whatsapp}
07-03 23:19:27.927  1520  2007 D Hiber/alarmManagerServiceExtImpl: unproxyAlarms, alarm=Alarm{f50ca2a type 2 origWhen 144885705 whenElapsed 144885705 com.whatsapp}
07-03 23:19:27.927  1520  2007 D Hiber/alarmManagerServiceExtImpl: unproxyAlarms, alarm=Alarm{ddcfc8d type 2 origWhen 144886075 whenElapsed 144886075 com.whatsapp}
07-03 23:19:27.927  1520  2007 D Hiber/alarmManagerServiceExtImpl: unproxyAlarms, alarm=Alarm{ccc0f2b type 2 origWhen 214531176 whenElapsed 214531176 com.whatsapp}
07-03 23:19:27.927  1520  2007 D Hiber/alarmManagerServiceExtImpl: unproxyAlarms, alarm=Alarm{7d056e4 type 2 origWhen 214531195 whenElapsed 214531195 com.whatsapp}
07-03 23:19:27.927  1520  2007 D Hiber/alarmManagerServiceExtImpl: unproxyAlarms, alarm=Alarm{d3706da type 2 origWhen 214531212 whenElapsed 214531212 com.whatsapp}
07-03 23:19:27.927  1520  2007 D Hiber/alarmManagerServiceExtImpl: unproxyAlarms, alarm=Alarm{97b101b type 2 origWhen 214531221 whenElapsed 214531221 com.whatsapp}
07-03 23:19:27.927  1520  2007 D Hiber/alarmManagerServiceExtImpl: unproxyAlarms, alarm=Alarm{e18ae42 type 2 origWhen 214531591 whenElapsed 214531591 com.whatsapp}
07-03 23:19:27.927  1520  2007 D Hiber/alarmManagerServiceExtImpl: unproxyAlarms, alarm=Alarm{5c3bf88 type 2 origWhen 1655932763 whenElapsed 1655932763 com.whatsapp}
07-03 23:19:27.927  1520  2007 D Hiber/alarmManagerServiceExtImpl: unproxyAlarms, alarm=Alarm{686a74d type 2 origWhen 1655932784 whenElapsed 1655932784 com.whatsapp}
07-03 23:19:27.927  1520  2007 D Hiber/alarmManagerServiceExtImpl: unproxyAlarms, alarm=Alarm{b20870b type 2 origWhen 1655932799 whenElapsed 1655932799 com.whatsapp}
07-03 23:19:27.927  1520  2007 D Hiber/alarmManagerServiceExtImpl: unproxyAlarms, alarm=Alarm{83045b8 type 2 origWhen 1655932809 whenElapsed 1655932809 com.whatsapp}
07-03 23:19:27.928  1520  2007 D Hiber/alarmManagerServiceExtImpl: unproxyAlarms, alarm=Alarm{ea67e53 type 2 origWhen 1655933179 whenElapsed 1655933179 com.whatsapp}
07-03 23:19:27.928  1520  2007 D Hiber/alarmManagerServiceExtImpl: unproxyAlarms leave, uid=10264, packageName=null
07-03 23:19:28.143   443  9300 I keystore2: system/security/keystore2/src/security_level.rs:234 - create_operation start
07-03 23:19:28.143   443  9300 I keystore2: system/security/keystore2/src/security_level.rs:236 - caller_pid=9626
07-03 23:19:28.143   443  9300 I keystore2: system/security/keystore2/src/security_level.rs:237 - caller_uid=10169
07-03 23:19:28.143   443  9300 I keystore2: system/security/keystore2/src/security_level.rs:238 - forced=false
07-03 23:19:28.143   443  9300 I keystore2: system/security/keystore2/src/security_level.rs:239 - key.domain=r#KEY_ID
07-03 23:19:28.143   443  9300 I keystore2: system/security/keystore2/src/security_level.rs:240 - key.alias=None
07-03 23:19:28.143   443  9300 I keystore2: system/security/keystore2/src/security_level.rs:276 - with_try_import start
07-03 23:19:28.144   443  9300 I keystore2: system/security/keystore2/src/security_level.rs:298 - with_try_import end
07-03 23:19:28.144   443  9300 I keystore2: system/security/keystore2/src/security_level.rs:332 - authorize_create start
07-03 23:19:28.144   443  9300 I keystore2: system/security/keystore2/src/security_level.rs:343 - authorize_create end
07-03 23:19:28.144   443  9300 I keystore2: system/security/keystore2/src/security_level.rs:344 - unwrap_key_if_required start
07-03 23:19:28.144   443  9300 I keystore2: system/security/keystore2/src/security_level.rs:353 - unwrap_key_if_required end
07-03 23:19:28.144   443  9300 I keystore2: system/security/keystore2/src/security_level.rs:354 - upgrade_keyblob_if_required_with start
07-03 23:19:28.146  1520  1603 D tranpm/BehaviorManager: onMemPressureChange : level 0
07-03 23:19:28.149   443  9300 I keystore2: system/security/keystore2/src/security_level.rs:395 - upgrade_keyblob_if_required_with end
07-03 23:19:28.149   443  9300 I keystore2: system/security/keystore2/src/enforcements.rs:249 - finalize_create_authorization self.state=NoAuthRequired
07-03 23:19:28.149   443  9300 I keystore2: system/security/keystore2/src/security_level.rs:401 - operation_db.create_operation start
07-03 23:19:28.149   443  9300 I keystore2: system/security/keystore2/src/security_level.rs:419 - operation_db.create_operation end
07-03 23:19:28.176  1520  1612 W TranCpuPowerReporterComponentImpl: cpu_h_loading(541861000032) is disable.
07-03 23:19:28.182  1520  1535 D CompatChangeReporter: Compat change id reported: 311208629; UID 10169; state: ENABLED
07-03 23:19:28.251  1520  1603 D tranpm/BehaviorManager: onMemPressureChange : level 1
07-03 23:19:28.267  9895  9895 D AppResolutionTuner: loadTunerAppList + 
07-03 23:19:28.268  9895  9895 W AppResolutionTuner: Target file doesn't exist: /data/retuner/sf_resolution_tuner_app_list.xml
07-03 23:19:28.280  9895  9895 D AppResolutionTuner: dom2xml: App{packageName='com.tencent.ig', scale='1.2', filteredWindows= []', scalingFlow= surfaceview'}
07-03 23:19:28.280  9895  9895 D AppResolutionTuner: dom2xml: App{packageName='com.tencent.tmgp.sgame', scale='1.0', filteredWindows= []', scalingFlow= surfaceview'}
07-03 23:19:28.281  9895  9895 D AppResolutionTuner: dom2xml: App{packageName='com.activision.callofduty.shooter', scale='1.0', filteredWindows= []', scalingFlow= surfaceview'}
07-03 23:19:28.281  9895  9895 D AppResolutionTuner: dom2xml: App{packageName='com.garena.game.codm', scale='1.0', filteredWindows= []', scalingFlow= surfaceview'}
07-03 23:19:28.281  9895  9895 D AppResolutionTuner: dom2xml: App{packageName='com.tencent.tmgp.kr.codm', scale='1.0', filteredWindows= []', scalingFlow= surfaceview'}
07-03 23:19:28.282  9895  9895 D AppResolutionTuner: dom2xml: App{packageName='com.vng.codmvn', scale='1.0', filteredWindows= []', scalingFlow= surfaceview'}
07-03 23:19:28.282  9895  9895 D AppResolutionTuner: dom2xml: App{packageName='com.activision.callofduty.codpbt', scale='1.0', filteredWindows= []', scalingFlow= surfaceview'}
07-03 23:19:28.282  9895  9895 D AppResolutionTuner: dom2xml: App{packageName='com.tencent.tmgp.cod', scale='1.0', filteredWindows= []', scalingFlow= surfaceview'}
07-03 23:19:28.282  9895  9895 D AppResolutionTuner: dom2xml: App{packageName='com.tencent.tmgp.pubgmhd', scale='1.0', filteredWindows= []', scalingFlow= surfaceview'}
07-03 23:19:28.283  9895  9895 D AppResolutionTuner: dom2xml: App{packageName='com.tencent.iglite', scale='1.0', filteredWindows= []', scalingFlow= surfaceview'}
07-03 23:19:28.283  9895  9895 D AppResolutionTuner: dom2xml: App{packageName='com.tencent.igce', scale='1.0', filteredWindows= []', scalingFlow= surfaceview'}
07-03 23:19:28.283  9895  9895 D AppResolutionTuner: dom2xml: App{packageName='com.rekoo.pubgm', scale='1.0', filteredWindows= []', scalingFlow= surfaceview'}
07-03 23:19:28.284  9895  9895 D AppResolutionTuner: dom2xml: App{packageName='com.pubg.krmobile', scale='1.0', filteredWindows= []', scalingFlow= surfaceview'}
07-03 23:19:28.284  9895  9895 D AppResolutionTuner: dom2xml: App{packageName='com.vng.pubgmobile', scale='1.0', filteredWindows= []', scalingFlow= surfaceview'}
07-03 23:19:28.284  9895  9895 D AppResolutionTuner: dom2xml: App{packageName='com.pubg.imobile', scale='1.0', filteredWindows= []', scalingFlow= surfaceview'}
07-03 23:19:28.284  9895  9895 D AppResolutionTuner: dom2xml: App{packageName='vn.vng.pubgmobile', scale='1.0', filteredWindows= []', scalingFlow= surfaceview'}
07-03 23:19:28.285  9895  9895 D AppResolutionTuner: dom2xml: App{packageName='com.garena.game.kgtw', scale='1.0', filteredWindows= []', scalingFlow= surfaceview'}
07-03 23:19:28.285  9895  9895 D AppResolutionTuner: dom2xml: App{packageName='com.garena.game.kgth', scale='1.0', filteredWindows= []', scalingFlow= surfaceview'}
07-03 23:19:28.285  9895  9895 D AppResolutionTuner: dom2xml: App{packageName='com.imangi.templerun2', scale='1.0', filteredWindows= []', scalingFlow= surfaceview'}
07-03 23:19:28.285  9895  9895 D AppResolutionTuner: dom2xml: App{packageName='com.mobile.legends', scale='1.1', filteredWindows= []', scalingFlow= surfaceview'}
07-03 23:19:28.285  9895  9895 D AppResolutionTuner: loadTunerAppList - 
07-03 23:19:28.285  9895  9895 D AppResolutionTuner: loadTunerAppList + 
07-03 23:19:28.286  9895  9895 W AppResolutionTuner: Target file doesn't exist: /data/retuner/sf_resolution_tuner_app_list.xml
07-03 23:19:28.293  9895  9895 D AppResolutionTuner: dom2xml: App{packageName='com.tencent.ig', scale='1.2', filteredWindows= []', scalingFlow= surfaceview'}
07-03 23:19:28.293  9895  9895 D AppResolutionTuner: dom2xml: App{packageName='com.tencent.tmgp.sgame', scale='1.0', filteredWindows= []', scalingFlow= surfaceview'}
07-03 23:19:28.293  9895  9895 D AppResolutionTuner: dom2xml: App{packageName='com.activision.callofduty.shooter', scale='1.0', filteredWindows= []', scalingFlow= surfaceview'}
07-03 23:19:28.293  9895  9895 D AppResolutionTuner: dom2xml: App{packageName='com.garena.game.codm', scale='1.0', filteredWindows= []', scalingFlow= surfaceview'}
07-03 23:19:28.294  9895  9895 D AppResolutionTuner: dom2xml: App{packageName='com.tencent.tmgp.kr.codm', scale='1.0', filteredWindows= []', scalingFlow= surfaceview'}
07-03 23:19:28.294  9895  9895 D AppResolutionTuner: dom2xml: App{packageName='com.vng.codmvn', scale='1.0', filteredWindows= []', scalingFlow= surfaceview'}
07-03 23:19:28.294  9895  9895 D AppResolutionTuner: dom2xml: App{packageName='com.activision.callofduty.codpbt', scale='1.0', filteredWindows= []', scalingFlow= surfaceview'}
07-03 23:19:28.294  9895  9895 D AppResolutionTuner: dom2xml: App{packageName='com.tencent.tmgp.cod', scale='1.0', filteredWindows= []', scalingFlow= surfaceview'}
07-03 23:19:28.295  9895  9895 D AppResolutionTuner: dom2xml: App{packageName='com.tencent.tmgp.pubgmhd', scale='1.0', filteredWindows= []', scalingFlow= surfaceview'}
07-03 23:19:28.295  9895  9895 D AppResolutionTuner: dom2xml: App{packageName='com.tencent.iglite', scale='1.0', filteredWindows= []', scalingFlow= surfaceview'}
07-03 23:19:28.295  9895  9895 D AppResolutionTuner: dom2xml: App{packageName='com.tencent.igce', scale='1.0', filteredWindows= []', scalingFlow= surfaceview'}
07-03 23:19:28.295  9895  9895 D AppResolutionTuner: dom2xml: App{packageName='com.rekoo.pubgm', scale='1.0', filteredWindows= []', scalingFlow= surfaceview'}
07-03 23:19:28.296  9895  9895 D AppResolutionTuner: dom2xml: App{packageName='com.pubg.krmobile', scale='1.0', filteredWindows= []', scalingFlow= surfaceview'}
07-03 23:19:28.296  9895  9895 D AppResolutionTuner: dom2xml: App{packageName='com.vng.pubgmobile', scale='1.0', filteredWindows= []', scalingFlow= surfaceview'}
07-03 23:19:28.296  9895  9895 D AppResolutionTuner: dom2xml: App{packageName='com.pubg.imobile', scale='1.0', filteredWindows= []', scalingFlow= surfaceview'}
07-03 23:19:28.297  9895  9895 D AppResolutionTuner: dom2xml: App{packageName='vn.vng.pubgmobile', scale='1.0', filteredWindows= []', scalingFlow= surfaceview'}
07-03 23:19:28.297  9895  9895 D AppResolutionTuner: dom2xml: App{packageName='com.garena.game.kgtw', scale='1.0', filteredWindows= []', scalingFlow= surfaceview'}
07-03 23:19:28.297  9895  9895 D AppResolutionTuner: dom2xml: App{packageName='com.garena.game.kgth', scale='1.0', filteredWindows= []', scalingFlow= surfaceview'}
07-03 23:19:28.297  9895  9895 D AppResolutionTuner: dom2xml: App{packageName='com.imangi.templerun2', scale='1.0', filteredWindows= []', scalingFlow= surfaceview'}
07-03 23:19:28.298  9895  9895 D AppResolutionTuner: dom2xml: App{packageName='com.mobile.legends', scale='1.1', filteredWindows= []', scalingFlow= surfaceview'}
07-03 23:19:28.298  9895  9895 D AppResolutionTuner: loadTunerAppList - 
07-03 23:19:28.305  1520  4438 D UFwBoostFeatureService: isSupported:false
07-03 23:19:28.322   443  3285 I keystore2: system/security/keystore2/src/security_level.rs:234 - create_operation start
07-03 23:19:28.322   443  3285 I keystore2: system/security/keystore2/src/security_level.rs:236 - caller_pid=9626
07-03 23:19:28.322   443  3285 I keystore2: system/security/keystore2/src/security_level.rs:237 - caller_uid=10169
07-03 23:19:28.322   443  3285 I keystore2: system/security/keystore2/src/security_level.rs:238 - forced=false
07-03 23:19:28.322   443  3285 I keystore2: system/security/keystore2/src/security_level.rs:239 - key.domain=r#KEY_ID
07-03 23:19:28.322   443  3285 I keystore2: system/security/keystore2/src/security_level.rs:240 - key.alias=None
07-03 23:19:28.322   443  3285 I keystore2: system/security/keystore2/src/security_level.rs:276 - with_try_import start
07-03 23:19:28.323   443  3285 I keystore2: system/security/keystore2/src/security_level.rs:298 - with_try_import end
07-03 23:19:28.323   443  3285 I keystore2: system/security/keystore2/src/security_level.rs:332 - authorize_create start
07-03 23:19:28.323   443  3285 I keystore2: system/security/keystore2/src/security_level.rs:343 - authorize_create end
07-03 23:19:28.323   443  3285 I keystore2: system/security/keystore2/src/security_level.rs:344 - unwrap_key_if_required start
07-03 23:19:28.323   443  3285 I keystore2: system/security/keystore2/src/security_level.rs:353 - unwrap_key_if_required end
07-03 23:19:28.323   443  3285 I keystore2: system/security/keystore2/src/security_level.rs:354 - upgrade_keyblob_if_required_with start
07-03 23:19:28.331   443  3285 I keystore2: system/security/keystore2/src/security_level.rs:395 - upgrade_keyblob_if_required_with end
07-03 23:19:28.331   443  3285 I keystore2: system/security/keystore2/src/enforcements.rs:249 - finalize_create_authorization self.state=NoAuthRequired
07-03 23:19:28.331   443  3285 I keystore2: system/security/keystore2/src/security_level.rs:401 - operation_db.create_operation start
07-03 23:19:28.331   443  3285 I keystore2: system/security/keystore2/src/security_level.rs:419 - operation_db.create_operation end
07-03 23:19:28.413  9895  9895 D TranClassInfo: instance successfully. com.transsion.hubcore.internal.TranInternalViewImpl@c02d115 from com.transsion.hubcore.internal.ITranInternalView
07-03 23:19:28.419   443  3285 I keystore2: system/security/keystore2/src/security_level.rs:234 - create_operation start
07-03 23:19:28.419   443  3285 I keystore2: system/security/keystore2/src/security_level.rs:236 - caller_pid=9626
07-03 23:19:28.419   443  3285 I keystore2: system/security/keystore2/src/security_level.rs:237 - caller_uid=10169
07-03 23:19:28.419   443  3285 I keystore2: system/security/keystore2/src/security_level.rs:238 - forced=false
07-03 23:19:28.419   443  3285 I keystore2: system/security/keystore2/src/security_level.rs:239 - key.domain=r#KEY_ID
07-03 23:19:28.419   443  3285 I keystore2: system/security/keystore2/src/security_level.rs:240 - key.alias=None
07-03 23:19:28.419   443  3285 I keystore2: system/security/keystore2/src/security_level.rs:276 - with_try_import start
07-03 23:19:28.427   443  3285 I keystore2: system/security/keystore2/src/security_level.rs:298 - with_try_import end
07-03 23:19:28.427   443  3285 I keystore2: system/security/keystore2/src/security_level.rs:332 - authorize_create start
07-03 23:19:28.427   443  3285 I keystore2: system/security/keystore2/src/security_level.rs:343 - authorize_create end
07-03 23:19:28.427   443  3285 I keystore2: system/security/keystore2/src/security_level.rs:344 - unwrap_key_if_required start
07-03 23:19:28.427   443  3285 I keystore2: system/security/keystore2/src/security_level.rs:353 - unwrap_key_if_required end
07-03 23:19:28.427   443  3285 I keystore2: system/security/keystore2/src/security_level.rs:354 - upgrade_keyblob_if_required_with start
07-03 23:19:28.435  9895  9895 D TranClassInfo: instance successfully. com.transsion.connectivity.linkbooming.TranMultilinkComponentImpl@2f69cf7 from com.transsion.hubcore.linkbooming.ITranMultilinkComponent
07-03 23:19:28.436   443  3285 I keystore2: system/security/keystore2/src/security_level.rs:395 - upgrade_keyblob_if_required_with end
07-03 23:19:28.436   443  3285 I keystore2: system/security/keystore2/src/enforcements.rs:249 - finalize_create_authorization self.state=NoAuthRequired
07-03 23:19:28.436   443  3285 I keystore2: system/security/keystore2/src/security_level.rs:401 - operation_db.create_operation start
07-03 23:19:28.436   443  3285 I keystore2: system/security/keystore2/src/security_level.rs:419 - operation_db.create_operation end
07-03 23:19:28.441  1520  4438 D os.WindowManagerServiceLice: received send OSMessage 110001 request from 9895 to [-1]
07-03 23:19:28.448  1520  4438 D os.CommonLice: onOSServerMessage 110001
07-03 23:19:28.470  9895  9895 D ViewRootImpl: setView appearance:0 com.mohamedk.mathchallenge/com.mohamedk.mathchallenge.MainActivity
07-03 23:19:28.507  1520  4438 I TranThermalBacklightCtrl: cur package [com.mohamedk.mathchallenge] is in TemperatureControlWhitelist
07-03 23:19:28.507  1520  4438 I TranThermalBacklightCtrl: mParamAPTempHigh[0]=45.0, mParamAPTempLow[0]=43.0, mParamBrightnessMax[0]=0.79999995, mParamLuxLimit[0]=0.0
07-03 23:19:28.507  1520  4438 I TranThermalBacklightCtrl: mParamAPTempHigh[1]=49.0, mParamAPTempLow[1]=47.0, mParamBrightnessMax[1]=0.7, mParamLuxLimit[1]=0.0
07-03 23:19:28.507  1520  4438 D UnisocVariableRefreshRateImpl: setCurrentPackageName, return when current focus window namenot contains packageName: com.mohamedk.mathchallenge mCurrentRequestFocusWindowName: 9401dd2 com.babydola.launcherios/com.android.launcher3.Launcher
07-03 23:19:28.583   443  3285 I keystore2: system/security/keystore2/src/security_level.rs:234 - create_operation start
07-03 23:19:28.583   443  3285 I keystore2: system/security/keystore2/src/security_level.rs:236 - caller_pid=9626
07-03 23:19:28.583   443  3285 I keystore2: system/security/keystore2/src/security_level.rs:237 - caller_uid=10169
07-03 23:19:28.583   443  3285 I keystore2: system/security/keystore2/src/security_level.rs:238 - forced=false
07-03 23:19:28.583   443  3285 I keystore2: system/security/keystore2/src/security_level.rs:239 - key.domain=r#KEY_ID
07-03 23:19:28.583   443  3285 I keystore2: system/security/keystore2/src/security_level.rs:240 - key.alias=None
07-03 23:19:28.583   443  3285 I keystore2: system/security/keystore2/src/security_level.rs:276 - with_try_import start
07-03 23:19:28.585   443  3285 I keystore2: system/security/keystore2/src/security_level.rs:298 - with_try_import end
07-03 23:19:28.585   443  3285 I keystore2: system/security/keystore2/src/security_level.rs:332 - authorize_create start
07-03 23:19:28.585   443  3285 I keystore2: system/security/keystore2/src/security_level.rs:343 - authorize_create end
07-03 23:19:28.585   443  3285 I keystore2: system/security/keystore2/src/security_level.rs:344 - unwrap_key_if_required start
07-03 23:19:28.585   443  3285 I keystore2: system/security/keystore2/src/security_level.rs:353 - unwrap_key_if_required end
07-03 23:19:28.585   443  3285 I keystore2: system/security/keystore2/src/security_level.rs:354 - upgrade_keyblob_if_required_with start
07-03 23:19:28.596   443  3285 I keystore2: system/security/keystore2/src/security_level.rs:395 - upgrade_keyblob_if_required_with end
07-03 23:19:28.596   443  3285 I keystore2: system/security/keystore2/src/enforcements.rs:249 - finalize_create_authorization self.state=NoAuthRequired
07-03 23:19:28.596   443  3285 I keystore2: system/security/keystore2/src/security_level.rs:401 - operation_db.create_operation start
07-03 23:19:28.596   443  3285 I keystore2: system/security/keystore2/src/security_level.rs:419 - operation_db.create_operation end
07-03 23:19:28.668  1520  1887 D TranAppBrightnessChangeController: [handleMessage] msg type: 1001 isCloudEnabled: true
07-03 23:19:28.671  1520  1887 D WindowManager: getTopPackages# topPackages = []
07-03 23:19:28.714  1520  2006 I Hiber/importantScene: isTrafficActive uid:10123 speed :0
07-03 23:19:28.714  1520  2006 I Hiber/appStateMachine: uid:10123 enter FrozenState
07-03 23:19:28.722  1520  2006 I Hiber/stateManager: freeze uid: 10123 com.google.android.apps.nbu.files costTime=8ms ,last unfreeze 382s ago
07-03 23:19:28.722  1520  2007 I Hiber/hiber: msg for start proxy frozen state
07-03 23:19:28.722  1520  2007 D ActivityManager: Hiber try idle uid[10123] by hiber ,bgTime>0 ? true,isIdled before ? false ,isCurAllowListed ? false ,isProcStateBackground?true
07-03 23:19:28.723  1520  2007 D ActivityManager: Hiber try idle uid[10123] by hiber
07-03 23:19:28.723  1520  2007 I Hiber/proxyManager: p_service: 10123
07-03 23:19:28.723  1520  2007 I Hiber/hiber: proxy alarm (uid=١٠١٢٣, pkgName=com.google.android.apps.nbu.files)
07-03 23:19:28.723  1520  2007 I Hiber/proxyManager: p_alarm: uid=10123, pkgName=com.google.android.apps.nbu.files
07-03 23:19:28.723  1520  2007 D Hiber/alarmManagerServiceExtImpl: proxyAlarms leave, uid=10123, packageName=com.google.android.apps.nbu.files
07-03 23:19:28.727  1520  2009 I Hiber/nativeServiceClient: check binder uid=10264
07-03 23:19:28.727  1520  2006 I Hiber/importantScene: isTrafficActive uid:10304 speed :0
07-03 23:19:28.727  1520  2006 I Hiber/appStateMachine: uid:10304 enter FrozenState
07-03 23:19:28.730  1520  2006 I Hiber/stateManager: freeze uid: 10304 com.facebook.katana costTime=3ms ,last unfreeze 5s ago
07-03 23:19:28.730  1520  2006 I Hiber/restrictionPolicy: uid:10304  pkgName:com.facebook.katana isAllowedNet
07-03 23:19:28.731  1520  2009 I Hiber/nativeServiceClient: watch app network uid=10304, persistent=0
07-03 23:19:28.730  1520  2007 I Hiber/hiber: msg for start proxy frozen state
07-03 23:19:28.732  1520  2007 D ActivityManager: Hiber try idle uid[10304] by hiber ,bgTime>0 ? false,isIdled before ? false ,isCurAllowListed ? false ,isProcStateBackground?false
07-03 23:19:28.732  1520  2007 I Hiber/proxyManager: p_service: 10304
07-03 23:19:28.732  1520  2772 I Hiber/proxyWakeLock: add uid: 10304 wakelock: lock:38738265PARTIAL_WAKE_LOCK                 '*job*/com.facebook.katana/com.facebook.papaya.fb.client.services.FBPapayaJobService (uid=1000 pid=1520 ws=WorkSource{10304 com.facebook.katana})  to FroceReleaseWakeLock list
07-03 23:19:28.733  1520  2007 I Hiber/hiber: proxy alarm (uid=١٠٣٠٤, pkgName=com.facebook.katana)
07-03 23:19:28.733  1520  2007 I Hiber/proxyManager: p_alarm: uid=10304, pkgName=com.facebook.katana
07-03 23:19:28.734  1520  2007 D Hiber/alarmManagerServiceExtImpl: proxyAlarms, alarm=Alarm{727f1f4 type 1 origWhen 1783180805730 whenElapsed 160160688 com.facebook.katana}
07-03 23:19:28.734  1520  2007 D Hiber/alarmManagerServiceExtImpl: proxyAlarms leave, uid=10304, packageName=com.facebook.katana
07-03 23:19:28.734  1520  2772 D Hiber/proxyWakeLock: releaseWakeLockInternal: lock=38738265 [*job*/com.facebook.katana/com.facebook.papaya.fb.client.services.FBPapayaJobService], flags=0x1
07-03 23:19:28.740  1520  1622 D TranThermalBacklightCtrl: Brightness=1.0 AutoBackLight=false AmbientLux=-1.0 APTemp=43.169BatteryTemp = 38.1
07-03 23:19:28.740  1520  1622 I TranThermalBacklightCtrl: current status=level_0 last status=level_0
07-03 23:19:28.745   443  9300 I keystore2: system/security/keystore2/src/security_level.rs:234 - create_operation start
07-03 23:19:28.745   443  9300 I keystore2: system/security/keystore2/src/security_level.rs:236 - caller_pid=9626
07-03 23:19:28.745   443  9300 I keystore2: system/security/keystore2/src/security_level.rs:237 - caller_uid=10169
07-03 23:19:28.745   443  9300 I keystore2: system/security/keystore2/src/security_level.rs:238 - forced=false
07-03 23:19:28.745   443  9300 I keystore2: system/security/keystore2/src/security_level.rs:239 - key.domain=r#KEY_ID
07-03 23:19:28.745   443  9300 I keystore2: system/security/keystore2/src/security_level.rs:240 - key.alias=None
07-03 23:19:28.745   443  9300 I keystore2: system/security/keystore2/src/security_level.rs:276 - with_try_import start
07-03 23:19:28.746   443  9300 I keystore2: system/security/keystore2/src/security_level.rs:298 - with_try_import end
07-03 23:19:28.746   443  9300 I keystore2: system/security/keystore2/src/security_level.rs:332 - authorize_create start
07-03 23:19:28.746   443  9300 I keystore2: system/security/keystore2/src/security_level.rs:343 - authorize_create end
07-03 23:19:28.746   443  9300 I keystore2: system/security/keystore2/src/security_level.rs:344 - unwrap_key_if_required start
07-03 23:19:28.746   443  9300 I keystore2: system/security/keystore2/src/security_level.rs:353 - unwrap_key_if_required end
07-03 23:19:28.746   443  9300 I keystore2: system/security/keystore2/src/security_level.rs:354 - upgrade_keyblob_if_required_with start
07-03 23:19:28.749   443  9300 I keystore2: system/security/keystore2/src/security_level.rs:395 - upgrade_keyblob_if_required_with end
07-03 23:19:28.749   443  9300 I keystore2: system/security/keystore2/src/enforcements.rs:249 - finalize_create_authorization self.state=NoAuthRequired
07-03 23:19:28.749   443  9300 I keystore2: system/security/keystore2/src/security_level.rs:401 - operation_db.create_operation start
07-03 23:19:28.749   443  9300 I keystore2: system/security/keystore2/src/security_level.rs:419 - operation_db.create_operation end
07-03 23:19:28.811   443  9300 I keystore2: system/security/keystore2/src/security_level.rs:234 - create_operation start
07-03 23:19:28.812   443  9300 I keystore2: system/security/keystore2/src/security_level.rs:236 - caller_pid=9626
07-03 23:19:28.812   443  9300 I keystore2: system/security/keystore2/src/security_level.rs:237 - caller_uid=10169
07-03 23:19:28.812   443  9300 I keystore2: system/security/keystore2/src/security_level.rs:238 - forced=false
07-03 23:19:28.812   443  9300 I keystore2: system/security/keystore2/src/security_level.rs:239 - key.domain=r#KEY_ID
07-03 23:19:28.812   443  9300 I keystore2: system/security/keystore2/src/security_level.rs:240 - key.alias=None
07-03 23:19:28.812   443  9300 I keystore2: system/security/keystore2/src/security_level.rs:276 - with_try_import start
07-03 23:19:28.818   443  9300 I keystore2: system/security/keystore2/src/security_level.rs:298 - with_try_import end
07-03 23:19:28.819   443  9300 I keystore2: system/security/keystore2/src/security_level.rs:332 - authorize_create start
07-03 23:19:28.819   443  9300 I keystore2: system/security/keystore2/src/security_level.rs:343 - authorize_create end
07-03 23:19:28.819   443  9300 I keystore2: system/security/keystore2/src/security_level.rs:344 - unwrap_key_if_required start
07-03 23:19:28.819   443  9300 I keystore2: system/security/keystore2/src/security_level.rs:353 - unwrap_key_if_required end
07-03 23:19:28.819   443  9300 I keystore2: system/security/keystore2/src/security_level.rs:354 - upgrade_keyblob_if_required_with start
07-03 23:19:28.823   443  9300 I keystore2: system/security/keystore2/src/security_level.rs:395 - upgrade_keyblob_if_required_with end
07-03 23:19:28.823   443  9300 I keystore2: system/security/keystore2/src/enforcements.rs:249 - finalize_create_authorization self.state=NoAuthRequired
07-03 23:19:28.823   443  9300 I keystore2: system/security/keystore2/src/security_level.rs:401 - operation_db.create_operation start
07-03 23:19:28.823   443  9300 I keystore2: system/security/keystore2/src/security_level.rs:419 - operation_db.create_operation end
07-03 23:19:28.862  1520  2730 D CoreBackPreview: Window{e333b0f u0 com.mohamedk.mathchallenge/com.mohamedk.mathchallenge.MainActivity}, [type=1, isChildWindow=false]*noSurface: Setting back callback OnBackInvokedCallbackInfo{mCallback=android.window.IOnBackInvokedCallback$Stub$Proxy@44c4ecd, mPriority=0, mIsAnimationCallback=false}
07-03 23:19:28.865  1520  2730 D WindowManager: updateSystemBarAttributes win = Window{9505358 u0 Splash Screen com.mohamedk.mathchallenge}, [type=3, isChildWindow=false]-[Surface(name=*Title#14310)/@0x1cfb79e, shown=false, windowType=3] appearance = 24 navColorWin = Window{9505358 u0 Splash Screen com.mohamedk.mathchallenge}, [type=3, isChildWindow=false]-[Surface(name=*Title#14310)/@0x1cfb79e, shown=false, windowType=3]
07-03 23:19:28.865  1520  2730 D WindowManager: updateSystemBarAttributes appearance = 24 lightNavigationBarLw = 24 opaqueAppearance = 0
07-03 23:19:28.866  1520  2730 D WindowManager: currentFocusId -1 newFocusId: 0 currentFocusIsMultiWindow: false newFocusIsMultiWindow: false
07-03 23:19:28.959  1520  1598 D tranpm/BehaviorManager: logLmkdKillOccurred: procName com.google.android.webview:sandboxed_process0:org.chromium.content.app.SandboxedProcessService0:0
07-03 23:19:28.974  1520  2730 W WindowManager: Changing focus from null to Window{e333b0f u0 com.mohamedk.mathchallenge/com.mohamedk.mathchallenge.MainActivity}, [type=1, isChildWindow=false]-[Surface(name=*Title#14316)/@0x40e3382, shown=false, windowType=1] displayId = 0 Callers=com.android.server.wm.RootWindowContainer.updateFocusedWindowLocked:553 com.android.server.wm.WindowManagerService.updateFocusedWindowLocked:6968 com.android.server.wm.WindowManagerService.relayoutWindowInner:2953 com.android.server.wm.WindowManagerService.relayoutWindow:2597 
07-03 23:19:28.980  1520  2730 D WindowManager: updateSystemBarAttributes win = Window{e333b0f u0 com.mohamedk.mathchallenge/com.mohamedk.mathchallenge.MainActivity}, [type=1, isChildWindow=false]-[Surface(name=*Title#14316)/@0x40e3382, shown=false, windowType=1] appearance = 0 navColorWin = Window{9505358 u0 Splash Screen com.mohamedk.mathchallenge}, [type=3, isChildWindow=false]-[Surface(name=*Title#14310)/@0x1cfb79e, shown=false, windowType=3]
07-03 23:19:28.980  1520  2730 D WindowManager: updateSystemBarAttributes appearance = 16 lightNavigationBarLw = 16 opaqueAppearance = 0
07-03 23:19:28.980  1520  2730 D UFwDisplayJamMonitorImpl: Switch focus to Window{e333b0f u0 com.mohamedk.mathchallenge/com.mohamedk.mathchallenge.MainActivity}, [type=1, isChildWindow=false]-[Surface(name=*Title#14316)/@0x40e3382, shown=false, windowType=1] on APP(ActivityRecord{30538e5 u0 com.mohamedk.mathchallenge/.MainActivity t15209 d0}) from null, newWindowHandle = e333b0f com.mohamedk.mathchallenge/com.mohamedk.mathchallenge.MainActivity, frame=[Rect(0, 0 - 0, 0)], touchableRegion=SkRegion(), scaleFactor=0.0, transform=null, windowToken=null, displayId=0, isClone=false, contentSize=0x0, alpha=0.0, canOccludePresentation=false, changed=true mGlobalScale=1.0 mCompatScale=1.0 mInvGlobalScale=1.0
07-03 23:19:28.984  1520  2730 I WindowManager: Relayout Window{e333b0f u0 com.mohamedk.mathchallenge/com.mohamedk.mathchallenge.MainActivity}, [type=1, isChildWindow=false]-[Surface(name=*Title#14316)/@0x40e3382, shown=false, windowType=1]: oldVis=4 newVis=0 focusMayChange = true requestedWidth = 720 requestedHeight = 1600 outFrames = ClientWindowFrames{frame=[0,0][720,1600] display=[0,0][720,1600] parentFrame=[0,0][0,0]} outSurfaceControl = Surface(name=com.mohamedk.mathchallenge/com.mohamedk.mathchallenge.MainActivity#14316)/@0x649ba93
07-03 23:19:28.996  1520  2730 I ActivityManager: Process com.google.android.webview:sandboxed_process0:org.chromium.content.app.SandboxedProcessService0:0 (pid 23128) has died: cch+95 SVC 
07-03 23:19:29.009  1520  1603 D tranpm/BehaviorManager: onMemPressureChange : level 2
07-03 23:19:29.010  1520  2730 D os.ActivityManagerServiceLice: make process inactive com.google.android.webview:sandboxed_process0:org.chromium.content.app.SandboxedProcessService0:0(23128)
07-03 23:19:29.014  1520  2475 D SSense.VideoRecognizer: videoState is set to END from HAL
07-03 23:19:29.014  1520  2475 D SSense.VideoRecognizer: handleCheckVideoState:10251 pkg name:com.mohamedk.mathchallenge is: use FPS instead!!
07-03 23:19:29.014  1520  2475 D SSense.VideoRecognizer: highFps mCurrentFPS:0.0
07-03 23:19:29.014  1520  2475 D SSense.VideoRecognizer: audioState is set to END from HAL
