07-03 23:19:35.684  1520  1622 I DisplayPowerController2[0]: BrightnessEvent: disp=0, physDisp=local:4619827259835644672, displayState=ON, displayPolicy=DIM, brt=0.05, initBrt=1.0, rcmdBrt=NaN, preBrt=NaN, lux=0.0, preLux=0.0, hbmMax=1.0, hbmMode=off, rbcStrength=50, thrmMax=1.0, powerFactor=0.7, wasShortTermModelActive=false, flags=, reason=manual [ dim ], autoBrightness=false, strategy=InvalidBrightnessStrategy, autoBrightnessMode=default
07-03 23:19:35.700  1520  1882 I TranAppBrightnessChangeController: [onSystemBrightnessStrategyChange] brightnessState: 0.9075107
07-03 23:19:35.701  1520  1561 D Magellan: onBrightnessChangedLocked return
07-03 23:19:35.701  1520  1882 I LightsService: HBM allowHbmMode=false,4095=true, lcd=true,brightness=0.90769196
07-03 23:19:35.707  1076  1076 D LIGHTS  : func:write_int, path=/sys/class/backlight/sprd_backlight/brightness, value=3717
07-03 23:19:35.708  1286  1490 D refnotify: refnotify_parse_event: SOURCE = sysfs!
07-03 23:19:35.717  1520  1882 I LightsService: HBM allowHbmMode=false,4095=true, lcd=true,brightness=0.82923317
07-03 23:19:35.717  1286  1489 D refnotify: status : refnotify_sleep=0 
07-03 23:19:35.718  1076  1076 D LIGHTS  : func:write_int, path=/sys/class/backlight/sprd_backlight/brightness, value=3396
07-03 23:19:35.719  1286  1490 D refnotify: refnotify_parse_event: SOURCE = sysfs!
07-03 23:19:35.719  1286  1489 D refnotify: status : refnotify_sleep=0 
07-03 23:19:35.725  1520  2928 V GrammaticalInflectionUtils: AttributionSource: android.content.AttributionSource@b179c4fa does not have READ_SYSTEM_GRAMMATICAL_GENDER permission.
07-03 23:19:35.727  1520  1603 D tranpm/BehaviorManager: onMemPressureChange : level 0
07-03 23:19:35.740  1038  1038 D Zygote  : Forked child process 10272
07-03 23:19:35.742  1520  1594 I ActivityManager: Start proc 10272:com.google.android.webview:webview_service/u0a152 for service {com.google.android.webview/org.chromium.android_webview.services.VariationsSeedServer}
07-03 23:19:35.743  1520  1882 I LightsService: HBM allowHbmMode=false,4095=true, lcd=true,brightness=0.75775325
07-03 23:19:35.748  1076  1076 D LIGHTS  : func:write_int, path=/sys/class/backlight/sprd_backlight/brightness, value=3103
07-03 23:19:35.748  1286  1490 D refnotify: refnotify_parse_event: SOURCE = sysfs!
07-03 23:19:35.748  1066  1158 D PowerHAL: PowerSessionManager::enableSystemTopAppBoost!!
07-03 23:19:35.749  1286  1489 D refnotify: status : refnotify_sleep=0 
07-03 23:19:35.749  1520  1882 I LightsService: HBM allowHbmMode=false,4095=true, lcd=true,brightness=0.6926314
07-03 23:19:35.751  1076  1076 D LIGHTS  : func:write_int, path=/sys/class/backlight/sprd_backlight/brightness, value=2836
07-03 23:19:35.753  1286  1490 D refnotify: refnotify_parse_event: SOURCE = sysfs!
07-03 23:19:35.754  1286  1489 D refnotify: status : refnotify_sleep=0 
07-03 23:19:35.764  1520  1882 I LightsService: HBM allowHbmMode=false,4095=true, lcd=true,brightness=0.6333024
07-03 23:19:35.764  1076  1076 D LIGHTS  : func:write_int, path=/sys/class/backlight/sprd_backlight/brightness, value=2593
07-03 23:19:35.765  1286  1490 D refnotify: refnotify_parse_event: SOURCE = sysfs!
07-03 23:19:35.765  1286  1489 D refnotify: status : refnotify_sleep=0 
07-03 23:19:35.772 10251 10251 W libc    : Access denied finding property "ro.vendor.tran_vib3_support"
07-03 23:19:35.772 10272 10272 I webview_service: Using generational CollectorTypeCMC GC.
07-03 23:19:35.773 10251 10251 W libc    : Access denied finding property "ro.vendor.tran_0012ir"
07-03 23:19:35.774 10251 10251 I os_widgets: 15.1.2.2-alpha04 widgetslib.Utils_getOsVersionCode.version:xos15.1.2 type:xos
07-03 23:19:35.774 10251 10251 I os_widgets: 15.1.2.2-alpha04 widgetslib.Utils_OS version($version) :15.1.2
07-03 23:19:35.780  1520  1882 I LightsService: HBM allowHbmMode=false,4095=true, lcd=true,brightness=0.57925045
07-03 23:19:35.781  1076  1076 D LIGHTS  : func:write_int, path=/sys/class/backlight/sprd_backlight/brightness, value=2372
07-03 23:19:35.782  1286  1489 D refnotify: status : refnotify_sleep=0 
07-03 23:19:35.783  1286  1490 D refnotify: refnotify_parse_event: SOURCE = sysfs!
07-03 23:19:35.783 21096 10241 W adbd    : timed out while waiting for FUNCTIONFS_BIND, trying again
07-03 23:19:35.783 21096 10241 I adbd    : UsbFfs: connection terminated: monitor thread finished
07-03 23:19:35.784 21096 21096 I adbd    : UsbFfs: already offline
07-03 23:19:35.784 21096 21096 I adbd    : destroying transport UsbFfs
07-03 23:19:35.784 10251 10251 D ItelUtils: isMTK:false, platform=2
07-03 23:19:35.784 21096 21096 I adbd    : UsbFfsConnection being destroyed
07-03 23:19:35.787 10272 10272 D nativeloader: Load libframework-connectivity-tiramisu-jni.so using APEX ns com_android_tethering for caller /apex/com.android.tethering/javalib/framework-connectivity-t.jar: ok
07-03 23:19:35.793 10272 10272 W TranInstanceHelper: Failed to instance com.transsion.hubcore.linkplus.implement.app.TranActivityThreadLinkplusImpl, java.lang.ClassNotFoundException: com.transsion.hubcore.linkplus.implement.app.TranActivityThreadLinkplusImpl
07-03 23:19:35.793 10272 10272 D TranClassInfo: instance successfully. com.transsion.hubcore.app.TranActivityThreadImpl@88de577 from com.transsion.hubcore.app.ITranActivityThread
07-03 23:19:35.796 10272 10272 D os.SingleLice: instance successfully. com.transsion.widget.v3.FloatingToolbarLice@15f25e4 from com.transsion.widget.FloatingToolbarLiceFactory
07-03 23:19:35.796 10272 10272 D os.SingleLiceFactory: instance successfully. com.transsion.widget.v3.FloatingToolbarLice@15f25e4 from android.app.IActivityThreadLice
07-03 23:19:35.797 10272 10272 D os.SingleLice: instance successfully. com.transsion.common.v1.CommonLice@566ca4d from com.transsion.common.CommonLiceFactory
07-03 23:19:35.797 10272 10272 D os.SingleLiceFactory: instance successfully. com.transsion.common.v1.CommonLice@566ca4d from android.app.IActivityThreadLice
07-03 23:19:35.798 10272 10272 D os.SingleLice: instance successfully. com.transsion.typeface.v1.StaticTypefaceLice@2f5c902 from com.transsion.typeface.TypefaceLiceFactory
07-03 23:19:35.798 10272 10272 D os.SingleLiceFactory: instance successfully. com.transsion.typeface.v1.StaticTypefaceLice@2f5c902 from android.app.IActivityThreadLice
07-03 23:19:35.798 10272 10272 D os.SingleLiceFactory: using android.app.IActivityThreadLice$DefaultImpl@f716213 instead of com.transsion.sun.SunLiceFactory  from android.app.IActivityThreadLice
07-03 23:19:35.799 10272 10272 D os.SingleLice: instance successfully. com.transsion.fdleak.FdLeakLice@cdabc50 from com.transsion.fdleak.FdLeakLiceFactory
07-03 23:19:35.799 10272 10272 D os.SingleLiceFactory: instance successfully. com.transsion.fdleak.FdLeakLice@cdabc50 from android.app.IActivityThreadLice
07-03 23:19:35.799 10272 10272 D os.LiceInfo: instance successfully. com.transsion.app.ActivityThreadLice@462be49 from android.app.IActivityThreadLice
07-03 23:19:35.799  1520  1882 I LightsService: HBM allowHbmMode=false,4095=true, lcd=true,brightness=0.53000647
07-03 23:19:35.800  1076  1076 D LIGHTS  : func:write_int, path=/sys/class/backlight/sprd_backlight/brightness, value=2170
07-03 23:19:35.801  1286  1489 D refnotify: status : refnotify_sleep=0 
07-03 23:19:35.801  1286  1490 D refnotify: refnotify_parse_event: SOURCE = sysfs!
07-03 23:19:35.808 10272 10288 I SurfaceFactory: [static] sSurfaceFactory = com.transsion.rt.SurfaceFactoryImpl@97b734e
07-03 23:19:35.809  1520  2928 D os.typeface.lice.server: getOverlaySerializedSystemFontMap ProcessRecord{64a9744 10272:com.google.android.webview:webview_service/u0a152}
07-03 23:19:35.809  1520  2928 D os.typeface.lice: getOverlaySerializedSystemFontMap com.google.android.webview
07-03 23:19:35.810  1520  2928 D os.ActivityManagerServiceLice: make process active com.google.android.webview:webview_service(10272)
07-03 23:19:35.813  1520  1559 D SceneMonitor: onUidIdle: Uid: 10152 name: com.google.android.webview
07-03 23:19:35.813  1520  1559 D SceneMonitor: Uid: 10152 UidStateChanged: 19
07-03 23:19:35.813 10251 10251 I MMKV    : Disable checkProcessMode()
07-03 23:19:35.814  1520  2612 D SceneMonitor: handleMessage(MSG_PROCESS_STOP)
07-03 23:19:35.815  1520  1882 I LightsService: HBM allowHbmMode=false,4095=true, lcd=true,brightness=0.48514274
07-03 23:19:35.817  1520  2612 D SceneMonitor: com.google.android.webview[10152] gone
07-03 23:19:35.818  1076  1076 D LIGHTS  : func:write_int, path=/sys/class/backlight/sprd_backlight/brightness, value=1987
07-03 23:19:35.819  1286  1490 D refnotify: refnotify_parse_event: SOURCE = sysfs!
07-03 23:19:35.820  1286  1489 D refnotify: status : refnotify_sleep=0 
07-03 23:19:35.823 10272 10272 D TranClassInfo: instance successfully. com.transsion.hubcore.graphics.TranGraphicImpl@3060c6f from com.transsion.hubcore.graphics.ITranGraphic
07-03 23:19:35.824 10272 10272 D os.SingleLiceFactory: instance successfully. com.transsion.typeface.v1.StaticTypefaceLice@2f5c902 from android.graphics.IGraphicLice
07-03 23:19:35.824 10272 10272 D os.LiceInfo: instance successfully. com.transsion.graphics.GraphicLice@e374d7c from android.graphics.IGraphicLice
07-03 23:19:35.829 10251 10289 D TranClassInfo: instance successfully. com.transsion.hubcore.internal.jank.TranFrameTrackerImpl@79d47c2 from com.transsion.hubcore.internal.jank.ITranFrameTracker
07-03 23:19:35.831  1520  1882 I LightsService: HBM allowHbmMode=false,4095=true, lcd=true,brightness=0.44426972
07-03 23:19:35.832  1076  1076 D LIGHTS  : func:write_int, path=/sys/class/backlight/sprd_backlight/brightness, value=1819
07-03 23:19:35.832 10251 10289 E ion.XOSLauncher: Invalid resource ID 0x00000000.
07-03 23:19:35.833  1286  1490 D refnotify: refnotify_parse_event: SOURCE = sysfs!
07-03 23:19:35.833  1286  1489 D refnotify: status : refnotify_sleep=0 
07-03 23:19:35.835  1520  1603 D tranpm/BehaviorManager: onMemPressureChange : level 1
07-03 23:19:35.835 10251 10251 D nativeloader: Load /system_ext/priv-app/XLauncher/XLauncher.apk!/lib/arm64-v8a/libmmkv.so using class loader ns clns-shared-7 (caller=/system_ext/priv-app/XLauncher/XLauncher.apk!classes2.dex): ok
07-03 23:19:35.836 10251 10251 I MMKV    : current API level = 35, libc++_shared=0
07-03 23:19:35.836 10251 10251 I MMKV    : <MMKV.cpp:166::initialize> version v1.3.9, page size 4096, arch arm64-v8a
07-03 23:19:35.836 10251 10251 I MMKV    : <MMKV.cpp:177::initialize> armv8 AES instructions is supported
07-03 23:19:35.836 10251 10251 I MMKV    : <MMKV.cpp:185::initialize> armv8 CRC32 instructions is supported
07-03 23:19:35.836 10251 10251 I MMKV    : <MMKV.cpp:225::initializeMMKV> root dir: /data/user_de/0/com.transsion.XOSLauncher/files/mmkv
07-03 23:19:35.838 10251 10251 D OTAHelper: OTAHelper isFirstBootAfterOta isUpgrade:false.   isDeviceUpgrading:false
07-03 23:19:35.840 10251 10251 I MobileCloneSpHelper: dbFromNewVersion sDbStatus->-1
07-03 23:19:35.840 10251 10251 I MMKV    : <MemoryFile.cpp:98::open> open fd[0xb6], /data/user_de/0/com.transsion.XOSLauncher/files/mmkv/mmkv.default
07-03 23:19:35.840 10251 10251 I MMKV    : <MemoryFile.cpp:203::mmap> mmap to address [0x72a1480000], oldPtr [0x0], [/data/user_de/0/com.transsion.XOSLauncher/files/mmkv/mmkv.default]
07-03 23:19:35.840 10251 10251 I MMKV    : <MemoryFile.cpp:98::open> open fd[0xb8], /data/user_de/0/com.transsion.XOSLauncher/files/mmkv/mmkv.default.crc
07-03 23:19:35.840 10251 10251 I MMKV    : <MemoryFile.cpp:203::mmap> mmap to address [0x72a7818000], oldPtr [0x0], [/data/user_de/0/com.transsion.XOSLauncher/files/mmkv/mmkv.default.crc]
07-03 23:19:35.841 10251 10251 I MMKV    : <MMKV_IO.cpp:214::loadMetaInfoAndCheck> meta file [mmkv.default] has flag [0]
07-03 23:19:35.843 10272 10272 D ApplicationLoaders: Returning zygote-cached class loader: /system/framework/android.test.base.jar
07-03 23:19:35.843 10251 10251 I MMKV    : <MMKV_IO.cpp:84::loadFromFile> loading [mmkv.default] with 6727 actual size, file size 16384, InterProcess 0, meta info version:4
07-03 23:19:35.844 10251 10251 I MMKV    : <MMKV_IO.cpp:89::loadFromFile> loading [mmkv.default] with crc 4189903835 sequence 809 version 4
07-03 23:19:35.844 10251 10251 I MMKV    : <MMKV_IO.cpp:133::loadFromFile> loaded [mmkv.default] with 25 key-values
07-03 23:19:35.847  1520  1882 I LightsService: HBM allowHbmMode=false,4095=true, lcd=true,brightness=0.40703225
07-03 23:19:35.847 10251 10251 I MMKV    : <MemoryFile.cpp:98::open> open fd[0xbb], /data/user_de/0/com.transsion.XOSLauncher/files/mmkv/icon_map
07-03 23:19:35.848 10251 10251 I MMKV    : <MemoryFile.cpp:203::mmap> mmap to address [0x72a13fd000], oldPtr [0x0], [/data/user_de/0/com.transsion.XOSLauncher/files/mmkv/icon_map]
07-03 23:19:35.848 10251 10251 I MMKV    : <MemoryFile.cpp:98::open> open fd[0xbc], /data/user_de/0/com.transsion.XOSLauncher/files/mmkv/icon_map.crc
07-03 23:19:35.848 10251 10251 I MMKV    : <MemoryFile.cpp:203::mmap> mmap to address [0x72a54bc000], oldPtr [0x0], [/data/user_de/0/com.transsion.XOSLauncher/files/mmkv/icon_map.crc]
07-03 23:19:35.849  1076  1076 D LIGHTS  : func:write_int, path=/sys/class/backlight/sprd_backlight/brightness, value=1667
07-03 23:19:35.849 10251 10291 I MMKV    : <MMKV_IO.cpp:214::loadMetaInfoAndCheck> meta file [icon_map] has flag [0]
07-03 23:19:35.849  1286  1490 D refnotify: refnotify_parse_event: SOURCE = sysfs!
07-03 23:19:35.849  1286  1489 D refnotify: status : refnotify_sleep=0 
07-03 23:19:35.851 10251 10291 I MMKV    : <MMKV_IO.cpp:84::loadFromFile> loading [icon_map] with 27882 actual size, file size 32768, InterProcess 0, meta info version:4
07-03 23:19:35.852 10251 10291 I MMKV    : <MMKV_IO.cpp:89::loadFromFile> loading [icon_map] with crc 3812514397 sequence 492 version 4
07-03 23:19:35.853 10251 10291 I MMKV    : <MMKV_IO.cpp:133::loadFromFile> loaded [icon_map] with 73 key-values
07-03 23:19:35.854 10251 10251 I TranVersion: TranVersion static initializer: default = 35.3.9.1
07-03 23:19:35.854 10251 10251 I TranVersion:  debug = false, debug_version = 35.3.9.1
07-03 23:19:35.855 10251 10251 W libc    : Access denied finding property "ro.vendor.transched.support"
07-03 23:19:35.853 10251 10251 W ion.XOSLauncher: type=1400 audit(0.0:142618): avc:  denied  { read } for  name="u:object_r:vendor_transched_support_prop:s0" dev="tmpfs" ino=573 scontext=u:r:priv_app:s0:c512,c768 tcontext=u:object_r:vendor_transched_support_prop:s0 tclass=file permissive=0 app=com.transsion.XOSLauncher
07-03 23:19:35.855 10251 10251 W libc    : Access denied finding property "ro.vendor.powerdata.support"
07-03 23:19:35.857   358   358 I lowmemorykiller: Kill 'com.transsion.tranengine' (27649), uid 1000, oom_score_adj 800 to free 58568kB rss, 36756kB swap; reason: <swap is low>
07-03 23:19:35.857   358   358 I lowmemorykiller: TranMemoryInfo: kill time slice: 1316
07-03 23:19:35.857   358   358 I lowmemorykiller: TranMemoryInfo: kill stat: [0,0,0,0,0,0,0,0,0,0],14,0,0
07-03 23:19:35.860 10272 10272 D nativeloader: Configuring clns-7 for other apk /data/app/~~WTa5xZuS9mODZTYtZZYpTg==/com.google.android.webview-Q6sZyMG4zVs5i10fkaUFHw==/base.apk. target_sdk_version=36, uses_libraries=, library_path=/data/app/~~WTa5xZuS9mODZTYtZZYpTg==/com.google.android.webview-Q6sZyMG4zVs5i10fkaUFHw==/lib/arm64:/data/app/~~WTa5xZuS9mODZTYtZZYpTg==/com.google.android.webview-Q6sZyMG4zVs5i10fkaUFHw==/base.apk!/lib/arm64-v8a, permitted_path=/data:/mnt/expand:/data/user/0/com.google.android.webview
07-03 23:19:35.860  1520  1598 D tranpm/BehaviorManager: logLmkdKillOccurred: procName com.transsion.tranengine
07-03 23:19:35.864  1520  1882 I LightsService: HBM allowHbmMode=false,4095=true, lcd=true,brightness=0.37310714
07-03 23:19:35.865  1076  1076 D LIGHTS  : func:write_int, path=/sys/class/backlight/sprd_backlight/brightness, value=1528
07-03 23:19:35.866  1286  1490 D refnotify: refnotify_parse_event: SOURCE = sysfs!
07-03 23:19:35.866  1286  1489 D refnotify: status : refnotify_sleep=0 
07-03 23:19:35.867 10251 10291 W libc    : Access denied finding property "ro.vendor.tran_vib3_support"
07-03 23:19:35.867 10251 10291 W libc    : Access denied finding property "ro.vendor.tran_0012ir"
07-03 23:19:35.867 10251 10291 W libc    : Access denied finding property "ro.vendor.tran_vib3_support"
07-03 23:19:35.881  1520  1882 I LightsService: HBM allowHbmMode=false,4095=true, lcd=true,brightness=0.3421996
07-03 23:19:35.882  1076  1076 D LIGHTS  : func:write_int, path=/sys/class/backlight/sprd_backlight/brightness, value=1401
07-03 23:19:35.882  1286  1490 D refnotify: refnotify_parse_event: SOURCE = sysfs!
07-03 23:19:35.882  1286  1489 D refnotify: status : refnotify_sleep=0 
07-03 23:19:35.887 10272 10272 V GraphicsEnvironment: Currently set values for:
07-03 23:19:35.887 10272 10272 V GraphicsEnvironment:   angle_gl_driver_selection_pkgs=[]
07-03 23:19:35.887 10272 10272 V GraphicsEnvironment:   angle_gl_driver_selection_values=[]
07-03 23:19:35.887 10272 10272 V GraphicsEnvironment: Global.Settings values are invalid: number of packages: 0, number of values: 0
07-03 23:19:35.887 10272 10272 V GraphicsEnvironment: Neither updatable production driver nor prerelease driver is supported.
07-03 23:19:35.891 10272 10272 I LoadedApk: No resource references to update in package com.transsion.theme.icon
07-03 23:19:35.892 10272 10272 I cr_WebViewApkApp: version=149.0.7827.159 (782715903) minSdkVersion=29 processName=com.google.android.webview:webview_service splits=<none>
07-03 23:19:35.894 10272 10272 D os.SingleLiceFactory: using android.app.IActivityThreadLice$DefaultImpl@f716213 instead of com.transsion.activityembedding.ActivityEmbeddingLiceFactory  from android.app.IActivityThreadLice
07-03 23:19:35.895 21096 21101 I adbd    : opening control endpoint /dev/usb-ffs/adb/ep0
07-03 23:19:35.897 21096 21101 I adbd    : UsbFfsConnection constructed
07-03 23:19:35.898  1520  1882 I LightsService: HBM allowHbmMode=false,4095=true, lcd=true,brightness=0.31404132
07-03 23:19:35.898  1076  1076 D LIGHTS  : func:write_int, path=/sys/class/backlight/sprd_backlight/brightness, value=1286
07-03 23:19:35.899  1286  1490 D refnotify: refnotify_parse_event: SOURCE = sysfs!
07-03 23:19:35.900  1286  1489 D refnotify: status : refnotify_sleep=0 
07-03 23:19:35.902 21096 10296 I adbd    : UsbFfs-monitor thread spawned
07-03 23:19:35.906  1520  2928 I ActivityManager: Process com.transsion.tranengine (pid 27649) has died: svcb SVC 
07-03 23:19:35.908  1520  2928 D os.ActivityManagerServiceLice: make process inactive com.transsion.tranengine(27649)
07-03 23:19:35.909  1038  1038 I Zygote  : Process 27649 exited due to signal 9 (Killed)
07-03 23:19:35.909  1520  1598 I libprocessgroup: Removed cgroup /sys/fs/cgroup/uid_1000/pid_27649
07-03 23:19:35.911   358   358 I lowmemorykiller: Kill 'com.facebook.orca' (5382), uid 10277, oom_score_adj 800 to free 62924kB rss, 88848kB swap; reason: <swap is low>
07-03 23:19:35.916  1520  1882 I LightsService: HBM allowHbmMode=false,4095=true, lcd=true,brightness=0.28838778
07-03 23:19:35.917  1076  1076 D LIGHTS  : func:write_int, path=/sys/class/backlight/sprd_backlight/brightness, value=1181
07-03 23:19:35.918  1286  1490 D refnotify: refnotify_parse_event: SOURCE = sysfs!
07-03 23:19:35.918  1286  1489 D refnotify: status : refnotify_sleep=0 
07-03 23:19:35.920  1520  1598 D tranpm/BehaviorManager: logLmkdKillOccurred: procName com.facebook.orca
07-03 23:19:35.925  1520  2009 I Hiber/nativeServiceClient: check binder uid=10356
07-03 23:19:35.929  1520  1559 D SceneMonitor: onUidActive: Uid: 10152 name: com.google.android.webview
07-03 23:19:35.929  1520  1559 D SceneMonitor: Uid: 10152 UidStateChanged: 3
07-03 23:19:35.931  1520  1882 I LightsService: HBM allowHbmMode=false,4095=true, lcd=true,brightness=0.26501602
07-03 23:19:35.932  1076  1076 D LIGHTS  : func:write_int, path=/sys/class/backlight/sprd_backlight/brightness, value=1085
07-03 23:19:35.934  1286  1490 D refnotify: refnotify_parse_event: SOURCE = sysfs!
07-03 23:19:35.934  1286  1489 D refnotify: status : refnotify_sleep=0 
07-03 23:19:35.942 10251 10251 I MMKV    : <MemoryFile.cpp:98::open> open fd[0xc0], /data/user_de/0/com.transsion.XOSLauncher/files/mmkv/smart_widget_mmkv
07-03 23:19:35.942 10251 10251 I MMKV    : <MemoryFile.cpp:203::mmap> mmap to address [0x729a00b000], oldPtr [0x0], [/data/user_de/0/com.transsion.XOSLauncher/files/mmkv/smart_widget_mmkv]
07-03 23:19:35.942 10251 10251 I MMKV    : <MemoryFile.cpp:98::open> open fd[0xc1], /data/user_de/0/com.transsion.XOSLauncher/files/mmkv/smart_widget_mmkv.crc
07-03 23:19:35.942 10251 10251 I MMKV    : <MemoryFile.cpp:203::mmap> mmap to address [0x72a5400000], oldPtr [0x0], [/data/user_de/0/com.transsion.XOSLauncher/files/mmkv/smart_widget_mmkv.crc]
07-03 23:19:35.942 10251 10251 I MMKV    : <MMKV_IO.cpp:214::loadMetaInfoAndCheck> meta file [smart_widget_mmkv] has flag [0]
07-03 23:19:35.947 10251 10251 I MMKV    : <MMKV_IO.cpp:84::loadFromFile> loading [smart_widget_mmkv] with 11954 actual size, file size 65536, InterProcess 0, meta info version:4
07-03 23:19:35.947 10251 10251 I MMKV    : <MMKV_IO.cpp:89::loadFromFile> loading [smart_widget_mmkv] with crc 2720060616 sequence 367 version 4
07-03 23:19:35.947 10251 10251 I MMKV    : <MMKV_IO.cpp:133::loadFromFile> loaded [smart_widget_mmkv] with 3 key-values
07-03 23:19:35.947 10251 10251 I OsTheme-: setThemeLogSwitch: sLogStatus = false
07-03 23:19:35.948  1520  1882 I LightsService: HBM allowHbmMode=false,4095=true, lcd=true,brightness=0.24372324
07-03 23:19:35.948 10251 10251 W libc    : Access denied finding property "vendor.debug.app.wcg_on"
07-03 23:19:35.949  1076  1076 D LIGHTS  : func:write_int, path=/sys/class/backlight/sprd_backlight/brightness, value=998
07-03 23:19:35.950  1286  1490 D refnotify: refnotify_parse_event: SOURCE = sysfs!
07-03 23:19:35.950  1286  1489 D refnotify: status : refnotify_sleep=0 
07-03 23:19:35.956 10251 10268 D TranClassInfo: instance successfully. com.transsion.hubcore.provider.TranSettingsImpl@70e94ed from com.transsion.hubcore.provider.ITranSettings
07-03 23:19:35.957  1520  4790 D os.permission.PermissionInfo: checkPermission 10177:android.permission.WRITE_SECURE_SETTINGS:true
07-03 23:19:35.957  1520  4790 I os.permission: Grant permission: android.permission.WRITE_SECURE_SETTINGS to uid: 10177
07-03 23:19:35.958 10251 10268 D TrDBHelper: getLauncherPath->/data/user_de/0/com.transsion.XOSLauncher
07-03 23:19:35.959 10251 10268 I TrDBHelper: checkOldDBExists: dbFile->/data/user_de/0/com.transsion.XOSLauncher/backup/launcher.db,  exist->false
07-03 23:19:35.959 10251 10268 D IconStyleModel: initIconStyleData run: start
07-03 23:19:35.961 10251 10251 W launcher-loader: type=1400 audit(0.0:142619): avc:  denied  { read } for  name="u:object_r:qemu_hw_prop:s0" dev="tmpfs" ino=407 scontext=u:r:priv_app:s0:c512,c768 tcontext=u:object_r:qemu_hw_prop:s0 tclass=file permissive=0 app=com.transsion.XOSLauncher
07-03 23:19:35.965 10251 10268 W libc    : Access denied finding property "qemu.hw.mainkeys"
07-03 23:19:35.972 22508 22508 D BoundBrokerSvc: onUnbind: Intent { act=com.google.android.gms.backup.GMS_MODULE_RESTORE dat=chimera-action:/... cmp=com.google.android.gms/.chimera.GmsInternalBoundBrokerService }
07-03 23:19:35.975 10251 10251 D SuffixConfig-: getCountyCode country = _eg
07-03 23:19:35.976 10251 10268 D CompatChangeReporter: Compat change id reported: 270674727; UID 10177; state: ENABLED
07-03 23:19:35.979  1520  1882 I LightsService: HBM allowHbmMode=false,4095=true, lcd=true,brightness=0.22432442
07-03 23:19:35.979  1520  2889 D os.permission.PermissionInfo: checkPermission 10177:android.permission.READ_WALLPAPER_INTERNAL:true
07-03 23:19:35.979  1520  2889 I os.permission: Grant permission: android.permission.READ_WALLPAPER_INTERNAL to uid: 10177
07-03 23:19:35.980  1076  1076 D LIGHTS  : func:write_int, path=/sys/class/backlight/sprd_backlight/brightness, value=919
07-03 23:19:35.980  1286  1490 D refnotify: refnotify_parse_event: SOURCE = sysfs!
07-03 23:19:35.981  1286  1489 D refnotify: status : refnotify_sleep=0 
07-03 23:19:35.981  1520  1701 D AlarmManager: waitForAlarm result:8currentTime=1783109975981, elapsedRealtime=89330939
07-03 23:19:35.990  1520  1559 D SceneMonitor: Uid: 10152 UidStateChanged: 19
07-03 23:19:35.990  1520  1882 I LightsService: HBM allowHbmMode=false,4095=true, lcd=true,brightness=0.20665112
07-03 23:19:35.991  1076  1076 D LIGHTS  : func:write_int, path=/sys/class/backlight/sprd_backlight/brightness, value=846
07-03 23:19:35.992  1286  1490 D refnotify: refnotify_parse_event: SOURCE = sysfs!
07-03 23:19:35.992  1286  1489 D refnotify: status : refnotify_sleep=0 
07-03 23:19:36.000  1520  1701 D ActivityTaskManager: ActivityTaskManagerService setFromDynamicIslandToWindow packageName: com.google.android.gms
07-03 23:19:36.003  1520  1701 E TranDynamicBarAnimControllerImpl: TranDynamicBarAnimControllerImpl setFromDynamicIslandToWindow pkgName:com.google.android.gms
07-03 23:19:36.003  1520  1701 E TranDynamicBarAnimControllerImpl: start setFromDynamicIslandToWindow startFromDynamicIsland:false
07-03 23:19:36.003  1520  1701 E TranDynamicBarAnimControllerImpl: end setFromDynamicIslandToWindow mDynamicIslandPkgName:com.google.android.gms mStartFromDynamicIsland:false
07-03 23:19:36.004  1520  1882 I LightsService: HBM allowHbmMode=false,4095=true, lcd=true,brightness=0.19054991
07-03 23:19:36.005  1520  1701 D Griffin/filterReceiveBroadcast: not limit Intent { act=com.google.android.gms.gcm.ACTION_CHECK_QUEUE flg=0x14 pkg=com.google.android.gms cmp=com.google.android.gms/.gcm.nts.SchedulerInternalReceiver (has extras) } for resultTo not null
07-03 23:19:36.005  1076  1076 D LIGHTS  : func:write_int, path=/sys/class/backlight/sprd_backlight/brightness, value=780
07-03 23:19:36.005  1520  1701 V BroadcastQueue: Enqueuing BroadcastRecord{c40fed3 com.google.android.gms.gcm.ACTION_CHECK_QUEUE/u0} ordered=true from uid 10133 pid -1 for 1 receivers
07-03 23:19:36.006  1286  1490 D refnotify: refnotify_parse_event: SOURCE = sysfs!
07-03 23:19:36.006  1286  1489 D refnotify: status : refnotify_sleep=0 
07-03 23:19:36.015  1520  1701 D AlarmManager: sending alarm.type = 3, action = com.google.android.gms.gcm.ACTION_CHECK_QUEUE, alarm = Alarm{b558909 type 3 origWhen 89330939 whenElapsed 89330939 com.google.android.gms}, cn = ComponentInfo{com.google.android.gms/com.google.android.gms.gcm.nts.SchedulerInternalReceiver}, operation = PendingIntent{7377fef: PendingIntentRecord{3b3bc15 com.google.android.gms/com.google.android.gms.scheduler broadcastIntent}}, listener=null, listenerTag=null, workSource=WorkSource{10133 com.google.android.gms}
07-03 23:19:36.016  1520  1701 D AlarmManagerService: set alarm to kernel: 89354958000000, type=2
07-03 23:19:36.017  1520  1882 I LightsService: HBM allowHbmMode=false,4095=true, lcd=true,brightness=0.17588088
07-03 23:19:36.017  1076  1076 D LIGHTS  : func:write_int, path=/sys/class/backlight/sprd_backlight/brightness, value=720
07-03 23:19:36.019  1286  1489 D refnotify: status : refnotify_sleep=0 
07-03 23:19:36.019  1286  1490 D refnotify: refnotify_parse_event: SOURCE = sysfs!
07-03 23:19:36.023  1520  4790 D TranVerify: signValue = null ? : false,systemSign = null ? false, signValue = systemSign ? : false
07-03 23:19:36.025 22508 22520 I gle.android.gms: Background young concurrent mark compact GC freed 6320KB AllocSpace bytes, 38(9352KB) LOS objects, 25% free, 44MB/60MB, paused 847us,7.475ms total 70.112ms
07-03 23:19:36.027 10251 10268 D IconStyleModel: initStyleInfo: themeItemInfo = ThemeItemInfo{mType=0, mThemeIdStr='null', mThemeName='XOS', mThemePath='product/theme/Xtheme_X54/Xtheme_X54.apk', mThemeFileName='Xtheme_X54.apk', mThemeId=-99, mPreview=null, mUsing=false, mSysTheme=true, mDetailWidth=0, mDetailHeight=0, mIconStyle='null', mForceUseThemeBackground=false, mSpecialIconShapeThemeName='null', mThemeShapeMask='null', mSupportColoring=false, isGlobalTheme=false, mGlobalType=0, mVersion=0}
07-03 23:19:36.034  1520  2928 D BroadcastQueue: Receiver ResolveInfo{812b52f com.google.android.gms/.gcm.nts.SchedulerInternalReceiver m=0x0 userHandle=null} finished with BroadcastRecord{c40fed3 com.google.android.gms.gcm.ACTION_CHECK_QUEUE/u0} took 24ms
07-03 23:19:36.037  1520  1882 I LightsService: HBM allowHbmMode=false,4095=true, lcd=true,brightness=0.16251665
07-03 23:19:36.040  1076  1076 D LIGHTS  : func:write_int, path=/sys/class/backlight/sprd_backlight/brightness, value=666
07-03 23:19:36.041  1286  1489 D refnotify: status : refnotify_sleep=0 
07-03 23:19:36.042  1286  1490 D refnotify: refnotify_parse_event: SOURCE = sysfs!
07-03 23:19:36.048 10249 10249 W BpBinder: Linking to death on android.gui.ISurfaceComposer but there are no threads (yet?) listening to incoming transactions. See ProcessState::startThreadPool and ProcessState::setThreadPoolMaxThreadCount. Generally you should setup the binder threadpool before other initialization steps.
07-03 23:19:36.049  1520  1804 D ConnectivityService: releasing NetworkRequest [ REQUEST id=9454, [ Capabilities: INTERNET&NOT_RESTRICTED&TRUSTED&NOT_VCN_MANAGED&NOT_BANDWIDTH_CONSTRAINED Uid: 10277 RequestorUid: 10277 RequestorPkg: com.facebook.orca UnderlyingNetworks: Null] ] (release request)
07-03 23:19:36.050  1520  1804 D ConnectivityService: releasing NetworkRequest [ REQUEST id=9451, [ Capabilities: INTERNET&NOT_RESTRICTED&TRUSTED&NOT_VCN_MANAGED&NOT_BANDWIDTH_CONSTRAINED Uid: 10277 RequestorUid: 10277 RequestorPkg: com.facebook.orca UnderlyingNetworks: Null] ] (release request)
07-03 23:19:36.050 10249 10249 W ProcessState: Extra binder thread started, but 0 threads requested. Do not use *startThreadPool when zero threads are requested.
07-03 23:19:36.050  1520  1804 D ConnectivityService: releasing NetworkRequest [ REQUEST id=9449, [ Capabilities: INTERNET&NOT_RESTRICTED&TRUSTED&NOT_VCN_MANAGED&NOT_BANDWIDTH_CONSTRAINED Uid: 10277 RequestorUid: 10277 RequestorPkg: com.facebook.orca UnderlyingNetworks: Null] ] (release request)
07-03 23:19:36.051  1520  1882 I LightsService: HBM allowHbmMode=false,4095=true, lcd=true,brightness=0.15034118
07-03 23:19:36.052  1054 17190 I mali_gralloc: allocate: id=41e0000526f, halFormat=RGBA8888, maliFormat=RGBA8888, afbc=false, usage=CPU_RW|GPU_RW|HWC, size=720x1600(4608000), stride=720, name=screenshot, costTime=0ms365us231
07-03 23:19:36.052  1520  4351 I ActivityManager: Process com.facebook.orca (pid 5382) has died: svcb SVC 
07-03 23:19:36.053  1076  1076 D LIGHTS  : func:write_int, path=/sys/class/backlight/sprd_backlight/brightness, value=616
07-03 23:19:36.053  1100  1715 D mali_gralloc: register: id=41e0000526f, handle=0xb400007a4dcbec60, importpid=1100
07-03 23:19:36.053  1520  4351 D os.ActivityManagerServiceLice: make process inactive com.facebook.orca(5382)
07-03 23:19:36.054  1286  1489 D refnotify: status : refnotify_sleep=0 
07-03 23:19:36.054  1286  1490 D refnotify: refnotify_parse_event: SOURCE = sysfs!
07-03 23:19:36.058  1520  2889 V AlarmManager: set(PendingIntent{485a73c: PendingIntentRecord{a44acc5 com.google.android.gms/com.google.android.gms.container startService}}) : type=3 listener=null listenerTag=null workSource=null callingPackage=com.google.android.gms callingUid=10133 triggerAtTime=315449331013 win=3600000 tElapsed=315449331013 maxElapsed=315452931013 interval=0 flags=0x0
07-03 23:19:36.063  2039  2255 D TranSignalStrengthComponentImpl: [LTE] dbm: -107
07-03 23:19:36.063  2039  2255 D TranSignalStrengthComponentImpl: [LTE] dbm: -107
07-03 23:19:36.067  1520  1605 D TranSignalStrengthComponentImpl: [LTE] dbm: -107
07-03 23:19:36.067  1520  1605 D TranSignalStrengthComponentImpl: [LTE] dbm: -107
07-03 23:19:36.067  2013  2968 I TranPhoneInterfaceManager: MPSTCB - onSignalStrengthsChanged
07-03 23:19:36.068  2013  2968 D TranPhoneInterfaceManager: [onSignalStrengthsChanged]
07-03 23:19:36.068  2013  2968 D TranSmartAllocController: mDefaultDataSubId = 2  subId = 1
07-03 23:19:36.068  2013  2968 D TranSmartAllocController: mSupport = true  mBwAllocEnable = false mSimReady =true  mScreenOn =true
07-03 23:19:36.070  1520  1598 I libprocessgroup: Removed cgroup /sys/fs/cgroup/uid_10277/pid_5382
07-03 23:19:36.071  1038  1038 I Zygote  : Process 5382 exited due to signal 9 (Killed)
07-03 23:19:36.072  1520  1559 D DisplayManagerService: Drop pending events for gone uid 10277
07-03 23:19:36.074  1520  1559 D SceneMonitor: onUidGone: Uid: 10277 name: com.facebook.orca
07-03 23:19:36.075  1520  2772 I Hiber/stateManager: unfreeze uid: 10277 com.facebook.orca pids:[5382]  reason:MSG_UID_GONE   cpninfo: costTime=1ms ,last freeze 397s ago
07-03 23:19:36.075  1520  2006 I Hiber/appStateMachine: uid=10277, pkg=com.facebook.orca, transition from Frozen to Running, reason=MSG_UID_GONE
07-03 23:19:36.075  1520  1882 I LightsService: HBM allowHbmMode=false,4095=true, lcd=true,brightness=0.1392487
07-03 23:19:36.076  1520  2006 I Hiber/appStateMachine: uid:10277 exit FrozenState
07-03 23:19:36.076  1520  2006 I Hiber/appStateMachine: uid:10277 exit RunningState
07-03 23:19:36.077  1076  1076 D LIGHTS  : func:write_int, path=/sys/class/backlight/sprd_backlight/brightness, value=570
07-03 23:19:36.078  1286  1490 D refnotify: refnotify_parse_event: SOURCE = sysfs!
07-03 23:19:36.078  1286  1489 D refnotify: status : refnotify_sleep=0 
07-03 23:19:36.079  1520  2612 D SceneMonitor: handleMessage(MSG_PROCESS_STOP)
07-03 23:19:36.079  1520  2612 D SceneMonitor: com.facebook.orca[10277] gone
07-03 23:19:36.080  1520  2007 I Hiber/proxyManager: up_service: 10277
07-03 23:19:36.081  2039  2039 D TranSignalStrengthComponentImpl: [LTE] dbm: -107
07-03 23:19:36.082  1520  1882 I LightsService: HBM allowHbmMode=false,4095=true, lcd=true,brightness=0.12914293
07-03 23:19:36.083  1076  1076 D LIGHTS  : func:write_int, path=/sys/class/backlight/sprd_backlight/brightness, value=529
07-03 23:19:36.084  1286  1490 D refnotify: refnotify_parse_event: SOURCE = sysfs!
07-03 23:19:36.084  1286  1489 D refnotify: status : refnotify_sleep=0 
07-03 23:19:36.084  1520  2772 D Hiber/proxyWakeLock: remove uid: 10277 wiht all pids from wakelockUidInfo list
07-03 23:19:36.085  1520  4790 I TranVerify: uid's package list only has one name:com.transsion.XOSLauncher
07-03 23:19:36.085  1520  4790 D TranVerify: value = 2
07-03 23:19:36.088  1520  4790 I AppsFilter: interaction: PackageSetting{7eadace com.mohamedk.mathchallenge/10256} -> PackageSetting{689f6bf com.snapchat.android/10300} BLOCKED
07-03 23:19:36.091  1520  2889 D AlarmManagerService: set alarm to kernel: 89354958000000, type=2
07-03 23:19:36.092  1520  2007 D Hiber/alarmManagerServiceExtImpl: unproxyAlarms leave, uid=10277, packageName=drop
07-03 23:19:36.092  1520  2248 D ActivityManager: Skip enqueue broadcast because no receiver with Intent { act=android.intent.action.SIG_STR flg=0x10 (has extras) }
07-03 23:19:36.093  2013  2013 D TranSignalStrengthComponentImpl: [LTE] dbm: -107
07-03 23:19:36.094  2013  2013 D TranSignalStrengthComponentImpl: [LTE] dbm: -107
07-03 23:19:36.094  2013  2013 D TranSignalStrengthComponentImpl: [LTE] dbm: -107
07-03 23:19:36.094  2013  2013 D TranSignalStrengthComponentImpl: [LTE] dbm: -107
07-03 23:19:36.094  2013  2013 D TranSignalStrengthComponentImpl: [LTE] dbm: -107
07-03 23:19:36.095  2013  2588 D TranPhoneSwitcher: getNetworkType: 4G
07-03 23:19:36.095  2013  2588 I TranPhoneSwitcher: mOthersign:3subid :1
07-03 23:19:36.097  1520  1882 I LightsService: HBM allowHbmMode=false,4095=true, lcd=true,brightness=0.119936034
07-03 23:19:36.097  1076  1076 D LIGHTS  : func:write_int, path=/sys/class/backlight/sprd_backlight/brightness, value=491
07-03 23:19:36.098  1286  1489 D refnotify: status : refnotify_sleep=0 
07-03 23:19:36.099  1286  1490 D refnotify: refnotify_parse_event: SOURCE = sysfs!
07-03 23:19:36.110  1520  2248 D os.permission.PermissionInfo: checkPermission 10177:android.permission.INTERACT_ACROSS_USERS:true
07-03 23:19:36.110  1520  2248 I os.permission: Grant permission: android.permission.INTERACT_ACROSS_USERS to uid: 10177
07-03 23:19:36.117  1520  4439 I AppsFilter: interaction: PackageSetting{7eadace com.mohamedk.mathchallenge/10256} -> PackageSetting{689f6bf com.snapchat.android/10300} BLOCKED
07-03 23:19:36.127  1520  1882 I LightsService: HBM allowHbmMode=false,4095=true, lcd=true,brightness=0.11155023
07-03 23:19:36.126  1520  2889 D os.permission.PermissionInfo: checkPermission 10177:android.permission.INTERACT_ACROSS_USERS_FULL:true
07-03 23:19:36.128  1076  1076 D LIGHTS  : func:write_int, path=/sys/class/backlight/sprd_backlight/brightness, value=457
07-03 23:19:36.128  1520  2889 I os.permission: Grant permission: android.permission.INTERACT_ACROSS_USERS_FULL to uid: 10177
07-03 23:19:36.128  1520  2889 D TranSynchronousUserSwitchListeners: registerUserSwitchObserver :  realListener = com.transsion.hubsdk.app.ITranUserSwitchObserver$Stub$Proxy@4a3fb28
07-03 23:19:36.129  1286  1489 D refnotify: status : refnotify_sleep=0 
07-03 23:19:36.129  1286  1490 D refnotify: refnotify_parse_event: SOURCE = sysfs!
07-03 23:19:36.132  1520  1882 I LightsService: HBM allowHbmMode=false,4095=true, lcd=true,brightness=0.10393446
07-03 23:19:36.132  1076  1076 D LIGHTS  : func:write_int, path=/sys/class/backlight/sprd_backlight/brightness, value=426
07-03 23:19:36.133  1286  1489 D refnotify: status : refnotify_sleep=0 
07-03 23:19:36.133  1286  1490 D refnotify: refnotify_parse_event: SOURCE = sysfs!
07-03 23:19:36.136 10251 10257 W ion.XOSLauncher: ApkAssets: Deleting an ApkAssets object '<empty> and /tr_product/app/XOSLauncher_res_default.apk' with 1 weak references
07-03 23:19:36.148  1520  1882 I LightsService: HBM allowHbmMode=false,4095=true, lcd=true,brightness=0.09701223
07-03 23:19:36.148  1076  1076 D LIGHTS  : func:write_int, path=/sys/class/backlight/sprd_backlight/brightness, value=397
07-03 23:19:36.149  1286  1489 D refnotify: status : refnotify_sleep=0 
07-03 23:19:36.150  1286  1490 D refnotify: refnotify_parse_event: SOURCE = sysfs!
07-03 23:19:36.153 10249 10303 D mali_gralloc: register: id=41e0000526f, handle=0xb4000072a4a4c460, importpid=10249
07-03 23:19:36.154 10249 10303 W libc    : Access denied finding property "persist.vendor.gpu.ionmemtrack"
07-03 23:19:36.154 10249 10303 E mali_gralloc: initIonKernelMemtrack open device:/dev/systemheap failed, 13(Permission denied)
07-03 23:19:36.157 10249 10249 I DMABUFHEAPS: Using DMA-BUF heap named: protected
07-03 23:19:36.149 10249 10249 W binder:10249_1: type=1400 audit(0.0:142620): avc:  denied  { read write } for  name="systemheap" dev="tmpfs" ino=1233 scontext=u:r:shell:s0 tcontext=u:object_r:systemheap_device:s0 tclass=chr_file permissive=0
07-03 23:19:36.162 10251 10251 I RecentAnalytics#: init
07-03 23:19:36.164  1520  1882 I LightsService: HBM allowHbmMode=false,4095=true, lcd=true,brightness=0.09070943
07-03 23:19:36.164  1076  1076 D LIGHTS  : func:write_int, path=/sys/class/backlight/sprd_backlight/brightness, value=371
07-03 23:19:36.165  1286  1489 D refnotify: status : refnotify_sleep=0 
07-03 23:19:36.166  1286  1490 D refnotify: refnotify_parse_event: SOURCE = sysfs!
07-03 23:19:36.167 10251 10310 I RecentAnalytics#: init start...
07-03 23:19:36.165 22580 22580 W netscheduler-qu: type=1400 audit(0.0:142621): avc:  denied  { read } for  name="u:object_r:unipnp_prop:s0" dev="tmpfs" ino=482 scontext=u:r:gmscore_app:s0:c512,c768 tcontext=u:object_r:unipnp_prop:s0 tclass=file permissive=0 app=com.google.android.gms
07-03 23:19:36.169 22580 22727 W libc    : Access denied finding property "persist.unipnp.wakelock_upload.enabled"
07-03 23:19:36.171 10251 10265 I TrMorphManager: init TrMorphManager
07-03 23:19:36.179 10251 10265 D TPMSConfigProxy: SecTPMSConfigProxy registerObserver morph
07-03 23:19:36.179  1520  4439 V BroadcastQueue: Enqueuing BroadcastRecord{2a5e9ca android.net.conn.CONNECTIVITY_CHANGE/u-1} ordered=false from uid -1 pid -1 for 1 receivers
07-03 23:19:36.182  1520  1882 I LightsService: HBM allowHbmMode=false,4095=true, lcd=true,brightness=0.08496249
07-03 23:19:36.182 10251 10265 I TPMSConfigProxy: register observer config : morph, config list : [morph]
07-03 23:19:36.183  1076  1076 D LIGHTS  : func:write_int, path=/sys/class/backlight/sprd_backlight/brightness, value=348
07-03 23:19:36.183  1286  1490 D refnotify: refnotify_parse_event: SOURCE = sysfs!
07-03 23:19:36.184  1286  1489 D refnotify: status : refnotify_sleep=0 
07-03 23:19:36.184 10251 10268 E AconfigFlags: Failed to read Aconfig values from /vendor/etc/aconfig_flags.pb
07-03 23:19:36.184 10251 10268 E AconfigFlags: java.io.FileNotFoundException: /vendor/etc/aconfig_flags.pb: open failed: ENOENT (No such file or directory)
07-03 23:19:36.184 10251 10268 E AconfigFlags: 	at libcore.io.IoBridge.open(IoBridge.java:574)
07-03 23:19:36.184 10251 10268 E AconfigFlags: 	at java.io.FileInputStream.<init>(FileInputStream.java:179)
07-03 23:19:36.184 10251 10268 E AconfigFlags: 	at java.io.FileInputStream.<init>(FileInputStream.java:133)
07-03 23:19:36.184 10251 10268 E AconfigFlags: 	at com.android.internal.pm.pkg.component.AconfigFlags.<init>(AconfigFlags.java:84)
07-03 23:19:36.184 10251 10268 E AconfigFlags: 	at com.android.internal.pm.pkg.parsing.ParsingPackageUtils.<clinit>(ParsingPackageUtils.java:305)
07-03 23:19:36.184 10251 10268 E AconfigFlags: 	at com.android.internal.pm.parsing.PackageParser2.<init>(PackageParser2.java:99)
07-03 23:19:36.184 10251 10268 E AconfigFlags: 	at android.content.pm.PackageManager.getPackageArchiveInfo(PackageManager.java:8843)
07-03 23:19:36.184 10251 10268 E AconfigFlags: 	at android.content.pm.PackageManager.getPackageArchiveInfo(PackageManager.java:8816)
07-03 23:19:36.184 10251 10268 E AconfigFlags: 	at r6.f.X(SourceFile:26)
07-03 23:19:36.184 10251 10268 E AconfigFlags: 	at pb.c.g(SourceFile:30)
07-03 23:19:36.184 10251 10268 E AconfigFlags: 	at gf.g.c(SourceFile:6)
07-03 23:19:36.184 10251 10268 E AconfigFlags: 	at gf.g.<init>(SourceFile:96)
07-03 23:19:36.184 10251 10268 E AconfigFlags: 	at gf.t.S0(SourceFile:160)
07-03 23:19:36.184 10251 10268 E AconfigFlags: 	at gf.t.I0(SourceFile:47)
07-03 23:19:36.184 10251 10268 E AconfigFlags: 	at gf.m.run(SourceFile:410)
07-03 23:19:36.184 10251 10268 E AconfigFlags: 	at android.os.Handler.handleCallback(Handler.java:959)
07-03 23:19:36.184 10251 10268 E AconfigFlags: 	at android.os.Handler.dispatchMessage(Handler.java:100)
07-03 23:19:36.184 10251 10268 E AconfigFlags: 	at android.os.Looper.loopOnce(Looper.java:311)
07-03 23:19:36.184 10251 10268 E AconfigFlags: 	at android.os.Looper.loop(Looper.java:408)
07-03 23:19:36.184 10251 10268 E AconfigFlags: 	at android.os.HandlerThread.run(HandlerThread.java:85)
07-03 23:19:36.184 10251 10268 E AconfigFlags: Caused by: android.system.ErrnoException: open failed: ENOENT (No such file or directory)
07-03 23:19:36.184 10251 10268 E AconfigFlags: 	at libcore.io.Linux.open(Native Method)
07-03 23:19:36.184 10251 10268 E AconfigFlags: 	at libcore.io.ForwardingOs.open(ForwardingOs.java:579)
07-03 23:19:36.184 10251 10268 E AconfigFlags: 	at libcore.io.BlockGuardOs.open(BlockGuardOs.java:274)
07-03 23:19:36.184 10251 10268 E AconfigFlags: 	at libcore.io.ForwardingOs.open(ForwardingOs.java:579)
07-03 23:19:36.184 10251 10268 E AconfigFlags: 	at android.app.ActivityThread$AndroidOs.open(ActivityThread.java:9048)
07-03 23:19:36.184 10251 10268 E AconfigFlags: 	at libcore.io.IoBridge.open(IoBridge.java:560)
07-03 23:19:36.184 10251 10268 E AconfigFlags: 	... 19 more
07-03 23:19:36.202  1520  1882 I LightsService: HBM allowHbmMode=false,4095=true, lcd=true,brightness=0.07954351
07-03 23:19:36.202  1076  1076 D LIGHTS  : func:write_int, path=/sys/class/backlight/sprd_backlight/brightness, value=326
07-03 23:19:36.203  1286  1490 D refnotify: refnotify_parse_event: SOURCE = sysfs!
07-03 23:19:36.203  1520  4790 V BroadcastQueue: Enqueuing BroadcastRecord{f94c070 android.net.conn.CONNECTIVITY_CHANGE/u-1} ordered=false from uid -1 pid -1 for 1 receivers
07-03 23:19:36.205  1286  1489 D refnotify: status : refnotify_sleep=0 
07-03 23:19:36.216 10251 10268 D CompatChangeReporter: Compat change id reported: 312399441; UID 10177; state: ENABLED
07-03 23:19:36.226  1520  4790 D DisplayManagerService: supportedStates=[0]
07-03 23:19:36.227 10251 10255 W ion.XOSLauncher: Suspending all threads took: 5.340ms
07-03 23:19:36.233  1520  4790 D DisplayManagerService: possibleInfos={DisplayInfo{"شاشة مدمجة", displayId 0, displayGroupId 0, FLAG_SECURE, FLAG_SUPPORTS_PROTECTED_BUFFERS, FLAG_TRUSTED, real 720 x 1600, largest app 1600 x 1600, smallest app 720 x 720, appVsyncOff 1000000, presDeadline 20666667, mode 1, renderFrameRate 60.0, defaultMode 1, userPreferredModeId -1, supportedModes [{id=1, width=720, height=1600, fps=60.0, vsync=60.0, synthetic=false, alternativeRefreshRates=[90.0, 120.00001], supportedHdrTypes=[]}, {id=2, width=720, height=1600, fps=120.00001, vsync=120.00001, synthetic=false, alternativeRefreshRates=[60.0, 90.0], supportedHdrTypes=[]}, {id=3, width=720, height=1600, fps=90.0, vsync=90.0, synthetic=false, alternativeRefreshRates=[60.0, 120.00001], supportedHdrTypes=[]}], appsSupportedModes [{id=1, width=720, height=1600, fps=60.0, vsync=60.0, synthetic=false, alternativeRefreshRates=[90.0, 120.00001], supportedHdrTypes=[]}, {id=2, width=720, height=1600, fps=120.00001, vsync=120.00001, synthetic=false, alternativeRefreshRates=[60.0, 90.0], supportedHdrTypes=[]}, {id=3, width=720, height=1600, fps=90.0, vsync=90.0, synthetic=false, alternativeRefreshRates=[60.0, 120.00001], supportedHdrTypes=[]}], hdrCapabilities HdrCapabilities{mSupportedHdrTypes=[], mMaxLuminance=500.0, mMaxAverageLuminance=500.0, mMinLuminance=0.0}, userDisabledHdrTypes [], minimalPostProcessingSupported false, rotation 0, state ON, committedState ON, type INTERNAL, uniqueId "local:4619827259835644672", app 720 x 1600, density 280 (265.043 x 262.193) dpi, layerStack 0, colorMode 0, supportedColorModes [0], address {port=0, model=0x401cec6a7a2b7b}, deviceProductInfo DeviceProductInfo{name=EMU_display_0, manufacturerPnpId=GGL, productId=1, modelYear=null, manufactureDate=ManufactureDate{week=27, year=2006}, connectionToSinkType=0}, removeMode 0, refreshRateOverride 0.0, brightnessMinimum 0.0, brightnessMaximum 1.0, brightnessDefault 0.19951515, installOrientation ROTATION_0, layoutLimitedRefreshRate null, hdrSdrRatio not_available, thermalRefreshRateThrottling {3=(0.0 90.0), 4=(0.0 60.0)}, thermalBrightnessThrottlingDataId default}}
07-03 23:19:36.235  1520  1882 I LightsService: HBM allowHbmMode=false,4095=true, lcd=true,brightness=0.07429458
07-03 23:19:36.236  1076  1076 D LIGHTS  : func:write_int, path=/sys/class/backlight/sprd_backlight/brightness, value=304
07-03 23:19:36.236  1286  1490 D refnotify: refnotify_parse_event: SOURCE = sysfs!
07-03 23:19:36.236  1286  1489 D refnotify: status : refnotify_sleep=0 
07-03 23:19:36.240  3593  7549 W MediaProvider: isAppCloneUserPair for user 0: false
07-03 23:19:36.244 10251 10251 D os.SingleLice: instance successfully. com.transsion.whitenavigation.v1.WhiteNavigationLice@7145194 from com.transsion.whitenavigation.WhiteNavigationLiceFactory
07-03 23:19:36.244 10251 10251 D os.SingleLiceFactory: instance successfully. com.transsion.whitenavigation.v1.WhiteNavigationLice@7145194 from com.android.internal.IInternalViewLice
07-03 23:19:36.245 10251 10251 D os.SingleLiceFactory: using com.android.internal.IInternalViewLice$DefaultImpl@bec9432 instead of com.transsion.screenshothelper.ScreenShotHelperImplLiceFactory  from com.android.internal.IInternalViewLice
07-03 23:19:36.246 10251 10251 D os.SingleLiceFactory: using com.android.internal.IInternalViewLice$DefaultImpl@bec9432 instead of com.transsion.flamboyant.FlamboyantLiceFactory  from com.android.internal.IInternalViewLice
07-03 23:19:36.246 10251 10251 D os.LiceInfo: instance successfully. com.transsion.internal.InternalViewLice@98e8583 from com.android.internal.IInternalViewLice
07-03 23:19:36.247 10251 10251 D os.SingleLiceFactory: instance successfully. com.transsion.widget.v3.FloatingToolbarLice@15f25e4 from com.android.internal.IInternalViewLice
07-03 23:19:36.251  1520  1882 I LightsService: HBM allowHbmMode=false,4095=true, lcd=true,brightness=0.0642955
07-03 23:19:36.251  1076  1076 D LIGHTS  : func:write_int, path=/sys/class/backlight/sprd_backlight/brightness, value=263
07-03 23:19:36.252  1286  1490 D refnotify: refnotify_parse_event: SOURCE = sysfs!
07-03 23:19:36.255  1286  1489 D refnotify: status : refnotify_sleep=0 
07-03 23:19:36.255   443  9300 I keystore2: system/security/keystore2/src/security_level.rs:234 - create_operation start
07-03 23:19:36.255   443  9300 I keystore2: system/security/keystore2/src/security_level.rs:236 - caller_pid=10251
07-03 23:19:36.255   443  9300 I keystore2: system/security/keystore2/src/security_level.rs:237 - caller_uid=10177
07-03 23:19:36.255   443  9300 I keystore2: system/security/keystore2/src/security_level.rs:238 - forced=false
07-03 23:19:36.255   443  9300 I keystore2: system/security/keystore2/src/security_level.rs:239 - key.domain=r#KEY_ID
07-03 23:19:36.255   443  9300 I keystore2: system/security/keystore2/src/security_level.rs:240 - key.alias=None
07-03 23:19:36.255   443  9300 I keystore2: system/security/keystore2/src/security_level.rs:276 - with_try_import start
07-03 23:19:36.257   443  9300 I keystore2: system/security/keystore2/src/security_level.rs:298 - with_try_import end
07-03 23:19:36.257   443  9300 I keystore2: system/security/keystore2/src/security_level.rs:332 - authorize_create start
07-03 23:19:36.257   443  9300 I keystore2: system/security/keystore2/src/security_level.rs:343 - authorize_create end
07-03 23:19:36.257   443  9300 I keystore2: system/security/keystore2/src/security_level.rs:344 - unwrap_key_if_required start
07-03 23:19:36.257   443  9300 I keystore2: system/security/keystore2/src/security_level.rs:353 - unwrap_key_if_required end
