07-03 23:27:15.169  1520  2007 D Hiber/alarmManagerServiceExtImpl: unproxyAlarms leave, uid=10264, packageName=null
07-03 23:27:15.343  1520  1799 D TranWifiTputMonitor: WIFI: TX: 34 RX: 5 TOTAL = 39
07-03 23:27:15.343  1520  1799 D TranWifiTputMonitor: High Tput: false, TOTAL TPUT: 39
07-03 23:27:15.351 21096 15664 W adbd    : timed out while waiting for FUNCTIONFS_BIND, trying again
07-03 23:27:15.351 21096 15664 I adbd    : UsbFfs: connection terminated: monitor thread finished
07-03 23:27:15.352 21096 21096 I adbd    : UsbFfs: already offline
07-03 23:27:15.352 21096 21096 I adbd    : destroying transport UsbFfs
07-03 23:27:15.352 21096 21096 I adbd    : UsbFfsConnection being destroyed
07-03 23:27:15.387  1520  1603 D tranpm/BehaviorManager: onMemPressureChange : level 0
07-03 23:27:15.399 21096 21101 I adbd    : opening control endpoint /dev/usb-ffs/adb/ep0
07-03 23:27:15.401 21096 21101 I adbd    : UsbFfsConnection constructed
07-03 23:27:15.402 21096 15673 I adbd    : UsbFfs-monitor thread spawned
07-03 23:27:15.770  1520  1800 D TranWifiSmartAssistantController: start current network monitor 
07-03 23:27:15.771  1520  1800 D TranWifiSmartAssistantController: userIgnored :false isScoredCurrentNetwork :true
07-03 23:27:15.771  1520  1800 D TranWifiSmartAssistantController: mCurrentNetwork :113 SSID :"Airtel_Zerotouch"
07-03 23:27:15.773  1520  1800 D WifiNetworkQuality: current rssi is sufficient
07-03 23:27:15.774  1520  1800 D TranWifiSmartAssistantController: mNoCandidateCount : -1
07-03 23:27:15.774  1520  1800 D TranWifiSmartAssistantController: ====>>rssi :-39
07-03 23:27:15.774  1520  1800 I WifiNetworkQuality: tput greater than NO_INTERNET_TRAFFIC
07-03 23:27:15.774 22508 22508 D BoundBrokerSvc: onUnbind: Intent { act=com.google.android.gms.backup.GMS_MODULE_RESTORE dat=chimera-action:/... cmp=com.google.android.gms/.chimera.GmsInternalBoundBrokerService }
07-03 23:27:15.788  1520  2006 I Hiber/importantScene: isTrafficActive uid:10169 speed :0
07-03 23:27:15.788  1520  2006 I Hiber/appStateMachine: uid:10169 enter FrozenState
07-03 23:27:15.791  1520  2006 I Hiber/stateManager: freeze uid: 10169 com.transsion.phonemaster costTime=3ms ,last unfreeze 5s ago
07-03 23:27:15.791  1520  2007 I Hiber/hiber: msg for start proxy frozen state
07-03 23:27:15.791  1520  2007 D ActivityManager: Hiber try idle uid[10169] by hiber ,bgTime>0 ? true,isIdled before ? true ,isCurAllowListed ? false ,isProcStateBackground?true
07-03 23:27:15.791  1520  2007 D ActivityManager: Hiber try idle uid[10169] by hiber
07-03 23:27:15.792  1520  2007 I Hiber/proxyManager: p_service: 10169
07-03 23:27:15.792  1520  2007 I Hiber/hiber: proxy alarm (uid=١٠١٦٩, pkgName=com.transsion.phonemaster)
07-03 23:27:15.792  1520  2007 I Hiber/proxyManager: p_alarm: uid=10169, pkgName=com.transsion.phonemaster
07-03 23:27:15.792  1520  2007 D AlarmManagerService: set alarm to kernel: 89834958000000, type=2
07-03 23:27:15.792  1520  2007 D AlarmManagerService: set alarm to kernel: 89831692000000, type=3
07-03 23:27:15.792  1520  2007 D Hiber/alarmManagerServiceExtImpl: proxyAlarms, alarm=Alarm{143c561 type 1 origWhen 1783117675716 whenElapsed 97035675 com.transsion.phonemaster}
07-03 23:27:15.792  1520  2007 D Hiber/alarmManagerServiceExtImpl: proxyAlarms, alarm=Alarm{a04c886 type 1 origWhen 1783193335718 whenElapsed 172690676 com.transsion.phonemaster}
07-03 23:27:15.792  1520  2007 D Hiber/alarmManagerServiceExtImpl: proxyAlarms leave, uid=10169, packageName=com.transsion.phonemaster
07-03 23:27:15.793  1520  1559 D SceneMonitor: onUidIdle: Uid: 10169 name: com.transsion.phonemaster
07-03 23:27:15.793  1520  2612 D SceneMonitor: handleMessage(MSG_PROCESS_STOP)
07-03 23:27:15.794  1520  2612 D SceneMonitor: com.transsion.phonemaster[10169] gone
07-03 23:27:15.798  1062  1062 I EnhanceAIDL: enhance could not find the type in device map
07-03 23:27:15.808  1520  2009 I Hiber/nativeServiceClient: check binder uid=10142
07-03 23:27:15.900  1520  2006 I Hiber/importantScene: isTrafficActive uid:10267 speed :0
07-03 23:27:15.901  1520  2006 I Hiber/appStateMachine: uid:10267 enter FrozenState
07-03 23:27:15.903  1520  2006 I Hiber/stateManager: freeze uid: 10267 com.instagram.lite costTime=1ms ,last unfreeze 5s ago
07-03 23:27:15.903  1520  2006 I Hiber/restrictionPolicy: uid:10267  pkgName:com.instagram.lite isAllowedNet
07-03 23:27:15.903  1520  2009 I Hiber/nativeServiceClient: watch app network uid=10267, persistent=0
07-03 23:27:15.904  1520  2007 I Hiber/hiber: msg for start proxy frozen state
07-03 23:27:15.904  1520  2007 D ActivityManager: Hiber try idle uid[10267] by hiber ,bgTime>0 ? true,isIdled before ? true ,isCurAllowListed ? false ,isProcStateBackground?true
07-03 23:27:15.904  1520  2007 D ActivityManager: Hiber try idle uid[10267] by hiber
07-03 23:27:15.904  1520  2007 I Hiber/proxyManager: p_service: 10267
07-03 23:27:15.904  1520  2007 I Hiber/hiber: proxy alarm (uid=١٠٢٦٧, pkgName=com.instagram.lite)
07-03 23:27:15.905  1520  2007 I Hiber/proxyManager: p_alarm: uid=10267, pkgName=com.instagram.lite
07-03 23:27:15.905  1520  2772 D ActivityManager: Hiber/checkExecutingCmp=receiver
07-03 23:27:15.905  1520  2007 D AlarmManagerService: set alarm to kernel: 89834958000000, type=2
07-03 23:27:15.905  1520  2007 D AlarmManagerService: set alarm to kernel: 89831692000000, type=3
07-03 23:27:15.905  1520  2007 D Hiber/alarmManagerServiceExtImpl: proxyAlarms, alarm=Alarm{58d6da3 type 2 origWhen 90383668 whenElapsed 90383668 com.instagram.lite}
07-03 23:27:15.905  1520  2007 D Hiber/alarmManagerServiceExtImpl: proxyAlarms, alarm=Alarm{3b188a0 type 2 origWhen 90383675 whenElapsed 90383675 com.instagram.lite}
07-03 23:27:15.905  1520  2007 D Hiber/alarmManagerServiceExtImpl: proxyAlarms, alarm=Alarm{5f81c59 type 2 origWhen 101123697 whenElapsed 101128698 com.instagram.lite}
07-03 23:27:15.905  1520  2007 D Hiber/alarmManagerServiceExtImpl: proxyAlarms, alarm=Alarm{5d75153 type 1 origWhen 1783144876937 whenElapsed 124231895 com.instagram.lite}
07-03 23:27:15.905  1520  2007 D Hiber/alarmManagerServiceExtImpl: proxyAlarms, alarm=Alarm{91d601e type 2 origWhen 129923682 whenElapsed 129923682 com.instagram.lite}
07-03 23:27:15.905  1520  2007 D Hiber/alarmManagerServiceExtImpl: proxyAlarms, alarm=Alarm{9ff40ff type 2 origWhen 173123690 whenElapsed 173128690 com.instagram.lite}
07-03 23:27:15.905  1520  2007 D Hiber/alarmManagerServiceExtImpl: proxyAlarms leave, uid=10267, packageName=com.instagram.lite
07-03 23:27:15.906  1520  1559 D SceneMonitor: onUidIdle: Uid: 10267 name: com.instagram.lite
07-03 23:27:15.906  1520  2772 I Hiber/stateManager: unfreeze uid: 10267 com.instagram.lite pids:[13364, 13364]  reason:executingComponent   cpninfo: costTime=1ms ,last freeze 0s ago
07-03 23:27:15.906  1520  2612 D SceneMonitor: handleMessage(MSG_PROCESS_STOP)
07-03 23:27:15.906  1520  2612 D SceneMonitor: com.instagram.lite[10267] gone
07-03 23:27:15.906  1520  2006 I Hiber/appStateMachine: uid=10267, pkg=com.instagram.lite, transition from Frozen to Running, reason=executingComponent
07-03 23:27:15.907  1520  2006 I Hiber/appStateMachine: uid:10267 exit FrozenState
07-03 23:27:15.907  1520  2007 I Hiber/proxyManager: up_service: 10267
07-03 23:27:15.907  1520  2007 D AlarmManagerService: set alarm to kernel: 89834958000000, type=2
07-03 23:27:15.907  1520  2007 D AlarmManagerService: set alarm to kernel: 89831692000000, type=3
07-03 23:27:15.907  1520  2007 D Hiber/alarmManagerServiceExtImpl: unproxyAlarms, alarm=Alarm{58d6da3 type 2 origWhen 90383668 whenElapsed 90383668 com.instagram.lite}
07-03 23:27:15.907  1520  2007 D Hiber/alarmManagerServiceExtImpl: unproxyAlarms, alarm=Alarm{3b188a0 type 2 origWhen 90383675 whenElapsed 90383675 com.instagram.lite}
07-03 23:27:15.907  1520  2007 D Hiber/alarmManagerServiceExtImpl: unproxyAlarms, alarm=Alarm{5f81c59 type 2 origWhen 101123697 whenElapsed 101128698 com.instagram.lite}
07-03 23:27:15.907  1520  2007 D Hiber/alarmManagerServiceExtImpl: unproxyAlarms, alarm=Alarm{5d75153 type 1 origWhen 1783144876937 whenElapsed 124231895 com.instagram.lite}
07-03 23:27:15.907  1520  2007 D Hiber/alarmManagerServiceExtImpl: unproxyAlarms, alarm=Alarm{91d601e type 2 origWhen 129923682 whenElapsed 129923682 com.instagram.lite}
07-03 23:27:15.907  1520  2007 D Hiber/alarmManagerServiceExtImpl: unproxyAlarms, alarm=Alarm{9ff40ff type 2 origWhen 173123690 whenElapsed 173128690 com.instagram.lite}
07-03 23:27:15.907  1520  2007 D Hiber/alarmManagerServiceExtImpl: unproxyAlarms leave, uid=10267, packageName=null
07-03 23:27:15.999  1062  1062 I EnhanceAIDL: enhance could not find the type in device map
07-03 23:27:16.058  2039  2255 D TranSignalStrengthComponentImpl: [LTE] dbm: -110
07-03 23:27:16.058  2039  2255 D TranSignalStrengthComponentImpl: [LTE] dbm: -110
07-03 23:27:16.058  1520  1605 D TranSignalStrengthComponentImpl: [LTE] dbm: -110
07-03 23:27:16.058  1520  1605 D TranSignalStrengthComponentImpl: [LTE] dbm: -110
07-03 23:27:16.058  2013  2968 I TranPhoneInterfaceManager: MPSTCB - onSignalStrengthsChanged
07-03 23:27:16.059  2013  2968 D TranPhoneInterfaceManager: [onSignalStrengthsChanged]
07-03 23:27:16.059  2013  2968 D TranSmartAllocController: mDefaultDataSubId = 2  subId = 1
07-03 23:27:16.059  2013  2968 D TranSmartAllocController: mSupport = true  mBwAllocEnable = false mSimReady =true  mScreenOn =true
07-03 23:27:16.059  1520  4440 D ActivityManager: Skip enqueue broadcast because no receiver with Intent { act=android.intent.action.SIG_STR flg=0x10 (has extras) }
07-03 23:27:16.059  2039  2039 D TranSignalStrengthComponentImpl: [LTE] dbm: -110
07-03 23:27:16.060  2013  2013 D TranSignalStrengthComponentImpl: [LTE] dbm: -110
07-03 23:27:16.060  2013  2013 D TranSignalStrengthComponentImpl: [LTE] dbm: -108
07-03 23:27:16.060  2013  2013 D TranSignalStrengthComponentImpl: [LTE] dbm: -110
07-03 23:27:16.060  2013  2013 D TranSignalStrengthComponentImpl: [LTE] dbm: -110
07-03 23:27:16.060  2013  2013 D TranSignalStrengthComponentImpl: [LTE] dbm: -110
07-03 23:27:16.061  2013  2013 D AftersaleLogController: updateSignalDurationStartTime signalStrength: {=6982, t6=176650, t7=13280, t8=59, t9=938, t20=1001, t12=137031, t23=21090846, t11=662728, t25=23880404, t14=3540996, t24=4856321, t13=3418723, t16=13496090, t26=39304940, t15=2770550, t18=23254289, t17=12834176, t19=8268429} ,4G rsrp: -110
07-03 23:27:16.061  2013  2588 D TranPhoneSwitcher: getNetworkType: 4G
07-03 23:27:16.061  2013  2588 I TranPhoneSwitcher: mOthersign:2subid :1
07-03 23:27:16.199  1062  1062 I EnhanceAIDL: enhance could not find the type in device map
07-03 23:27:16.389  1520  1603 D tranpm/BehaviorManager: onMemPressureChange : level 0
07-03 23:27:16.402  1520  1792 D WifiStaIfaceHidlImpl: getCachedScanData is not implemented by HIDL
07-03 23:27:16.403 21096 15673 W adbd    : timed out while waiting for FUNCTIONFS_BIND, trying again
07-03 23:27:16.403 21096 15673 I adbd    : UsbFfs: connection terminated: monitor thread finished
07-03 23:27:16.403 21096 21096 I adbd    : UsbFfs: already offline
07-03 23:27:16.403 21096 21096 I adbd    : destroying transport UsbFfs
07-03 23:27:16.403 21096 21096 I adbd    : UsbFfsConnection being destroyed
07-03 23:27:16.464 21096 21101 I adbd    : opening control endpoint /dev/usb-ffs/adb/ep0
07-03 23:27:16.465 21096 21101 I adbd    : UsbFfsConnection constructed
07-03 23:27:16.466 21096 15674 I adbd    : UsbFfs-monitor thread spawned
07-03 23:27:16.510 15623 15627 I oid.apps.photos: Background concurrent mark compact GC freed 4769KB AllocSpace bytes, 10(592KB) LOS objects, 66% free, 6277KB/18MB, paused 2.247ms,4.230ms total 109.424ms
07-03 23:27:16.578  1520  1681 W SensorService: Dropping 1 cached events (100/100) to save 1/1 new events. 211 events previously dropped
07-03 23:27:16.745  1520  2928 V BroadcastQueue: Enqueuing BroadcastRecord{5f7f4cc Intent { flg=0x10 cmp=com.instagram.lite/com.facebook.lite.KeepWarmReceiver (has extras) }/u0} ordered=false from uid 10267 pid 13364 for 1 receivers
07-03 23:27:16.792  1520  2009 I Hiber/nativeServiceClient: check binder uid=10169
07-03 23:27:16.907  1520  1603 D tranpm/BehaviorManager: onMemPressureChange : level 1
07-03 23:27:17.015  1520  1603 D tranpm/BehaviorManager: onMemPressureChange : level 2
07-03 23:27:17.061  2013  2968 I TranPhoneInterfaceManager: MPSTCB - onSignalStrengthsChanged
07-03 23:27:17.061  2013  2968 D TranPhoneInterfaceManager: [onSignalStrengthsChanged]
07-03 23:27:17.061  2013  2968 D TranSmartAllocController: mDefaultDataSubId = 2  subId = 2
07-03 23:27:17.061  2013  2968 D TranSmartAllocController: mSupport = true  mBwAllocEnable = false mSimReady =true  mScreenOn =true
07-03 23:27:17.061  2039  2255 D TranSignalStrengthComponentImpl: [LTE] dbm: -108
07-03 23:27:17.061  2013  2968 D TranSmartAllocController: mDataAvailable = false  mInService = true  cellSignalStrengthList = [CellSignalStrengthLte: rssi=-51 rsrp=-108 rsrq=-19 rssnr=6 cqiTableIndex=2147483647 cqi=2147483647 ta=2147483647 level=3 parametersUseForLevel=0]
07-03 23:27:17.061  2039  2255 D TranSignalStrengthComponentImpl: [LTE] dbm: -108
07-03 23:27:17.062  2039  2039 D TranSignalStrengthComponentImpl: [LTE] dbm: -108
07-03 23:27:17.062  1520  2928 D ActivityManager: Skip enqueue broadcast because no receiver with Intent { act=android.intent.action.SIG_STR flg=0x10 (has extras) }
07-03 23:27:17.062  1520  1605 D TranSignalStrengthComponentImpl: [LTE] dbm: -108
07-03 23:27:17.062  1520  1605 D TranSignalStrengthComponentImpl: [LTE] dbm: -108
07-03 23:27:17.062  2013  2013 D TranSignalStrengthComponentImpl: [LTE] dbm: -108
07-03 23:27:17.063  2013  2013 D TranSignalStrengthComponentImpl: [LTE] dbm: -108
07-03 23:27:17.063  2013  2013 D TranSignalStrengthComponentImpl: [LTE] dbm: -108
07-03 23:27:17.063  2013  2013 D TranSignalStrengthComponentImpl: [LTE] dbm: -108
07-03 23:27:17.063  2013  2013 D TranSignalStrengthComponentImpl: [LTE] dbm: -108
07-03 23:27:17.063  2013  2013 D AftersaleLogController: updateSignalDurationStartTime signalStrength: {=5237, t5=1030, t6=176808, t7=8914, t8=3095, t9=928, t20=989, t12=28537, t23=7645456, t11=87, t25=16615597, t14=3536200, t24=6819935, t13=1137557, t16=13610952, t26=58047444, t15=2449863, t18=43770023, t17=12383593, t19=4912932} ,4G rsrp: -108
07-03 23:27:17.064  2013  2588 D TranPhoneSwitcher: getNetworkType: 4G
07-03 23:27:17.064  2013  2588 I TranPhoneSwitcher: mDefaultsign:2subid :2
07-03 23:27:17.065  2013  2968 I TranPhoneInterfaceManager: MPSTCB - onSignalStrengthsChanged
07-03 23:27:17.065  2013  2968 D TranPhoneInterfaceManager: [onSignalStrengthsChanged]
07-03 23:27:17.065  2013  2968 D TranSmartAllocController: mDefaultDataSubId = 2  subId = 1
07-03 23:27:17.065  2013  2968 D TranSmartAllocController: mSupport = true  mBwAllocEnable = false mSimReady =true  mScreenOn =true
07-03 23:27:17.065  2039  2255 D TranSignalStrengthComponentImpl: [LTE] dbm: -108
07-03 23:27:17.065  2039  2255 D TranSignalStrengthComponentImpl: [LTE] dbm: -108
07-03 23:27:17.066  2039  2039 D TranSignalStrengthComponentImpl: [LTE] dbm: -108
07-03 23:27:17.066  1520  1605 D TranSignalStrengthComponentImpl: [LTE] dbm: -108
07-03 23:27:17.066  1520  1605 D TranSignalStrengthComponentImpl: [LTE] dbm: -108
07-03 23:27:17.067  1520  2928 D ActivityManager: Skip enqueue broadcast because no receiver with Intent { act=android.intent.action.SIG_STR flg=0x10 (has extras) }
07-03 23:27:17.068  2013  2013 D TranSignalStrengthComponentImpl: [LTE] dbm: -108
07-03 23:27:17.068  2013  2013 D TranSignalStrengthComponentImpl: [LTE] dbm: -108
07-03 23:27:17.068  2013  2013 D TranSignalStrengthComponentImpl: [LTE] dbm: -108
07-03 23:27:17.068  2013  2013 D TranSignalStrengthComponentImpl: [LTE] dbm: -108
07-03 23:27:17.068  2013  2013 D TranSignalStrengthComponentImpl: [LTE] dbm: -108
07-03 23:27:17.069  2013  2588 D TranPhoneSwitcher: getNetworkType: 4G
07-03 23:27:17.069  2013  2588 I TranPhoneSwitcher: mOthersign:2subid :1
07-03 23:27:17.112 15623 15627 I oid.apps.photos: Background young concurrent mark compact GC freed 10MB AllocSpace bytes, 0(0B) LOS objects, 57% free, 7957KB/18MB, paused 3.410ms,4.336ms total 132.847ms
07-03 23:27:17.467 21096 15674 W adbd    : timed out while waiting for FUNCTIONFS_BIND, trying again
07-03 23:27:17.467 21096 15674 I adbd    : UsbFfs: connection terminated: monitor thread finished
07-03 23:27:17.467 21096 21096 I adbd    : UsbFfs: already offline
07-03 23:27:17.467 21096 21096 I adbd    : destroying transport UsbFfs
07-03 23:27:17.467 21096 21096 I adbd    : UsbFfsConnection being destroyed
07-03 23:27:17.512 21096 21101 I adbd    : opening control endpoint /dev/usb-ffs/adb/ep0
07-03 23:27:17.513 21096 21101 I adbd    : UsbFfsConnection constructed
07-03 23:27:17.513 21096 15677 I adbd    : UsbFfs-monitor thread spawned
07-03 23:27:17.600  1062  1062 I EnhanceAIDL: enhance could not find the type in device map
07-03 23:27:17.667  1520  1592 I ActivityManager: Test idle failed due to 625efc0 1520:system/1000 runnable at -2m5s395ms because PERSISTENT
07-03 23:27:17.693  1520  2928 W UriGrantsManagerService: No permission grants found for com.google.android.apps.photos
07-03 23:27:17.694  1520  2928 W UriGrantsManagerService: No permission grants found for com.google.android.apps.photos
07-03 23:27:17.720 15623 15633 D FdLeakLice: FdLeakCheck app is not systemapp!!!
07-03 23:27:17.737  1520  2006 I Hiber/importantScene: isTrafficActive uid:10294 speed :0
07-03 23:27:17.738  1520  2006 I Hiber/appStateMachine: uid:10294 enter FrozenState
07-03 23:27:17.739  1520  2006 I Hiber/stateManager: freeze uid: 10294 com.google.android.apps.photos costTime=1ms ,last unfreeze 15s ago
07-03 23:27:17.740  1520  2007 I Hiber/hiber: msg for start proxy frozen state
07-03 23:27:17.740  1520  2007 D ActivityManager: Hiber try idle uid[10294] by hiber ,bgTime>0 ? true,isIdled before ? true ,isCurAllowListed ? false ,isProcStateBackground?true
07-03 23:27:17.740  1520  2007 D ActivityManager: Hiber try idle uid[10294] by hiber
07-03 23:27:17.740  1520  2007 I Hiber/proxyManager: p_service: 10294
07-03 23:27:17.740  1520  2007 I Hiber/hiber: proxy alarm (uid=١٠٢٩٤, pkgName=com.google.android.apps.photos)
07-03 23:27:17.740  1520  2007 I Hiber/proxyManager: p_alarm: uid=10294, pkgName=com.google.android.apps.photos
07-03 23:27:17.740  1520  2007 D AlarmManagerService: set alarm to kernel: 89834958000000, type=2
07-03 23:27:17.740  1520  2007 D AlarmManagerService: set alarm to kernel: 89831692000000, type=3
07-03 23:27:17.740  1520  2007 D Hiber/alarmManagerServiceExtImpl: proxyAlarms, alarm=Alarm{b0702ce type 3 origWhen 111388731 whenElapsed 111388731 com.google.android.apps.photos}
07-03 23:27:17.740  1520  2007 D Hiber/alarmManagerServiceExtImpl: proxyAlarms leave, uid=10294, packageName=com.google.android.apps.photos
07-03 23:27:17.741  1520  1559 D SceneMonitor: onUidIdle: Uid: 10294 name: com.google.android.apps.photos
07-03 23:27:17.742  1520  2772 I Hiber/proxyWakeLock: add uid: 10294 wakelock: lock:63449340PARTIAL_WAKE_LOCK                 '*job*/com.google.android.apps.photos/com.google.android.libraries.social.async.BackgroundTaskJobService (uid=1000 pid=1520 ws=WorkSource{10294 com.google.android.apps.photos})  to FroceReleaseWakeLock list
07-03 23:27:17.742  1520  2772 D Hiber/proxyWakeLock: releaseWakeLockInternal: lock=63449340 [*job*/com.google.android.apps.photos/com.google.android.libraries.social.async.BackgroundTaskJobService], flags=0x1
07-03 23:27:17.741  1520  2612 D SceneMonitor: handleMessage(MSG_PROCESS_STOP)
07-03 23:27:17.743  1520  2612 D SceneMonitor: com.google.android.apps.photos[10294] gone
07-03 23:27:17.746  1520  1622 D TranThermalBacklightCtrl: Brightness=1.0 AutoBackLight=false AmbientLux=-1.0 APTemp=40.664BatteryTemp = 38.6
07-03 23:27:17.746  1520  1622 I TranThermalBacklightCtrl: current status=level_0 last status=level_0
07-03 23:27:17.800  1062  1062 I EnhanceAIDL: enhance could not find the type in device map
07-03 23:27:17.807  1520  2772 I Hiber/hiber: begin socketDestroy, mUid: 10142
07-03 23:27:17.811  1520  2772 D TranNetworkManagementServiceMultiLinkImpl: linkTurb destorySocketByUid  uid :10142
07-03 23:27:17.811  1520  2772 I Hiber/hiber: clearDnsCache again!!!
07-03 23:27:17.814  1520  2928 V BroadcastQueue: Enqueuing BroadcastRecord{4ae320b Intent { flg=0x10 cmp=com.facebook.lite/.KeepWarmReceiver (has extras) }/u0} ordered=false from uid 10246 pid 13177 for 1 receivers
07-03 23:27:17.982  9346  9351 I .apps.nbu.files: Background young concurrent mark compact GC freed 32MB AllocSpace bytes, 0(0B) LOS objects, 35% free, 23MB/36MB, paused 3.498ms,4.629ms total 247.065ms
07-03 23:27:17.991  1520  1603 D tranpm/BehaviorManager: onMemPressureChange : level 1
07-03 23:27:18.049  1520  1961 D aegean_PivotMemCompact: ingore for foucus in same
07-03 23:27:18.099  1520  1603 D tranpm/BehaviorManager: onMemPressureChange : level 2
07-03 23:27:18.201  1062  1062 I EnhanceAIDL: enhance could not find the type in device map
07-03 23:27:18.244  1520  2006 I Hiber/importantScene: isTrafficActive uid:10246 speed :0
07-03 23:27:18.244  1520  2006 I Hiber/appStateMachine: uid:10246 enter FrozenState
07-03 23:27:18.245  1520  2006 I Hiber/stateManager: freeze uid: 10246 com.facebook.lite costTime=1ms ,last unfreeze 5s ago
07-03 23:27:18.245  1520  2006 I Hiber/restrictionPolicy: uid:10246  pkgName:com.facebook.lite isAllowedNet
07-03 23:27:18.246  1520  2007 I Hiber/hiber: msg for start proxy frozen state
07-03 23:27:18.246  1520  2009 I Hiber/nativeServiceClient: watch app network uid=10246, persistent=0
07-03 23:27:18.246  1520  2007 D ActivityManager: Hiber try idle uid[10246] by hiber ,bgTime>0 ? true,isIdled before ? true ,isCurAllowListed ? false ,isProcStateBackground?true
07-03 23:27:18.246  1520  2007 D ActivityManager: Hiber try idle uid[10246] by hiber
07-03 23:27:18.246  1520  2007 I Hiber/proxyManager: p_service: 10246
07-03 23:27:18.246  1520  2007 I Hiber/hiber: proxy alarm (uid=١٠٢٤٦, pkgName=com.facebook.lite)
07-03 23:27:18.246  1520  2007 I Hiber/proxyManager: p_alarm: uid=10246, pkgName=com.facebook.lite
07-03 23:27:18.247  1520  2007 D AlarmManagerService: set alarm to kernel: 89834958000000, type=2
07-03 23:27:18.247  1520  2007 D AlarmManagerService: set alarm to kernel: 89831692000000, type=3
07-03 23:27:18.247  1520  2007 D Hiber/alarmManagerServiceExtImpl: proxyAlarms, alarm=Alarm{7bd4fa0 type 2 origWhen 90189052 whenElapsed 90194053 com.facebook.lite}
07-03 23:27:18.247  1520  2007 D Hiber/alarmManagerServiceExtImpl: proxyAlarms, alarm=Alarm{f9dd759 type 2 origWhen 90189063 whenElapsed 90194080 com.facebook.lite}
07-03 23:27:18.247  1520  2007 D Hiber/alarmManagerServiceExtImpl: proxyAlarms, alarm=Alarm{d0003b4 type 2 origWhen 90189298 whenElapsed 90194299 com.facebook.lite}
07-03 23:27:18.247  1520  2007 D Hiber/alarmManagerServiceExtImpl: proxyAlarms, alarm=Alarm{bf2e9ee type 2 origWhen 90248927 whenElapsed 90248927 com.facebook.lite}
07-03 23:27:18.247  1520  2007 D Hiber/alarmManagerServiceExtImpl: proxyAlarms, alarm=Alarm{5c84e8f type 2 origWhen 90248970 whenElapsed 90248970 com.facebook.lite}
07-03 23:27:18.247  1520  2007 D Hiber/alarmManagerServiceExtImpl: proxyAlarms, alarm=Alarm{5a7ff1e type 2 origWhen 100989249 whenElapsed 100994249 com.facebook.lite}
07-03 23:27:18.247  1520  2007 D Hiber/alarmManagerServiceExtImpl: proxyAlarms, alarm=Alarm{776f3ff type 2 origWhen 129789024 whenElapsed 129789024 com.facebook.lite}
07-03 23:27:18.247  1520  2007 D Hiber/alarmManagerServiceExtImpl: proxyAlarms, alarm=Alarm{804003f type 1 origWhen 1783181538369 whenElapsed 160893327 com.facebook.lite}
07-03 23:27:18.247  1520  2007 D Hiber/alarmManagerServiceExtImpl: proxyAlarms, alarm=Alarm{237c5cc type 2 origWhen 172989161 whenElapsed 172994177 com.facebook.lite}
07-03 23:27:18.247  1520  1559 D SceneMonitor: onUidIdle: Uid: 10246 name: com.facebook.lite
07-03 23:27:18.247  1520  2007 D Hiber/alarmManagerServiceExtImpl: proxyAlarms leave, uid=10246, packageName=com.facebook.lite
07-03 23:27:18.248  1520  2612 D SceneMonitor: handleMessage(MSG_PROCESS_STOP)
07-03 23:27:18.248  1520  2612 D SceneMonitor: com.facebook.lite[10246] gone
07-03 23:27:18.247  1520  2772 D ActivityManager: Hiber/checkExecutingCmp=receiver
07-03 23:27:18.249  1520  2772 I Hiber/stateManager: unfreeze uid: 10246 com.facebook.lite pids:[13177]  reason:executingComponent   cpninfo: costTime=1ms ,last freeze 0s ago
07-03 23:27:18.249  1520  2006 I Hiber/appStateMachine: uid=10246, pkg=com.facebook.lite, transition from Frozen to Running, reason=executingComponent
07-03 23:27:18.249  1520  2006 I Hiber/appStateMachine: uid:10246 exit FrozenState
07-03 23:27:18.250  1520  2007 I Hiber/proxyManager: up_service: 10246
07-03 23:27:18.250  1520  2007 D AlarmManagerService: set alarm to kernel: 89834958000000, type=2
07-03 23:27:18.250  1520  2007 D AlarmManagerService: set alarm to kernel: 89831692000000, type=3
07-03 23:27:18.250  1520  2007 D Hiber/alarmManagerServiceExtImpl: unproxyAlarms, alarm=Alarm{7bd4fa0 type 2 origWhen 90189052 whenElapsed 90194053 com.facebook.lite}
07-03 23:27:18.250  1520  2007 D Hiber/alarmManagerServiceExtImpl: unproxyAlarms, alarm=Alarm{f9dd759 type 2 origWhen 90189063 whenElapsed 90194080 com.facebook.lite}
07-03 23:27:18.250  1520  2007 D Hiber/alarmManagerServiceExtImpl: unproxyAlarms, alarm=Alarm{d0003b4 type 2 origWhen 90189298 whenElapsed 90194299 com.facebook.lite}
07-03 23:27:18.250  1520  2007 D Hiber/alarmManagerServiceExtImpl: unproxyAlarms, alarm=Alarm{bf2e9ee type 2 origWhen 90248927 whenElapsed 90248927 com.facebook.lite}
07-03 23:27:18.250  1520  2007 D Hiber/alarmManagerServiceExtImpl: unproxyAlarms, alarm=Alarm{5c84e8f type 2 origWhen 90248970 whenElapsed 90248970 com.facebook.lite}
07-03 23:27:18.250  1520  2007 D Hiber/alarmManagerServiceExtImpl: unproxyAlarms, alarm=Alarm{5a7ff1e type 2 origWhen 100989249 whenElapsed 100994249 com.facebook.lite}
07-03 23:27:18.250  1520  2007 D Hiber/alarmManagerServiceExtImpl: unproxyAlarms, alarm=Alarm{776f3ff type 2 origWhen 129789024 whenElapsed 129789024 com.facebook.lite}
07-03 23:27:18.250  1520  2007 D Hiber/alarmManagerServiceExtImpl: unproxyAlarms, alarm=Alarm{804003f type 1 origWhen 1783181538369 whenElapsed 160893327 com.facebook.lite}
07-03 23:27:18.250  1520  2007 D Hiber/alarmManagerServiceExtImpl: unproxyAlarms, alarm=Alarm{237c5cc type 2 origWhen 172989161 whenElapsed 172994177 com.facebook.lite}
07-03 23:27:18.250  1520  2007 D Hiber/alarmManagerServiceExtImpl: unproxyAlarms leave, uid=10246, packageName=null
07-03 23:27:18.267  1520  4440 W JobScheduler: Job didn't exist in JobStore: 55e08dc {androidx.work.systemjobscheduler} #u0a123/7522 @androidx.work.systemjobscheduler@com.google.android.apps.nbu.files/androidx.work.impl.background.systemjob.SystemJobService
07-03 23:27:18.314  1520  4440 D AlarmManagerService: set alarm to kernel: 89834958000000, type=2
07-03 23:27:18.314  1520  4440 D AlarmManagerService: set alarm to kernel: 89831692000000, type=3
07-03 23:27:18.348  1520  1799 D TranWifiTputMonitor: WIFI: TX: 22 RX: 3 TOTAL = 25
07-03 23:27:18.348  1520  1799 D TranWifiTputMonitor: High Tput: false, TOTAL TPUT: 25
07-03 23:27:18.401  1062  1062 I EnhanceAIDL: enhance could not find the type in device map
07-03 23:27:18.515 21096 15677 W adbd    : timed out while waiting for FUNCTIONFS_BIND, trying again
07-03 23:27:18.515 21096 15677 I adbd    : UsbFfs: connection terminated: monitor thread finished
07-03 23:27:18.515 21096 21096 I adbd    : UsbFfs: already offline
07-03 23:27:18.515 21096 21096 I adbd    : destroying transport UsbFfs
07-03 23:27:18.515 21096 21096 I adbd    : UsbFfsConnection being destroyed
07-03 23:27:18.580  1520  1681 W SensorService: Dropping 1 cached events (100/100) to save 1/1 new events. 210 events previously dropped
07-03 23:27:18.584 21096 21101 I adbd    : opening control endpoint /dev/usb-ffs/adb/ep0
07-03 23:27:18.585 21096 21101 I adbd    : UsbFfsConnection constructed
07-03 23:27:18.587 21096 15679 I adbd    : UsbFfs-monitor thread spawned
07-03 23:27:18.741  1520  2009 I Hiber/nativeServiceClient: check binder uid=10294
07-03 23:27:18.778  1520  1800 D TranWifiSmartAssistantController: start current network monitor 
07-03 23:27:18.778  1520  1800 D TranWifiSmartAssistantController: userIgnored :false isScoredCurrentNetwork :true
07-03 23:27:18.779  1520  1800 D TranWifiSmartAssistantController: mCurrentNetwork :113 SSID :"Airtel_Zerotouch"
07-03 23:27:18.782  1520  1800 D WifiNetworkQuality: current rssi is sufficient
07-03 23:27:18.782  1520  1800 D TranWifiSmartAssistantController: mNoCandidateCount : -1
07-03 23:27:18.782  1520  1800 D TranWifiSmartAssistantController: ====>>rssi :-39
07-03 23:27:18.782  1520  1800 I WifiNetworkQuality: tput greater than NO_INTERNET_TRAFFIC
07-03 23:27:18.793  1520  2772 I Hiber/hiber: begin socketDestroy, mUid: 10169
07-03 23:27:18.799  1520  2772 D TranNetworkManagementServiceMultiLinkImpl: linkTurb destorySocketByUid  uid :10169
07-03 23:27:18.799  1520  2772 I Hiber/hiber: clearDnsCache again!!!
07-03 23:27:18.802  1062  1062 I EnhanceAIDL: enhance could not find the type in device map
07-03 23:27:18.808  1520  2006 I Hiber/importantScene: isTrafficActive uid:10197 speed :0
07-03 23:27:18.808  1520  2006 I Hiber/appStateMachine: uid:10197 enter FrozenState
07-03 23:27:18.809  1520  2006 I Hiber/stateManager: freeze uid: 10197 com.transsion.camera costTime=1ms ,last unfreeze 5s ago
07-03 23:27:18.810  1520  2007 I Hiber/hiber: msg for start proxy frozen state
07-03 23:27:18.811  1520  2007 D ActivityManager: Hiber try idle uid[10197] by hiber ,bgTime>0 ? false,isIdled before ? false ,isCurAllowListed ? false ,isProcStateBackground?false
07-03 23:27:18.811  1520  2007 I Hiber/proxyManager: p_service: 10197
07-03 23:27:18.811  1520  2007 I Hiber/hiber: proxy alarm (uid=١٠١٩٧, pkgName=com.transsion.camera)
07-03 23:27:18.811  1520  2007 I Hiber/proxyManager: p_alarm: uid=10197, pkgName=com.transsion.camera
07-03 23:27:18.811  1520  2007 D Hiber/alarmManagerServiceExtImpl: proxyAlarms leave, uid=10197, packageName=com.transsion.camera
07-03 23:27:19.002  1062  1062 I EnhanceAIDL: enhance could not find the type in device map
07-03 23:27:19.069  2039  2255 D TranSignalStrengthComponentImpl: [LTE] dbm: -109
07-03 23:27:19.069  2039  2255 D TranSignalStrengthComponentImpl: [LTE] dbm: -109
07-03 23:27:19.069  2013  2968 I TranPhoneInterfaceManager: MPSTCB - onSignalStrengthsChanged
07-03 23:27:19.069  2013  2968 D TranPhoneInterfaceManager: [onSignalStrengthsChanged]
07-03 23:27:19.069  2013  2968 D TranSmartAllocController: mDefaultDataSubId = 2  subId = 2
07-03 23:27:19.069  2013  2968 D TranSmartAllocController: mSupport = true  mBwAllocEnable = false mSimReady =true  mScreenOn =true
07-03 23:27:19.070  2013  2968 D TranSmartAllocController: mDataAvailable = false  mInService = true  cellSignalStrengthList = [CellSignalStrengthLte: rssi=-51 rsrp=-109 rsrq=-19 rssnr=3 cqiTableIndex=2147483647 cqi=2147483647 ta=2147483647 level=2 parametersUseForLevel=0]
07-03 23:27:19.070  1520  1605 D TranSignalStrengthComponentImpl: [LTE] dbm: -109
07-03 23:27:19.070  1520  1605 D TranSignalStrengthComponentImpl: [LTE] dbm: -109
07-03 23:27:19.071  1520  2928 D ActivityManager: Skip enqueue broadcast because no receiver with Intent { act=android.intent.action.SIG_STR flg=0x10 (has extras) }
07-03 23:27:19.071  2013  2013 D TranSignalStrengthComponentImpl: [LTE] dbm: -109
07-03 23:27:19.072  2039  2039 D TranSignalStrengthComponentImpl: [LTE] dbm: -109
07-03 23:27:19.074  2013  2013 D TranSignalStrengthComponentImpl: [LTE] dbm: -108
07-03 23:27:19.074  2013  2013 D TranSignalStrengthComponentImpl: [LTE] dbm: -109
07-03 23:27:19.074  2013  2013 D TranSignalStrengthComponentImpl: [LTE] dbm: -109
07-03 23:27:19.074  2013  2013 D TranSignalStrengthComponentImpl: [LTE] dbm: -109
07-03 23:27:19.075  2013  2588 D TranPhoneSwitcher: getNetworkType: 4G
07-03 23:27:19.076  2013  2588 I TranPhoneSwitcher: mDefaultsign:2subid :2
07-03 23:27:19.100  1520  1603 D tranpm/BehaviorManager: onMemPressureChange : level 0
07-03 23:27:19.107  1520  1814 W ActivityManager: Receiver with filter android.content.IntentFilter@9f0002e already registered for pid 1520, callerPackage is android
07-03 23:27:19.107  1520  1814 W ActivityManager: Receiver with filter android.content.IntentFilter@cd247cf already registered for pid 1520, callerPackage is android
07-03 23:27:19.409  1520  2006 I Hiber/importantScene: isTrafficActive uid:10123 speed :0
07-03 23:27:19.409  1520  2006 I Hiber/appStateMachine: uid:10123 enter FrozenState
07-03 23:27:19.413  1520  2006 I Hiber/stateManager: freeze uid: 10123 com.google.android.apps.nbu.files costTime=4ms ,last unfreeze 5s ago
07-03 23:27:19.413  1520  2007 I Hiber/hiber: msg for start proxy frozen state
07-03 23:27:19.413  1520  2007 D ActivityManager: Hiber try idle uid[10123] by hiber ,bgTime>0 ? true,isIdled before ? true ,isCurAllowListed ? false ,isProcStateBackground?true
07-03 23:27:19.413  1520  2007 D ActivityManager: Hiber try idle uid[10123] by hiber
07-03 23:27:19.413  1520  2007 I Hiber/proxyManager: p_service: 10123
07-03 23:27:19.414  1520  2007 I Hiber/hiber: proxy alarm (uid=١٠١٢٣, pkgName=com.google.android.apps.nbu.files)
07-03 23:27:19.414  1520  2007 I Hiber/proxyManager: p_alarm: uid=10123, pkgName=com.google.android.apps.nbu.files
07-03 23:27:19.414  1520  2007 D Hiber/alarmManagerServiceExtImpl: proxyAlarms leave, uid=10123, packageName=com.google.android.apps.nbu.files
07-03 23:27:19.415  1520  1792 D WifiStaIfaceHidlImpl: getCachedScanData is not implemented by HIDL
07-03 23:27:19.415  1520  1559 D SceneMonitor: onUidIdle: Uid: 10123 name: com.google.android.apps.nbu.files
07-03 23:27:19.416  1520  2612 D SceneMonitor: handleMessage(MSG_PROCESS_STOP)
07-03 23:27:19.416  1520  2612 D SceneMonitor: com.google.android.apps.nbu.files[10123] gone
07-03 23:27:19.589 21096 15679 W adbd    : timed out while waiting for FUNCTIONFS_BIND, trying again
07-03 23:27:19.590 21096 15679 I adbd    : UsbFfs: connection terminated: monitor thread finished
07-03 23:27:19.590 21096 21096 I adbd    : UsbFfs: already offline
07-03 23:27:19.590 21096 21096 I adbd    : destroying transport UsbFfs
07-03 23:27:19.590 21096 21096 I adbd    : UsbFfsConnection being destroyed
07-03 23:27:19.728 21096 21101 I adbd    : opening control endpoint /dev/usb-ffs/adb/ep0
07-03 23:27:19.729 21096 21101 I adbd    : UsbFfsConnection constructed
07-03 23:27:19.730 21096 15680 I adbd    : UsbFfs-monitor thread spawned
07-03 23:27:19.812  1520  2009 I Hiber/nativeServiceClient: check binder uid=10197
07-03 23:27:20.135  1520  2006 I Hiber/importantScene: widget: packageName=com.ayman.widget
07-03 23:27:20.136  1520  2006 I Hiber/appStateMachine: uid:10247, pkg=com.ayman.widget  can't transition from R to F ,importantcase is : widget
07-03 23:27:20.171  1520  2006 I Hiber/importantScene: isTrafficActive uid:10264 speed :0
07-03 23:27:20.172  1520  2006 I Hiber/appStateMachine: uid:10264 enter FrozenState
07-03 23:27:20.176  1520  2006 I Hiber/stateManager: freeze uid: 10264 com.whatsapp costTime=4ms ,last unfreeze 5s ago
07-03 23:27:20.176  1520  2006 I Hiber/restrictionPolicy: uid:10264  pkgName:com.whatsapp isAllowedNet
07-03 23:27:20.176  1520  2009 I Hiber/nativeServiceClient: watch app network uid=10264, persistent=0
07-03 23:27:20.177  1520  2007 I Hiber/hiber: msg for start proxy frozen state
07-03 23:27:20.177  1520  2007 D ActivityManager: Hiber try idle uid[10264] by hiber ,bgTime>0 ? true,isIdled before ? true ,isCurAllowListed ? false ,isProcStateBackground?true
07-03 23:27:20.177  1520  2007 D ActivityManager: Hiber try idle uid[10264] by hiber
07-03 23:27:20.178  1520  2007 I Hiber/proxyManager: p_service: 10264
07-03 23:27:20.178  1520  2007 I Hiber/hiber: proxy alarm (uid=١٠٢٦٤, pkgName=com.whatsapp)
07-03 23:27:20.179  1520  2007 I Hiber/proxyManager: p_alarm: uid=10264, pkgName=com.whatsapp
07-03 23:27:20.179  1520  2007 D AlarmManagerService: set alarm to kernel: 89834958000000, type=2
07-03 23:27:20.179  1520  2007 D AlarmManagerService: set alarm to kernel: 89831692000000, type=3
07-03 23:27:20.179  1520  2007 D Hiber/alarmManagerServiceExtImpl: proxyAlarms, alarm=Alarm{7f016d1 type 3 origWhen 89999501 whenElapsed 89999501 com.whatsapp}
07-03 23:27:20.179  1520  2007 D Hiber/alarmManagerServiceExtImpl: proxyAlarms, alarm=Alarm{7c86302 type 3 origWhen 90233897 whenElapsed 90233897 com.whatsapp}
07-03 23:27:20.179  1520  2007 D Hiber/alarmManagerServiceExtImpl: proxyAlarms, alarm=Alarm{ac65108 type 2 origWhen 90328621 whenElapsed 90328621 com.whatsapp}
07-03 23:27:20.179  1520  1559 D SceneMonitor: onUidIdle: Uid: 10264 name: com.whatsapp
07-03 23:27:20.179  1520  2007 D Hiber/alarmManagerServiceExtImpl: proxyAlarms, alarm=Alarm{3967f38 type 0 origWhen 1783112404000 whenElapsed 91758958 com.whatsapp}
07-03 23:27:20.179  1520  2007 D Hiber/alarmManagerServiceExtImpl: proxyAlarms, alarm=Alarm{62b42ff type 0 origWhen 1783112406000 whenElapsed 91760958 com.whatsapp}
07-03 23:27:20.179  1520  2007 D Hiber/alarmManagerServiceExtImpl: proxyAlarms, alarm=Alarm{7df066e type 0 origWhen 1783112407000 whenElapsed 91761959 com.whatsapp}
07-03 23:27:20.179  1520  2007 D Hiber/alarmManagerServiceExtImpl: proxyAlarms, alarm=Alarm{2e2fbce type 0 origWhen 1783112422000 whenElapsed 91776958 com.whatsapp}
07-03 23:27:20.179  1520  2007 D Hiber/alarmManagerServiceExtImpl: proxyAlarms, alarm=Alarm{2f97cb6 type 0 origWhen 1783112427000 whenElapsed 91781958 com.whatsapp}
07-03 23:27:20.179  1520  2612 D SceneMonitor: handleMessage(MSG_PROCESS_STOP)
07-03 23:27:20.179  1520  2007 D Hiber/alarmManagerServiceExtImpl: proxyAlarms, alarm=Alarm{f0f68cc type 0 origWhen 1783119601000 whenElapsed 98955958 com.whatsapp}
07-03 23:27:20.179  1520  2612 D SceneMonitor: com.whatsapp[10264] gone
07-03 23:27:20.179  1520  2007 D Hiber/alarmManagerServiceExtImpl: proxyAlarms, alarm=Alarm{f276b11 type 0 origWhen 1783119602000 whenElapsed 98956958 com.whatsapp}
07-03 23:27:20.179  1520  2007 D Hiber/alarmManagerServiceExtImpl: proxyAlarms, alarm=Alarm{5cfe59c type 0 origWhen 1783119606000 whenElapsed 98960958 com.whatsapp}
07-03 23:27:20.179  1520  2007 D Hiber/alarmManagerServiceExtImpl: proxyAlarms, alarm=Alarm{2fdbdb7 type 0 origWhen 1783119614000 whenElapsed 98968959 com.whatsapp}
07-03 23:27:20.179  1520  2007 D Hiber/alarmManagerServiceExtImpl: proxyAlarms, alarm=Alarm{2b22aef type 0 origWhen 1783119627000 whenElapsed 98981958 com.whatsapp}
07-03 23:27:20.180  1520  2007 D Hiber/alarmManagerServiceExtImpl: proxyAlarms, alarm=Alarm{545f715 type 3 origWhen 128669548 whenElapsed 128669548 com.whatsapp}
07-03 23:27:20.180  1520  2007 D Hiber/alarmManagerServiceExtImpl: proxyAlarms, alarm=Alarm{2cb49fc type 3 origWhen 129311387 whenElapsed 129311387 com.whatsapp}
07-03 23:27:20.180  1520  2007 D Hiber/alarmManagerServiceExtImpl: proxyAlarms, alarm=Alarm{861b924 type 3 origWhen 130474465 whenElapsed 130474465 com.whatsapp}
07-03 23:27:20.180  1520  2007 D Hiber/alarmManagerServiceExtImpl: proxyAlarms, alarm=Alarm{68df476 type 3 origWhen 131568460 whenElapsed 131568460 com.whatsapp}
07-03 23:27:20.180  1520  2007 D Hiber/alarmManagerServiceExtImpl: proxyAlarms, alarm=Alarm{4227ba5 type 3 origWhen 132446432 whenElapsed 132446432 com.whatsapp}
07-03 23:27:20.180  1520  2007 D Hiber/alarmManagerServiceExtImpl: proxyAlarms, alarm=Alarm{af91b7a type 2 origWhen 144885660 whenElapsed 144885660 com.whatsapp}
07-03 23:27:20.180  1520  2007 D Hiber/alarmManagerServiceExtImpl: proxyAlarms, alarm=Alarm{4313a77 type 2 origWhen 144885679 whenElapsed 144885679 com.whatsapp}
07-03 23:27:20.180  1520  2007 D Hiber/alarmManagerServiceExtImpl: proxyAlarms, alarm=Alarm{6017885 type 2 origWhen 144885696 whenElapsed 144885696 com.whatsapp}
07-03 23:27:20.180  1520  2007 D Hiber/alarmManagerServiceExtImpl: proxyAlarms, alarm=Alarm{f50ca2a type 2 origWhen 144885705 whenElapsed 144885705 com.whatsapp}
07-03 23:27:20.180  1520  2007 D Hiber/alarmManagerServiceExtImpl: proxyAlarms, alarm=Alarm{ddcfc8d type 2 origWhen 144886075 whenElapsed 144886075 com.whatsapp}
07-03 23:27:20.180  1520  2007 D Hiber/alarmManagerServiceExtImpl: proxyAlarms, alarm=Alarm{ccc0f2b type 2 origWhen 214531176 whenElapsed 214531176 com.whatsapp}
07-03 23:27:20.180  1520  2007 D Hiber/alarmManagerServiceExtImpl: proxyAlarms, alarm=Alarm{7d056e4 type 2 origWhen 214531195 whenElapsed 214531195 com.whatsapp}
07-03 23:27:20.180  1520  2007 D Hiber/alarmManagerServiceExtImpl: proxyAlarms, alarm=Alarm{d3706da type 2 origWhen 214531212 whenElapsed 214531212 com.whatsapp}
07-03 23:27:20.180  1520  2007 D Hiber/alarmManagerServiceExtImpl: proxyAlarms, alarm=Alarm{97b101b type 2 origWhen 214531221 whenElapsed 214531221 com.whatsapp}
07-03 23:27:20.180  1520  2007 D Hiber/alarmManagerServiceExtImpl: proxyAlarms, alarm=Alarm{e18ae42 type 2 origWhen 214531591 whenElapsed 214531591 com.whatsapp}
07-03 23:27:20.180  1520  2007 D Hiber/alarmManagerServiceExtImpl: proxyAlarms, alarm=Alarm{5c3bf88 type 2 origWhen 1655932763 whenElapsed 1655932763 com.whatsapp}
07-03 23:27:20.181  1520  2007 D Hiber/alarmManagerServiceExtImpl: proxyAlarms, alarm=Alarm{686a74d type 2 origWhen 1655932784 whenElapsed 1655932784 com.whatsapp}
07-03 23:27:20.181  1520  2007 D Hiber/alarmManagerServiceExtImpl: proxyAlarms, alarm=Alarm{b20870b type 2 origWhen 1655932799 whenElapsed 1655932799 com.whatsapp}
07-03 23:27:20.181  1520  2007 D Hiber/alarmManagerServiceExtImpl: proxyAlarms, alarm=Alarm{83045b8 type 2 origWhen 1655932809 whenElapsed 1655932809 com.whatsapp}
07-03 23:27:20.181  1520  2007 D Hiber/alarmManagerServiceExtImpl: proxyAlarms, alarm=Alarm{ea67e53 type 2 origWhen 1655933179 whenElapsed 1655933179 com.whatsapp}
07-03 23:27:20.181  1520  2007 D Hiber/alarmManagerServiceExtImpl: proxyAlarms leave, uid=10264, packageName=com.whatsapp
07-03 23:27:20.414  1520  2009 I Hiber/nativeServiceClient: check binder uid=10123
07-03 23:27:20.583  1520  1681 W SensorService: Dropping 1 cached events (100/100) to save 1/1 new events. 210 events previously dropped
07-03 23:27:20.732 21096 15680 W adbd    : timed out while waiting for FUNCTIONFS_BIND, trying again
07-03 23:27:20.732 21096 15680 I adbd    : UsbFfs: connection terminated: monitor thread finished
07-03 23:27:20.733 21096 21096 I adbd    : UsbFfs: already offline
07-03 23:27:20.733 21096 21096 I adbd    : destroying transport UsbFfs
07-03 23:27:20.733 21096 21096 I adbd    : UsbFfsConnection being destroyed
07-03 23:27:20.740  1520  2772 I Hiber/hiber: begin socketDestroy, mUid: 10294
07-03 23:27:20.746  1520  2772 D TranNetworkManagementServiceMultiLinkImpl: linkTurb destorySocketByUid  uid :10294
07-03 23:27:20.746  1520  2772 I Hiber/hiber: clearDnsCache again!!!
07-03 23:27:20.789 21096 21101 I adbd    : opening control endpoint /dev/usb-ffs/adb/ep0
07-03 23:27:20.791 21096 21101 I adbd    : UsbFfsConnection constructed
07-03 23:27:20.792 21096 15681 I adbd    : UsbFfs-monitor thread spawned
07-03 23:27:20.803  1062  1062 I EnhanceAIDL: enhance could not find the type in device map
07-03 23:27:20.911  1520  2006 I Hiber/importantScene: isTrafficActive uid:10267 speed :0
07-03 23:27:20.911  1520  2006 I Hiber/appStateMachine: uid:10267 enter FrozenState
07-03 23:27:20.914  1520  2006 I Hiber/stateManager: freeze uid: 10267 com.instagram.lite costTime=3ms ,last unfreeze 5s ago
07-03 23:27:20.914  1520  2006 I Hiber/restrictionPolicy: uid:10267  pkgName:com.instagram.lite isAllowedNet
07-03 23:27:20.914  1520  2007 I Hiber/hiber: msg for start proxy frozen state
07-03 23:27:20.914  1520  2007 D ActivityManager: Hiber try idle uid[10267] by hiber ,bgTime>0 ? true,isIdled before ? true ,isCurAllowListed ? false ,isProcStateBackground?true
07-03 23:27:20.914  1520  2007 D ActivityManager: Hiber try idle uid[10267] by hiber
07-03 23:27:20.914  1520  2009 I Hiber/nativeServiceClient: watch app network uid=10267, persistent=0
07-03 23:27:20.915  1520  2007 I Hiber/proxyManager: p_service: 10267
07-03 23:27:20.915  1520  2007 I Hiber/hiber: proxy alarm (uid=١٠٢٦٧, pkgName=com.instagram.lite)
07-03 23:27:20.915  1520  2007 I Hiber/proxyManager: p_alarm: uid=10267, pkgName=com.instagram.lite
07-03 23:27:20.915  1520  2007 D AlarmManagerService: set alarm to kernel: 89834958000000, type=2
07-03 23:27:20.915  1520  2772 D ActivityManager: Hiber/checkExecutingCmp=receiver
07-03 23:27:20.915  1520  1559 D SceneMonitor: onUidIdle: Uid: 10267 name: com.instagram.lite
07-03 23:27:20.915  1520  2007 D AlarmManagerService: set alarm to kernel: 89831692000000, type=3
07-03 23:27:20.915  1520  2007 D Hiber/alarmManagerServiceExtImpl: proxyAlarms, alarm=Alarm{58d6da3 type 2 origWhen 90383668 whenElapsed 90383668 com.instagram.lite}
07-03 23:27:20.915  1520  2007 D Hiber/alarmManagerServiceExtImpl: proxyAlarms, alarm=Alarm{3b188a0 type 2 origWhen 90383675 whenElapsed 90383675 com.instagram.lite}
07-03 23:27:20.915  1520  2007 D Hiber/alarmManagerServiceExtImpl: proxyAlarms, alarm=Alarm{5f81c59 type 2 origWhen 101123697 whenElapsed 101128698 com.instagram.lite}
07-03 23:27:20.915  1520  2007 D Hiber/alarmManagerServiceExtImpl: proxyAlarms, alarm=Alarm{5d75153 type 1 origWhen 1783144876937 whenElapsed 124231895 com.instagram.lite}
07-03 23:27:20.915  1520  2007 D Hiber/alarmManagerServiceExtImpl: proxyAlarms, alarm=Alarm{91d601e type 2 origWhen 129923682 whenElapsed 129923682 com.instagram.lite}
07-03 23:27:20.915  1520  2007 D Hiber/alarmManagerServiceExtImpl: proxyAlarms, alarm=Alarm{9ff40ff type 2 origWhen 173123690 whenElapsed 173128690 com.instagram.lite}
07-03 23:27:20.915  1520  2007 D Hiber/alarmManagerServiceExtImpl: proxyAlarms leave, uid=10267, packageName=com.instagram.lite
07-03 23:27:20.917  1520  2772 I Hiber/stateManager: unfreeze uid: 10267 com.instagram.lite pids:[13364]  reason:executingComponent   cpninfo: costTime=2ms ,last freeze 0s ago
07-03 23:27:20.917  1520  2612 D SceneMonitor: handleMessage(MSG_PROCESS_STOP)
07-03 23:27:20.917  1520  2612 D SceneMonitor: com.instagram.lite[10267] gone
07-03 23:27:20.917  1520  2006 I Hiber/appStateMachine: uid=10267, pkg=com.instagram.lite, transition from Frozen to Running, reason=executingComponent
07-03 23:27:20.917  1520  2006 I Hiber/appStateMachine: uid:10267 exit FrozenState
07-03 23:27:20.917  1520  2007 I Hiber/proxyManager: up_service: 10267
07-03 23:27:20.918  1520  2007 D AlarmManagerService: set alarm to kernel: 89834958000000, type=2
07-03 23:27:20.918  1520  2007 D AlarmManagerService: set alarm to kernel: 89831692000000, type=3
07-03 23:27:20.918  1520  2007 D Hiber/alarmManagerServiceExtImpl: unproxyAlarms, alarm=Alarm{58d6da3 type 2 origWhen 90383668 whenElapsed 90383668 com.instagram.lite}
07-03 23:27:20.918  1520  2007 D Hiber/alarmManagerServiceExtImpl: unproxyAlarms, alarm=Alarm{3b188a0 type 2 origWhen 90383675 whenElapsed 90383675 com.instagram.lite}
07-03 23:27:20.918  1520  2007 D Hiber/alarmManagerServiceExtImpl: unproxyAlarms, alarm=Alarm{5f81c59 type 2 origWhen 101123697 whenElapsed 101128698 com.instagram.lite}
07-03 23:27:20.918  1520  2007 D Hiber/alarmManagerServiceExtImpl: unproxyAlarms, alarm=Alarm{5d75153 type 1 origWhen 1783144876937 whenElapsed 124231895 com.instagram.lite}
07-03 23:27:20.918  1520  2007 D Hiber/alarmManagerServiceExtImpl: unproxyAlarms, alarm=Alarm{91d601e type 2 origWhen 129923682 whenElapsed 129923682 com.instagram.lite}
07-03 23:27:20.918  1520  2007 D Hiber/alarmManagerServiceExtImpl: unproxyAlarms, alarm=Alarm{9ff40ff type 2 origWhen 173123690 whenElapsed 173128690 com.instagram.lite}
07-03 23:27:20.918  1520  2007 D Hiber/alarmManagerServiceExtImpl: unproxyAlarms leave, uid=10267, packageName=null
07-03 23:27:21.003  1062  1062 I EnhanceAIDL: enhance could not find the type in device map
07-03 23:27:21.177  1520  2009 I Hiber/nativeServiceClient: check binder uid=10264
07-03 23:27:21.205  1062  1062 I EnhanceAIDL: enhance could not find the type in device map
07-03 23:27:21.356  1520  1799 D TranWifiTputMonitor: WIFI: TX: 17 RX: 2 TOTAL = 19
07-03 23:27:21.356  1520  1799 D TranWifiTputMonitor: High Tput: false, TOTAL TPUT: 19
07-03 23:27:21.605  1062  1062 I EnhanceAIDL: enhance could not find the type in device map
07-03 23:27:21.761  1520  2928 V BroadcastQueue: Enqueuing BroadcastRecord{ec5c224 Intent { flg=0x10 cmp=com.instagram.lite/com.facebook.lite.KeepWarmReceiver (has extras) }/u0} ordered=false from uid 10267 pid 13364 for 1 receivers
07-03 23:27:21.786  1520  1800 D TranWifiSmartAssistantController: start current network monitor 
07-03 23:27:21.786  1520  1800 D TranWifiSmartAssistantController: userIgnored :false isScoredCurrentNetwork :true
07-03 23:27:21.786  1520  1800 D TranWifiSmartAssistantController: mCurrentNetwork :113 SSID :"Airtel_Zerotouch"
07-03 23:27:21.789  1520  1800 D WifiNetworkQuality: current rssi is sufficient
07-03 23:27:21.790  1520  1800 D TranWifiSmartAssistantController: mNoCandidateCount : -1
07-03 23:27:21.790  1520  1800 D TranWifiSmartAssistantController: ====>>rssi :-38
07-03 23:27:21.790  1520  1800 I WifiNetworkQuality: tput greater than NO_INTERNET_TRAFFIC
07-03 23:27:21.794 21096 15681 W adbd    : timed out while waiting for FUNCTIONFS_BIND, trying again
07-03 23:27:21.794 21096 15681 I adbd    : UsbFfs: connection terminated: monitor thread finished
07-03 23:27:21.795 21096 21096 I adbd    : UsbFfs: already offline
07-03 23:27:21.795 21096 21096 I adbd    : destroying transport UsbFfs
07-03 23:27:21.795 21096 21096 I adbd    : UsbFfsConnection being destroyed
07-03 23:27:21.813  1520  2772 I Hiber/hiber: begin socketDestroy, mUid: 10197
07-03 23:27:21.818  1520  2772 D TranNetworkManagementServiceMultiLinkImpl: linkTurb destorySocketByUid  uid :10197
07-03 23:27:21.818  1520  2772 I Hiber/hiber: clearDnsCache again!!!
