07-03 23:19:34.059  2013  2588 D TranPhoneSwitcher: getNetworkType: 4G
07-03 23:19:34.059  2013  2588 I TranPhoneSwitcher: mOthersign:3subid :1
07-03 23:19:34.120  9895 10118 W Ads     : Not retrying to fetch app settings
07-03 23:19:34.129  9895 10203 W ServiceBindIntentUtils: Dynamic lookup for intent failed for action: com.google.android.gms.ads.service.START
07-03 23:19:34.140 22508 22508 D BoundBrokerSvc: onBind: Intent { act=com.google.android.gms.ads.service.START pkg=com.google.android.gms }
07-03 23:19:34.140 22508 22508 D BoundBrokerSvc: Loading bound service for intent: Intent { act=com.google.android.gms.ads.service.START pkg=com.google.android.gms }
07-03 23:19:34.165 22508 22508 D BoundBrokerSvc: onBind: Intent { act=com.google.android.gms.ads.identifier.service.EVENT_ATTESTATION dat=chimera-action:/... cmp=com.google.android.gms/.chimera.GmsBoundBrokerService }
07-03 23:19:34.165 22508 22508 D BoundBrokerSvc: Loading bound service for intent: Intent { act=com.google.android.gms.ads.identifier.service.EVENT_ATTESTATION dat=chimera-action:/... cmp=com.google.android.gms/.chimera.GmsBoundBrokerService }
07-03 23:19:34.166  9895 10170 E libEGL  : eglQueryStringImpl display is EGL_NO_DISPLAY
07-03 23:19:34.172  9895 10170 I mali    : Successfully parsed 0 environment variable(s) from /vendor/lib/libboost.so.
07-03 23:19:34.215  9895 10109 D nativeloader: Configuring clns-13 for other apk . target_sdk_version=36, uses_libraries=ALL, library_path=, permitted_path=/data:/mnt/expand
07-03 23:19:34.225  9895  9895 W AdWorker(Defaul: type=1400 audit(0.0:142616): avc:  granted  { execute } for  path="/data/data/com.mohamedk.mathchallenge/app_pccache/5/A4A3883B62E64477497A21E502C207B1868F77D8/pcam.jar" dev="dm-74" ino=219615 scontext=u:r:untrusted_app:s0:c0,c257,c512,c768 tcontext=u:object_r:app_data_file:s0:c0,c257,c512,c768 tclass=file app=com.mohamedk.mathchallenge
07-03 23:19:34.228  9895 10109 D nativeloader: Load /data/user/0/com.mohamedk.mathchallenge/app_pccache/5/A4A3883B62E64477497A21E502C207B1868F77D8/pcam.jar!/libd492C0E50E4CD.so using isolated ns clns-13 (caller=/data/user/0/com.mohamedk.mathchallenge/app_pccache/5/A4A3883B62E64477497A21E502C207B1868F77D8/pcam.jar): ok
07-03 23:19:34.241  9895 10170 E k.mathchallenge: mali_debug: sprd_gles_wait_last_fence is closed
07-03 23:19:34.243  1520  2248 D AlarmManagerService: set alarm to kernel: 89354958000000, type=2
07-03 23:19:34.243  1520  2248 D AlarmManagerService: set alarm to kernel: 89330939000000, type=3
07-03 23:19:34.274  9895 10170 I mali    : Successfully parsed 0 environment variable(s) from /vendor/lib/libboost.so.
07-03 23:19:34.282  1520  1799 D TranWifiTputMonitor: WIFI: TX: 117 RX: 14 TOTAL = 131
07-03 23:19:34.283  1520  1799 D TranWifiTputMonitor: High Tput: false, TOTAL TPUT: 131
07-03 23:19:34.403  9895 10163 W AudioCapabilities: Unsupported mime audio/ima-adpcm
07-03 23:19:34.431  1520  1603 D tranpm/BehaviorManager: onMemPressureChange : level 2
07-03 23:19:34.444 22508  5695 W SQLiteLog: (28) double-quoted string literal: "1782937174444"
07-03 23:19:34.445 22508  5695 W SQLiteLog: (28) double-quoted string literal: "1"
07-03 23:19:34.452  9895 10163 W AudioCapabilities: Unsupported mime audio/mpeg-L1
07-03 23:19:34.453  9895 10163 W AudioCapabilities: Unsupported mime audio/mpeg-L2
07-03 23:19:34.539   358   358 I lowmemorykiller: TranMemoryInfo: vmstat time slice: 4364
07-03 23:19:34.539   358   358 I lowmemorykiller: TranMemoryInfo: PSI stat: 10, 17.60, 6.74, 9.79, 3.52
07-03 23:19:34.539   358   358 I lowmemorykiller: TranMemoryInfo: vmstat: 18853, 0, 119013, 14, 232519
07-03 23:19:34.539   358   358 D lowmemorykiller: TranMemoryInfo: kswapd pgscan_kswapd 245262778 to 245502032, pgsteal_kswapd 128399702 to 128518715, stime 232309 to 232519
07-03 23:19:34.540   358   358 I lowmemorykiller: TranMemoryInfo: kswapd has been run.
07-03 23:19:34.540   358   358 I lowmemorykiller: TranMemoryInfo: kswapd reclaim amount : 119013 pages.
07-03 23:19:34.540   358   358 I lowmemorykiller: TranMemoryInfo: kswapd reclaim efficiency : 226 KB/ms.
07-03 23:19:34.542   358   358 I lowmemorykiller: Kill 'com.google.android.apps.photos' (9429), uid 10294, oom_score_adj 975 to free 69200kB rss, 54088kB swap; reason: <swap is low>
07-03 23:19:34.542   358   358 I lowmemorykiller: TranMemoryInfo: kill time slice: 5584
07-03 23:19:34.542   358   358 I lowmemorykiller: TranMemoryInfo: kill stat: [0,0,0,1,0,0,0,0,0,0],21,0,0
07-03 23:19:34.552  1520  1598 D tranpm/BehaviorManager: logLmkdKillOccurred: procName com.google.android.apps.photos
07-03 23:19:34.552   358   378 E lowmemorykiller: process_mrelease 9429 failed: No such process
07-03 23:19:34.621  1520  4436 I ActivityManager: Process com.google.android.apps.photos (pid 9429) has died: cch+75 CEM 
07-03 23:19:34.621   358   358 I lowmemorykiller: Kill 'com.google.android.go.documentsui' (9695), uid 10089, oom_score_adj 965 to free 72356kB rss, 34476kB swap; reason: <swap is low>
07-03 23:19:34.622  1520  1804 D ConnectivityService: releasing NetworkRequest [ REQUEST id=9524, [ Capabilities: INTERNET&NOT_RESTRICTED&TRUSTED&NOT_VCN_MANAGED&NOT_BANDWIDTH_CONSTRAINED Uid: 10294 RequestorUid: 10294 RequestorPkg: com.google.android.apps.photos UnderlyingNetworks: Null] ] (release request)
07-03 23:19:34.622  1520  4436 D os.ActivityManagerServiceLice: make process inactive com.google.android.apps.photos(9429)
07-03 23:19:34.627  1520  1598 D tranpm/BehaviorManager: logLmkdKillOccurred: procName com.google.android.go.documentsui
07-03 23:19:34.629  1520  1559 D DisplayManagerService: Drop pending events for gone uid 10294
07-03 23:19:34.633  1520  1559 D SceneMonitor: onUidIdle: Uid: 10294 name: com.google.android.apps.photos
07-03 23:19:34.633  1520  1559 D SceneMonitor: onUidGone: Uid: 10294 name: com.google.android.apps.photos
07-03 23:19:34.634  1520  2612 D SceneMonitor: handleMessage(MSG_PROCESS_STOP)
07-03 23:19:34.634  1520  2612 D SceneMonitor: com.google.android.apps.photos[10294] gone
07-03 23:19:34.634  1520  2612 D SceneMonitor: handleMessage(MSG_PROCESS_STOP)
07-03 23:19:34.634  1520  2612 D SceneMonitor: com.google.android.apps.photos[10294] gone
07-03 23:19:34.635  1520  1598 I libprocessgroup: Removed cgroup /sys/fs/cgroup/uid_10294/pid_9429
07-03 23:19:34.635  1520  2772 I Hiber/stateManager: unfreeze uid: 10294 com.google.android.apps.photos pids:[9429]  reason:MSG_UID_GONE   cpninfo: costTime=2ms ,last freeze 15s ago
07-03 23:19:34.636  1520  2006 I Hiber/appStateMachine: uid=10294, pkg=com.google.android.apps.photos, transition from Frozen to Running, reason=MSG_UID_GONE
07-03 23:19:34.636  1520  2006 I Hiber/appStateMachine: uid:10294 exit FrozenState
07-03 23:19:34.637  1520  2006 I Hiber/appStateMachine: uid:10294 exit RunningState
07-03 23:19:34.638  1520  2772 D Hiber/proxyWakeLock: remove uid: 10294 wiht all pids from wakelockUidInfo list
07-03 23:19:34.638  1520  2007 I Hiber/proxyManager: up_service: 10294
07-03 23:19:34.639  1520  2007 D Hiber/alarmManagerServiceExtImpl: unproxyAlarms leave, uid=10294, packageName=drop
07-03 23:19:34.645  1038  1038 I Zygote  : Process 9429 exited due to signal 9 (Killed)
07-03 23:19:34.647 22508 10233 E Ads     : Error waiting for future.
07-03 23:19:34.647 22508 10233 E Ads     : java.util.concurrent.TimeoutException
07-03 23:19:34.647 22508 10233 E Ads     : 	at java.util.concurrent.FutureTask.get(FutureTask.java:206)
07-03 23:19:34.647 22508 10233 E Ads     : 	at com.google.android.gms.ads.nonagon.signals.gmscore.p.call(:com.google.android.gms@262434062@26.24.34 (200400-938041327):47)
07-03 23:19:34.647 22508 10233 E Ads     : 	at fjil.a(:com.google.android.gms@262434062@26.24.34 (200400-938041327):3)
07-03 23:19:34.647 22508 10233 E Ads     : 	at fjhl.run(:com.google.android.gms@262434062@26.24.34 (200400-938041327):19)
07-03 23:19:34.647 22508 10233 E Ads     : 	at fjim.run(:com.google.android.gms@262434062@26.24.34 (200400-938041327):5)
07-03 23:19:34.647 22508 10233 E Ads     : 	at becd.c(:com.google.android.gms@262434062@26.24.34 (200400-938041327):50)
07-03 23:19:34.647 22508 10233 E Ads     : 	at becd.run(:com.google.android.gms@262434062@26.24.34 (200400-938041327):66)
07-03 23:19:34.647 22508 10233 E Ads     : 	at java.util.concurrent.ThreadPoolExecutor.runWorker(ThreadPoolExecutor.java:1100)
07-03 23:19:34.647 22508 10233 E Ads     : 	at java.util.concurrent.ThreadPoolExecutor$Worker.run(ThreadPoolExecutor.java:624)
07-03 23:19:34.647 22508 10233 E Ads     : 	at behr.run(:com.google.android.gms@262434062@26.24.34 (200400-938041327):8)
07-03 23:19:34.647 22508 10233 E Ads     : 	at java.lang.Thread.run(Thread.java:1572)
07-03 23:19:34.647  1520  1603 D tranpm/BehaviorManager: onMemPressureChange : level 0
07-03 23:19:34.659   358   379 E lowmemorykiller: process_mrelease 9695 failed: No such process
07-03 23:19:34.663 21096 10172 W adbd    : timed out while waiting for FUNCTIONFS_BIND, trying again
07-03 23:19:34.664 21096 10172 I adbd    : UsbFfs: connection terminated: monitor thread finished
07-03 23:19:34.664 21096 21096 I adbd    : UsbFfs: already offline
07-03 23:19:34.665 21096 21096 I adbd    : destroying transport UsbFfs
07-03 23:19:34.665 21096 21096 I adbd    : UsbFfsConnection being destroyed
07-03 23:19:34.679  1520  4442 D Griffin/filterReceiveBroadcast: not limit Intent { act=com.google.android.libraries.storage.protostore.SIGNAL_ACTION dat=android://com.google.android.gms/... flg=0x10000010 pkg=com.google.android.gms } for resultTo not null
07-03 23:19:34.680  1520  4442 V BroadcastQueue: Enqueuing BroadcastRecord{a78cc20 com.google.android.libraries.storage.protostore.SIGNAL_ACTION/u0} ordered=true from uid 10133 pid 22508 for 1 receivers
07-03 23:19:34.684 22508 27318 W gle.android.gms: Large reply transaction of 518488 bytes, interface descriptor com.google.android.gms.gass.internal.IGassService, code 3
07-03 23:19:34.688  1520  4442 D BroadcastQueue: Receiver BroadcastFilter{f99642d 10133/u0 ReceiverList{d767b44 22508 com.google.android.gms/10133/u0 remote:b81b457}} finished with BroadcastRecord{a78cc20 com.google.android.libraries.storage.protostore.SIGNAL_ACTION/u0} took 5ms
07-03 23:19:34.755  1520  1603 D tranpm/BehaviorManager: onMemPressureChange : level 1
07-03 23:19:34.772 21096 21101 I adbd    : opening control endpoint /dev/usb-ffs/adb/ep0
07-03 23:19:34.774 21096 21101 I adbd    : UsbFfsConnection constructed
07-03 23:19:34.775  1100  3088 D mali_gralloc: register: id=41e0000526d, handle=0xb400007a4dcbe020, importpid=1100
07-03 23:19:34.779  1055  1055 D mali_gralloc: register: id=41e0000526d, handle=0xb400007ceb624d20, importpid=1055
07-03 23:19:34.781  1055  1055 D SPRDHWComposer: hwc create flip thread success!
07-03 23:19:34.782 21096 10241 I adbd    : UsbFfs-monitor thread spawned
07-03 23:19:34.784  1066  1158 D PowerHAL: PowerSessionManager::disableSystemTopAppBoost!!
07-03 23:19:34.795  1520  4438 I ActivityManager: Process com.google.android.go.documentsui (pid 9695) has died: cch+65 CEM 
07-03 23:19:34.796   358   358 I lowmemorykiller: Kill 'com.transsion.screenrecorder' (9200), uid 10193, oom_score_adj 955 to free 66236kB rss, 33652kB swap; reason: <swap is low>
07-03 23:19:34.796  1520  1598 I libprocessgroup: Removed cgroup /sys/fs/cgroup/uid_10089/pid_9695
07-03 23:19:34.797  1038  1038 I Zygote  : Process 9695 exited due to signal 9 (Killed)
07-03 23:19:34.802  1520  1598 D tranpm/BehaviorManager: logLmkdKillOccurred: procName com.transsion.screenrecorder
07-03 23:19:34.811  1520  4438 D os.ActivityManagerServiceLice: make process inactive com.google.android.go.documentsui(9695)
07-03 23:19:34.818  1520  1559 D DisplayManagerService: Drop pending events for gone uid 10089
07-03 23:19:34.822  1520  1559 D SceneMonitor: onUidGone: Uid: 10089 name: com.google.android.go.documentsui
07-03 23:19:34.823  1520  2612 D SceneMonitor: handleMessage(MSG_PROCESS_STOP)
07-03 23:19:34.824  1520  2612 D SceneMonitor: com.google.android.go.documentsui[10089] gone
07-03 23:19:34.840 22508 10234 I Ads     : SDK version: afma-sdk-a-v260480999.261710000.1
07-03 23:19:34.843 22508 10234 I Ads     : HTTP timeout: 60000 milliseconds.
07-03 23:19:34.847  9895 10196 D nativeloader: Configuring clns-14 for other apk . target_sdk_version=36, uses_libraries=ALL, library_path=, permitted_path=/data:/mnt/expand
07-03 23:19:34.845  9895  9895 W pool-12-thread-: type=1400 audit(0.0:142617): avc:  granted  { execute } for  path="/data/data/com.mohamedk.mathchallenge/app_pccache/5/7637A808903E06DBB1373A174A3C4F96BA1CCBEF/pcam.jar" dev="dm-74" ino=313384 scontext=u:r:untrusted_app:s0:c0,c257,c512,c768 tcontext=u:object_r:app_data_file:s0:c0,c257,c512,c768 tclass=file app=com.mohamedk.mathchallenge
07-03 23:19:34.850  9895 10196 D nativeloader: Load /data/user/0/com.mohamedk.mathchallenge/app_pccache/5/7637A808903E06DBB1373A174A3C4F96BA1CCBEF/pcam.jar!/libdB82B42E4925D.so using isolated ns clns-14 (caller=/data/user/0/com.mohamedk.mathchallenge/app_pccache/5/7637A808903E06DBB1373A174A3C4F96BA1CCBEF/pcam.jar): ok
07-03 23:19:34.855  1520  2320 I ActivityManager: Process com.transsion.screenrecorder (pid 9200) has died: cch+55 CEM 
07-03 23:19:34.857  1520  2320 D os.ActivityManagerServiceLice: make process inactive com.transsion.screenrecorder(9200)
07-03 23:19:34.858   358   358 I lowmemorykiller: Kill 'com.google.android.packageinstaller' (9827), uid 10164, oom_score_adj 945 to free 61888kB rss, 32092kB swap; reason: <swap is low>
07-03 23:19:34.861  1520  1598 I libprocessgroup: Removed cgroup /sys/fs/cgroup/uid_10193/pid_9200
07-03 23:19:34.862  1038  1038 I Zygote  : Process 9200 exited due to signal 9 (Killed)
07-03 23:19:34.869  1520  1559 D DisplayManagerService: Drop pending events for gone uid 10193
07-03 23:19:34.873  1520  1559 D SceneMonitor: onUidGone: Uid: 10193 name: com.transsion.screenrecorder
07-03 23:19:34.875  1520  1598 D tranpm/BehaviorManager: logLmkdKillOccurred: procName com.google.android.packageinstaller
07-03 23:19:34.876  1520  2612 D SceneMonitor: handleMessage(MSG_PROCESS_STOP)
07-03 23:19:34.876  1520  2612 D SceneMonitor: com.transsion.screenrecorder[10193] gone
07-03 23:19:34.899 22508 10234 V NativeCrypto: SSL shutdown failed: ssl=0xb400007063d3b6c8: I/O error during system call, Broken pipe
07-03 23:19:34.903 22508 22520 I gle.android.gms: Background young concurrent mark compact GC freed 15MB AllocSpace bytes, 73(6148KB) LOS objects, 31% free, 41MB/60MB, paused 850us,4.362ms total 235.778ms
07-03 23:19:34.911  1520  2006 I Hiber/importantScene: isTrafficActive uid:10356 speed :1
07-03 23:19:34.911  1520  2006 I Hiber/importantScene: uid:10356 speed :1
07-03 23:19:34.912  1520  2006 I Hiber/appStateMachine: uid:10356 enter FrozenState
07-03 23:19:34.923  1520  4438 I ActivityManager: Process com.google.android.packageinstaller (pid 9827) has died: cch+45 CEM 
07-03 23:19:34.923  1520  2006 I Hiber/stateManager: freeze uid: 10356 com.babydola.launcherios costTime=12ms ,last unfreeze 11s ago
07-03 23:19:34.925  1520  2007 I Hiber/hiber: msg for start proxy frozen state
07-03 23:19:34.925  1520  4438 D os.ActivityManagerServiceLice: make process inactive com.google.android.packageinstaller(9827)
07-03 23:19:34.926   358   358 I lowmemorykiller: Kill 'com.android.vending:background' (9613), uid 10134, oom_score_adj 935 to free 99836kB rss, 39044kB swap; reason: <swap is low>
07-03 23:19:34.926  1520  1598 I libprocessgroup: Removed cgroup /sys/fs/cgroup/uid_10164/pid_9827
07-03 23:19:34.931  1038  1038 I Zygote  : Process 9827 exited due to signal 9 (Killed)
07-03 23:19:34.932  1520  1559 D DisplayManagerService: Drop pending events for gone uid 10164
07-03 23:19:34.933  1520  1598 D tranpm/BehaviorManager: logLmkdKillOccurred: procName com.android.vending:background
07-03 23:19:34.934   358   378 E lowmemorykiller: process_mrelease 9613 failed: No such process
07-03 23:19:34.935  1520  2007 D ActivityManager: Hiber try idle uid[10356] by hiber ,bgTime>0 ? false,isIdled before ? false ,isCurAllowListed ? false ,isProcStateBackground?false
07-03 23:19:34.935  1520  2007 I Hiber/proxyManager: p_service: 10356
07-03 23:19:34.935  1520  2007 I Hiber/hiber: proxy alarm (uid=١٠٣٥٦, pkgName=com.babydola.launcherios)
07-03 23:19:34.935  1520  2007 I Hiber/proxyManager: p_alarm: uid=10356, pkgName=com.babydola.launcherios
07-03 23:19:34.935  1520  2007 D Hiber/alarmManagerServiceExtImpl: proxyAlarms leave, uid=10356, packageName=com.babydola.launcherios
07-03 23:19:34.936  1520  1559 D SceneMonitor: onUidGone: Uid: 10164 name: com.google.android.packageinstaller
07-03 23:19:34.940  1520  2612 D SceneMonitor: handleMessage(MSG_PROCESS_STOP)
07-03 23:19:34.940  1520  2612 D SceneMonitor: com.google.android.packageinstaller[10164] gone
07-03 23:19:34.972  9895  9895 I Ads     : JS: The jsLoaded GMSG has been sent (https://googleads.g.doubleclick.net/mads/static/sdk/native/sdk-core-v40.html:1061)
07-03 23:19:34.972  9895  9895 I chromium: [INFO:CONSOLE:1061] "The jsLoaded GMSG has been sent", source: https://googleads.g.doubleclick.net/mads/static/sdk/native/sdk-core-v40.html (1061)
07-03 23:19:34.992  1038  1038 I Zygote  : Process 9613 exited due to signal 9 (Killed)
07-03 23:19:34.993  1520  4438 I ActivityManager: Process com.android.vending:background (pid 9613) has died: cch+35 CEM 
07-03 23:19:34.993   358   358 I lowmemorykiller: Kill 'com.transsion.phonemanager' (8424), uid 1000, oom_score_adj 925 to free 59204kB rss, 31848kB swap; reason: <swap is low>
07-03 23:19:34.994  1520  4438 D os.ActivityManagerServiceLice: make process inactive com.android.vending:background(9613)
07-03 23:19:34.997  1520  1598 D tranpm/BehaviorManager: logLmkdKillOccurred: procName com.transsion.phonemanager
07-03 23:19:34.999  1520  1804 D ConnectivityService: releasing NetworkRequest [ REQUEST id=9530, [ Capabilities: INTERNET&NOT_RESTRICTED&TRUSTED&NOT_VCN_MANAGED&NOT_BANDWIDTH_CONSTRAINED Uid: 10134 RequestorUid: 10134 RequestorPkg: com.android.vending UnderlyingNetworks: Null] ] (release request)
07-03 23:19:35.000   358   379 E lowmemorykiller: process_mrelease 8424 failed: No such process
07-03 23:19:35.001  1520  1598 I libprocessgroup: Removed cgroup /sys/fs/cgroup/uid_10134/pid_9613
07-03 23:19:35.003  1520  1804 D ConnectivityService: releasing NetworkRequest [ REQUEST id=9528, [ Capabilities: INTERNET&NOT_RESTRICTED&TRUSTED&NOT_VCN_MANAGED&NOT_BANDWIDTH_CONSTRAINED Uid: 10134 RequestorUid: 10134 RequestorPkg: com.android.vending UnderlyingNetworks: Null] ] (release request)
07-03 23:19:35.020  1520  2928 I ActivityManager: Process com.transsion.phonemanager (pid 8424) has died: cch+25 CEM 
07-03 23:19:35.020   358   358 I lowmemorykiller: Kill 'com.transsion.phonemaster' (9626), uid 10169, oom_score_adj 915 to free 109372kB rss, 32376kB swap; reason: <swap is low>
07-03 23:19:35.022  1038  1038 I Zygote  : Process 8424 exited due to signal 9 (Killed)
07-03 23:19:35.024  1520  2928 D os.ActivityManagerServiceLice: make process inactive com.transsion.phonemanager(8424)
07-03 23:19:35.025  1520  1598 D tranpm/BehaviorManager: logLmkdKillOccurred: procName com.transsion.phonemaster
07-03 23:19:35.025  1520  2928 W ActivityManager: Scheduling restart of crashed service com.transsion.phonemanager/.BinderPoolService in 20000ms for connection
07-03 23:19:35.027   358   378 E lowmemorykiller: process_mrelease 9626 failed: No such process
07-03 23:19:35.027  1520  1598 I libprocessgroup: Removed cgroup /sys/fs/cgroup/uid_1000/pid_8424
07-03 23:19:35.057  2013  2968 I TranPhoneInterfaceManager: MPSTCB - onSignalStrengthsChanged
07-03 23:19:35.057  2013  2968 D TranPhoneInterfaceManager: [onSignalStrengthsChanged]
07-03 23:19:35.057  2013  2968 D TranSmartAllocController: mDefaultDataSubId = 2  subId = 2
07-03 23:19:35.057  2013  2968 D TranSmartAllocController: mSupport = true  mBwAllocEnable = false mSimReady =true  mScreenOn =true
07-03 23:19:35.057  2013  2968 D TranSmartAllocController: mDataAvailable = false  mInService = true  cellSignalStrengthList = [CellSignalStrengthLte: rssi=-51 rsrp=-107 rsrq=-19 rssnr=6 cqiTableIndex=2147483647 cqi=2147483647 ta=2147483647 level=3 parametersUseForLevel=0]
07-03 23:19:35.061  2039  2255 D TranSignalStrengthComponentImpl: [LTE] dbm: -107
07-03 23:19:35.061  2039  2255 D TranSignalStrengthComponentImpl: [LTE] dbm: -107
07-03 23:19:35.062  1520  1605 D TranSignalStrengthComponentImpl: [LTE] dbm: -107
07-03 23:19:35.062  1520  1605 D TranSignalStrengthComponentImpl: [LTE] dbm: -107
07-03 23:19:35.062  2039  2039 D TranSignalStrengthComponentImpl: [LTE] dbm: -107
07-03 23:19:35.062  1520  2928 D ActivityManager: Skip enqueue broadcast because no receiver with Intent { act=android.intent.action.SIG_STR flg=0x10 (has extras) }
07-03 23:19:35.063  2013  2013 D TranSignalStrengthComponentImpl: [LTE] dbm: -107
07-03 23:19:35.063  2013  2013 D TranSignalStrengthComponentImpl: [LTE] dbm: -107
07-03 23:19:35.064  2013  2013 D TranSignalStrengthComponentImpl: [LTE] dbm: -107
07-03 23:19:35.064  2013  2013 D TranSignalStrengthComponentImpl: [LTE] dbm: -107
07-03 23:19:35.064  2013  2013 D TranSignalStrengthComponentImpl: [LTE] dbm: -107
07-03 23:19:35.064  1055 10242 D SPRDHWComposer: exit pq flip thread!
07-03 23:19:35.070  2013  2588 D TranPhoneSwitcher: getNetworkType: 4G
07-03 23:19:35.070  2013  2588 I TranPhoneSwitcher: mDefaultsign:3subid :2
07-03 23:19:35.073   358   358 I lowmemorykiller: Kill 'com.transsion.XOSLauncher' (26884), uid 10177, oom_score_adj 905 to free 86768kB rss, 64152kB swap; reason: <swap is low>
07-03 23:19:35.073  1520  1668 I ActivityManager: Process com.transsion.phonemaster (pid 9626) has died: cch+15 CEM 
07-03 23:19:35.074  1520  1598 D tranpm/BehaviorManager: logLmkdKillOccurred: procName com.transsion.XOSLauncher
07-03 23:19:35.075  1520  1668 D os.ActivityManagerServiceLice: make process inactive com.transsion.phonemaster(9626)
07-03 23:19:35.075  1520  1804 D ConnectivityService: releasing NetworkRequest [ REQUEST id=9533, [ Capabilities: INTERNET&NOT_RESTRICTED&TRUSTED&NOT_VCN_MANAGED&NOT_BANDWIDTH_CONSTRAINED Uid: 10169 RequestorUid: 10169 RequestorPkg: com.transsion.phonemaster UnderlyingNetworks: Null] ] (release request)
07-03 23:19:35.079  1038  1038 I Zygote  : Process 9626 exited due to signal 9 (Killed)
07-03 23:19:35.082  1520  1668 D CompatChangeReporter: Compat change id reported: 311208629; UID 1000; state: ENABLED
07-03 23:19:35.085  1520  1598 I libprocessgroup: Removed cgroup /sys/fs/cgroup/uid_10169/pid_9626
07-03 23:19:35.086  1520  1559 D DisplayManagerService: Drop pending events for gone uid 10169
07-03 23:19:35.090  1520  1559 D SceneMonitor: onUidGone: Uid: 10169 name: com.transsion.phonemaster
07-03 23:19:35.091  1520  2772 I Hiber/stateManager: unfreeze uid: 10169 com.transsion.phonemaster pids:[9626, 9626]  reason:MSG_UID_GONE   cpninfo: costTime=0ms ,last freeze 5s ago
07-03 23:19:35.091  1520  2612 D SceneMonitor: handleMessage(MSG_PROCESS_STOP)
07-03 23:19:35.091  1520  2612 D SceneMonitor: com.transsion.phonemaster[10169] gone
07-03 23:19:35.092  1520  2006 I Hiber/appStateMachine: uid=10169, pkg=com.transsion.phonemaster, transition from Frozen to Running, reason=MSG_UID_GONE
07-03 23:19:35.092  1520  2006 I Hiber/appStateMachine: uid:10169 exit FrozenState
07-03 23:19:35.092  1520  2006 I Hiber/appStateMachine: uid:10169 exit RunningState
07-03 23:19:35.092  1520  2772 D Hiber/proxyWakeLock: remove uid: 10169 wiht all pids from wakelockUidInfo list
07-03 23:19:35.094  1520  2007 I Hiber/proxyManager: up_service: 10169
07-03 23:19:35.095  1520  2007 D Hiber/alarmManagerServiceExtImpl: unproxyAlarms leave, uid=10169, packageName=drop
07-03 23:19:35.104  1520  1800 D TranWifiSmartAssistantController: start current network monitor 
07-03 23:19:35.104  1520  1800 D TranWifiSmartAssistantController: userIgnored :false isScoredCurrentNetwork :true
07-03 23:19:35.106  1520  1800 D TranWifiSmartAssistantController: mCurrentNetwork :113 SSID :"Airtel_Zerotouch"
07-03 23:19:35.110  1520  1800 D WifiNetworkQuality: current rssi is sufficient
07-03 23:19:35.110  1520  1800 D TranWifiSmartAssistantController: mNoCandidateCount : -1
07-03 23:19:35.110  1520  1800 D TranWifiSmartAssistantController: ====>>rssi :-39
07-03 23:19:35.111  1520  1800 I WifiNetworkQuality: tput greater than NO_INTERNET_TRAFFIC
07-03 23:19:35.118  1066  1158 D PowerHAL: PowerSessionManager::enableSystemTopAppBoost!!
07-03 23:19:35.158  1520  4439 I ActivityManager: Process com.transsion.XOSLauncher (pid 26884) has died: cch+5 BFGS
07-03 23:19:35.161  1066  1066 W PowerHAL: sched_setattr failed for thread 26940, err=3
07-03 23:19:35.161  1066  1066 W PowerHAL: sched_setattr failed for thread 26941, err=3
07-03 23:19:35.161  1066  1066 W PowerHAL: sched_setattr failed for thread 26936, err=3
07-03 23:19:35.165  1055  1055 D SPRDHWComposer: hwc create flip thread success!
07-03 23:19:35.166  1066  1158 D PowerHAL: PowerSessionManager::disableSystemTopAppBoost!!
07-03 23:19:35.169  1520  1598 I libprocessgroup: Removed cgroup /sys/fs/cgroup/uid_10177/pid_26884
07-03 23:19:35.170   358   358 I lowmemorykiller: Kill 'com.android.settings' (31432), uid 1000, oom_score_adj 900 to free 100208kB rss, 88460kB swap; reason: <swap is low>
07-03 23:19:35.173  1038  1038 I Zygote  : Process 26884 exited due to signal 9 (Killed)
07-03 23:19:35.175  1520  2271 W InputManager-JNI: Input channel object 'recents_animation_input_consumer (client)' was disposed without first being removed with the input manager!
07-03 23:19:35.179  1520  2928 I WindowManager: WIN DEATH: Window{6864c20 u0 com.transsion.XOSLauncher/com.android.quickstep.RecentsActivity}, [type=1, isChildWindow=false]*noSurface, mAddedWindows = [Window{6864c20 u0 com.transsion.XOSLauncher/com.android.quickstep.RecentsActivity}, [type=1, isChildWindow=false]*noSurface]
07-03 23:19:35.179  1520  2928 W InputManager-JNI: Input channel object '6864c20 com.transsion.XOSLauncher/com.android.quickstep.RecentsActivity (client)' was disposed without first being removed with the input manager!
07-03 23:19:35.180  1520  2928 D WindowManager: removeImmediately mActivityRecord: ActivityRecord{66f8579 u0 com.transsion.XOSLauncher/com.android.quickstep.RecentsActivity t15043 d0} type: 1
07-03 23:19:35.181  1520  1598 D tranpm/BehaviorManager: logLmkdKillOccurred: procName com.android.settings
07-03 23:19:35.182  1520  4440 D NotificationListeners: Removing active service ComponentInfo{com.transsion.XOSLauncher/com.android.launcher3.notification.NotificationListener}
07-03 23:19:35.185  1520  2928 D WindowManager: updateSystemBarAttributes win = Window{e333b0f u0 com.mohamedk.mathchallenge/com.mohamedk.mathchallenge.MainActivity}, [type=1, isChildWindow=false]-[Surface(name=*Title#14316)/@0x40e3382, shown=false, windowType=1] appearance = 8 navColorWin = Window{e333b0f u0 com.mohamedk.mathchallenge/com.mohamedk.mathchallenge.MainActivity}, [type=1, isChildWindow=false]-[Surface(name=*Title#14316)/@0x40e3382, shown=false, windowType=1]
07-03 23:19:35.185  1520  2928 D WindowManager: updateSystemBarAttributes appearance = 8 lightNavigationBarLw = 8 opaqueAppearance = 0
07-03 23:19:35.187   358   378 E lowmemorykiller: process_mrelease 31432 failed: No such process
07-03 23:19:35.189  1520  3000 W InputManager-JNI: Input channel object '[Gesture Monitor] swipe-up (client)' was disposed without first being removed with the input manager!
07-03 23:19:35.190  1520  4439 D os.ActivityManagerServiceLice: make process inactive com.transsion.XOSLauncher(26884)
07-03 23:19:35.191  1520  4439 W ActivityManager: Scheduling restart of crashed service com.transsion.XOSLauncher/com.android.quickstep.TouchInteractionService in 20000ms for connection
07-03 23:19:35.193  1100  1100 I SurfaceFlinger: updating visibility visibleForInput:0, Snapshot{TraversalPath{.id = 12647}[Gesture Monitor] swipe-up#12647 isVisible=0 {layer not reachable from root} changes=Hierarchy | Parent | RelativeParent | Visibility | AffectsChildren | VisibleRegion layerStack=0 geomLayerBounds={-7200,-16000,16000,7200} geomLayerTransform={tx=0,ty=0}}
07-03 23:19:35.196  1520  4439 D MagellanHandle: updateRefreshRateForSceneVsyncs what = 23
07-03 23:19:35.201  1520  1559 D DisplayManagerService: Drop pending events for gone uid 10177
07-03 23:19:35.205  1520  1559 D SceneMonitor: onUidIdle: Uid: 10177 name: com.transsion.XOSLauncher
07-03 23:19:35.205  2039  6187 V OverviewProxyService: startConnectionToCurrentUser: connection is restarted
07-03 23:19:35.209  1520  1568 D TABE-TranTabeComponentImpl: Send message to TABE: pkg=com.transsion.XOSLauncher,des=, adj = 905
07-03 23:19:35.210  2039  2039 W OverviewProxyService: Service disconnected
07-03 23:19:35.211  1520  1604 D PowerHALManager: powerhalmanager setviptaskbypid!!!
07-03 23:19:35.211  1520  1604 D PowerHALManager: powerhalmanager setviptaskbypid!!!
07-03 23:19:35.212  1520  1604 D PowerHALManager: powerhalmanager setviptaskbypid!!!
07-03 23:19:35.212  1520  1604 D PowerHALManager: powerhalmanager setviptaskbypid!!!
07-03 23:19:35.213  1520  1561 W ActivityManager: setHasOverlayUi called on unknown pid: 26884
07-03 23:19:35.217  1520  1684 W UsageStatsService: Unexpected activity event reported! (com.transsion.XOSLauncher/com.android.quickstep.RecentsActivity event : 23 instanceId : 132148426)
07-03 23:19:35.218  1520  1559 D SceneMonitor: onUidGone: Uid: 10177 name: com.transsion.XOSLauncher
07-03 23:19:35.219  1520  2612 D SceneMonitor: handleMessage(MSG_PROCESS_STOP)
07-03 23:19:35.219  1520  2612 D SceneMonitor: com.transsion.XOSLauncher[10177] gone
07-03 23:19:35.219  1520  2612 D SceneMonitor: handleMessage(MSG_PROCESS_STOP)
07-03 23:19:35.219  1520  2612 D SceneMonitor: com.transsion.XOSLauncher[10177] gone
07-03 23:19:35.230  1520  1804 D InetDiagMessage: Destroyed 0 sockets, proto=IPPROTO_TCP, family=AF_INET, states=14
07-03 23:19:35.232  1520  1804 D InetDiagMessage: Destroyed 0 sockets, proto=IPPROTO_TCP, family=AF_INET6, states=14
07-03 23:19:35.232  1520  1804 D InetDiagMessage: Destroyed live tcp sockets for uids={10177} in 8ms
07-03 23:19:35.236  1520  1804 D InetDiagMessage: Destroyed 0 sockets, proto=IPPROTO_TCP, family=AF_INET, states=14
07-03 23:19:35.237  1520  1804 D InetDiagMessage: Destroyed 0 sockets, proto=IPPROTO_TCP, family=AF_INET6, states=14
07-03 23:19:35.237  1520  1804 D InetDiagMessage: Destroyed live tcp sockets for uids={20177} in 3ms
07-03 23:19:35.240  1520  2475 D SSense.VideoRecognizer: videoState is set to END from HAL
07-03 23:19:35.241  2039  2694 D OverviewProxyService: disconnectFromLauncherService bound?: true currentProxy: com.android.systemui.shared.recents.IOverviewProxy$Stub$Proxy@7aff8d disconnectReason: runnable: startConnectionToCurrentUser
07-03 23:19:35.241  2039  2694 D OverviewProxyService: java.lang.Throwable
07-03 23:19:35.241  2039  2694 D OverviewProxyService: 	at com.android.systemui.recents.OverviewProxyService.disconnectFromLauncherService(SourceFile:36)
07-03 23:19:35.241  2039  2694 D OverviewProxyService: 	at com.android.systemui.recents.TrOverviewProxyService.disconnectFromLauncherService(SourceFile:22)
07-03 23:19:35.241  2039  2694 D OverviewProxyService: 	at com.android.systemui.recents.TrOverviewProxyService$$ExternalSyntheticLambda2.run(SourceFile:29)
07-03 23:19:35.241  2039  2694 D OverviewProxyService: 	at android.os.Handler.handleCallback(Handler.java:959)
07-03 23:19:35.241  2039  2694 D OverviewProxyService: 	at android.os.Handler.dispatchMessage(Handler.java:100)
07-03 23:19:35.241  2039  2694 D OverviewProxyService: 	at android.os.Looper.loopOnce(Looper.java:311)
07-03 23:19:35.241  2039  2694 D OverviewProxyService: 	at android.os.Looper.loop(Looper.java:408)
07-03 23:19:35.241  2039  2694 D OverviewProxyService: 	at android.os.HandlerThread.run(HandlerThread.java:85)
07-03 23:19:35.240  1520  2475 D SSense.VideoRecognizer: handleCheckVideoState:10251 pkg name:com.mohamedk.mathchallenge is: use FPS instead!!
07-03 23:19:35.243  1520  2475 D SSense.VideoRecognizer: highFps mCurrentFPS:0.0
07-03 23:19:35.243  1520  2475 D SSense.VideoRecognizer: audioState is set to END from HAL
07-03 23:19:35.245  1520  2475 D SSense.VideoRecognizer: VideoScene for uid:10251 pkg name:com.mohamedk.mathchallenge sceneId:8 changed:false mHasVideoPlaying:false appinfo:SSense.AppBehaviorInfo{packageName: com.mohamedk.mathchallenge, uid: 10251, mVisibleComponent:com.mohamedk.mathchallenge/.MainActivity, mRequestSensorType: 0, mRequestAudioType: 0, mRequestmAudioPlayerState: 4, mRequestVideoType: 0, mRequestScreenType: 4, mRequestFpsType: 0, mRequestTouchRateType: 0, mRequestGPSType: 0, mVideoWidth: 0, mVideoHeight: 0, mScreenTypeWhenStarted: 4, mStartUpComponent:com.mohamedk.mathchallenge/.MainActivity, mAppFirstStartStamp: 82642604, mLastAudioStartStamp: 89153273, mLastVideoStartStamp: 89153384, mTouchRateDuration: 0, mVideoStartType: 0, mVideoPlaying: false, mVisible:true, mFixedOrientation:false, mAudioStartCountSinceScreenChanged:0, mVisibleWindowCount:1, mRequestScreenTypeForMaxWindow:4, mWindowMode:1, mSurfaceViewVisible:true, mSurfaceViewVisibleWhenVideoPlaying:true }
07-03 23:19:35.245  1520  2475 D SSense.GalleryAppSceneRecognizer: GalleryAppScene for uid:10251 pkg name:com.mohamedk.mathchallenge sceneId:0 changed:false mCurrentFlingAppName:null
07-03 23:19:35.261  1520  1592 D os.permission.PermissionInfo: checkPermission 10177:android.permission.POST_NOTIFICATIONS:false
07-03 23:19:35.261  1055  1055 D mali_gralloc: register: id=41e00005269, handle=0xb400007ceb6250a0, importpid=1055
07-03 23:19:35.266  1520  4439 V GrammaticalInflectionUtils: AttributionSource: android.content.AttributionSource@dc22ec81 does not have READ_SYSTEM_GRAMMATICAL_GENDER permission.
07-03 23:19:35.288  1038  1038 D Zygote  : Forked child process 10251
07-03 23:19:35.289  1520  1594 I ActivityManager: Start proc 10251:com.transsion.XOSLauncher/u0a177 for service {com.transsion.XOSLauncher/com.android.quickstep.TouchInteractionService}
07-03 23:19:35.313 10251 10251 I ion.XOSLauncher: Using generational CollectorTypeCMC GC.
07-03 23:19:35.331 10251 10251 D nativeloader: Load libframework-connectivity-tiramisu-jni.so using APEX ns com_android_tethering for caller /apex/com.android.tethering/javalib/framework-connectivity-t.jar: ok
07-03 23:19:35.333  1520  4439 D AlarmManagerService: set alarm to kernel: 89354958000000, type=2
07-03 23:19:35.335  1520  4439 D AlarmManagerService: set alarm to kernel: 89330939000000, type=3
07-03 23:19:35.339 10251 10251 W TranInstanceHelper: Failed to instance com.transsion.hubcore.linkplus.implement.app.TranActivityThreadLinkplusImpl, java.lang.ClassNotFoundException: com.transsion.hubcore.linkplus.implement.app.TranActivityThreadLinkplusImpl
07-03 23:19:35.339 10251 10251 D TranClassInfo: instance successfully. com.transsion.hubcore.app.TranActivityThreadImpl@88de577 from com.transsion.hubcore.app.ITranActivityThread
07-03 23:19:35.343 10251 10251 D os.SingleLice: instance successfully. com.transsion.widget.v3.FloatingToolbarLice@15f25e4 from com.transsion.widget.FloatingToolbarLiceFactory
07-03 23:19:35.343 10251 10251 D os.SingleLiceFactory: instance successfully. com.transsion.widget.v3.FloatingToolbarLice@15f25e4 from android.app.IActivityThreadLice
07-03 23:19:35.345 10251 10251 D os.SingleLice: instance successfully. com.transsion.common.v1.CommonLice@566ca4d from com.transsion.common.CommonLiceFactory
07-03 23:19:35.345 10251 10251 D os.SingleLiceFactory: instance successfully. com.transsion.common.v1.CommonLice@566ca4d from android.app.IActivityThreadLice
07-03 23:19:35.346 10251 10251 D os.SingleLice: instance successfully. com.transsion.typeface.v1.StaticTypefaceLice@2f5c902 from com.transsion.typeface.TypefaceLiceFactory
07-03 23:19:35.346 10251 10251 D os.SingleLiceFactory: instance successfully. com.transsion.typeface.v1.StaticTypefaceLice@2f5c902 from android.app.IActivityThreadLice
07-03 23:19:35.346 10251 10251 D os.SingleLiceFactory: using android.app.IActivityThreadLice$DefaultImpl@f716213 instead of com.transsion.sun.SunLiceFactory  from android.app.IActivityThreadLice
07-03 23:19:35.347 10251 10251 D os.SingleLice: instance successfully. com.transsion.fdleak.FdLeakLice@cdabc50 from com.transsion.fdleak.FdLeakLiceFactory
07-03 23:19:35.347 10251 10251 D os.SingleLiceFactory: instance successfully. com.transsion.fdleak.FdLeakLice@cdabc50 from android.app.IActivityThreadLice
07-03 23:19:35.347 10251 10251 D os.LiceInfo: instance successfully. com.transsion.app.ActivityThreadLice@462be49 from android.app.IActivityThreadLice
07-03 23:19:35.354  1038  1038 I Zygote  : Process 31432 exited due to signal 9 (Killed)
07-03 23:19:35.357  1520  2928 I WindowManager: WIN DEATH: Window{43fc07c u0 com.android.settings/com.android.settings.Settings}, [type=1, isChildWindow=false]*noSurface, mAddedWindows = [Window{43fc07c u0 com.android.settings/com.android.settings.Settings}, [type=1, isChildWindow=false]*noSurface]
07-03 23:19:35.358  1520  1804 D ConnectivityService: releasing NetworkRequest [ REQUEST id=8845, [ Capabilities: INTERNET&NOT_RESTRICTED&TRUSTED&NOT_VCN_MANAGED&NOT_BANDWIDTH_CONSTRAINED Uid: 1000 RequestorUid: 1000 RequestorPkg: com.android.settings UnderlyingNetworks: Null] ] (release request)
07-03 23:19:35.358  1520  2928 W InputManager-JNI: Input channel object '43fc07c com.android.settings/com.android.settings.Settings (client)' was disposed without first being removed with the input manager!
07-03 23:19:35.360 10251 10262 I SurfaceFactory: [static] sSurfaceFactory = com.transsion.rt.SurfaceFactoryImpl@97b734e
07-03 23:19:35.368  1520  2928 D WindowManager: removeImmediately mActivityRecord: ActivityRecord{ab82898 u0 com.android.settings/.Settings t15198 d0} type: 1
07-03 23:19:35.368  1066  1066 W PowerHAL: sched_setattr failed for thread 31757, err=3
07-03 23:19:35.369  1066  1066 W PowerHAL: sched_setattr failed for thread 31758, err=3
07-03 23:19:35.369  1066  1066 W PowerHAL: sched_setattr failed for thread 31432, err=3
07-03 23:19:35.369  1066  1066 W PowerHAL: sched_setattr failed for thread 31708, err=3
07-03 23:19:35.369  1520  2928 D WindowManager: updateSystemBarAttributes win = Window{e333b0f u0 com.mohamedk.mathchallenge/com.mohamedk.mathchallenge.MainActivity}, [type=1, isChildWindow=false]-[Surface(name=*Title#14316)/@0x40e3382, shown=false, windowType=1] appearance = 8 navColorWin = Window{e333b0f u0 com.mohamedk.mathchallenge/com.mohamedk.mathchallenge.MainActivity}, [type=1, isChildWindow=false]-[Surface(name=*Title#14316)/@0x40e3382, shown=false, windowType=1]
07-03 23:19:35.370  1520  2928 D WindowManager: updateSystemBarAttributes appearance = 8 lightNavigationBarLw = 8 opaqueAppearance = 0
07-03 23:19:35.372  1520  4439 D os.typeface.lice.server: getOverlaySerializedSystemFontMap ProcessRecord{74a274d 10251:com.transsion.XOSLauncher/u0a177}
07-03 23:19:35.372  1520  4439 D os.typeface.lice: getOverlaySerializedSystemFontMap com.transsion.XOSLauncher
07-03 23:19:35.376  1520  4439 D os.ActivityManagerServiceLice: make process active com.transsion.XOSLauncher(10251)
07-03 23:19:35.379  1520  2612 D SceneMonitor: handleMessage(MSG_PROCESS_START)
07-03 23:19:35.379  1520  2612 D SceneMonitor: null[99353] active
07-03 23:19:35.381  1520  1559 D SceneMonitor: onUidIdle: Uid: 10177 name: com.transsion.XOSLauncher
07-03 23:19:35.382  1520  4790 I ActivityManager: Process com.android.settings (pid 31432) has died: cch CAC 
07-03 23:19:35.382  1520  1559 D SceneMonitor: Uid: 10177 UidStateChanged: 19
07-03 23:19:35.382  1520  2612 D SceneMonitor: handleMessage(MSG_PROCESS_STOP)
07-03 23:19:35.383 10251 10251 D TranClassInfo: instance successfully. com.transsion.hubcore.graphics.TranGraphicImpl@3060c6f from com.transsion.hubcore.graphics.ITranGraphic
07-03 23:19:35.384  1520  1598 I libprocessgroup: Removed cgroup /sys/fs/cgroup/uid_1000/pid_31432
07-03 23:19:35.384  1520  2612 D SceneMonitor: com.transsion.XOSLauncher[10177] gone
07-03 23:19:35.386 10251 10251 D os.SingleLiceFactory: instance successfully. com.transsion.typeface.v1.StaticTypefaceLice@2f5c902 from android.graphics.IGraphicLice
07-03 23:19:35.386 10251 10251 D os.LiceInfo: instance successfully. com.transsion.graphics.GraphicLice@e374d7c from android.graphics.IGraphicLice
07-03 23:19:35.388  1520  4790 D os.ActivityManagerServiceLice: make process inactive com.android.settings(31432)
07-03 23:19:35.391  1520  2475 D SSense.VideoRecognizer: videoState is set to END from HAL
07-03 23:19:35.392  1520  2475 D SSense.VideoRecognizer: handleCheckVideoState:10251 pkg name:com.mohamedk.mathchallenge is: use FPS instead!!
07-03 23:19:35.392  1520  2475 D SSense.VideoRecognizer: highFps mCurrentFPS:0.0
07-03 23:19:35.392  1520  2475 D SSense.VideoRecognizer: audioState is set to END from HAL
07-03 23:19:35.395  1520  2475 D SSense.VideoRecognizer: VideoScene for uid:10251 pkg name:com.mohamedk.mathchallenge sceneId:8 changed:false mHasVideoPlaying:false appinfo:SSense.AppBehaviorInfo{packageName: com.mohamedk.mathchallenge, uid: 10251, mVisibleComponent:com.mohamedk.mathchallenge/.MainActivity, mRequestSensorType: 0, mRequestAudioType: 0, mRequestmAudioPlayerState: 4, mRequestVideoType: 0, mRequestScreenType: 4, mRequestFpsType: 0, mRequestTouchRateType: 0, mRequestGPSType: 0, mVideoWidth: 0, mVideoHeight: 0, mScreenTypeWhenStarted: 4, mStartUpComponent:com.mohamedk.mathchallenge/.MainActivity, mAppFirstStartStamp: 82642604, mLastAudioStartStamp: 89153273, mLastVideoStartStamp: 89153384, mTouchRateDuration: 0, mVideoStartType: 0, mVideoPlaying: false, mVisible:true, mFixedOrientation:false, mAudioStartCountSinceScreenChanged:0, mVisibleWindowCount:1, mRequestScreenTypeForMaxWindow:4, mWindowMode:1, mSurfaceViewVisible:true, mSurfaceViewVisibleWhenVideoPlaying:true }
07-03 23:19:35.395  1520  2475 D SSense.GalleryAppSceneRecognizer: GalleryAppScene for uid:10251 pkg name:com.mohamedk.mathchallenge sceneId:0 changed:false mCurrentFlingAppName:null
07-03 23:19:35.402 10251 10251 D DebugTheme.onThemeUpdated: reload start !TranResourcesUtils.isRunningOnSystemServer()=true currentForegroundUser=0
07-03 23:19:35.406  1520  4790 D MagellanHandle: updateRefreshRateForSceneVsyncs what = 23
07-03 23:19:35.407  1520  1684 W UsageStatsService: Unexpected activity event reported! (com.android.settings/com.transsion.settings.homepage.SettingsHomeActivity event : 23 instanceId : 225407664)
07-03 23:19:35.408  1520  4790 D ActivityTaskManager: TaskProcess findExitInfoForRecentProcess mLastIndex#=2 mTrackPid= 31432
07-03 23:19:35.408  1520  4790 D ActivityTaskManager: TaskProcess clear proc= 31432
07-03 23:19:35.408  1520  4790 D TaskProcess: TaskProcess clearRealTask removeTask#=false mLastIndex= 2
07-03 23:19:35.409  1520  1604 D PowerHALManager: powerhalmanager setviptaskbypid!!!
07-03 23:19:35.409  1520  1604 D PowerHALManager: powerhalmanager setviptaskbypid!!!
07-03 23:19:35.409  1520  1604 D PowerHALManager: powerhalmanager setviptaskbypid!!!
07-03 23:19:35.410  1520  1604 D PowerHALManager: powerhalmanager setviptaskbypid!!!
07-03 23:19:35.445  1520  2475 D SSense.VideoRecognizer: videoState is set to END from HAL
07-03 23:19:35.447  1520  2475 D SSense.VideoRecognizer: handleCheckVideoState:10251 pkg name:com.mohamedk.mathchallenge is: use FPS instead!!
07-03 23:19:35.447  1520  2475 D SSense.VideoRecognizer: highFps mCurrentFPS:0.0
07-03 23:19:35.447  1520  2475 D SSense.VideoRecognizer: audioState is set to END from HAL
07-03 23:19:35.447  1520  2475 D SSense.VideoRecognizer: VideoScene for uid:10251 pkg name:com.mohamedk.mathchallenge sceneId:8 changed:false mHasVideoPlaying:false appinfo:SSense.AppBehaviorInfo{packageName: com.mohamedk.mathchallenge, uid: 10251, mVisibleComponent:com.mohamedk.mathchallenge/.MainActivity, mRequestSensorType: 0, mRequestAudioType: 0, mRequestmAudioPlayerState: 4, mRequestVideoType: 0, mRequestScreenType: 4, mRequestFpsType: 0, mRequestTouchRateType: 0, mRequestGPSType: 0, mVideoWidth: 0, mVideoHeight: 0, mScreenTypeWhenStarted: 4, mStartUpComponent:com.mohamedk.mathchallenge/.MainActivity, mAppFirstStartStamp: 82642604, mLastAudioStartStamp: 89153273, mLastVideoStartStamp: 89153384, mTouchRateDuration: 0, mVideoStartType: 0, mVideoPlaying: false, mVisible:true, mFixedOrientation:false, mAudioStartCountSinceScreenChanged:0, mVisibleWindowCount:1, mRequestScreenTypeForMaxWindow:4, mWindowMode:1, mSurfaceViewVisible:true, mSurfaceViewVisibleWhenVideoPlaying:true }
07-03 23:19:35.447  1520  2475 D SSense.GalleryAppSceneRecognizer: GalleryAppScene for uid:10251 pkg name:com.mohamedk.mathchallenge sceneId:0 changed:false mCurrentFlingAppName:null
07-03 23:19:35.457 10251 10251 D nativeloader: Configuring clns-shared-7 for other apk /system_ext/priv-app/XLauncher/XLauncher.apk. target_sdk_version=35, uses_libraries=, library_path=/system_ext/priv-app/XLauncher/lib/arm64:/system_ext/priv-app/XLauncher/XLauncher.apk!/lib/arm64-v8a:/system/lib64:/system_ext/lib64, permitted_path=/data:/mnt/expand:/data/user/0/com.transsion.XOSLauncher:/system_ext/priv-app/XLauncher:/system/lib64:/system_ext/lib64
07-03 23:19:35.458  9475  9523 D NotificationUtil: data = CriticalCrashModel{, appPackageName='com.transsion.XOSLauncher', appVersionName='15.6.2.066', crashSummary='r=LOW_MEMORY sr=UNKNOWN im=FOREGROUND_SERVICE d=null', timeStamp='1783109975192', firstTimeStamp='1777761242099', appInstaller='unk', appInstallTime='1772467107508', adjInfo='null', exceptionType='exit', extraInformation='null', reservedOne='null', reservedTwo='null', crashFrequency=267, crashAverageTime=0, causeByApp=0} adj = 905
07-03 23:19:35.473 10251 10251 D CompatChangeReporter: Compat change id reported: 202956589; UID 10177; state: ENABLED
07-03 23:19:35.508 10251 10251 D CompatChangeReporter: Compat change id reported: 279646685; UID 10177; state: ENABLED
07-03 23:19:35.510 10251 10251 V GraphicsEnvironment: Currently set values for:
07-03 23:19:35.510 10251 10251 V GraphicsEnvironment:   angle_gl_driver_selection_pkgs=[]
07-03 23:19:35.510 10251 10251 V GraphicsEnvironment:   angle_gl_driver_selection_values=[]
07-03 23:19:35.510 10251 10251 V GraphicsEnvironment: Global.Settings values are invalid: number of packages: 0, number of values: 0
07-03 23:19:35.510 10251 10251 V GraphicsEnvironment: Neither updatable production driver nor prerelease driver is supported.
07-03 23:19:35.511  1520  1603 D tranpm/BehaviorManager: onMemPressureChange : level 2
07-03 23:19:35.514 10251 10251 I LoadedApk: No resource references to update in package com.transsion.theme.icon
07-03 23:19:35.555   358   358 I lowmemorykiller: TranMemoryInfo: vmstat time slice: 1016
07-03 23:19:35.555   358   358 I lowmemorykiller: TranMemoryInfo: PSI stat: 11, 17.60, 6.74, 9.79, 3.52
07-03 23:19:35.555   358   358 I lowmemorykiller: TranMemoryInfo: vmstat: 8983, 0, 10994, 0, 232543
07-03 23:19:35.556   358   358 D lowmemorykiller: TranMemoryInfo: kswapd pgscan_kswapd 245502032 to 245516483, pgsteal_kswapd 128518715 to 128529709, stime 232519 to 232543
07-03 23:19:35.556   358   358 I lowmemorykiller: TranMemoryInfo: kswapd has been run.
07-03 23:19:35.556   358   358 I lowmemorykiller: TranMemoryInfo: kswapd reclaim amount : 10994 pages.
07-03 23:19:35.556   358   358 I lowmemorykiller: TranMemoryInfo: kswapd reclaim efficiency : 183 KB/ms.
07-03 23:19:35.562  1520  1792 D WifiStaIfaceHidlImpl: getCachedScanData is not implemented by HIDL
07-03 23:19:35.616  1520  2928 D os.permission.PermissionInfo: checkPermission 10177:android.permission.INTERACT_ACROSS_USERS_FULL:true
07-03 23:19:35.616  1520  2928 I os.permission: Grant permission: android.permission.INTERACT_ACROSS_USERS_FULL to uid: 10177
07-03 23:19:35.617 10251 10251 I TAG_BadgeUtil: isMainProcess=true
07-03 23:19:35.619  1520  2928 D ActivityManager: Skip enqueue broadcast because no receiver with Intent { act=com.mediatek.action.UNREAD_INIT flg=0x10 }
07-03 23:19:35.632 10251 10251 I TAG_BadgeManager: registerBadgeReceiver, context=com.transsion.launcher3.XApplication@6dacbb9 , badgeReceiver=com.transsion.launcher3.badge.BadgeReceiver@246f603, badgeSettingReceiver=com.transsion.launcher3.badge.BadgeSettingReceiver@7dd980
07-03 23:19:35.659 10251 10271 D nativeloader: Load libunipnp_jni.so using system ns (caller=/system_ext/framework/unipnp-framework.jar): ok
07-03 23:19:35.665 10251 10251 D os.SingleLiceFactory: using android.app.IActivityThreadLice$DefaultImpl@f716213 instead of com.transsion.activityembedding.ActivityEmbeddingLiceFactory  from android.app.IActivityThreadLice
07-03 23:19:35.675  1520  1622 D MagellanHandle: updateRefreshRateForSceneVsyncs what = 11
07-03 23:19:35.677  1055 10248 D SPRDHWComposer: exit pq flip thread!
07-03 23:19:35.678  1520  1622 D TranThermalBacklightCtrl: Brightness=0.05 AutoBackLight=false AmbientLux=-1.0 APTemp=43.836BatteryTemp = 38.1
07-03 23:19:35.678  1520  1622 I TranThermalBacklightCtrl: current status=level_0 last status=level_0
07-03 23:19:35.678  1520  1622 D DisplayPowerController2[0]: animateScreenBrightness: target = 0.05, sdrTarget = 0.05, rate = 1.0, mShouldUpdateBrightnessSettingLater = false, currentBrightnessHlg = 1.0, targetHlg = 0.38729835, adapterRateThresholdHlg = 0.77425206, isRateUpdate = true
07-03 23:19:35.681  1520  1622 I TranHBMController[0]: hbm onBrightnessChanged brightness=0.05, sdrBrightness= 0.05,animate=true,duration=0.61270165,Inspire=false,isMaxBrightnessButApplimit=false
07-03 23:19:35.681  1520  1622 V DisplayPowerController2[0]: Brightness [0.05] reason changing to: 'manual [ dim ]', previous reason: 'manual'.
