07-03 23:27:21.844 21096 21101 I adbd    : opening control endpoint /dev/usb-ffs/adb/ep0
07-03 23:27:21.846 21096 21101 I adbd    : UsbFfsConnection constructed
07-03 23:27:21.848 21096 15683 I adbd    : UsbFfs-monitor thread spawned
07-03 23:27:22.005  1062  1062 I EnhanceAIDL: enhance could not find the type in device map
07-03 23:27:22.206  1062  1062 I EnhanceAIDL: enhance could not find the type in device map
07-03 23:27:22.416  1520  2772 I Hiber/hiber: begin socketDestroy, mUid: 10123
07-03 23:27:22.421  1520  2772 D TranNetworkManagementServiceMultiLinkImpl: linkTurb destorySocketByUid  uid :10123
07-03 23:27:22.421  1520  2772 I Hiber/hiber: clearDnsCache again!!!
07-03 23:27:22.429  1520  1792 D WifiStaIfaceHidlImpl: getCachedScanData is not implemented by HIDL
07-03 23:27:22.585  1520  1681 W SensorService: Dropping 1 cached events (100/100) to save 1/1 new events. 210 events previously dropped
07-03 23:27:22.669  1520  1592 I ActivityManager: Test idle failed due to 625efc0 1520:system/1000 runnable at -2m10s397ms because PERSISTENT
07-03 23:27:22.792  2039  2255 D TranSignalStrengthComponentImpl: [LTE] dbm: -108
07-03 23:27:22.792  2039  2255 D TranSignalStrengthComponentImpl: [LTE] dbm: -108
07-03 23:27:22.793  2013  2968 I TranPhoneInterfaceManager: MPSTCB - onSignalStrengthsChanged
07-03 23:27:22.793  2013  2968 D TranPhoneInterfaceManager: [onSignalStrengthsChanged]
07-03 23:27:22.793  2013  2968 D TranSmartAllocController: mDefaultDataSubId = 2  subId = 2
07-03 23:27:22.793  2013  2968 D TranSmartAllocController: mSupport = true  mBwAllocEnable = false mSimReady =true  mScreenOn =true
07-03 23:27:22.793  2013  2968 D TranSmartAllocController: mDataAvailable = false  mInService = true  cellSignalStrengthList = [CellSignalStrengthLte: rssi=-51 rsrp=-108 rsrq=-20 rssnr=2 cqiTableIndex=2147483647 cqi=2147483647 ta=2147483647 level=3 parametersUseForLevel=0]
07-03 23:27:22.794  1520  1605 D TranSignalStrengthComponentImpl: [LTE] dbm: -108
07-03 23:27:22.795  1520  2928 D ActivityManager: Skip enqueue broadcast because no receiver with Intent { act=android.intent.action.SIG_STR flg=0x10 (has extras) }
07-03 23:27:22.795  1520  1605 D TranSignalStrengthComponentImpl: [LTE] dbm: -108
07-03 23:27:22.796  2013  2013 D TranSignalStrengthComponentImpl: [LTE] dbm: -108
07-03 23:27:22.797  2039  2039 D TranSignalStrengthComponentImpl: [LTE] dbm: -108
07-03 23:27:22.797  2013  2013 D TranSignalStrengthComponentImpl: [LTE] dbm: -108
07-03 23:27:22.797  2013  2013 D TranSignalStrengthComponentImpl: [LTE] dbm: -108
07-03 23:27:22.797  2013  2013 D TranSignalStrengthComponentImpl: [LTE] dbm: -108
07-03 23:27:22.797  2013  2013 D TranSignalStrengthComponentImpl: [LTE] dbm: -108
07-03 23:27:22.799  2013  2588 D TranPhoneSwitcher: getNetworkType: 4G
07-03 23:27:22.799  2013  2588 I TranPhoneSwitcher: mDefaultsign:2subid :2
07-03 23:27:22.807  1062  1062 I EnhanceAIDL: enhance could not find the type in device map
07-03 23:27:22.831  1520  4440 V BroadcastQueue: Enqueuing BroadcastRecord{8eda545 Intent { flg=0x10 cmp=com.facebook.lite/.KeepWarmReceiver (has extras) }/u0} ordered=false from uid 10246 pid 13177 for 1 receivers
07-03 23:27:22.849 21096 15683 W adbd    : timed out while waiting for FUNCTIONFS_BIND, trying again
07-03 23:27:22.849 21096 15683 I adbd    : UsbFfs: connection terminated: monitor thread finished
07-03 23:27:22.850 21096 21096 I adbd    : UsbFfs: already offline
07-03 23:27:22.850 21096 21096 I adbd    : destroying transport UsbFfs
07-03 23:27:22.850 21096 21096 I adbd    : UsbFfsConnection being destroyed
07-03 23:27:22.884 21096 21101 I adbd    : opening control endpoint /dev/usb-ffs/adb/ep0
07-03 23:27:22.886 21096 21101 I adbd    : UsbFfsConnection constructed
07-03 23:27:22.887 21096 15685 I adbd    : UsbFfs-monitor thread spawned
07-03 23:27:23.006  1062  1062 I EnhanceAIDL: enhance could not find the type in device map
07-03 23:27:23.206  1062  1062 I EnhanceAIDL: enhance could not find the type in device map
07-03 23:27:23.255  1520  2006 I Hiber/importantScene: isTrafficActive uid:10246 speed :0
07-03 23:27:23.256  1520  2006 I Hiber/appStateMachine: uid:10246 enter FrozenState
07-03 23:27:23.258  1520  2006 I Hiber/stateManager: freeze uid: 10246 com.facebook.lite costTime=2ms ,last unfreeze 5s ago
07-03 23:27:23.258  1520  2006 I Hiber/restrictionPolicy: uid:10246  pkgName:com.facebook.lite isAllowedNet
07-03 23:27:23.259  1520  2007 I Hiber/hiber: msg for start proxy frozen state
07-03 23:27:23.259  1520  2007 D ActivityManager: Hiber try idle uid[10246] by hiber ,bgTime>0 ? true,isIdled before ? true ,isCurAllowListed ? false ,isProcStateBackground?true
07-03 23:27:23.259  1520  2007 D ActivityManager: Hiber try idle uid[10246] by hiber
07-03 23:27:23.259  1520  2007 I Hiber/proxyManager: p_service: 10246
07-03 23:27:23.259  1520  2007 I Hiber/hiber: proxy alarm (uid=١٠٢٤٦, pkgName=com.facebook.lite)
07-03 23:27:23.259  1520  2009 I Hiber/nativeServiceClient: watch app network uid=10246, persistent=0
07-03 23:27:23.259  1520  2007 I Hiber/proxyManager: p_alarm: uid=10246, pkgName=com.facebook.lite
07-03 23:27:23.260  1520  2007 D AlarmManagerService: set alarm to kernel: 89834958000000, type=2
07-03 23:27:23.260  1520  2007 D AlarmManagerService: set alarm to kernel: 89831692000000, type=3
07-03 23:27:23.260  1520  2007 D Hiber/alarmManagerServiceExtImpl: proxyAlarms, alarm=Alarm{7bd4fa0 type 2 origWhen 90189052 whenElapsed 90194053 com.facebook.lite}
07-03 23:27:23.260  1520  2007 D Hiber/alarmManagerServiceExtImpl: proxyAlarms, alarm=Alarm{f9dd759 type 2 origWhen 90189063 whenElapsed 90194080 com.facebook.lite}
07-03 23:27:23.260  1520  2772 D ActivityManager: Hiber/checkExecutingCmp=receiver
07-03 23:27:23.260  1520  2007 D Hiber/alarmManagerServiceExtImpl: proxyAlarms, alarm=Alarm{d0003b4 type 2 origWhen 90189298 whenElapsed 90194299 com.facebook.lite}
07-03 23:27:23.260  1520  2007 D Hiber/alarmManagerServiceExtImpl: proxyAlarms, alarm=Alarm{bf2e9ee type 2 origWhen 90248927 whenElapsed 90248927 com.facebook.lite}
07-03 23:27:23.260  1520  2007 D Hiber/alarmManagerServiceExtImpl: proxyAlarms, alarm=Alarm{5c84e8f type 2 origWhen 90248970 whenElapsed 90248970 com.facebook.lite}
07-03 23:27:23.260  1520  2007 D Hiber/alarmManagerServiceExtImpl: proxyAlarms, alarm=Alarm{5a7ff1e type 2 origWhen 100989249 whenElapsed 100994249 com.facebook.lite}
07-03 23:27:23.260  1520  2007 D Hiber/alarmManagerServiceExtImpl: proxyAlarms, alarm=Alarm{776f3ff type 2 origWhen 129789024 whenElapsed 129789024 com.facebook.lite}
07-03 23:27:23.260  1520  2007 D Hiber/alarmManagerServiceExtImpl: proxyAlarms, alarm=Alarm{804003f type 1 origWhen 1783181538369 whenElapsed 160893327 com.facebook.lite}
07-03 23:27:23.260  1520  2007 D Hiber/alarmManagerServiceExtImpl: proxyAlarms, alarm=Alarm{237c5cc type 2 origWhen 172989161 whenElapsed 172994177 com.facebook.lite}
07-03 23:27:23.260  1520  2007 D Hiber/alarmManagerServiceExtImpl: proxyAlarms leave, uid=10246, packageName=com.facebook.lite
07-03 23:27:23.260  1520  1559 D SceneMonitor: onUidIdle: Uid: 10246 name: com.facebook.lite
07-03 23:27:23.261  1520  2612 D SceneMonitor: handleMessage(MSG_PROCESS_STOP)
07-03 23:27:23.261  1520  2612 D SceneMonitor: com.facebook.lite[10246] gone
07-03 23:27:23.261  1520  2772 I Hiber/stateManager: unfreeze uid: 10246 com.facebook.lite pids:[13177]  reason:executingComponent   cpninfo: costTime=2ms ,last freeze 0s ago
07-03 23:27:23.262  1520  2006 I Hiber/appStateMachine: uid=10246, pkg=com.facebook.lite, transition from Frozen to Running, reason=executingComponent
07-03 23:27:23.262  1520  2006 I Hiber/appStateMachine: uid:10246 exit FrozenState
07-03 23:27:23.262  1520  2007 I Hiber/proxyManager: up_service: 10246
07-03 23:27:23.262  1520  2007 D AlarmManagerService: set alarm to kernel: 89834958000000, type=2
07-03 23:27:23.262  1520  2007 D AlarmManagerService: set alarm to kernel: 89831692000000, type=3
07-03 23:27:23.262  1520  2007 D Hiber/alarmManagerServiceExtImpl: unproxyAlarms, alarm=Alarm{7bd4fa0 type 2 origWhen 90189052 whenElapsed 90194053 com.facebook.lite}
07-03 23:27:23.262  1520  2007 D Hiber/alarmManagerServiceExtImpl: unproxyAlarms, alarm=Alarm{f9dd759 type 2 origWhen 90189063 whenElapsed 90194080 com.facebook.lite}
07-03 23:27:23.262  1520  2007 D Hiber/alarmManagerServiceExtImpl: unproxyAlarms, alarm=Alarm{d0003b4 type 2 origWhen 90189298 whenElapsed 90194299 com.facebook.lite}
07-03 23:27:23.262  1520  2007 D Hiber/alarmManagerServiceExtImpl: unproxyAlarms, alarm=Alarm{bf2e9ee type 2 origWhen 90248927 whenElapsed 90248927 com.facebook.lite}
07-03 23:27:23.262  1520  2007 D Hiber/alarmManagerServiceExtImpl: unproxyAlarms, alarm=Alarm{5c84e8f type 2 origWhen 90248970 whenElapsed 90248970 com.facebook.lite}
07-03 23:27:23.262  1520  2007 D Hiber/alarmManagerServiceExtImpl: unproxyAlarms, alarm=Alarm{5a7ff1e type 2 origWhen 100989249 whenElapsed 100994249 com.facebook.lite}
07-03 23:27:23.262  1520  2007 D Hiber/alarmManagerServiceExtImpl: unproxyAlarms, alarm=Alarm{776f3ff type 2 origWhen 129789024 whenElapsed 129789024 com.facebook.lite}
07-03 23:27:23.263  1520  2007 D Hiber/alarmManagerServiceExtImpl: unproxyAlarms, alarm=Alarm{804003f type 1 origWhen 1783181538369 whenElapsed 160893327 com.facebook.lite}
07-03 23:27:23.263  1520  2007 D Hiber/alarmManagerServiceExtImpl: unproxyAlarms, alarm=Alarm{237c5cc type 2 origWhen 172989161 whenElapsed 172994177 com.facebook.lite}
07-03 23:27:23.263  1520  2007 D Hiber/alarmManagerServiceExtImpl: unproxyAlarms leave, uid=10246, packageName=null
07-03 23:27:23.407  1062  1062 I EnhanceAIDL: enhance could not find the type in device map
07-03 23:27:23.799  1520  2006 I Hiber/importantScene: widget: packageName=colorwidgets.ios.widget.topwidgets
07-03 23:27:23.799  1520  2006 I Hiber/appStateMachine: uid:10351, pkg=colorwidgets.ios.widget.topwidgets  can't transition from R to F ,importantcase is : widget
07-03 23:27:23.890 21096 15685 W adbd    : timed out while waiting for FUNCTIONFS_BIND, trying again
07-03 23:27:23.890 21096 15685 I adbd    : UsbFfs: connection terminated: monitor thread finished
07-03 23:27:23.890 21096 21096 I adbd    : UsbFfs: already offline
07-03 23:27:23.890 21096 21096 I adbd    : destroying transport UsbFfs
07-03 23:27:23.891 21096 21096 I adbd    : UsbFfsConnection being destroyed
07-03 23:27:23.925 21096 21101 I adbd    : opening control endpoint /dev/usb-ffs/adb/ep0
07-03 23:27:23.927 21096 21101 I adbd    : UsbFfsConnection constructed
07-03 23:27:23.928 21096 15686 I adbd    : UsbFfs-monitor thread spawned
07-03 23:27:24.362  1520  1799 D TranWifiTputMonitor: WIFI: TX: 10 RX: 1 TOTAL = 11
07-03 23:27:24.362  1520  1799 D TranWifiTputMonitor: High Tput: false, TOTAL TPUT: 11
07-03 23:27:24.527  1292  1322 I ThermalCvtGovernor: board(default) curTemp: 39830 tripTemp: 50000 setPollingDelay: 6000
07-03 23:27:24.587  1520  1681 W SensorService: Dropping 1 cached events (100/100) to save 1/1 new events. 210 events previously dropped
07-03 23:27:24.793  1520  1800 D TranWifiSmartAssistantController: start current network monitor 
07-03 23:27:24.794  1520  1800 D TranWifiSmartAssistantController: userIgnored :false isScoredCurrentNetwork :true
07-03 23:27:24.794  1520  1800 D TranWifiSmartAssistantController: mCurrentNetwork :113 SSID :"Airtel_Zerotouch"
07-03 23:27:24.796  1520  1800 D WifiNetworkQuality: current rssi is sufficient
07-03 23:27:24.796  1520  1800 D TranWifiSmartAssistantController: mNoCandidateCount : -1
07-03 23:27:24.796  1520  1800 D TranWifiSmartAssistantController: ====>>rssi :-39
07-03 23:27:24.796  1520  1800 I WifiNetworkQuality: tput greater than NO_INTERNET_TRAFFIC
07-03 23:27:24.929 21096 15686 W adbd    : timed out while waiting for FUNCTIONFS_BIND, trying again
07-03 23:27:24.930 21096 15686 I adbd    : UsbFfs: connection terminated: monitor thread finished
07-03 23:27:24.930 21096 21096 I adbd    : UsbFfs: already offline
07-03 23:27:24.930 21096 21096 I adbd    : destroying transport UsbFfs
07-03 23:27:24.930 21096 21096 I adbd    : UsbFfsConnection being destroyed
07-03 23:27:24.965 21096 21101 I adbd    : opening control endpoint /dev/usb-ffs/adb/ep0
07-03 23:27:24.967 21096 21101 I adbd    : UsbFfsConnection constructed
07-03 23:27:24.968 21096 15687 I adbd    : UsbFfs-monitor thread spawned
07-03 23:27:25.208  1062  1062 I EnhanceAIDL: enhance could not find the type in device map
07-03 23:27:25.362  1520  2008 I Hiber/stateManager: unfreeze uid: 10264 com.whatsapp pids:[8909, 8909]  reason:packet   cpninfo:TRANSACTION_-1 costTime=3ms ,last freeze 5s ago
07-03 23:27:25.362  1520  2006 I Hiber/appStateMachine: uid=10264, pkg=com.whatsapp, transition from Frozen to Running, reason=packet
07-03 23:27:25.362  1520  2006 I Hiber/appStateMachine: uid:10264 exit FrozenState
07-03 23:27:25.363  1520  2772 D Hiber/proxyWakeLock: remove uid: 10264 wiht all pids from wakelockUidInfo list
07-03 23:27:25.363  1520  2007 I Hiber/proxyManager: up_service: 10264
07-03 23:27:25.363  1520  2007 D AlarmManagerService: set alarm to kernel: 89834958000000, type=2
07-03 23:27:25.363  1520  2007 D AlarmManagerService: set alarm to kernel: 89831692000000, type=3
07-03 23:27:25.363  1520  2007 D Hiber/alarmManagerServiceExtImpl: unproxyAlarms, alarm=Alarm{7f016d1 type 3 origWhen 89999501 whenElapsed 89999501 com.whatsapp}
07-03 23:27:25.363  1520  2007 D Hiber/alarmManagerServiceExtImpl: unproxyAlarms, alarm=Alarm{7c86302 type 3 origWhen 90233897 whenElapsed 90233897 com.whatsapp}
07-03 23:27:25.363  1520  2007 D Hiber/alarmManagerServiceExtImpl: unproxyAlarms, alarm=Alarm{ac65108 type 2 origWhen 90328621 whenElapsed 90328621 com.whatsapp}
07-03 23:27:25.363  1520  2007 D Hiber/alarmManagerServiceExtImpl: unproxyAlarms, alarm=Alarm{3967f38 type 0 origWhen 1783112404000 whenElapsed 91758958 com.whatsapp}
07-03 23:27:25.363  1520  2007 D Hiber/alarmManagerServiceExtImpl: unproxyAlarms, alarm=Alarm{62b42ff type 0 origWhen 1783112406000 whenElapsed 91760958 com.whatsapp}
07-03 23:27:25.363  1520  2007 D Hiber/alarmManagerServiceExtImpl: unproxyAlarms, alarm=Alarm{7df066e type 0 origWhen 1783112407000 whenElapsed 91761959 com.whatsapp}
07-03 23:27:25.363  1520  2007 D Hiber/alarmManagerServiceExtImpl: unproxyAlarms, alarm=Alarm{2e2fbce type 0 origWhen 1783112422000 whenElapsed 91776958 com.whatsapp}
07-03 23:27:25.363  1520  2007 D Hiber/alarmManagerServiceExtImpl: unproxyAlarms, alarm=Alarm{2f97cb6 type 0 origWhen 1783112427000 whenElapsed 91781958 com.whatsapp}
07-03 23:27:25.363  1520  2007 D Hiber/alarmManagerServiceExtImpl: unproxyAlarms, alarm=Alarm{f0f68cc type 0 origWhen 1783119601000 whenElapsed 98955958 com.whatsapp}
07-03 23:27:25.363  1520  2007 D Hiber/alarmManagerServiceExtImpl: unproxyAlarms, alarm=Alarm{f276b11 type 0 origWhen 1783119602000 whenElapsed 98956958 com.whatsapp}
07-03 23:27:25.363  1520  2007 D Hiber/alarmManagerServiceExtImpl: unproxyAlarms, alarm=Alarm{5cfe59c type 0 origWhen 1783119606000 whenElapsed 98960958 com.whatsapp}
07-03 23:27:25.363  1520  2007 D Hiber/alarmManagerServiceExtImpl: unproxyAlarms, alarm=Alarm{2fdbdb7 type 0 origWhen 1783119614000 whenElapsed 98968959 com.whatsapp}
07-03 23:27:25.363  1520  2007 D Hiber/alarmManagerServiceExtImpl: unproxyAlarms, alarm=Alarm{2b22aef type 0 origWhen 1783119627000 whenElapsed 98981958 com.whatsapp}
07-03 23:27:25.363  1520  2007 D Hiber/alarmManagerServiceExtImpl: unproxyAlarms, alarm=Alarm{545f715 type 3 origWhen 128669548 whenElapsed 128669548 com.whatsapp}
07-03 23:27:25.363  1520  2007 D Hiber/alarmManagerServiceExtImpl: unproxyAlarms, alarm=Alarm{2cb49fc type 3 origWhen 129311387 whenElapsed 129311387 com.whatsapp}
07-03 23:27:25.363  1520  2007 D Hiber/alarmManagerServiceExtImpl: unproxyAlarms, alarm=Alarm{861b924 type 3 origWhen 130474465 whenElapsed 130474465 com.whatsapp}
07-03 23:27:25.363  1520  2007 D Hiber/alarmManagerServiceExtImpl: unproxyAlarms, alarm=Alarm{68df476 type 3 origWhen 131568460 whenElapsed 131568460 com.whatsapp}
07-03 23:27:25.363  1520  2007 D Hiber/alarmManagerServiceExtImpl: unproxyAlarms, alarm=Alarm{4227ba5 type 3 origWhen 132446432 whenElapsed 132446432 com.whatsapp}
07-03 23:27:25.363  1520  2007 D Hiber/alarmManagerServiceExtImpl: unproxyAlarms, alarm=Alarm{af91b7a type 2 origWhen 144885660 whenElapsed 144885660 com.whatsapp}
07-03 23:27:25.363  1520  2007 D Hiber/alarmManagerServiceExtImpl: unproxyAlarms, alarm=Alarm{4313a77 type 2 origWhen 144885679 whenElapsed 144885679 com.whatsapp}
07-03 23:27:25.364  1520  2007 D Hiber/alarmManagerServiceExtImpl: unproxyAlarms, alarm=Alarm{6017885 type 2 origWhen 144885696 whenElapsed 144885696 com.whatsapp}
07-03 23:27:25.364  1520  2007 D Hiber/alarmManagerServiceExtImpl: unproxyAlarms, alarm=Alarm{f50ca2a type 2 origWhen 144885705 whenElapsed 144885705 com.whatsapp}
07-03 23:27:25.364  1520  2007 D Hiber/alarmManagerServiceExtImpl: unproxyAlarms, alarm=Alarm{ddcfc8d type 2 origWhen 144886075 whenElapsed 144886075 com.whatsapp}
07-03 23:27:25.364  1520  2007 D Hiber/alarmManagerServiceExtImpl: unproxyAlarms, alarm=Alarm{ccc0f2b type 2 origWhen 214531176 whenElapsed 214531176 com.whatsapp}
07-03 23:27:25.364  1520  2007 D Hiber/alarmManagerServiceExtImpl: unproxyAlarms, alarm=Alarm{7d056e4 type 2 origWhen 214531195 whenElapsed 214531195 com.whatsapp}
07-03 23:27:25.364  1520  2007 D Hiber/alarmManagerServiceExtImpl: unproxyAlarms, alarm=Alarm{d3706da type 2 origWhen 214531212 whenElapsed 214531212 com.whatsapp}
07-03 23:27:25.364  1520  2007 D Hiber/alarmManagerServiceExtImpl: unproxyAlarms, alarm=Alarm{97b101b type 2 origWhen 214531221 whenElapsed 214531221 com.whatsapp}
07-03 23:27:25.364  1520  2007 D Hiber/alarmManagerServiceExtImpl: unproxyAlarms, alarm=Alarm{e18ae42 type 2 origWhen 214531591 whenElapsed 214531591 com.whatsapp}
07-03 23:27:25.364  1520  2007 D Hiber/alarmManagerServiceExtImpl: unproxyAlarms, alarm=Alarm{5c3bf88 type 2 origWhen 1655932763 whenElapsed 1655932763 com.whatsapp}
07-03 23:27:25.364  1520  2007 D Hiber/alarmManagerServiceExtImpl: unproxyAlarms, alarm=Alarm{686a74d type 2 origWhen 1655932784 whenElapsed 1655932784 com.whatsapp}
07-03 23:27:25.364  1520  2007 D Hiber/alarmManagerServiceExtImpl: unproxyAlarms, alarm=Alarm{b20870b type 2 origWhen 1655932799 whenElapsed 1655932799 com.whatsapp}
07-03 23:27:25.364  1520  2007 D Hiber/alarmManagerServiceExtImpl: unproxyAlarms, alarm=Alarm{83045b8 type 2 origWhen 1655932809 whenElapsed 1655932809 com.whatsapp}
07-03 23:27:25.364  1520  2007 D Hiber/alarmManagerServiceExtImpl: unproxyAlarms, alarm=Alarm{ea67e53 type 2 origWhen 1655933179 whenElapsed 1655933179 com.whatsapp}
07-03 23:27:25.364  1520  2007 D Hiber/alarmManagerServiceExtImpl: unproxyAlarms leave, uid=10264, packageName=null
07-03 23:27:25.449  1520  1792 D WifiStaIfaceHidlImpl: getCachedScanData is not implemented by HIDL
07-03 23:27:25.608  1062  1062 I EnhanceAIDL: enhance could not find the type in device map
07-03 23:27:25.922  1520  2006 I Hiber/importantScene: isTrafficActive uid:10267 speed :0
07-03 23:27:25.923  1520  2006 I Hiber/appStateMachine: uid:10267 enter FrozenState
07-03 23:27:25.925  1520  2006 I Hiber/stateManager: freeze uid: 10267 com.instagram.lite costTime=2ms ,last unfreeze 5s ago
07-03 23:27:25.925  1520  2006 I Hiber/restrictionPolicy: uid:10267  pkgName:com.instagram.lite isAllowedNet
07-03 23:27:25.925  1520  2009 I Hiber/nativeServiceClient: watch app network uid=10267, persistent=0
07-03 23:27:25.928  1520  2007 I Hiber/hiber: msg for start proxy frozen state
07-03 23:27:25.928  1520  2007 D ActivityManager: Hiber try idle uid[10267] by hiber ,bgTime>0 ? true,isIdled before ? true ,isCurAllowListed ? false ,isProcStateBackground?true
07-03 23:27:25.928  1520  2007 D ActivityManager: Hiber try idle uid[10267] by hiber
07-03 23:27:25.928  1520  2007 I Hiber/proxyManager: p_service: 10267
07-03 23:27:25.928  1520  2007 I Hiber/hiber: proxy alarm (uid=١٠٢٦٧, pkgName=com.instagram.lite)
07-03 23:27:25.928  1520  2007 I Hiber/proxyManager: p_alarm: uid=10267, pkgName=com.instagram.lite
07-03 23:27:25.928  1520  2772 D ActivityManager: Hiber/checkExecutingCmp=receiver
07-03 23:27:25.928  1520  2007 D AlarmManagerService: set alarm to kernel: 89834958000000, type=2
07-03 23:27:25.928  1520  2007 D AlarmManagerService: set alarm to kernel: 89831692000000, type=3
07-03 23:27:25.929  1520  2007 D Hiber/alarmManagerServiceExtImpl: proxyAlarms, alarm=Alarm{58d6da3 type 2 origWhen 90383668 whenElapsed 90383668 com.instagram.lite}
07-03 23:27:25.929  1520  2007 D Hiber/alarmManagerServiceExtImpl: proxyAlarms, alarm=Alarm{3b188a0 type 2 origWhen 90383675 whenElapsed 90383675 com.instagram.lite}
07-03 23:27:25.929  1520  1559 D SceneMonitor: onUidIdle: Uid: 10267 name: com.instagram.lite
07-03 23:27:25.929  1520  2007 D Hiber/alarmManagerServiceExtImpl: proxyAlarms, alarm=Alarm{5f81c59 type 2 origWhen 101123697 whenElapsed 101128698 com.instagram.lite}
07-03 23:27:25.929  1520  2007 D Hiber/alarmManagerServiceExtImpl: proxyAlarms, alarm=Alarm{5d75153 type 1 origWhen 1783144876937 whenElapsed 124231895 com.instagram.lite}
07-03 23:27:25.929  1520  2007 D Hiber/alarmManagerServiceExtImpl: proxyAlarms, alarm=Alarm{91d601e type 2 origWhen 129923682 whenElapsed 129923682 com.instagram.lite}
07-03 23:27:25.929  1520  2007 D Hiber/alarmManagerServiceExtImpl: proxyAlarms, alarm=Alarm{9ff40ff type 2 origWhen 173123690 whenElapsed 173128690 com.instagram.lite}
07-03 23:27:25.929  1520  2007 D Hiber/alarmManagerServiceExtImpl: proxyAlarms leave, uid=10267, packageName=com.instagram.lite
07-03 23:27:25.929  1520  2612 D SceneMonitor: handleMessage(MSG_PROCESS_STOP)
07-03 23:27:25.929  1520  2612 D SceneMonitor: com.instagram.lite[10267] gone
07-03 23:27:25.930  1520  2772 I Hiber/stateManager: unfreeze uid: 10267 com.instagram.lite pids:[13364]  reason:executingComponent   cpninfo: costTime=2ms ,last freeze 0s ago
07-03 23:27:25.930  1520  2006 I Hiber/appStateMachine: uid=10267, pkg=com.instagram.lite, transition from Frozen to Running, reason=executingComponent
07-03 23:27:25.930  1520  2006 I Hiber/appStateMachine: uid:10267 exit FrozenState
07-03 23:27:25.930  1520  2007 I Hiber/proxyManager: up_service: 10267
07-03 23:27:25.931  1520  2007 D AlarmManagerService: set alarm to kernel: 89834958000000, type=2
07-03 23:27:25.931  1520  2007 D AlarmManagerService: set alarm to kernel: 89831692000000, type=3
07-03 23:27:25.931  1520  2007 D Hiber/alarmManagerServiceExtImpl: unproxyAlarms, alarm=Alarm{58d6da3 type 2 origWhen 90383668 whenElapsed 90383668 com.instagram.lite}
07-03 23:27:25.931  1520  2007 D Hiber/alarmManagerServiceExtImpl: unproxyAlarms, alarm=Alarm{3b188a0 type 2 origWhen 90383675 whenElapsed 90383675 com.instagram.lite}
07-03 23:27:25.931  1520  2007 D Hiber/alarmManagerServiceExtImpl: unproxyAlarms, alarm=Alarm{5f81c59 type 2 origWhen 101123697 whenElapsed 101128698 com.instagram.lite}
07-03 23:27:25.931  1520  2007 D Hiber/alarmManagerServiceExtImpl: unproxyAlarms, alarm=Alarm{5d75153 type 1 origWhen 1783144876937 whenElapsed 124231895 com.instagram.lite}
07-03 23:27:25.931  1520  2007 D Hiber/alarmManagerServiceExtImpl: unproxyAlarms, alarm=Alarm{91d601e type 2 origWhen 129923682 whenElapsed 129923682 com.instagram.lite}
07-03 23:27:25.931  1520  2007 D Hiber/alarmManagerServiceExtImpl: unproxyAlarms, alarm=Alarm{9ff40ff type 2 origWhen 173123690 whenElapsed 173128690 com.instagram.lite}
07-03 23:27:25.931  1520  2007 D Hiber/alarmManagerServiceExtImpl: unproxyAlarms leave, uid=10267, packageName=null
07-03 23:27:25.970 21096 15687 W adbd    : timed out while waiting for FUNCTIONFS_BIND, trying again
07-03 23:27:25.970 21096 15687 I adbd    : UsbFfs: connection terminated: monitor thread finished
07-03 23:27:25.971 21096 21096 I adbd    : UsbFfs: already offline
07-03 23:27:25.971 21096 21096 I adbd    : destroying transport UsbFfs
07-03 23:27:25.971 21096 21096 I adbd    : UsbFfsConnection being destroyed
07-03 23:27:26.008 21096 21101 I adbd    : opening control endpoint /dev/usb-ffs/adb/ep0
07-03 23:27:26.010 21096 21101 I adbd    : UsbFfsConnection constructed
07-03 23:27:26.012 21096 15690 I adbd    : UsbFfs-monitor thread spawned
07-03 23:27:26.589  1520  1681 W SensorService: Dropping 1 cached events (100/100) to save 1/1 new events. 210 events previously dropped
07-03 23:27:26.765  1520  4440 V BroadcastQueue: Enqueuing BroadcastRecord{863e2f0 Intent { flg=0x10 cmp=com.instagram.lite/com.facebook.lite.KeepWarmReceiver (has extras) }/u0} ordered=false from uid 10267 pid 13364 for 1 receivers
07-03 23:27:27.014 21096 15690 W adbd    : timed out while waiting for FUNCTIONFS_BIND, trying again
07-03 23:27:27.014 21096 15690 I adbd    : UsbFfs: connection terminated: monitor thread finished
07-03 23:27:27.015 21096 21096 I adbd    : UsbFfs: already offline
07-03 23:27:27.015 21096 21096 I adbd    : destroying transport UsbFfs
07-03 23:27:27.015 21096 21096 I adbd    : UsbFfsConnection being destroyed
07-03 23:27:27.048 21096 21101 I adbd    : opening control endpoint /dev/usb-ffs/adb/ep0
07-03 23:27:27.050 21096 21101 I adbd    : UsbFfsConnection constructed
07-03 23:27:27.051 21096 15692 I adbd    : UsbFfs-monitor thread spawned
07-03 23:27:27.369  1520  1799 D TranWifiTputMonitor: WIFI: TX: 11 RX: 1 TOTAL = 12
07-03 23:27:27.369  1520  1799 D TranWifiTputMonitor: High Tput: false, TOTAL TPUT: 12
07-03 23:27:27.591 22580 22580 D BoundBrokerSvc: onUnbind: Intent { act=com.google.android.gms.libs.gmscorelogger.service.START dat=chimera-action:/... cmp=com.google.android.gms/.chimera.PersistentDirectBootAwareApiService }
07-03 23:27:27.670  1520  1592 I ActivityManager: Test idle failed due to 625efc0 1520:system/1000 runnable at -2m15s398ms because PERSISTENT
07-03 23:27:27.800  1520  1800 D TranWifiSmartAssistantController: start current network monitor 
07-03 23:27:27.800  1520  1800 D TranWifiSmartAssistantController: userIgnored :false isScoredCurrentNetwork :true
07-03 23:27:27.800  1520  1800 D TranWifiSmartAssistantController: mCurrentNetwork :113 SSID :"Airtel_Zerotouch"
07-03 23:27:27.804  1520  1800 D WifiNetworkQuality: current rssi is sufficient
07-03 23:27:27.804  1520  1800 D TranWifiSmartAssistantController: mNoCandidateCount : -1
07-03 23:27:27.804  1520  1800 D TranWifiSmartAssistantController: ====>>rssi :-38
07-03 23:27:27.804  1520  1800 I WifiNetworkQuality: tput greater than NO_INTERNET_TRAFFIC
07-03 23:27:27.838  1520  2928 V BroadcastQueue: Enqueuing BroadcastRecord{bc9ad87 Intent { flg=0x10 cmp=com.facebook.lite/.KeepWarmReceiver (has extras) }/u0} ordered=false from uid 10246 pid 13177 for 1 receivers
07-03 23:27:28.053 21096 15692 W adbd    : timed out while waiting for FUNCTIONFS_BIND, trying again
07-03 23:27:28.053 21096 15692 I adbd    : UsbFfs: connection terminated: monitor thread finished
07-03 23:27:28.054 21096 21096 I adbd    : UsbFfs: already offline
07-03 23:27:28.054 21096 21096 I adbd    : destroying transport UsbFfs
07-03 23:27:28.054 21096 21096 I adbd    : UsbFfsConnection being destroyed
07-03 23:27:28.057  1520  1961 D aegean_PivotMemCompact: ingore for foucus in same
07-03 23:27:28.092 21096 21101 I adbd    : opening control endpoint /dev/usb-ffs/adb/ep0
07-03 23:27:28.094 21096 21101 I adbd    : UsbFfsConnection constructed
07-03 23:27:28.095 21096 15694 I adbd    : UsbFfs-monitor thread spawned
07-03 23:27:28.268  1520  2006 I Hiber/importantScene: isTrafficActive uid:10246 speed :0
07-03 23:27:28.269  1520  2006 I Hiber/appStateMachine: uid:10246 enter FrozenState
07-03 23:27:28.271  1520  2006 I Hiber/stateManager: freeze uid: 10246 com.facebook.lite costTime=2ms ,last unfreeze 5s ago
07-03 23:27:28.271  1520  2006 I Hiber/restrictionPolicy: uid:10246  pkgName:com.facebook.lite isAllowedNet
07-03 23:27:28.272  1520  2009 I Hiber/nativeServiceClient: watch app network uid=10246, persistent=0
07-03 23:27:28.272  1520  2007 I Hiber/hiber: msg for start proxy frozen state
07-03 23:27:28.272  1520  2007 D ActivityManager: Hiber try idle uid[10246] by hiber ,bgTime>0 ? true,isIdled before ? true ,isCurAllowListed ? false ,isProcStateBackground?true
07-03 23:27:28.272  1520  2007 D ActivityManager: Hiber try idle uid[10246] by hiber
07-03 23:27:28.272  1520  2007 I Hiber/proxyManager: p_service: 10246
07-03 23:27:28.273  1520  2007 I Hiber/hiber: proxy alarm (uid=١٠٢٤٦, pkgName=com.facebook.lite)
07-03 23:27:28.273  1520  2007 I Hiber/proxyManager: p_alarm: uid=10246, pkgName=com.facebook.lite
07-03 23:27:28.273  1520  2007 D AlarmManagerService: set alarm to kernel: 89834958000000, type=2
07-03 23:27:28.273  1520  2007 D AlarmManagerService: set alarm to kernel: 89831692000000, type=3
07-03 23:27:28.273  1520  2772 D ActivityManager: Hiber/checkExecutingCmp=receiver
07-03 23:27:28.273  1520  2007 D Hiber/alarmManagerServiceExtImpl: proxyAlarms, alarm=Alarm{7bd4fa0 type 2 origWhen 90189052 whenElapsed 90194053 com.facebook.lite}
07-03 23:27:28.273  1520  1559 D SceneMonitor: onUidIdle: Uid: 10246 name: com.facebook.lite
07-03 23:27:28.273  1520  2007 D Hiber/alarmManagerServiceExtImpl: proxyAlarms, alarm=Alarm{f9dd759 type 2 origWhen 90189063 whenElapsed 90194080 com.facebook.lite}
07-03 23:27:28.273  1520  2007 D Hiber/alarmManagerServiceExtImpl: proxyAlarms, alarm=Alarm{d0003b4 type 2 origWhen 90189298 whenElapsed 90194299 com.facebook.lite}
07-03 23:27:28.273  1520  2007 D Hiber/alarmManagerServiceExtImpl: proxyAlarms, alarm=Alarm{bf2e9ee type 2 origWhen 90248927 whenElapsed 90248927 com.facebook.lite}
07-03 23:27:28.273  1520  2007 D Hiber/alarmManagerServiceExtImpl: proxyAlarms, alarm=Alarm{5c84e8f type 2 origWhen 90248970 whenElapsed 90248970 com.facebook.lite}
07-03 23:27:28.273  1520  2007 D Hiber/alarmManagerServiceExtImpl: proxyAlarms, alarm=Alarm{5a7ff1e type 2 origWhen 100989249 whenElapsed 100994249 com.facebook.lite}
07-03 23:27:28.273  1520  2007 D Hiber/alarmManagerServiceExtImpl: proxyAlarms, alarm=Alarm{776f3ff type 2 origWhen 129789024 whenElapsed 129789024 com.facebook.lite}
07-03 23:27:28.273  1520  2007 D Hiber/alarmManagerServiceExtImpl: proxyAlarms, alarm=Alarm{804003f type 1 origWhen 1783181538369 whenElapsed 160893327 com.facebook.lite}
07-03 23:27:28.273  1520  2007 D Hiber/alarmManagerServiceExtImpl: proxyAlarms, alarm=Alarm{237c5cc type 2 origWhen 172989161 whenElapsed 172994177 com.facebook.lite}
07-03 23:27:28.273  1520  2007 D Hiber/alarmManagerServiceExtImpl: proxyAlarms leave, uid=10246, packageName=com.facebook.lite
07-03 23:27:28.273  1520  2612 D SceneMonitor: handleMessage(MSG_PROCESS_STOP)
07-03 23:27:28.274  1520  2612 D SceneMonitor: com.facebook.lite[10246] gone
07-03 23:27:28.275  1520  2772 I Hiber/stateManager: unfreeze uid: 10246 com.facebook.lite pids:[13177]  reason:executingComponent   cpninfo: costTime=2ms ,last freeze 0s ago
07-03 23:27:28.275  1520  2006 I Hiber/appStateMachine: uid=10246, pkg=com.facebook.lite, transition from Frozen to Running, reason=executingComponent
07-03 23:27:28.275  1520  2006 I Hiber/appStateMachine: uid:10246 exit FrozenState
07-03 23:27:28.276  1520  2007 I Hiber/proxyManager: up_service: 10246
07-03 23:27:28.276  1520  2007 D AlarmManagerService: set alarm to kernel: 89834958000000, type=2
07-03 23:27:28.276  1520  2007 D AlarmManagerService: set alarm to kernel: 89831692000000, type=3
07-03 23:27:28.276  1520  2007 D Hiber/alarmManagerServiceExtImpl: unproxyAlarms, alarm=Alarm{7bd4fa0 type 2 origWhen 90189052 whenElapsed 90194053 com.facebook.lite}
07-03 23:27:28.276  1520  2007 D Hiber/alarmManagerServiceExtImpl: unproxyAlarms, alarm=Alarm{f9dd759 type 2 origWhen 90189063 whenElapsed 90194080 com.facebook.lite}
07-03 23:27:28.276  1520  2007 D Hiber/alarmManagerServiceExtImpl: unproxyAlarms, alarm=Alarm{d0003b4 type 2 origWhen 90189298 whenElapsed 90194299 com.facebook.lite}
07-03 23:27:28.276  1520  2007 D Hiber/alarmManagerServiceExtImpl: unproxyAlarms, alarm=Alarm{bf2e9ee type 2 origWhen 90248927 whenElapsed 90248927 com.facebook.lite}
07-03 23:27:28.276  1520  2007 D Hiber/alarmManagerServiceExtImpl: unproxyAlarms, alarm=Alarm{5c84e8f type 2 origWhen 90248970 whenElapsed 90248970 com.facebook.lite}
07-03 23:27:28.276  1520  2007 D Hiber/alarmManagerServiceExtImpl: unproxyAlarms, alarm=Alarm{5a7ff1e type 2 origWhen 100989249 whenElapsed 100994249 com.facebook.lite}
07-03 23:27:28.276  1520  2007 D Hiber/alarmManagerServiceExtImpl: unproxyAlarms, alarm=Alarm{776f3ff type 2 origWhen 129789024 whenElapsed 129789024 com.facebook.lite}
07-03 23:27:28.276  1520  2007 D Hiber/alarmManagerServiceExtImpl: unproxyAlarms, alarm=Alarm{804003f type 1 origWhen 1783181538369 whenElapsed 160893327 com.facebook.lite}
07-03 23:27:28.276  1520  2007 D Hiber/alarmManagerServiceExtImpl: unproxyAlarms, alarm=Alarm{237c5cc type 2 origWhen 172989161 whenElapsed 172994177 com.facebook.lite}
07-03 23:27:28.276  1520  2007 D Hiber/alarmManagerServiceExtImpl: unproxyAlarms leave, uid=10246, packageName=null
07-03 23:27:28.412  1062  1062 I EnhanceAIDL: enhance could not find the type in device map
07-03 23:27:28.468  1520  1792 D WifiStaIfaceHidlImpl: getCachedScanData is not implemented by HIDL
07-03 23:27:28.554  2013  2968 I TranPhoneInterfaceManager: MPSTCB - onSignalStrengthsChanged
07-03 23:27:28.554  2013  2968 D TranPhoneInterfaceManager: [onSignalStrengthsChanged]
07-03 23:27:28.554  2013  2968 D TranSmartAllocController: mDefaultDataSubId = 2  subId = 2
07-03 23:27:28.554  2039  2255 D TranSignalStrengthComponentImpl: [LTE] dbm: -109
07-03 23:27:28.554  2013  2968 D TranSmartAllocController: mSupport = true  mBwAllocEnable = false mSimReady =true  mScreenOn =true
07-03 23:27:28.554  2013  2968 D TranSmartAllocController: mDataAvailable = false  mInService = true  cellSignalStrengthList = [CellSignalStrengthLte: rssi=-51 rsrp=-109 rsrq=-22 rssnr=4 cqiTableIndex=2147483647 cqi=2147483647 ta=2147483647 level=2 parametersUseForLevel=0]
07-03 23:27:28.554  2039  2255 D TranSignalStrengthComponentImpl: [LTE] dbm: -109
07-03 23:27:28.555  1520  1605 D TranSignalStrengthComponentImpl: [LTE] dbm: -109
07-03 23:27:28.555  1520  1605 D TranSignalStrengthComponentImpl: [LTE] dbm: -109
07-03 23:27:28.556  1520  2928 D ActivityManager: Skip enqueue broadcast because no receiver with Intent { act=android.intent.action.SIG_STR flg=0x10 (has extras) }
07-03 23:27:28.556  2039  2039 D TranSignalStrengthComponentImpl: [LTE] dbm: -109
07-03 23:27:28.557  2013  2013 D TranSignalStrengthComponentImpl: [LTE] dbm: -109
07-03 23:27:28.558  2013  2013 D TranSignalStrengthComponentImpl: [LTE] dbm: -108
07-03 23:27:28.558  2013  2013 D TranSignalStrengthComponentImpl: [LTE] dbm: -109
07-03 23:27:28.558  2013  2013 D TranSignalStrengthComponentImpl: [LTE] dbm: -109
07-03 23:27:28.558  2013  2013 D TranSignalStrengthComponentImpl: [LTE] dbm: -109
07-03 23:27:28.560  2013  2588 D TranPhoneSwitcher: getNetworkType: 4G
07-03 23:27:28.560  2013  2588 I TranPhoneSwitcher: mDefaultsign:2subid :2
07-03 23:27:28.591  1520  1681 W SensorService: Dropping 1 cached events (100/100) to save 1/1 new events. 210 events previously dropped
07-03 23:27:28.612  1062  1062 I EnhanceAIDL: enhance could not find the type in device map
07-03 23:27:29.097 21096 15694 W adbd    : timed out while waiting for FUNCTIONFS_BIND, trying again
07-03 23:27:29.097 21096 15694 I adbd    : UsbFfs: connection terminated: monitor thread finished
07-03 23:27:29.107 21096 21096 I adbd    : UsbFfs: already offline
07-03 23:27:29.107 21096 21096 I adbd    : destroying transport UsbFfs
07-03 23:27:29.107 21096 21096 I adbd    : UsbFfsConnection being destroyed
07-03 23:27:29.164 21096 21101 I adbd    : opening control endpoint /dev/usb-ffs/adb/ep0
07-03 23:27:29.166 21096 21101 I adbd    : UsbFfsConnection constructed
07-03 23:27:29.167 21096 15697 I adbd    : UsbFfs-monitor thread spawned
07-03 23:27:29.557  2039  2255 D TranSignalStrengthComponentImpl: [LTE] dbm: -109
07-03 23:27:29.557  1520  1605 D TranSignalStrengthComponentImpl: [LTE] dbm: -109
07-03 23:27:29.557  1520  1605 D TranSignalStrengthComponentImpl: [LTE] dbm: -109
07-03 23:27:29.557  2039  2255 D TranSignalStrengthComponentImpl: [LTE] dbm: -109
07-03 23:27:29.558  2013  2968 I TranPhoneInterfaceManager: MPSTCB - onSignalStrengthsChanged
07-03 23:27:29.558  2013  2968 D TranPhoneInterfaceManager: [onSignalStrengthsChanged]
07-03 23:27:29.558  2013  2968 D TranSmartAllocController: mDefaultDataSubId = 2  subId = 1
07-03 23:27:29.558  2013  2968 D TranSmartAllocController: mSupport = true  mBwAllocEnable = false mSimReady =true  mScreenOn =true
07-03 23:27:29.558  1520  2928 D ActivityManager: Skip enqueue broadcast because no receiver with Intent { act=android.intent.action.SIG_STR flg=0x10 (has extras) }
07-03 23:27:29.558  2013  2013 D TranSignalStrengthComponentImpl: [LTE] dbm: -109
07-03 23:27:29.559  2013  2013 D TranSignalStrengthComponentImpl: [LTE] dbm: -108
07-03 23:27:29.559  2039  2039 D TranSignalStrengthComponentImpl: [LTE] dbm: -109
07-03 23:27:29.559  2013  2013 D TranSignalStrengthComponentImpl: [LTE] dbm: -109
07-03 23:27:29.559  2013  2013 D TranSignalStrengthComponentImpl: [LTE] dbm: -109
07-03 23:27:29.560  2013  2013 D TranSignalStrengthComponentImpl: [LTE] dbm: -109
07-03 23:27:29.561  2013  2588 D TranPhoneSwitcher: getNetworkType: 4G
07-03 23:27:29.561  2013  2588 I TranPhoneSwitcher: mOthersign:2subid :1
07-03 23:27:29.780 15695 15695 W BpBinder: Linking to death on android.gui.ISurfaceComposer but there are no threads (yet?) listening to incoming transactions. See ProcessState::startThreadPool and ProcessState::setThreadPoolMaxThreadCount. Generally you should setup the binder threadpool before other initialization steps.
07-03 23:27:29.781 15695 15695 W ProcessState: Extra binder thread started, but 0 threads requested. Do not use *startThreadPool when zero threads are requested.
07-03 23:27:29.783  1520  1603 D tranpm/BehaviorManager: onMemPressureChange : level 0
07-03 23:27:29.784  1054 17190 I mali_gralloc: allocate: id=41e00005377, halFormat=RGBA8888, maliFormat=RGBA8888, afbc=false, usage=CPU_RW|GPU_RW|HWC, size=720x1600(4608000), stride=720, name=screenshot, costTime=0ms661us346
07-03 23:27:29.784  1100  1715 D mali_gralloc: register: id=41e00005377, handle=0xb400007a4dcbfb40, importpid=1100
07-03 23:27:29.798  1520  2928 D AlarmManagerService: set alarm to kernel: 89834958000000, type=2
07-03 23:27:29.798  1520  2928 D AlarmManagerService: set alarm to kernel: 89831692000000, type=3
07-03 23:27:29.813  1062  1062 I EnhanceAIDL: enhance could not find the type in device map
07-03 23:27:29.882 15695 15698 D mali_gralloc: register: id=41e00005377, handle=0xb400007026a4c460, importpid=15695
07-03 23:27:29.882 15695 15698 W libc    : Access denied finding property "persist.vendor.gpu.ionmemtrack"
07-03 23:27:29.883 15695 15698 E mali_gralloc: initIonKernelMemtrack open device:/dev/systemheap failed, 13(Permission denied)
07-03 23:27:29.881 15695 15695 W binder:15695_1: type=1400 audit(0.0:143127): avc:  denied  { read write } for  name="systemheap" dev="tmpfs" ino=1233 scontext=u:r:shell:s0 tcontext=u:object_r:systemheap_device:s0 tclass=chr_file permissive=0
07-03 23:27:29.884 15695 15695 I DMABUFHEAPS: Using DMA-BUF heap named: protected
07-03 23:27:30.013  1062  1062 I EnhanceAIDL: enhance could not find the type in device map
07-03 23:27:30.135  1520  2928 I ActivityManager: Broadcasting: Intent { act=android.intent.action.MEDIA_SCANNER_SCAN_FILE dat=file:///... flg=0x400000 }
07-03 23:27:30.140  1520  2928 D Griffin/filterReceiveBroadcast: not limit Intent { act=android.intent.action.MEDIA_SCANNER_SCAN_FILE dat=file:///... flg=0x1400010 } for resultTo not null
07-03 23:27:30.140  1520  2928 V BroadcastQueue: Enqueuing BroadcastRecord{65b534d android.intent.action.MEDIA_SCANNER_SCAN_FILE/u0} ordered=true from uid 2000 pid 15700 for 1 receivers
07-03 23:27:30.150  1520  2928 I ActivityManager: Enqueued broadcast Intent { act=android.intent.action.MEDIA_SCANNER_SCAN_FILE dat=file:///... flg=0x400000 }: 0
07-03 23:27:30.169 21096 15697 W adbd    : timed out while waiting for FUNCTIONFS_BIND, trying again
07-03 23:27:30.169 21096 15697 I adbd    : UsbFfs: connection terminated: monitor thread finished
07-03 23:27:30.170 21096 21096 I adbd    : UsbFfs: already offline
07-03 23:27:30.170 21096 21096 I adbd    : destroying transport UsbFfs
07-03 23:27:30.170 21096 21096 I adbd    : UsbFfsConnection being destroyed
07-03 23:27:30.209 21096 21101 I adbd    : opening control endpoint /dev/usb-ffs/adb/ep0
07-03 23:27:30.210 21096 21101 I adbd    : UsbFfsConnection constructed
07-03 23:27:30.212 21096 15703 I adbd    : UsbFfs-monitor thread spawned
07-03 23:27:30.369  1520  2006 I Hiber/importantScene: isTrafficActive uid:10264 speed :0
07-03 23:27:30.370  1520  2006 I Hiber/appStateMachine: uid:10264 enter FrozenState
07-03 23:27:30.375  1520  2006 I Hiber/stateManager: freeze uid: 10264 com.whatsapp costTime=5ms ,last unfreeze 5s ago
07-03 23:27:30.375  1520  2006 I Hiber/restrictionPolicy: uid:10264  pkgName:com.whatsapp isAllowedNet
07-03 23:27:30.375  1520  1799 D TranWifiTputMonitor: WIFI: TX: 13 RX: 2 TOTAL = 15
07-03 23:27:30.376  1520  1799 D TranWifiTputMonitor: High Tput: false, TOTAL TPUT: 15
07-03 23:27:30.376  1520  2007 I Hiber/hiber: msg for start proxy frozen state
07-03 23:27:30.376  1520  2007 D ActivityManager: Hiber try idle uid[10264] by hiber ,bgTime>0 ? true,isIdled before ? true ,isCurAllowListed ? false ,isProcStateBackground?true
07-03 23:27:30.376  1520  2009 I Hiber/nativeServiceClient: watch app network uid=10264, persistent=0
07-03 23:27:30.376  1520  2007 D ActivityManager: Hiber try idle uid[10264] by hiber
07-03 23:27:30.376  1520  2007 I Hiber/proxyManager: p_service: 10264
07-03 23:27:30.377  1520  2007 I Hiber/hiber: proxy alarm (uid=١٠٢٦٤, pkgName=com.whatsapp)
07-03 23:27:30.377  1520  2007 I Hiber/proxyManager: p_alarm: uid=10264, pkgName=com.whatsapp
07-03 23:27:30.377  1520  2007 D AlarmManagerService: set alarm to kernel: 89834958000000, type=2
07-03 23:27:30.377  1520  2007 D AlarmManagerService: set alarm to kernel: 89831692000000, type=3
07-03 23:27:30.377  1520  2007 D Hiber/alarmManagerServiceExtImpl: proxyAlarms, alarm=Alarm{7f016d1 type 3 origWhen 89999501 whenElapsed 89999501 com.whatsapp}
07-03 23:27:30.377  1520  2007 D Hiber/alarmManagerServiceExtImpl: proxyAlarms, alarm=Alarm{7c86302 type 3 origWhen 90233897 whenElapsed 90233897 com.whatsapp}
07-03 23:27:30.377  1520  2007 D Hiber/alarmManagerServiceExtImpl: proxyAlarms, alarm=Alarm{3967f38 type 0 origWhen 1783112404000 whenElapsed 91758958 com.whatsapp}
07-03 23:27:30.377  1520  2007 D Hiber/alarmManagerServiceExtImpl: proxyAlarms, alarm=Alarm{62b42ff type 0 origWhen 1783112406000 whenElapsed 91760958 com.whatsapp}
07-03 23:27:30.377  1520  2007 D Hiber/alarmManagerServiceExtImpl: proxyAlarms, alarm=Alarm{7df066e type 0 origWhen 1783112407000 whenElapsed 91761959 com.whatsapp}
07-03 23:27:30.377  1520  2007 D Hiber/alarmManagerServiceExtImpl: proxyAlarms, alarm=Alarm{2e2fbce type 0 origWhen 1783112422000 whenElapsed 91776958 com.whatsapp}
07-03 23:27:30.377  1520  2007 D Hiber/alarmManagerServiceExtImpl: proxyAlarms, alarm=Alarm{2f97cb6 type 0 origWhen 1783112427000 whenElapsed 91781958 com.whatsapp}
07-03 23:27:30.377  1520  2007 D Hiber/alarmManagerServiceExtImpl: proxyAlarms, alarm=Alarm{f0f68cc type 0 origWhen 1783119601000 whenElapsed 98955958 com.whatsapp}
07-03 23:27:30.377  1520  2007 D Hiber/alarmManagerServiceExtImpl: proxyAlarms, alarm=Alarm{f276b11 type 0 origWhen 1783119602000 whenElapsed 98956958 com.whatsapp}
07-03 23:27:30.377  1520  2007 D Hiber/alarmManagerServiceExtImpl: proxyAlarms, alarm=Alarm{5cfe59c type 0 origWhen 1783119606000 whenElapsed 98960958 com.whatsapp}
07-03 23:27:30.377  1520  2007 D Hiber/alarmManagerServiceExtImpl: proxyAlarms, alarm=Alarm{2fdbdb7 type 0 origWhen 1783119614000 whenElapsed 98968959 com.whatsapp}
07-03 23:27:30.377  1520  2007 D Hiber/alarmManagerServiceExtImpl: proxyAlarms, alarm=Alarm{2b22aef type 0 origWhen 1783119627000 whenElapsed 98981958 com.whatsapp}
07-03 23:27:30.378  1520  2007 D Hiber/alarmManagerServiceExtImpl: proxyAlarms, alarm=Alarm{545f715 type 3 origWhen 128669548 whenElapsed 128669548 com.whatsapp}
07-03 23:27:30.378  1520  2007 D Hiber/alarmManagerServiceExtImpl: proxyAlarms, alarm=Alarm{2cb49fc type 3 origWhen 129311387 whenElapsed 129311387 com.whatsapp}
07-03 23:27:30.378  1520  2007 D Hiber/alarmManagerServiceExtImpl: proxyAlarms, alarm=Alarm{861b924 type 3 origWhen 130474465 whenElapsed 130474465 com.whatsapp}
07-03 23:27:30.378  1520  2007 D Hiber/alarmManagerServiceExtImpl: proxyAlarms, alarm=Alarm{68df476 type 3 origWhen 131568460 whenElapsed 131568460 com.whatsapp}
07-03 23:27:30.378  1520  2007 D Hiber/alarmManagerServiceExtImpl: proxyAlarms, alarm=Alarm{4227ba5 type 3 origWhen 132446432 whenElapsed 132446432 com.whatsapp}
07-03 23:27:30.378  1520  2007 D Hiber/alarmManagerServiceExtImpl: proxyAlarms, alarm=Alarm{af91b7a type 2 origWhen 144885660 whenElapsed 144885660 com.whatsapp}
07-03 23:27:30.378  1520  2007 D Hiber/alarmManagerServiceExtImpl: proxyAlarms, alarm=Alarm{4313a77 type 2 origWhen 144885679 whenElapsed 144885679 com.whatsapp}
07-03 23:27:30.378  1520  2007 D Hiber/alarmManagerServiceExtImpl: proxyAlarms, alarm=Alarm{6017885 type 2 origWhen 144885696 whenElapsed 144885696 com.whatsapp}
07-03 23:27:30.378  1520  2007 D Hiber/alarmManagerServiceExtImpl: proxyAlarms, alarm=Alarm{f50ca2a type 2 origWhen 144885705 whenElapsed 144885705 com.whatsapp}
07-03 23:27:30.378  1520  2007 D Hiber/alarmManagerServiceExtImpl: proxyAlarms, alarm=Alarm{ddcfc8d type 2 origWhen 144886075 whenElapsed 144886075 com.whatsapp}
07-03 23:27:30.378  1520  2007 D Hiber/alarmManagerServiceExtImpl: proxyAlarms, alarm=Alarm{ccc0f2b type 2 origWhen 214531176 whenElapsed 214531176 com.whatsapp}
07-03 23:27:30.378  1520  2007 D Hiber/alarmManagerServiceExtImpl: proxyAlarms, alarm=Alarm{7d056e4 type 2 origWhen 214531195 whenElapsed 214531195 com.whatsapp}
07-03 23:27:30.378  1520  2007 D Hiber/alarmManagerServiceExtImpl: proxyAlarms, alarm=Alarm{d3706da type 2 origWhen 214531212 whenElapsed 214531212 com.whatsapp}
07-03 23:27:30.378  1520  2007 D Hiber/alarmManagerServiceExtImpl: proxyAlarms, alarm=Alarm{97b101b type 2 origWhen 214531221 whenElapsed 214531221 com.whatsapp}
07-03 23:27:30.378  1520  2007 D Hiber/alarmManagerServiceExtImpl: proxyAlarms, alarm=Alarm{e18ae42 type 2 origWhen 214531591 whenElapsed 214531591 com.whatsapp}
07-03 23:27:30.378  1520  2007 D Hiber/alarmManagerServiceExtImpl: proxyAlarms, alarm=Alarm{5c3bf88 type 2 origWhen 1655932763 whenElapsed 1655932763 com.whatsapp}
07-03 23:27:30.378  1520  2007 D Hiber/alarmManagerServiceExtImpl: proxyAlarms, alarm=Alarm{686a74d type 2 origWhen 1655932784 whenElapsed 1655932784 com.whatsapp}
07-03 23:27:30.378  1520  2007 D Hiber/alarmManagerServiceExtImpl: proxyAlarms, alarm=Alarm{b20870b type 2 origWhen 1655932799 whenElapsed 1655932799 com.whatsapp}
07-03 23:27:30.378  1520  2007 D Hiber/alarmManagerServiceExtImpl: proxyAlarms, alarm=Alarm{83045b8 type 2 origWhen 1655932809 whenElapsed 1655932809 com.whatsapp}
07-03 23:27:30.378  1520  2007 D Hiber/alarmManagerServiceExtImpl: proxyAlarms, alarm=Alarm{ea67e53 type 2 origWhen 1655933179 whenElapsed 1655933179 com.whatsapp}
07-03 23:27:30.379  1520  2007 D Hiber/alarmManagerServiceExtImpl: proxyAlarms leave, uid=10264, packageName=com.whatsapp
07-03 23:27:30.379  1520  1559 D SceneMonitor: onUidIdle: Uid: 10264 name: com.whatsapp
07-03 23:27:30.380  1520  2612 D SceneMonitor: handleMessage(MSG_PROCESS_STOP)
07-03 23:27:30.380  1520  2612 D SceneMonitor: com.whatsapp[10264] gone
07-03 23:27:30.413  1062  1062 I EnhanceAIDL: enhance could not find the type in device map
07-03 23:27:30.593  1520  1681 W SensorService: Dropping 1 cached events (100/100) to save 1/1 new events. 210 events previously dropped
07-03 23:27:30.785  1520  1603 D tranpm/BehaviorManager: onMemPressureChange : level 0
07-03 23:27:30.807  1520  1800 D TranWifiSmartAssistantController: start current network monitor 
07-03 23:27:30.807  1520  1800 D TranWifiSmartAssistantController: userIgnored :false isScoredCurrentNetwork :true
07-03 23:27:30.808  1520  1800 D TranWifiSmartAssistantController: mCurrentNetwork :113 SSID :"Airtel_Zerotouch"
07-03 23:27:30.811  1520  1800 D WifiNetworkQuality: current rssi is sufficient
07-03 23:27:30.811  1520  1800 D TranWifiSmartAssistantController: mNoCandidateCount : -1
07-03 23:27:30.811  1520  1800 D TranWifiSmartAssistantController: ====>>rssi :-39
07-03 23:27:30.811  1520  1800 I WifiNetworkQuality: tput greater than NO_INTERNET_TRAFFIC
07-03 23:27:30.935  1520  2006 I Hiber/importantScene: isTrafficActive uid:10267 speed :0
07-03 23:27:30.935  1520  2006 I Hiber/appStateMachine: uid:10267 enter FrozenState
07-03 23:27:30.938  1520  2006 I Hiber/stateManager: freeze uid: 10267 com.instagram.lite costTime=3ms ,last unfreeze 5s ago
07-03 23:27:30.938  1520  2006 I Hiber/restrictionPolicy: uid:10267  pkgName:com.instagram.lite isAllowedNet
07-03 23:27:30.938  1520  2009 I Hiber/nativeServiceClient: watch app network uid=10267, persistent=0
07-03 23:27:30.938  1520  2007 I Hiber/hiber: msg for start proxy frozen state
07-03 23:27:30.938  1520  2007 D ActivityManager: Hiber try idle uid[10267] by hiber ,bgTime>0 ? true,isIdled before ? true ,isCurAllowListed ? false ,isProcStateBackground?true
07-03 23:27:30.938  1520  2007 D ActivityManager: Hiber try idle uid[10267] by hiber
07-03 23:27:30.939  1520  2007 I Hiber/proxyManager: p_service: 10267
07-03 23:27:30.939  1520  2007 I Hiber/hiber: proxy alarm (uid=١٠٢٦٧, pkgName=com.instagram.lite)
07-03 23:27:30.939  1520  2007 I Hiber/proxyManager: p_alarm: uid=10267, pkgName=com.instagram.lite
07-03 23:27:30.939  1520  2007 D AlarmManagerService: set alarm to kernel: 89834958000000, type=2
