07-04 03:39:08.730   440   440 E TrustyKeymaster: succeeded to send cmd (4) to com.android.trusty.keymaster with rc(1425). errno: Success
07-04 03:39:08.730   440   440 E TrustyKeymaster: Getting response size (28)
07-04 03:39:08.739   440   440 E TrustyKeymaster: succeeded to send cmd (8) to com.android.trusty.keymaster with rc(284). errno: Success
07-04 03:39:08.740   440   440 E TrustyKeymaster: Getting response size (28)
07-04 03:39:08.744   440   440 E TrustyKeymaster: succeeded to send cmd (12) to com.android.trusty.keymaster with rc(32). errno: Success
07-04 03:39:08.774   440   440 E TrustyKeymaster: Getting response size (88)
07-04 03:39:08.851   440   440 E TrustyKeymaster: succeeded to send cmd (4) to com.android.trusty.keymaster with rc(1425). errno: Success
07-04 03:39:08.852   440   440 E TrustyKeymaster: Getting response size (28)
07-04 03:39:08.855   440   440 E TrustyKeymaster: succeeded to send cmd (8) to com.android.trusty.keymaster with rc(284). errno: Success
07-04 03:39:08.856   440   440 E TrustyKeymaster: Getting response size (28)
07-04 03:39:08.858   440   440 E TrustyKeymaster: succeeded to send cmd (12) to com.android.trusty.keymaster with rc(32). errno: Success
07-04 03:39:08.889   440   440 E TrustyKeymaster: Getting response size (88)
07-04 03:39:08.927   440   440 E TrustyKeymaster: succeeded to send cmd (4) to com.android.trusty.keymaster with rc(1425). errno: Success
07-04 03:39:08.928   440   440 E TrustyKeymaster: Getting response size (28)
07-04 03:39:08.944   440   440 E TrustyKeymaster: succeeded to send cmd (8) to com.android.trusty.keymaster with rc(284). errno: Success
07-04 03:39:08.944   440   440 E TrustyKeymaster: Getting response size (28)
07-04 03:39:08.950   440   440 E TrustyKeymaster: succeeded to send cmd (12) to com.android.trusty.keymaster with rc(32). errno: Success
07-04 03:39:08.981   440   440 E TrustyKeymaster: Getting response size (88)
07-04 03:39:09.007   440   440 E TrustyKeymaster: succeeded to send cmd (4) to com.android.trusty.keymaster with rc(1425). errno: Success
07-04 03:39:09.008   440   440 E TrustyKeymaster: Getting response size (28)
07-04 03:39:09.010   440   440 E TrustyKeymaster: succeeded to send cmd (8) to com.android.trusty.keymaster with rc(284). errno: Success
07-04 03:39:09.011   440   440 E TrustyKeymaster: Getting response size (28)
07-04 03:39:09.012   440   440 E TrustyKeymaster: succeeded to send cmd (12) to com.android.trusty.keymaster with rc(32). errno: Success
07-04 03:39:09.042   440   440 E TrustyKeymaster: Getting response size (88)
07-04 03:39:09.065   440   440 E TrustyKeymaster: succeeded to send cmd (4) to com.android.trusty.keymaster with rc(1425). errno: Success
07-04 03:39:09.066   440   440 E TrustyKeymaster: Getting response size (28)
07-04 03:39:09.068   440   440 E TrustyKeymaster: succeeded to send cmd (8) to com.android.trusty.keymaster with rc(284). errno: Success
07-04 03:39:09.069   440   440 E TrustyKeymaster: Getting response size (28)
07-04 03:39:09.069   440   440 E TrustyKeymaster: succeeded to send cmd (12) to com.android.trusty.keymaster with rc(32). errno: Success
07-04 03:39:09.100   440   440 E TrustyKeymaster: Getting response size (88)
07-04 03:39:09.123   440   440 E TrustyKeymaster: succeeded to send cmd (4) to com.android.trusty.keymaster with rc(1425). errno: Success
07-04 03:39:09.125   440   440 E TrustyKeymaster: Getting response size (28)
07-04 03:39:09.130   440   440 E TrustyKeymaster: succeeded to send cmd (8) to com.android.trusty.keymaster with rc(284). errno: Success
07-04 03:39:09.131   440   440 E TrustyKeymaster: Getting response size (28)
07-04 03:39:09.132   440   440 E TrustyKeymaster: succeeded to send cmd (12) to com.android.trusty.keymaster with rc(32). errno: Success
07-04 03:39:09.162   440   440 E TrustyKeymaster: Getting response size (88)
07-04 03:39:09.235   440   440 E TrustyKeymaster: succeeded to send cmd (4) to com.android.trusty.keymaster with rc(1425). errno: Success
07-04 03:39:09.236   440   440 E TrustyKeymaster: Getting response size (28)
07-04 03:39:09.246   440   440 E TrustyKeymaster: succeeded to send cmd (8) to com.android.trusty.keymaster with rc(284). errno: Success
07-04 03:39:09.247   440   440 E TrustyKeymaster: Getting response size (28)
07-04 03:39:09.248   440   440 E TrustyKeymaster: succeeded to send cmd (12) to com.android.trusty.keymaster with rc(32). errno: Success
07-04 03:39:09.278   440   440 E TrustyKeymaster: Getting response size (88)
07-04 03:39:09.323   440   440 E TrustyKeymaster: succeeded to send cmd (4) to com.android.trusty.keymaster with rc(1425). errno: Success
07-04 03:39:09.324   440   440 E TrustyKeymaster: Getting response size (28)
07-04 03:39:09.326   440   440 E TrustyKeymaster: succeeded to send cmd (8) to com.android.trusty.keymaster with rc(284). errno: Success
07-04 03:39:09.328   440   440 E TrustyKeymaster: Getting response size (28)
07-04 03:39:09.331   440   440 E TrustyKeymaster: succeeded to send cmd (12) to com.android.trusty.keymaster with rc(32). errno: Success
07-04 03:39:09.361   440   440 E TrustyKeymaster: Getting response size (88)
07-04 03:39:09.456   440   440 E TrustyKeymaster: succeeded to send cmd (4) to com.android.trusty.keymaster with rc(1425). errno: Success
07-04 03:39:09.457   440   440 E TrustyKeymaster: Getting response size (28)
07-04 03:39:09.460   440   440 E TrustyKeymaster: succeeded to send cmd (8) to com.android.trusty.keymaster with rc(284). errno: Success
07-04 03:39:09.460   440   440 E TrustyKeymaster: Getting response size (28)
07-04 03:39:09.462   440   440 E TrustyKeymaster: succeeded to send cmd (12) to com.android.trusty.keymaster with rc(32). errno: Success
07-04 03:39:09.492   440   440 E TrustyKeymaster: Getting response size (88)
07-04 03:39:09.510   440   440 E TrustyKeymaster: succeeded to send cmd (4) to com.android.trusty.keymaster with rc(1425). errno: Success
07-04 03:39:09.511   440   440 E TrustyKeymaster: Getting response size (28)
07-04 03:39:09.514   440   440 E TrustyKeymaster: succeeded to send cmd (8) to com.android.trusty.keymaster with rc(284). errno: Success
07-04 03:39:09.514   440   440 E TrustyKeymaster: Getting response size (28)
07-04 03:39:09.515   440   440 E TrustyKeymaster: succeeded to send cmd (12) to com.android.trusty.keymaster with rc(32). errno: Success
07-04 03:39:09.546   440   440 E TrustyKeymaster: Getting response size (88)
07-04 03:39:09.567   440   440 E TrustyKeymaster: succeeded to send cmd (4) to com.android.trusty.keymaster with rc(1425). errno: Success
07-04 03:39:09.568   440   440 E TrustyKeymaster: Getting response size (28)
07-04 03:39:09.571   440   440 E TrustyKeymaster: succeeded to send cmd (8) to com.android.trusty.keymaster with rc(284). errno: Success
07-04 03:39:09.571   440   440 E TrustyKeymaster: Getting response size (28)
07-04 03:39:09.572   440   440 E TrustyKeymaster: succeeded to send cmd (12) to com.android.trusty.keymaster with rc(32). errno: Success
07-04 03:39:09.604   440   440 E TrustyKeymaster: Getting response size (88)
07-04 03:39:09.621   440   440 E TrustyKeymaster: succeeded to send cmd (4) to com.android.trusty.keymaster with rc(1425). errno: Success
07-04 03:39:09.621   440   440 E TrustyKeymaster: Getting response size (28)
07-04 03:39:09.624   440   440 E TrustyKeymaster: succeeded to send cmd (8) to com.android.trusty.keymaster with rc(284). errno: Success
07-04 03:39:09.625   440   440 E TrustyKeymaster: Getting response size (28)
07-04 03:39:09.625   440   440 E TrustyKeymaster: succeeded to send cmd (12) to com.android.trusty.keymaster with rc(32). errno: Success
07-04 03:39:09.656   440   440 E TrustyKeymaster: Getting response size (88)
07-04 03:39:17.792   859   963 E SLOGCP  : data_rate_stat: agdsp rate: total size(MB)=0.000000; per second(bytes)=0.000000, drop_cnt_=0, drop_data_size_=0, pollin event times=0.
07-04 03:39:24.434  1172  1252 E UnisocWatchdog: UnisocWatchdogImpl sendMessage:0
07-04 03:39:24.434  1172  1252 E UnisocWatchdog: sendMessage wait ok 
07-04 03:39:24.434  1172  1343 E UnisocWatchdog: UNISOCWATCHDOG_MESSAGE_TIMER30 trigger
07-04 03:39:30.569 12098 12451 E MQTTBypassDGWStreamGroupCallbacks.cpp: onStreamGroupError TransientError domain: MNSQUICConnection code: 1 detail: Local error: 0x40000015: 35 seconds timeout
07-04 03:39:30.600 12098 12478 E msys    : E[N mns:TigonMNS]_OnResolverSuccess(359)=>Cache refresh succeeded with system DNS resolver. IP count: 1
07-04 03:39:30.600 12098 12478 E msys    : E[N mns:TigonMNS]_OnResolverSuccess(359)=>Cache refresh succeeded with system DNS resolver. IP count: 1
07-04 03:39:30.600 12098 12478 E msys    : E[N mns:TigonMNS]_OnResolverSuccess(359)=>Cache refresh succeeded with system DNS resolver. IP count: 1
07-04 03:39:30.601 12098 12478 E msys    : E[N mns:TigonMNS]_OnResolverSuccess(359)=>Cache refresh succeeded with system DNS resolver. IP count: 1
07-04 03:39:30.605 12098 12478 E msys    : E[N mns:TigonMNS]_OnResolverSuccess(359)=>Cache refresh succeeded with system DNS resolver. IP count: 1
07-04 03:39:30.605 12098 12478 E msys    : E[N mns:TigonMNS]_OnResolverSuccess(359)=>Cache refresh succeeded with system DNS resolver. IP count: 1
07-04 03:39:30.607 12098 12532 E msys    : E[N mns:DGWClient]_OnResolverSuccess(359)=>Cache refresh succeeded with system DNS resolver. IP count: 1
07-04 03:39:30.624 12098 12478 E msys    : E[N mns:TigonMNS]_OnResolverSuccess(359)=>Cache refresh succeeded with system DNS resolver. IP count: 1
07-04 03:39:30.624 12098 12478 E msys    : E[N mns:TigonMNS]_OnResolverSuccess(359)=>Cache refresh succeeded with system DNS resolver. IP count: 1
07-04 03:39:30.766 12098 12478 E msys    : E[N mns:TigonMNS]_OnResolverSuccess(359)=>Cache refresh succeeded with system DNS resolver. IP count: 1
07-04 03:39:30.766 12098 12478 E msys    : E[N mns:TigonMNS]_OnResolverSuccess(359)=>Cache refresh succeeded with system DNS resolver. IP count: 1
07-04 03:39:30.768 12098 12478 E msys    : E[N mns:TigonMNS]_OnResolverSuccess(359)=>Cache refresh succeeded with system DNS resolver. IP count: 1
07-04 03:39:30.769 12098 12478 E msys    : E[N mns:TigonMNS]_OnResolverSuccess(359)=>Cache refresh succeeded with system DNS resolver. IP count: 1
07-04 03:39:36.726   679   679 E vendor.sprd.hardware.combined@1.0-service: MemTrack_DEBUG--Open ion_system_heap failed
07-04 03:39:36.767   440   440 E TrustyKeymaster: succeeded to send cmd (4) to com.android.trusty.keymaster with rc(286). errno: Success
07-04 03:39:36.768   440   440 E TrustyKeymaster: Getting response size (52)
07-04 03:39:36.770   440   440 E TrustyKeymaster: succeeded to send cmd (8) to com.android.trusty.keymaster with rc(161). errno: Success
07-04 03:39:36.770   440   440 E TrustyKeymaster: Getting response size (161)
07-04 03:39:36.771   440   440 E TrustyKeymaster: succeeded to send cmd (12) to com.android.trusty.keymaster with rc(32). errno: Success
07-04 03:39:36.772   440   440 E TrustyKeymaster: Getting response size (40)
07-04 03:39:37.270 27625 27625 E FlutterGeolocator: Geolocator position updates stopped
07-04 03:39:37.798 31115 31177 E dget.topwidgets: No package ID 74 found for resource ID 0x740b0013.
07-04 03:39:37.873 31115 31186 E FirebaseCrashlytics: Settings request failed.
07-04 03:39:37.887 31115 31174 E SessionConfigFetcher: Error failing to fetch the remote configs: Unable to resolve host "firebase-settings.crashlytics.com": No address associated with hostname
07-04 03:39:38.349 31203 31226 E mali_gralloc: initIonKernelMemtrack open device:/dev/systemheap failed, 13(Permission denied)
07-04 03:39:38.626  1172  1172 E system_server: No package ID 7f found for resource ID 0x7f010000.
07-04 03:39:38.626  1172  1172 E system_server: No package ID 7f found for resource ID 0x7f020000.
07-04 03:39:38.626  1172  1172 E system_server: No package ID 7f found for resource ID 0x7f030000.
07-04 03:39:38.626  1172  1172 E system_server: No package ID 7f found for resource ID 0x7f040000.
07-04 03:39:38.626  1172  1172 E system_server: No package ID 7f found for resource ID 0x7f050000.
07-04 03:39:38.634  1172  1172 E system_server: No package ID 7f found for resource ID 0x7f010000.
07-04 03:39:38.634  1172  1172 E system_server: No package ID 7f found for resource ID 0x7f020000.
07-04 03:39:38.634  1172  1172 E system_server: No package ID 7f found for resource ID 0x7f030000.
07-04 03:39:38.634  1172  1172 E system_server: No package ID 7f found for resource ID 0x7f040000.
07-04 03:39:38.634  1172  1172 E system_server: No package ID 7f found for resource ID 0x7f050000.
07-04 03:39:39.117   833   851 E uas-service: ioclt error: fd=3 cmd=1075336211 ux_data->pid=1961 ux_data->ux_tags=0x100420
07-04 03:39:45.175  1172  1374 E TranDynamicBarAnimControllerImpl: TranDynamicBarAnimControllerImpl setFromDynamicIslandToWindow pkgName:com.google.android.gms
07-04 03:39:45.175  1172  1374 E TranDynamicBarAnimControllerImpl: start setFromDynamicIslandToWindow startFromDynamicIsland:false
07-04 03:39:45.175  1172  1374 E TranDynamicBarAnimControllerImpl: end setFromDynamicIslandToWindow mDynamicIslandPkgName:com.google.android.gms mStartFromDynamicIsland:false
07-04 03:39:45.690 31288 31306 E SoLoader: Checking /data/app missing libraries.
07-04 03:39:45.691 31288 31306 E SoLoader: Successfully recovered from /data/app disk failure.
07-04 03:39:45.693 31288 31306 E SoLoader: Checking /data/data missing libraries.
07-04 03:39:45.693 31288 31306 E SoLoader: No libraries missing from unpacking so paths while recovering /data/data failure
07-04 03:39:46.098 31288 31323 E ActivityThread: Failed to find provider info for com.facebook.appmanager.nekodirect
07-04 03:39:47.234  1639  1639 E SmsApplication: com.transsion.cloudserver does not have system signature
07-04 03:39:54.435  1172  1252 E UnisocWatchdog: UnisocWatchdogImpl sendMessage:0
07-04 03:39:54.435  1172  1252 E UnisocWatchdog: sendMessage wait ok 
07-04 03:39:54.435  1172  1343 E UnisocWatchdog: UNISOCWATCHDOG_MESSAGE_TIMER30 trigger
07-04 03:40:00.006  1172  1374 E TranDynamicBarAnimControllerImpl: TranDynamicBarAnimControllerImpl setFromDynamicIslandToWindow pkgName:com.ayman.widget
07-04 03:40:00.006  1172  1374 E TranDynamicBarAnimControllerImpl: start setFromDynamicIslandToWindow startFromDynamicIsland:false
07-04 03:40:00.006  1172  1374 E TranDynamicBarAnimControllerImpl: end setFromDynamicIslandToWindow mDynamicIslandPkgName:com.ayman.widget mStartFromDynamicIsland:false
07-04 03:40:00.410 31401 31439 E om.ayman.widget: No package ID 74 found for resource ID 0x740b0013.
07-04 03:40:13.418   679   679 E vendor.sprd.hardware.combined@1.0-service: MemTrack_DEBUG--Open ion_system_heap failed
07-04 03:40:13.420   679   679 E vendor.sprd.hardware.combined@1.0-service: MemTrack_DEBUG--Open ion_system_heap failed
07-04 03:40:13.435  1172  1285 E KernelCpuSpeedReader: Failed to read cpu-freq: /sys/devices/system/cpu/cpu٦/cpufreq/stats/time_in_state: open failed: ENOENT (No such file or directory)
07-04 03:40:13.436  1172  1285 E KernelCpuSpeedReader: Failed to read cpu-freq: /sys/devices/system/cpu/cpu٠/cpufreq/stats/time_in_state: open failed: ENOENT (No such file or directory)
07-04 03:40:17.792   859   963 E SLOGCP  : data_rate_stat: agdsp rate: total size(MB)=0.000000; per second(bytes)=0.000000, drop_cnt_=0, drop_data_size_=0, pollin event times=0.
07-04 03:40:24.436  1172  1252 E UnisocWatchdog: UnisocWatchdogImpl sendMessage:0
07-04 03:40:24.436  1172  1252 E UnisocWatchdog: sendMessage wait ok 
07-04 03:40:24.437  1172  1343 E UnisocWatchdog: UNISOCWATCHDOG_MESSAGE_TIMER30 trigger
07-04 03:40:37.710 12098 12452 E MQTTBypassDGWStreamGroupCallbacks.cpp: onStreamGroupError TransientError domain: MNSQUICConnection code: 1 detail: Local error: 0x40000015: 35 seconds timeout
07-04 03:40:37.720 12098 12478 E msys    : E[N mns:TigonMNS]_OnResolverSuccess(359)=>Cache refresh succeeded with system DNS resolver. IP count: 1
07-04 03:40:37.721 12098 12478 E msys    : E[N mns:TigonMNS]_OnResolverSuccess(359)=>Cache refresh succeeded with system DNS resolver. IP count: 1
07-04 03:40:37.722 12098 12478 E msys    : E[N mns:TigonMNS]_OnResolverSuccess(359)=>Cache refresh succeeded with system DNS resolver. IP count: 1
07-04 03:40:37.724 12098 12478 E msys    : E[N mns:TigonMNS]_OnResolverSuccess(359)=>Cache refresh succeeded with system DNS resolver. IP count: 1
07-04 03:40:37.742 12098 12478 E msys    : E[N mns:TigonMNS]_OnResolverSuccess(359)=>Cache refresh succeeded with system DNS resolver. IP count: 1
07-04 03:40:37.744 12098 12098 E SlowAppComponent: 0ms: SystemJobService instantiating…
07-04 03:40:37.745 12098 12098 E SlowAppComponent: Main thread was blocked for 27ms in the background starting with SystemJobService
07-04 03:40:37.750 12098 12478 E msys    : E[N mns:TigonMNS]_OnResolverSuccess(359)=>Cache refresh succeeded with system DNS resolver. IP count: 1
07-04 03:40:37.758 12098 12532 E msys    : E[N mns:DGWClient]_OnResolverSuccess(359)=>Cache refresh succeeded with system DNS resolver. IP count: 1
07-04 03:40:37.775 28599 28804 E msys    : E[N WCIHTTPImplNetworkSession]WCIHTTPTaskImplCreateRegular(556)=>[I] http/task/regular/create/start
07-04 03:40:37.777 28599 28804 E msys    : E[N WCIHTTPImplNetworkSession]WCIHTTPTaskImplCreateRegular(591)=>[I] http/task/regular/create/execute
07-04 03:40:37.778 28599 28804 E msys    : E[N WCIHTTPImplNetworkSession]WCIHTTPTaskImplCreateRegular(614)=>[I] http/task/regular/create/success
07-04 03:40:37.934 12098 12623 E EmergencyPushPeriodicFetchWorker: Skipping fetch since app is backgrounded
07-04 03:40:38.024 28599 28806 E msys    : E[N WA]_WAJMNSStreamImplMNSTCPStreamCreate(368)=>[LogLevel:I] WAJMNSStream/impl/tcpStreamCreate/MNSStreamRaw/p=0xb4000074484c1380
07-04 03:40:38.025 28599 28806 E msys    : E[N WA]WAJMNSStreamImplCreate(429)=>[LogLevel:I] WAJMNSStream/impl/create/p=0xb4000074484c1380 (mnsConn=0xb4000074484df000)
07-04 03:40:38.025 28599 28806 E msys    : E[N WA]_WAJMNSStreamCreateMnsIpsFromIpAddressStrings(87)=>[LogLevel:I] no ip addresses provided, using DNS resolution
07-04 03:40:38.025 28599 28806 E msys    : E[N WA]WAJMNSStreamImplConnect(458)=>[LogLevel:I] WAJMNSStream/impl/connect/p=0xb4000074484c1380 (endpoint=g.whatsapp.net:443)(ipAddressCount=0)
07-04 03:40:38.025 28599 28806 E msys    : E[N WA]_WAJMNSStreamImplUpdateStreamState(230)=>[LogLevel:I] WAJMNSStream/impl/state-changed/p=0xb4000074484c1380 (initial=>connecting)
07-04 03:40:38.042 28599 28830 E msys    : E[N WA]_WAJMNSStreamImplOnMNSReady(259)=>[LogLevel:I] WAJMNSStream/impl/callback/onMNSReady/p=0xb4000074484c1380
07-04 03:40:38.043 28599 28830 E msys    : E[N WA]_WAJMNSStreamImplCreateConnectionReport(194)=>[LogLevel:I] WAJMNSStream/impl/report port=443, connectedIPVersion=4, resolvedIPAddressCount=1, dnsResolutionStartTimeMS=4377662, dnsResolutionEndTimeMS=4377664, dnsCacheHit=Yes, connectStartTimeMS=4377664, connectEndTimeMS=4377678, proxyConnectStartTimeMS=0, proxyConnectEndTimeMS=0
07-04 03:40:38.043 28599 28830 E msys    : E[N WA]_WAJMNSStreamImplUpdateStreamState(230)=>[LogLevel:I] WAJMNSStream/impl/state-changed/p=0xb4000074484c1380 (connecting=>connected)
07-04 03:40:38.047 28599 28830 E msys    : E[N mns]_OnResolverSuccess(359)=>Cache refresh succeeded with system DNS resolver. IP count: 1
07-04 03:40:38.558 28599 28599 E WakeLockMetricsCollector: Unknown wakelock modified
07-04 03:40:38.564 28599 28865 E WakeLockMetricsCollector: Unknown wakelock modified
07-04 03:40:38.614 31513 31561 E document.hubhub: No package ID 74 found for resource ID 0x740b0013.
07-04 03:40:38.623   679   679 E vendor.sprd.hardware.combined@1.0-service: MemTrack_DEBUG--Open ion_system_heap failed
07-04 03:40:38.634   679   679 E vendor.sprd.hardware.combined@1.0-service: MemTrack_DEBUG--Open ion_system_heap failed
07-04 03:40:38.783 31513 31610 E ActivityThread: Failed to find provider info for com.xiaomi.market.provider.DirectMailProvider
07-04 03:40:38.870 31513 31617 E document.hubhub: hiddenapi: Accessing hidden field Landroid/webkit/WebViewFactory;->sDataDirectorySuffix:Ljava/lang/String; (runtime_flags=0, domain=platform, api=max-target-o) from Lcom/bytedance/sdk/openadsdk/multipro/QEh; (domain=app, TargetSdkVersion=35) using reflection: denied
07-04 03:40:39.155  1172  1172 E system_server: No package ID 7f found for resource ID 0x7f010000.
07-04 03:40:39.155  1172  1172 E system_server: No package ID 7f found for resource ID 0x7f020000.
07-04 03:40:39.156  1172  1172 E system_server: No package ID 7f found for resource ID 0x7f030000.
07-04 03:40:39.156  1172  1172 E system_server: No package ID 7f found for resource ID 0x7f040000.
07-04 03:40:39.156  1172  1172 E system_server: No package ID 7f found for resource ID 0x7f050000.
07-04 03:40:39.174  1172  1172 E system_server: No package ID 7f found for resource ID 0x7f010000.
07-04 03:40:39.174  1172  1172 E system_server: No package ID 7f found for resource ID 0x7f020000.
07-04 03:40:39.174  1172  1172 E system_server: No package ID 7f found for resource ID 0x7f030000.
07-04 03:40:39.174  1172  1172 E system_server: No package ID 7f found for resource ID 0x7f040000.
07-04 03:40:39.174  1172  1172 E system_server: No package ID 7f found for resource ID 0x7f050000.
07-04 03:40:39.698 31513 31705 E chromium: [ERROR:android_webview/browser/variations/variations_seed_loader.cc:39] Seed missing signature.
07-04 03:40:39.806 31711 31711 E libc    : SetHeapTaggingLevel: re-enabling tagging after it was disabled is not supported
07-04 03:40:40.734 31513 31770 E libEGL  : eglQueryStringImpl display is EGL_NO_DISPLAY
07-04 03:40:40.859 31513 31770 E document.hubhub: mali_debug: sprd_gles_wait_last_fence is closed
07-04 03:40:41.570   679   679 E vendor.sprd.hardware.combined@1.0-service: MemTrack_DEBUG--Open ion_system_heap failed
07-04 03:40:41.573   679   679 E vendor.sprd.hardware.combined@1.0-service: MemTrack_DEBUG--Open ion_system_heap failed
07-04 03:40:41.587   679   679 E vendor.sprd.hardware.combined@1.0-service: MemTrack_DEBUG--Open ion_system_heap failed
07-04 03:40:41.589   679   679 E vendor.sprd.hardware.combined@1.0-service: MemTrack_DEBUG--Open ion_system_heap failed
07-04 03:40:41.613   679   679 E vendor.sprd.hardware.combined@1.0-service: MemTrack_DEBUG--Open ion_system_heap failed
07-04 03:40:41.615   679   679 E vendor.sprd.hardware.combined@1.0-service: MemTrack_DEBUG--Open ion_system_heap failed
07-04 03:40:41.629   679   679 E vendor.sprd.hardware.combined@1.0-service: MemTrack_DEBUG--Open ion_system_heap failed
07-04 03:40:41.632   679   679 E vendor.sprd.hardware.combined@1.0-service: MemTrack_DEBUG--Open ion_system_heap failed
07-04 03:40:41.647   679   679 E vendor.sprd.hardware.combined@1.0-service: MemTrack_DEBUG--Open ion_system_heap failed
07-04 03:40:41.651   679   679 E vendor.sprd.hardware.combined@1.0-service: MemTrack_DEBUG--Open ion_system_heap failed
07-04 03:40:41.662   679   679 E vendor.sprd.hardware.combined@1.0-service: MemTrack_DEBUG--Open ion_system_heap failed
07-04 03:40:41.665   679   679 E vendor.sprd.hardware.combined@1.0-service: MemTrack_DEBUG--Open ion_system_heap failed
07-04 03:40:41.679   679   679 E vendor.sprd.hardware.combined@1.0-service: MemTrack_DEBUG--Open ion_system_heap failed
07-04 03:40:41.682   679   679 E vendor.sprd.hardware.combined@1.0-service: MemTrack_DEBUG--Open ion_system_heap failed
07-04 03:40:41.692   679   679 E vendor.sprd.hardware.combined@1.0-service: MemTrack_DEBUG--Open ion_system_heap failed
07-04 03:40:41.695   679   679 E vendor.sprd.hardware.combined@1.0-service: MemTrack_DEBUG--Open ion_system_heap failed
07-04 03:40:41.712   679   679 E vendor.sprd.hardware.combined@1.0-service: MemTrack_DEBUG--Open ion_system_heap failed
07-04 03:40:41.717   679   679 E vendor.sprd.hardware.combined@1.0-service: MemTrack_DEBUG--Open ion_system_heap failed
07-04 03:40:41.726   679   679 E vendor.sprd.hardware.combined@1.0-service: MemTrack_DEBUG--Open ion_system_heap failed
07-04 03:40:41.730   679   679 E vendor.sprd.hardware.combined@1.0-service: MemTrack_DEBUG--Open ion_system_heap failed
07-04 03:40:41.741   679   679 E vendor.sprd.hardware.combined@1.0-service: MemTrack_DEBUG--Open ion_system_heap failed
07-04 03:40:41.744   679   679 E vendor.sprd.hardware.combined@1.0-service: MemTrack_DEBUG--Open ion_system_heap failed
07-04 03:40:41.754   679   679 E vendor.sprd.hardware.combined@1.0-service: MemTrack_DEBUG--Open ion_system_heap failed
07-04 03:40:41.757   679   679 E vendor.sprd.hardware.combined@1.0-service: MemTrack_DEBUG--Open ion_system_heap failed
07-04 03:40:41.766   679   679 E vendor.sprd.hardware.combined@1.0-service: MemTrack_DEBUG--Open ion_system_heap failed
07-04 03:40:41.769   679   679 E vendor.sprd.hardware.combined@1.0-service: MemTrack_DEBUG--Open ion_system_heap failed
07-04 03:40:42.316 31585 31676 E ContactsFTS: Delete invalid contacts search index in 1741ms.
07-04 03:40:48.577 31852 31854 E mali_gralloc: initIonKernelMemtrack open device:/dev/systemheap failed, 13(Permission denied)
07-04 03:40:48.865  1172  1172 E system_server: No package ID 7f found for resource ID 0x7f010000.
07-04 03:40:48.866  1172  1172 E system_server: No package ID 7f found for resource ID 0x7f020000.
07-04 03:40:48.867  1172  1172 E system_server: No package ID 7f found for resource ID 0x7f030000.
07-04 03:40:48.867  1172  1172 E system_server: No package ID 7f found for resource ID 0x7f040000.
07-04 03:40:48.868  1172  1172 E system_server: No package ID 7f found for resource ID 0x7f050000.
07-04 03:40:48.878  1172  1172 E system_server: No package ID 7f found for resource ID 0x7f010000.
07-04 03:40:48.879  1172  1172 E system_server: No package ID 7f found for resource ID 0x7f020000.
07-04 03:40:48.879  1172  1172 E system_server: No package ID 7f found for resource ID 0x7f030000.
07-04 03:40:48.879  1172  1172 E system_server: No package ID 7f found for resource ID 0x7f040000.
07-04 03:40:48.879  1172  1172 E system_server: No package ID 7f found for resource ID 0x7f050000.
07-04 03:40:49.077   679   679 E vendor.sprd.hardware.combined@1.0-service: MemTrack_DEBUG--Open ion_system_heap failed
07-04 03:40:49.085   679   679 E vendor.sprd.hardware.combined@1.0-service: MemTrack_DEBUG--Open ion_system_heap failed
07-04 03:40:49.355   833   851 E uas-service: ioclt error: fd=3 cmd=1075336211 ux_data->pid=1961 ux_data->ux_tags=0x100420
07-04 03:40:54.437  1172  1252 E UnisocWatchdog: UnisocWatchdogImpl sendMessage:0
07-04 03:40:54.438  1172  1252 E UnisocWatchdog: sendMessage wait ok 
07-04 03:40:54.438  1172  1343 E UnisocWatchdog: UNISOCWATCHDOG_MESSAGE_TIMER30 trigger
07-04 03:41:00.002  1172  1374 E TranDynamicBarAnimControllerImpl: TranDynamicBarAnimControllerImpl setFromDynamicIslandToWindow pkgName:com.ayman.widget
07-04 03:41:00.003  1172  1374 E TranDynamicBarAnimControllerImpl: start setFromDynamicIslandToWindow startFromDynamicIsland:false
07-04 03:41:00.003  1172  1374 E TranDynamicBarAnimControllerImpl: end setFromDynamicIslandToWindow mDynamicIslandPkgName:com.ayman.widget mStartFromDynamicIsland:false
07-04 03:41:00.012   679   679 E vendor.sprd.hardware.combined@1.0-service: MemTrack_DEBUG--Open ion_system_heap failed
07-04 03:41:00.015   679   679 E vendor.sprd.hardware.combined@1.0-service: MemTrack_DEBUG--Open ion_system_heap failed
07-04 03:41:02.570 31899 31966 E bhvk    : Sync subscriptions not available
07-04 03:41:02.839 31899 31981 E GoogleApiManager: Failed to get service from broker. 
07-04 03:41:02.839 31899 31981 E GoogleApiManager: java.lang.SecurityException: Unknown calling package name 'com.google.android.gms'.
07-04 03:41:02.839 31899 31981 E GoogleApiManager: 	at android.os.Parcel.createExceptionOrNull(Parcel.java:3241)
07-04 03:41:02.839 31899 31981 E GoogleApiManager: 	at android.os.Parcel.createException(Parcel.java:3225)
07-04 03:41:02.839 31899 31981 E GoogleApiManager: 	at android.os.Parcel.readException(Parcel.java:3208)
07-04 03:41:02.839 31899 31981 E GoogleApiManager: 	at android.os.Parcel.readException(Parcel.java:3150)
07-04 03:41:02.839 31899 31981 E GoogleApiManager: 	at bdib.a(:com.google.android.gms@262434062@26.24.34 (200400-938041327):36)
07-04 03:41:02.839 31899 31981 E GoogleApiManager: 	at bdfx.y(:com.google.android.gms@262434062@26.24.34 (200400-938041327):143)
07-04 03:41:02.839 31899 31981 E GoogleApiManager: 	at bcmb.run(:com.google.android.gms@262434062@26.24.34 (200400-938041327):42)
07-04 03:41:02.839 31899 31981 E GoogleApiManager: 	at android.os.Handler.handleCallback(Handler.java:959)
07-04 03:41:02.839 31899 31981 E GoogleApiManager: 	at android.os.Handler.dispatchMessage(Handler.java:100)
07-04 03:41:02.839 31899 31981 E GoogleApiManager: 	at cmui.lY(:com.google.android.gms@262434062@26.24.34 (200400-938041327):1)
07-04 03:41:02.839 31899 31981 E GoogleApiManager: 	at cmui.dispatchMessage(:com.google.android.gms@262434062@26.24.34 (200400-938041327):5)
07-04 03:41:02.839 31899 31981 E GoogleApiManager: 	at android.os.Looper.loopOnce(Looper.java:311)
07-04 03:41:02.839 31899 31981 E GoogleApiManager: 	at android.os.Looper.loop(Looper.java:408)
07-04 03:41:02.839 31899 31981 E GoogleApiManager: 	at android.os.HandlerThread.run(HandlerThread.java:85)
07-04 03:41:02.866 31899 31981 E GoogleApiManager: Failed to get service from broker. 
07-04 03:41:02.866 31899 31981 E GoogleApiManager: java.lang.SecurityException: Unknown calling package name 'com.google.android.gms'.
07-04 03:41:02.866 31899 31981 E GoogleApiManager: 	at android.os.Parcel.createExceptionOrNull(Parcel.java:3241)
07-04 03:41:02.866 31899 31981 E GoogleApiManager: 	at android.os.Parcel.createException(Parcel.java:3225)
07-04 03:41:02.866 31899 31981 E GoogleApiManager: 	at android.os.Parcel.readException(Parcel.java:3208)
07-04 03:41:02.866 31899 31981 E GoogleApiManager: 	at android.os.Parcel.readException(Parcel.java:3150)
07-04 03:41:02.866 31899 31981 E GoogleApiManager: 	at bdib.a(:com.google.android.gms@262434062@26.24.34 (200400-938041327):36)
07-04 03:41:02.866 31899 31981 E GoogleApiManager: 	at bdfx.y(:com.google.android.gms@262434062@26.24.34 (200400-938041327):143)
07-04 03:41:02.866 31899 31981 E GoogleApiManager: 	at bcmb.run(:com.google.android.gms@262434062@26.24.34 (200400-938041327):42)
07-04 03:41:02.866 31899 31981 E GoogleApiManager: 	at android.os.Handler.handleCallback(Handler.java:959)
07-04 03:41:02.866 31899 31981 E GoogleApiManager: 	at android.os.Handler.dispatchMessage(Handler.java:100)
07-04 03:41:02.866 31899 31981 E GoogleApiManager: 	at cmui.lY(:com.google.android.gms@262434062@26.24.34 (200400-938041327):1)
07-04 03:41:02.866 31899 31981 E GoogleApiManager: 	at cmui.dispatchMessage(:com.google.android.gms@262434062@26.24.34 (200400-938041327):5)
07-04 03:41:02.866 31899 31981 E GoogleApiManager: 	at android.os.Looper.loopOnce(Looper.java:311)
07-04 03:41:02.866 31899 31981 E GoogleApiManager: 	at android.os.Looper.loop(Looper.java:408)
07-04 03:41:02.866 31899 31981 E GoogleApiManager: 	at android.os.HandlerThread.run(HandlerThread.java:85)
07-04 03:41:02.869 31899 31981 E GoogleApiManager: Failed to get service from broker. 
07-04 03:41:02.869 31899 31981 E GoogleApiManager: java.lang.SecurityException: Unknown calling package name 'com.google.android.gms'.
07-04 03:41:02.869 31899 31981 E GoogleApiManager: 	at android.os.Parcel.createExceptionOrNull(Parcel.java:3241)
07-04 03:41:02.869 31899 31981 E GoogleApiManager: 	at android.os.Parcel.createException(Parcel.java:3225)
07-04 03:41:02.869 31899 31981 E GoogleApiManager: 	at android.os.Parcel.readException(Parcel.java:3208)
07-04 03:41:02.869 31899 31981 E GoogleApiManager: 	at android.os.Parcel.readException(Parcel.java:3150)
07-04 03:41:02.869 31899 31981 E GoogleApiManager: 	at bdib.a(:com.google.android.gms@262434062@26.24.34 (200400-938041327):36)
07-04 03:41:02.869 31899 31981 E GoogleApiManager: 	at bdfx.y(:com.google.android.gms@262434062@26.24.34 (200400-938041327):143)
07-04 03:41:02.869 31899 31981 E GoogleApiManager: 	at bcmb.run(:com.google.android.gms@262434062@26.24.34 (200400-938041327):42)
07-04 03:41:02.869 31899 31981 E GoogleApiManager: 	at android.os.Handler.handleCallback(Handler.java:959)
07-04 03:41:02.869 31899 31981 E GoogleApiManager: 	at android.os.Handler.dispatchMessage(Handler.java:100)
07-04 03:41:02.869 31899 31981 E GoogleApiManager: 	at cmui.lY(:com.google.android.gms@262434062@26.24.34 (200400-938041327):1)
07-04 03:41:02.869 31899 31981 E GoogleApiManager: 	at cmui.dispatchMessage(:com.google.android.gms@262434062@26.24.34 (200400-938041327):5)
07-04 03:41:02.869 31899 31981 E GoogleApiManager: 	at android.os.Looper.loopOnce(Looper.java:311)
07-04 03:41:02.869 31899 31981 E GoogleApiManager: 	at android.os.Looper.loop(Looper.java:408)
07-04 03:41:02.869 31899 31981 E GoogleApiManager: 	at android.os.HandlerThread.run(HandlerThread.java:85)
07-04 03:41:04.556  1172  1374 E TranDynamicBarAnimControllerImpl: TranDynamicBarAnimControllerImpl setFromDynamicIslandToWindow pkgName:com.whatsapp
07-04 03:41:04.557  1172  1374 E TranDynamicBarAnimControllerImpl: start setFromDynamicIslandToWindow startFromDynamicIsland:false
07-04 03:41:04.557  1172  1374 E TranDynamicBarAnimControllerImpl: end setFromDynamicIslandToWindow mDynamicIslandPkgName:com.whatsapp mStartFromDynamicIsland:false
07-04 03:41:04.566   679   679 E vendor.sprd.hardware.combined@1.0-service: MemTrack_DEBUG--Open ion_system_heap failed
07-04 03:41:04.570   679   679 E vendor.sprd.hardware.combined@1.0-service: MemTrack_DEBUG--Open ion_system_heap failed
07-04 03:41:17.793   859   963 E SLOGCP  : data_rate_stat: agdsp rate: total size(MB)=0.000000; per second(bytes)=0.000000, drop_cnt_=0, drop_data_size_=0, pollin event times=0.
07-04 03:41:24.439  1172  1252 E UnisocWatchdog: UnisocWatchdogImpl sendMessage:0
07-04 03:41:24.439  1172  1252 E UnisocWatchdog: sendMessage wait ok 
07-04 03:41:24.440  1172  1343 E UnisocWatchdog: UNISOCWATCHDOG_MESSAGE_TIMER30 trigger
07-04 03:41:30.169  1172  1374 E TranDynamicBarAnimControllerImpl: TranDynamicBarAnimControllerImpl setFromDynamicIslandToWindow pkgName:android
07-04 03:41:30.170  1172  1374 E TranDynamicBarAnimControllerImpl: start setFromDynamicIslandToWindow startFromDynamicIsland:false
07-04 03:41:30.170  1172  1374 E TranDynamicBarAnimControllerImpl: end setFromDynamicIslandToWindow mDynamicIslandPkgName:android mStartFromDynamicIsland:false
07-04 03:41:30.204  1172  1374 E TranDynamicBarAnimControllerImpl: TranDynamicBarAnimControllerImpl setFromDynamicIslandToWindow pkgName:android
07-04 03:41:30.204  1172  1374 E TranDynamicBarAnimControllerImpl: start setFromDynamicIslandToWindow startFromDynamicIsland:false
07-04 03:41:30.204  1172  1374 E TranDynamicBarAnimControllerImpl: end setFromDynamicIslandToWindow mDynamicIslandPkgName:android mStartFromDynamicIsland:false
07-04 03:41:30.215  1172  1374 E TranDynamicBarAnimControllerImpl: TranDynamicBarAnimControllerImpl setFromDynamicIslandToWindow pkgName:com.instagram.barcelona
07-04 03:41:30.215  1172  1374 E TranDynamicBarAnimControllerImpl: start setFromDynamicIslandToWindow startFromDynamicIsland:false
07-04 03:41:30.215  1172  1374 E TranDynamicBarAnimControllerImpl: end setFromDynamicIslandToWindow mDynamicIslandPkgName:com.instagram.barcelona mStartFromDynamicIsland:false
07-04 03:41:30.252   679   679 E vendor.sprd.hardware.combined@1.0-service: MemTrack_DEBUG--Open ion_system_heap failed
07-04 03:41:30.283   679   679 E vendor.sprd.hardware.combined@1.0-service: MemTrack_DEBUG--Open ion_system_heap failed
07-04 03:41:31.117 32029 32056 E HeliumCrashReporter: Pending crash path /data/data/com.instagram.barcelona/cache/webview_embedded/Helium Crashpad/pending/ is not a directory
07-04 03:41:31.124 32029 32056 E rtvip   : error 10 (0xd503245f)
07-04 03:41:31.125 32029 32056 E rtvip   : error 2
07-04 03:41:31.266 32029 32029 E QPLProvider: QuickPerformanceLogger instance wasn't installed in provider, returning noop. Please call QuickPerformanceLoggerProvider.setQuickPerformanceLogger() before getting the instance.
07-04 03:41:31.266 32029 32029 E QPLProvider: java.lang.IllegalStateException: No QPL instance provided
07-04 03:41:31.266 32029 32029 E QPLProvider: 	at com.facebook.quicklog.QuickPerformanceLoggerProvider.getQPLInstance(:35)
07-04 03:41:31.266 32029 32029 E QPLProvider: 	at X.01vh.<init>(:12)
07-04 03:41:31.266 32029 32029 E QPLProvider: 	at X.0203.apply(:110)
07-04 03:41:31.266 32029 32029 E QPLProvider: 	at java.util.concurrent.ConcurrentHashMap.computeIfAbsent(ConcurrentHashMap.java:1729)
07-04 03:41:31.266 32029 32029 E QPLProvider: 	at X.01ve.A00(:65)
07-04 03:41:31.266 32029 32029 E QPLProvider: 	at X.01va.<init>(:9)
07-04 03:41:31.266 32029 32029 E QPLProvider: 	at X.03sG.A03(:1238)
07-04 03:41:31.266 32029 32029 E QPLProvider: 	at X.03sG.invoke(:5)
07-04 03:41:31.266 32029 32029 E QPLProvider: 	at X.01ug.A00(:15)
07-04 03:41:31.266 32029 32029 E QPLProvider: 	at com.instagram.barcelona.process.main.BarcelonaApplicationForMainProcess.A01(:86216)
07-04 03:41:31.266 32029 32029 E QPLProvider: 	at com.instagram.barcelona.process.main.BarcelonaApplicationForMainProcess.A06(:514)
07-04 03:41:31.266 32029 32029 E QPLProvider: 	at com.instagram.barcelona.app.BarcelonaAppShell.onCreate(:723)
07-04 03:41:31.266 32029 32029 E QPLProvider: 	at android.app.Instrumentation.callApplicationOnCreate(Instrumentation.java:1390)
07-04 03:41:31.266 32029 32029 E QPLProvider: 	at android.app.ActivityThread.handleBindApplication(ActivityThread.java:7911)
07-04 03:41:31.266 32029 32029 E QPLProvider: 	at android.app.ActivityThread.-$$Nest$mhandleBindApplication(ActivityThread.java:0)
07-04 03:41:31.266 32029 32029 E QPLProvider: 	at android.app.ActivityThread$H.handleMessage(ActivityThread.java:2560)
07-04 03:41:31.266 32029 32029 E QPLProvider: 	at android.os.Handler.dispatchMessage(Handler.java:107)
07-04 03:41:31.266 32029 32029 E QPLProvider: 	at android.os.Looper.loopOnce(Looper.java:311)
07-04 03:41:31.266 32029 32029 E QPLProvider: 	at android.os.Looper.loop(Looper.java:408)
07-04 03:41:31.266 32029 32029 E QPLProvider: 	at android.app.ActivityThread.main(ActivityThread.java:9169)
07-04 03:41:31.266 32029 32029 E QPLProvider: 	at java.lang.reflect.Method.invoke(Native Method)
07-04 03:41:31.266 32029 32029 E QPLProvider: 	at com.android.internal.os.RuntimeInit$MethodAndArgsCaller.run(RuntimeInit.java:692)
07-04 03:41:31.266 32029 32029 E QPLProvider: 	at com.android.internal.os.ZygoteInit.main(ZygoteInit.java:945)
07-04 03:41:31.275 32029 32029 E HiddenApis2: Failed to init DecodeJObjectFuncPtr
07-04 03:41:31.360  1172  1285 E KernelCpuSpeedReader: Failed to read cpu-freq: /sys/devices/system/cpu/cpu٦/cpufreq/stats/time_in_state: open failed: ENOENT (No such file or directory)
07-04 03:41:31.360  1172  1285 E KernelCpuSpeedReader: Failed to read cpu-freq: /sys/devices/system/cpu/cpu٠/cpufreq/stats/time_in_state: open failed: ENOENT (No such file or directory)
07-04 03:41:31.385 32029 32029 E QPLProvider: QuickPerformanceLogger instance wasn't installed in provider, returning noop. Please call QuickPerformanceLoggerProvider.setQuickPerformanceLogger() before getting the instance.
07-04 03:41:31.385 32029 32029 E QPLProvider: java.lang.IllegalStateException: No QPL instance provided
07-04 03:41:31.385 32029 32029 E QPLProvider: 	at com.facebook.quicklog.QuickPerformanceLoggerProvider.getQPLInstance(:35)
07-04 03:41:31.385 32029 32029 E QPLProvider: 	at com.facebook.quicklog.QuickPerformanceLoggerNativeProvider.getQPLInstance(:0)
07-04 03:41:31.385 32029 32029 E QPLProvider: 	at com.instagram.pando.livetree.LiveTreeJNI.updateStringValueNative(Native Method)
07-04 03:41:31.385 32029 32029 E QPLProvider: 	at com.instagram.pando.livetree.LiveTreeJNI.updateStringValueByHashCode(:7)
07-04 03:41:31.385 32029 32029 E QPLProvider: 	at com.instagram.pando.livetree.LiveTreeJNI.updateOptionalStringValueByHashCode(:6)
07-04 03:41:31.385 32029 32029 E QPLProvider: 	at com.instagram.pando.livetree.LiveTreeJNI.updateOptionalIDValueByHashCode(:6)
07-04 03:41:31.385 32029 32029 E QPLProvider: 	at com.instagram.user.model.LiveTreeUserDict.AAS(:47)
07-04 03:41:31.385 32029 32029 E QPLProvider: 	at com.instagram.user.model.User.<init>(:207)
07-04 03:41:31.385 32029 32029 E QPLProvider: 	at X.02it.apply(:45)
07-04 03:41:31.385 32029 32029 E QPLProvider: 	at java.util.concurrent.ConcurrentMap.computeIfAbsent(ConcurrentMap.java:330)
07-04 03:41:31.385 32029 32029 E QPLProvider: 	at com.instagram.user.model.UserCache.A04(:43)
07-04 03:41:31.385 32029 32029 E QPLProvider: 	at X.02cv.A01(:16)
07-04 03:41:31.385 32029 32029 E QPLProvider: 	at X.02cv.A00(:20)
07-04 03:41:31.385 32029 32029 E QPLProvider: 	at X.02aD.<init>(:245)
07-04 03:41:31.385 32029 32029 E QPLProvider: 	at X.03tP.invoke(:32)
07-04 03:41:31.385 32029 32029 E QPLProvider: 	at X.0227.getValue(:20)
07-04 03:41:31.385 32029 32029 E QPLProvider: 	at X.02aE.A00(:4)
07-04 03:41:31.385 32029 32029 E QPLProvider: 	at X.02aE.A0A(:4)
07-04 03:41:31.385 32029 32029 E QPLProvider: 	at X.01ui.A04(:92)
07-04 03:41:31.385 32029 32029 E QPLProvider: 	at X.01uj.A02(:28)
07-04 03:41:31.385 32029 32029 E QPLProvider: 	at com.instagram.barcelona.process.main.BarcelonaApplicationForMainProcess.A01(:86229)
07-04 03:41:31.385 32029 32029 E QPLProvider: 	at com.instagram.barcelona.process.main.BarcelonaApplicationForMainProcess.A06(:514)
07-04 03:41:31.385 32029 32029 E QPLProvider: 	at com.instagram.barcelona.app.BarcelonaAppShell.onCreate(:723)
07-04 03:41:31.385 32029 32029 E QPLProvider: 	at android.app.Instrumentation.callApplicationOnCreate(Instrumentation.java:1390)
07-04 03:41:31.385 32029 32029 E QPLProvider: 	at android.app.ActivityThread.handleBindApplication(ActivityThread.java:7911)
07-04 03:41:31.385 32029 32029 E QPLProvider: 	at android.app.ActivityThread.-$$Nest$mhandleBindApplication(ActivityThread.java:0)
07-04 03:41:31.385 32029 32029 E QPLProvider: 	at android.app.ActivityThread$H.handleMessage(ActivityThread.java:2560)
07-04 03:41:31.385 32029 32029 E QPLProvider: 	at android.os.Handler.dispatchMessage(Handler.java:107)
07-04 03:41:31.385 32029 32029 E QPLProvider: 	at android.os.Looper.loopOnce(Looper.java:311)
07-04 03:41:31.385 32029 32029 E QPLProvider: 	at android.os.Looper.loop(Looper.java:408)
07-04 03:41:31.385 32029 32029 E QPLProvider: 	at android.app.ActivityThread.main(ActivityThread.java:9169)
07-04 03:41:31.385 32029 32029 E QPLProvider: 	at java.lang.reflect.Method.invoke(Native Method)
07-04 03:41:31.385 32029 32029 E QPLProvider: 	at com.android.internal.os.RuntimeInit$MethodAndArgsCaller.run(RuntimeInit.java:692)
07-04 03:41:31.385 32029 32029 E QPLProvider: 	at com.android.internal.os.ZygoteInit.main(ZygoteInit.java:945)
07-04 03:41:31.516 32029 32082 E QPLProvider: QuickPerformanceLogger instance wasn't installed in provider, returning noop. Please call QuickPerformanceLoggerProvider.setQuickPerformanceLogger() before getting the instance.
07-04 03:41:31.516 32029 32082 E QPLProvider: java.lang.IllegalStateException: No QPL instance provided
07-04 03:41:31.516 32029 32082 E QPLProvider: 	at com.facebook.quicklog.QuickPerformanceLoggerProvider.getQPLInstance(:35)
07-04 03:41:31.516 32029 32082 E QPLProvider: 	at com.facebook.quicklog.QuickPerformanceLoggerNativeProvider.getQPLInstance(:0)
07-04 03:41:31.516 32029 32082 E QPLProvider: 	at com.facebook.common.jniexecutors.NativeRunnable.nativeRun(Native Method)
07-04 03:41:31.516 32029 32082 E QPLProvider: 	at com.facebook.common.jniexecutors.NativeRunnable.runNativeDirectly(:0)
07-04 03:41:31.516 32029 32082 E QPLProvider: 	at com.facebook.common.jniexecutors.PooledNativeRunnable.run(:0)
07-04 03:41:31.516 32029 32082 E QPLProvider: 	at java.util.concurrent.Executors$RunnableAdapter.call(Executors.java:520)
07-04 03:41:31.516 32029 32082 E QPLProvider: 	at java.util.concurrent.FutureTask.run(FutureTask.java:328)
07-04 03:41:31.516 32029 32082 E QPLProvider: 	at java.util.concurrent.ScheduledThreadPoolExecutor$ScheduledFutureTask.run(ScheduledThreadPoolExecutor.java:323)
07-04 03:41:31.516 32029 32082 E QPLProvider: 	at java.util.concurrent.ThreadPoolExecutor.runWorker(ThreadPoolExecutor.java:1100)
07-04 03:41:31.516 32029 32082 E QPLProvider: 	at java.util.concurrent.ThreadPoolExecutor$Worker.run(ThreadPoolExecutor.java:624)
07-04 03:41:31.516 32029 32082 E QPLProvider: 	at java.lang.Thread.run(Thread.java:1572)
07-04 03:41:31.540 32029 32029 E MQD     : Failed to resolve method MessageQueue.isIdling: java.lang.NoSuchMethodException: android.os.MessageQueue.isIdling []
07-04 03:41:31.582 32029 32066 E MlockOptimization: mlock 0x736ef21000 ٨٧٢٤٨٨٩٦ failed for 736ef21000-7374256000 rw-p 00000000 fe:4a 321481                         /data/app/~~J76Evtyw1cYfuGVVYgJ5YA==/com.instagram.barcelona-XQPmOUL1dwga7I1QBp7CsQ==/oat/arm64/base.vdex
07-04 03:41:31.633 32029 32029 E agram.barcelona: No implementation found for void com.facebook.quicklog.QuickPerformanceLoggerNativeProvider.nativeUpdateQPLInstance() (tried Java_com_facebook_quicklog_QuickPerformanceLoggerNativeProvider_nativeUpdateQPLInstance and Java_com_facebook_quicklog_QuickPerformanceLoggerNativeProvider_nativeUpdateQPLInstance__) - is the library loaded, e.g. System.loadLibrary?
07-04 03:41:31.637   440   440 E TrustyKeymaster: succeeded to send cmd (4) to com.android.trusty.keymaster with rc(294). errno: Success
07-04 03:41:31.638   440   440 E TrustyKeymaster: Getting response size (28)
07-04 03:41:31.650   440   440 E TrustyKeymaster: succeeded to send cmd (8) to com.android.trusty.keymaster with rc(331). errno: Success
07-04 03:41:31.650   440   440 E TrustyKeymaster: Getting response size (315)
07-04 03:41:31.652   440   440 E TrustyKeymaster: succeeded to send cmd (12) to com.android.trusty.keymaster with rc(32). errno: Success
07-04 03:41:31.652   440   440 E TrustyKeymaster: Getting response size (24)
07-04 03:41:31.668   440   440 E TrustyKeymaster: succeeded to send cmd (4) to com.android.trusty.keymaster with rc(294). errno: Success
07-04 03:41:31.669   440   440 E TrustyKeymaster: Getting response size (28)
07-04 03:41:31.683   440   440 E TrustyKeymaster: succeeded to send cmd (8) to com.android.trusty.keymaster with rc(138). errno: Success
07-04 03:41:31.684   440   440 E TrustyKeymaster: Getting response size (122)
07-04 03:41:31.687   440   440 E TrustyKeymaster: succeeded to send cmd (12) to com.android.trusty.keymaster with rc(32). errno: Success
07-04 03:41:31.688   440   440 E TrustyKeymaster: Getting response size (24)
07-04 03:41:31.706   440   440 E TrustyKeymaster: succeeded to send cmd (4) to com.android.trusty.keymaster with rc(294). errno: Success
07-04 03:41:31.707   440   440 E TrustyKeymaster: Getting response size (28)
07-04 03:41:31.713   440   440 E TrustyKeymaster: succeeded to send cmd (8) to com.android.trusty.keymaster with rc(145). errno: Success
07-04 03:41:31.714   440   440 E TrustyKeymaster: Getting response size (129)
07-04 03:41:31.715   440   440 E TrustyKeymaster: succeeded to send cmd (12) to com.android.trusty.keymaster with rc(32). errno: Success
07-04 03:41:31.716   440   440 E TrustyKeymaster: Getting response size (24)
07-04 03:41:31.989 32029 32066 E PendingMediaStoreSerializer: deserialize start
07-04 03:41:31.989 32029 32066 E PendingMediaStoreSerializer: start reading pending media
07-04 03:41:31.989 32029 32066 E PendingMediaStoreSerializer: Set the submedia on albums
07-04 03:41:31.989 32029 32066 E PendingMediaStoreSerializer: Set the submedia on post threads
07-04 03:41:31.989 32029 32066 E PendingMediaStoreSerializer: Set the submedia on story templates
07-04 03:41:31.989 32029 32066 E PendingMediaStoreSerializer: Set the submedia on Basel templates
07-04 03:41:31.989 32029 32066 E PendingMediaStoreSerializer: deserialize is done. start calling callbacks
07-04 03:41:31.989 32029 32066 E PendingMediaStoreSerializer: deserialize end
07-04 03:41:32.076 32029 32029 E PendingMediaStoreSerializer: wait for deserialization lock
07-04 03:41:32.076 32029 32029 E PendingMediaStoreSerializer: calling callbacks
07-04 03:41:32.151   679   679 E vendor.sprd.hardware.combined@1.0-service: MemTrack_DEBUG--Open ion_system_heap failed
07-04 03:41:32.160   679   679 E vendor.sprd.hardware.combined@1.0-service: MemTrack_DEBUG--Open ion_system_heap failed
07-04 03:41:32.176 32029 32156 E EmergencyPushPeriodicFetchWorker: Skipping fetch since app is backgrounded
07-04 03:41:53.598  1678  1678 D ZenModeController: Added callback class com.android.systemui.qs.tiles.DndTile$3
