--------- beginning of system
07-04 03:28:55.147  1172  1374 E TranDynamicBarAnimControllerImpl: TranDynamicBarAnimControllerImpl setFromDynamicIslandToWindow pkgName:com.google.android.gms
07-04 03:28:55.147  1172  1374 E TranDynamicBarAnimControllerImpl: start setFromDynamicIslandToWindow startFromDynamicIsland:false
07-04 03:28:55.147  1172  1374 E TranDynamicBarAnimControllerImpl: end setFromDynamicIslandToWindow mDynamicIslandPkgName:com.google.android.gms mStartFromDynamicIsland:false
--------- beginning of main
07-04 03:28:56.635  1172 11153 E UnisocWatchdog: UnisocWatchdogImpl sendMessage:12
07-04 03:28:56.636  1172 11153 E UnisocWatchdog: sendMessage wait ok 
07-04 03:28:56.639  1172 11153 E UnisocWatchdog: monkeyStatus update:false
07-04 03:28:56.756  1172 11153 E ActivityTaskManager: agaresPreload error: activityInfo is null
07-04 03:28:56.799  1172 11153 E system_server: No package ID 7f found for resource ID 0x7f010000.
07-04 03:28:56.799  1172 11153 E system_server: No package ID 7f found for resource ID 0x7f020000.
07-04 03:28:56.799  1172 11153 E system_server: No package ID 7f found for resource ID 0x7f030000.
07-04 03:28:56.799  1172 11153 E system_server: No package ID 7f found for resource ID 0x7f040000.
07-04 03:28:56.799  1172 11153 E system_server: No package ID 7f found for resource ID 0x7f050000.
07-04 03:28:56.882  1678  1880 E UASManager: setTranSchedUxTags fail, mWmShellMainTid =0
07-04 03:28:56.890  1172 11153 E UnisocWatchdog: UnisocWatchdogImpl sendMessage:12
07-04 03:28:56.890  1172 11153 E UnisocWatchdog: sendMessage wait ok 
07-04 03:28:56.890  1172 11153 E UnisocWatchdog: monkeyStatus update:false
07-04 03:28:56.915  1172  1283 E libprocessgroup: set_timerslack_ns write failed: Permission denied
07-04 03:28:57.428  1172  5736 E ActivityThread: Failed to find provider info for com.transsion.gamemode.provider
07-04 03:28:57.722 28936 28964 E mali_gralloc: Requested R8 format is not supported with this allocator. R8 format is only supported with the AIDL allocator
07-04 03:28:57.722 28936 28964 E mali_gralloc: ERROR: Unrecognized and/or unsupported format R8 and usage TEXTURE + RENDER + HWC
07-04 03:28:57.722 28936 28964 E mali_gralloc: ERROR: Unrecognized and/or unsupported format RGBA_10101010 and usage TEXTURE + RENDER + HWC
07-04 03:28:57.722 28936 28964 E mali_gralloc: Requested R8 format is not supported with this allocator. R8 format is only supported with the AIDL allocator
07-04 03:28:57.722 28936 28964 E mali_gralloc: ERROR: Unrecognized and/or unsupported format R8 and usage TEXTURE + RENDER + HWC
07-04 03:28:57.722 28936 28964 E mali_gralloc: ERROR: Unrecognized and/or unsupported format RGBA_10101010 and usage TEXTURE + RENDER + HWC
07-04 03:28:57.932   637   765 E OemNetd : transmitAppUidToNetwork uid=(0)
07-04 03:28:58.159  1172  2082 E RoleControllerServiceImpl: Default/fallback role holder package doesn't qualify for the role, package: com.google.android.gms.supervision, role: android.app.role.SYSTEM_SUPERVISION, user: 0
07-04 03:28:58.163  1172  2082 E RoleControllerServiceImpl: Default/fallback role holder package doesn't qualify for the role, package: com.google.android.gms, role: android.app.role.SYSTEM_CALL_STREAMING, user: 0
07-04 03:28:58.166  1639  1639 E SmsApplication: com.transsion.cloudserver does not have system signature
07-04 03:28:58.286  1172  2082 E RoleControllerServiceImpl: Default/fallback role holder package doesn't qualify for the role, package: com.google.android.devicelockcontroller, role: android.app.role.SYSTEM_FINANCED_DEVICE_CONTROLLER, user: 0
07-04 03:28:58.301  1172  2082 E AppOpService: Blocked setUidMode call for runtime permission app op: uid = 10142, code = FINE_LOCATION, mode = foreground, callingUid = 1000, oldMode = allow
07-04 03:28:58.301  1172  2082 E AppOpService: java.lang.RuntimeException
07-04 03:28:58.301  1172  2082 E AppOpService: 	at com.android.server.permission.access.appop.AppOpService.setUidMode(AppOpService.kt:268)
07-04 03:28:58.301  1172  2082 E AppOpService: 	at com.android.server.appop.AppOpsCheckingServiceTracingDecorator.setUidMode(AppOpsCheckingServiceTracingDecorator.java:120)
07-04 03:28:58.301  1172  2082 E AppOpService: 	at com.android.server.appop.AppOpsService.setUidMode(AppOpsService.java:2119)
07-04 03:28:58.301  1172  2082 E AppOpService: 	at com.android.server.appop.AppOpsService.setUidMode(AppOpsService.java:2069)
07-04 03:28:58.301  1172  2082 E AppOpService: 	at android.app.AppOpsManager.setUidMode(AppOpsManager.java:8603)
07-04 03:28:58.301  1172  2082 E AppOpService: 	at com.android.role.controller.model.Permissions.setAppOpModeAsUser(Permissions.java:908)
07-04 03:28:58.301  1172  2082 E AppOpService: 	at com.android.role.controller.model.Permissions.setAppOpUidModeAsUser(Permissions.java:885)
07-04 03:28:58.301  1172  2082 E AppOpService: 	at com.android.role.controller.model.Permissions.grantPermissionAndAppOpAsUser(Permissions.java:373)
07-04 03:28:58.301  1172  2082 E AppOpService: 	at com.android.role.controller.model.Permissions.grantSingleAsUser(Permissions.java:247)
07-04 03:28:58.301  1172  2082 E AppOpService: 	at com.android.role.controller.model.Permissions.grantAsUser(Permissions.java:205)
07-04 03:28:58.301  1172  2082 E AppOpService: 	at com.android.role.controller.behavior.BrowserRoleBehavior.grantAsUser(BrowserRoleBehavior.java:142)
07-04 03:28:58.301  1172  2082 E AppOpService: 	at com.android.role.controller.model.Role.grantAsUser(Role.java:973)
07-04 03:28:58.301  1172  2082 E AppOpService: 	at com.android.role.controller.service.RoleControllerServiceImpl.addRoleHolderInternal(RoleControllerServiceImpl.java:380)
07-04 03:28:58.301  1172  2082 E AppOpService: 	at com.android.role.controller.service.RoleControllerServiceImpl.onGrantDefaultRoles(RoleControllerServiceImpl.java:163)
07-04 03:28:58.301  1172  2082 E AppOpService: 	at com.android.role.LocalRoleController.lambda$grantDefaultRoles$1(LocalRoleController.java:56)
07-04 03:28:58.301  1172  2082 E AppOpService: 	at com.android.role.LocalRoleController.$r8$lambda$ye-flP7Mf14AbTzwSmiTgndT6Cg(LocalRoleController.java:0)
07-04 03:28:58.301  1172  2082 E AppOpService: 	at com.android.role.LocalRoleController$$ExternalSyntheticLambda1.run(R8$$SyntheticClass:0)
07-04 03:28:58.301  1172  2082 E AppOpService: 	at android.os.Handler.handleCallback(Handler.java:959)
07-04 03:28:58.301  1172  2082 E AppOpService: 	at android.os.Handler.dispatchMessage(Handler.java:100)
07-04 03:28:58.301  1172  2082 E AppOpService: 	at android.os.Looper.loopOnce(Looper.java:311)
07-04 03:28:58.301  1172  2082 E AppOpService: 	at android.os.Looper.loop(Looper.java:408)
07-04 03:28:58.301  1172  2082 E AppOpService: 	at android.os.HandlerThread.run(HandlerThread.java:85)
07-04 03:28:58.303  1172  2082 E AppOpService: Blocked setUidMode call for runtime permission app op: uid = 10142, code = COARSE_LOCATION, mode = foreground, callingUid = 1000, oldMode = allow
07-04 03:28:58.303  1172  2082 E AppOpService: java.lang.RuntimeException
07-04 03:28:58.303  1172  2082 E AppOpService: 	at com.android.server.permission.access.appop.AppOpService.setUidMode(AppOpService.kt:268)
07-04 03:28:58.303  1172  2082 E AppOpService: 	at com.android.server.appop.AppOpsCheckingServiceTracingDecorator.setUidMode(AppOpsCheckingServiceTracingDecorator.java:120)
07-04 03:28:58.303  1172  2082 E AppOpService: 	at com.android.server.appop.AppOpsService.setUidMode(AppOpsService.java:2119)
07-04 03:28:58.303  1172  2082 E AppOpService: 	at com.android.server.appop.AppOpsService.setUidMode(AppOpsService.java:2069)
07-04 03:28:58.303  1172  2082 E AppOpService: 	at android.app.AppOpsManager.setUidMode(AppOpsManager.java:8603)
07-04 03:28:58.303  1172  2082 E AppOpService: 	at com.android.role.controller.model.Permissions.setAppOpModeAsUser(Permissions.java:908)
07-04 03:28:58.303  1172  2082 E AppOpService: 	at com.android.role.controller.model.Permissions.setAppOpUidModeAsUser(Permissions.java:885)
07-04 03:28:58.303  1172  2082 E AppOpService: 	at com.android.role.controller.model.Permissions.grantPermissionAndAppOpAsUser(Permissions.java:373)
07-04 03:28:58.303  1172  2082 E AppOpService: 	at com.android.role.controller.model.Permissions.grantSingleAsUser(Permissions.java:247)
07-04 03:28:58.303  1172  2082 E AppOpService: 	at com.android.role.controller.model.Permissions.grantAsUser(Permissions.java:205)
07-04 03:28:58.303  1172  2082 E AppOpService: 	at com.android.role.controller.behavior.BrowserRoleBehavior.grantAsUser(BrowserRoleBehavior.java:142)
07-04 03:28:58.303  1172  2082 E AppOpService: 	at com.android.role.controller.model.Role.grantAsUser(Role.java:973)
07-04 03:28:58.303  1172  2082 E AppOpService: 	at com.android.role.controller.service.RoleControllerServiceImpl.addRoleHolderInternal(RoleControllerServiceImpl.java:380)
07-04 03:28:58.303  1172  2082 E AppOpService: 	at com.android.role.controller.service.RoleControllerServiceImpl.onGrantDefaultRoles(RoleControllerServiceImpl.java:163)
07-04 03:28:58.303  1172  2082 E AppOpService: 	at com.android.role.LocalRoleController.lambda$grantDefaultRoles$1(LocalRoleController.java:56)
07-04 03:28:58.303  1172  2082 E AppOpService: 	at com.android.role.LocalRoleController.$r8$lambda$ye-flP7Mf14AbTzwSmiTgndT6Cg(LocalRoleController.java:0)
07-04 03:28:58.303  1172  2082 E AppOpService: 	at com.android.role.LocalRoleController$$ExternalSyntheticLambda1.run(R8$$SyntheticClass:0)
07-04 03:28:58.303  1172  2082 E AppOpService: 	at android.os.Handler.handleCallback(Handler.java:959)
07-04 03:28:58.303  1172  2082 E AppOpService: 	at android.os.Handler.dispatchMessage(Handler.java:100)
07-04 03:28:58.303  1172  2082 E AppOpService: 	at android.os.Looper.loopOnce(Looper.java:311)
07-04 03:28:58.303  1172  2082 E AppOpService: 	at android.os.Looper.loop(Looper.java:408)
07-04 03:28:58.303  1172  2082 E AppOpService: 	at android.os.HandlerThread.run(HandlerThread.java:85)
07-04 03:28:58.665   679   679 E vendor.sprd.hardware.combined@1.0-service: MemTrack_DEBUG--Open ion_system_heap failed
07-04 03:28:58.819  1172  2662 E ShortcutService: Invalid icon type in shortcut 142812007936051@lid. Bitmaps are not allowed in long-lived shortcuts. Use Resource icons, or Uri-based icons instead.
07-04 03:28:59.298   440   440 E TrustyKeymaster: succeeded to send cmd (4) to com.android.trusty.keymaster with rc(269). errno: Success
07-04 03:28:59.299   440   440 E TrustyKeymaster: Getting response size (56)
07-04 03:28:59.329   440   440 E TrustyKeymaster: succeeded to send cmd (16) to com.android.trusty.keymaster with rc(12). errno: Success
07-04 03:28:59.329   440   440 E TrustyKeymaster: Getting response size (8)
07-04 03:29:00.004  1172  1374 E TranDynamicBarAnimControllerImpl: TranDynamicBarAnimControllerImpl setFromDynamicIslandToWindow pkgName:com.ayman.widget
07-04 03:29:00.004  1172  1374 E TranDynamicBarAnimControllerImpl: start setFromDynamicIslandToWindow startFromDynamicIsland:false
07-04 03:29:00.004  1172  1374 E TranDynamicBarAnimControllerImpl: end setFromDynamicIslandToWindow mDynamicIslandPkgName:com.ayman.widget mStartFromDynamicIsland:false
07-04 03:29:05.569 29041 29043 E mali_gralloc: initIonKernelMemtrack open device:/dev/systemheap failed, 13(Permission denied)
07-04 03:29:11.379   679   679 E vendor.sprd.hardware.combined@1.0-service: MemTrack_DEBUG--Open ion_system_heap failed
07-04 03:29:11.381   679   679 E vendor.sprd.hardware.combined@1.0-service: MemTrack_DEBUG--Open ion_system_heap failed
07-04 03:29:11.405   679   679 E vendor.sprd.hardware.combined@1.0-service: MemTrack_DEBUG--Open ion_system_heap failed
07-04 03:29:11.408   679   679 E vendor.sprd.hardware.combined@1.0-service: MemTrack_DEBUG--Open ion_system_heap failed
07-04 03:29:14.053  1172  1374 E TranDynamicBarAnimControllerImpl: TranDynamicBarAnimControllerImpl setFromDynamicIslandToWindow pkgName:com.hoffnung
07-04 03:29:14.053  1172  1374 E TranDynamicBarAnimControllerImpl: start setFromDynamicIslandToWindow startFromDynamicIsland:false
07-04 03:29:14.053  1172  1374 E TranDynamicBarAnimControllerImpl: end setFromDynamicIslandToWindow mDynamicIslandPkgName:com.hoffnung mStartFromDynamicIsland:false
07-04 03:29:14.058  1172  1374 E TranDynamicBarAnimControllerImpl: TranDynamicBarAnimControllerImpl setFromDynamicIslandToWindow pkgName:com.whatsapp
07-04 03:29:14.058  1172  1374 E TranDynamicBarAnimControllerImpl: start setFromDynamicIslandToWindow startFromDynamicIsland:false
07-04 03:29:14.058  1172  1374 E TranDynamicBarAnimControllerImpl: end setFromDynamicIslandToWindow mDynamicIslandPkgName:com.whatsapp mStartFromDynamicIsland:false
07-04 03:29:16.678  1172  1172 E system_server: No package ID 7f found for resource ID 0x7f010000.
07-04 03:29:16.681  1172  1172 E system_server: No package ID 7f found for resource ID 0x7f020000.
07-04 03:29:16.681  1172  1172 E system_server: No package ID 7f found for resource ID 0x7f030000.
07-04 03:29:16.681  1172  1172 E system_server: No package ID 7f found for resource ID 0x7f040000.
07-04 03:29:16.681  1172  1172 E system_server: No package ID 7f found for resource ID 0x7f050000.
07-04 03:29:17.293   833   851 E uas-service: ioclt error: fd=3 cmd=1075336211 ux_data->pid=1961 ux_data->ux_tags=0x100420
07-04 03:29:17.781   859   963 E SLOGCP  : data_rate_stat: agdsp rate: total size(MB)=0.000000; per second(bytes)=0.000000, drop_cnt_=0, drop_data_size_=0, pollin event times=0.
07-04 03:29:20.557 29085 29122 E .apps.nbu.files: No package ID 74 found for resource ID 0x740b0013.
07-04 03:29:24.403  1172  1252 E UnisocWatchdog: UnisocWatchdogImpl sendMessage:0
07-04 03:29:24.403  1172  1252 E UnisocWatchdog: sendMessage wait ok 
07-04 03:29:24.404  1172  1343 E UnisocWatchdog: UNISOCWATCHDOG_MESSAGE_TIMER30 trigger
07-04 03:29:35.145 29169 29172 E mali_gralloc: initIonKernelMemtrack open device:/dev/systemheap failed, 13(Permission denied)
07-04 03:29:38.303   679   679 E vendor.sprd.hardware.combined@1.0-service: MemTrack_DEBUG--Open ion_system_heap failed
07-04 03:29:38.306   679   679 E vendor.sprd.hardware.combined@1.0-service: MemTrack_DEBUG--Open ion_system_heap failed
07-04 03:29:54.405  1172  1252 E UnisocWatchdog: UnisocWatchdogImpl sendMessage:0
07-04 03:29:54.405  1172  1252 E UnisocWatchdog: sendMessage wait ok 
07-04 03:29:54.406  1172  1343 E UnisocWatchdog: UNISOCWATCHDOG_MESSAGE_TIMER30 trigger
07-04 03:30:00.004  1172  1374 E TranDynamicBarAnimControllerImpl: TranDynamicBarAnimControllerImpl setFromDynamicIslandToWindow pkgName:com.ayman.widget
07-04 03:30:00.004  1172  1374 E TranDynamicBarAnimControllerImpl: start setFromDynamicIslandToWindow startFromDynamicIsland:false
07-04 03:30:00.004  1172  1374 E TranDynamicBarAnimControllerImpl: end setFromDynamicIslandToWindow mDynamicIslandPkgName:com.ayman.widget mStartFromDynamicIsland:false
07-04 03:30:00.949 29235 29237 E mali_gralloc: initIonKernelMemtrack open device:/dev/systemheap failed, 13(Permission denied)
07-04 03:30:03.601  1172  1172 E system_server: No package ID 7f found for resource ID 0x7f010000.
07-04 03:30:03.602  1172  1172 E system_server: No package ID 7f found for resource ID 0x7f020000.
07-04 03:30:03.602  1172  1172 E system_server: No package ID 7f found for resource ID 0x7f030000.
07-04 03:30:03.602  1172  1172 E system_server: No package ID 7f found for resource ID 0x7f040000.
07-04 03:30:03.602  1172  1172 E system_server: No package ID 7f found for resource ID 0x7f050000.
07-04 03:30:03.610  1172  1172 E system_server: No package ID 7f found for resource ID 0x7f010000.
07-04 03:30:03.610  1172  1172 E system_server: No package ID 7f found for resource ID 0x7f020000.
07-04 03:30:03.610  1172  1172 E system_server: No package ID 7f found for resource ID 0x7f030000.
07-04 03:30:03.610  1172  1172 E system_server: No package ID 7f found for resource ID 0x7f040000.
07-04 03:30:03.611  1172  1172 E system_server: No package ID 7f found for resource ID 0x7f050000.
07-04 03:30:03.620  1172  1172 E system_server: No package ID 7f found for resource ID 0x7f010000.
07-04 03:30:03.620  1172  1172 E system_server: No package ID 7f found for resource ID 0x7f020000.
07-04 03:30:03.620  1172  1172 E system_server: No package ID 7f found for resource ID 0x7f030000.
07-04 03:30:03.620  1172  1172 E system_server: No package ID 7f found for resource ID 0x7f040000.
07-04 03:30:03.620  1172  1172 E system_server: No package ID 7f found for resource ID 0x7f050000.
07-04 03:30:03.621  1172  1172 E system_server: No package ID 7f found for resource ID 0x7f010000.
07-04 03:30:03.621  1172  1172 E system_server: No package ID 7f found for resource ID 0x7f020000.
07-04 03:30:03.621  1172  1172 E system_server: No package ID 7f found for resource ID 0x7f030000.
07-04 03:30:03.621  1172  1172 E system_server: No package ID 7f found for resource ID 0x7f040000.
07-04 03:30:03.621  1172  1172 E system_server: No package ID 7f found for resource ID 0x7f050000.
07-04 03:30:03.922   833   851 E uas-service: ioclt error: fd=3 cmd=1075336211 ux_data->pid=1961 ux_data->ux_tags=0x100420
07-04 03:30:04.312   440   440 E TrustyKeymaster: succeeded to send cmd (4) to com.android.trusty.keymaster with rc(286). errno: Success
07-04 03:30:04.313   440   440 E TrustyKeymaster: Getting response size (52)
07-04 03:30:04.316   440   440 E TrustyKeymaster: succeeded to send cmd (8) to com.android.trusty.keymaster with rc(8176). errno: Success
07-04 03:30:04.317   440   440 E TrustyKeymaster: Getting response size (8176)
07-04 03:30:04.317   440   440 E TrustyKeymaster: succeeded to send cmd (8) to com.android.trusty.keymaster with rc(8176). errno: Success
07-04 03:30:04.318   440   440 E TrustyKeymaster: Getting response size (8176)
07-04 03:30:04.318   440   440 E TrustyKeymaster: succeeded to send cmd (8) to com.android.trusty.keymaster with rc(923). errno: Success
07-04 03:30:04.319   440   440 E TrustyKeymaster: Getting response size (923)
07-04 03:30:04.320   440   440 E TrustyKeymaster: succeeded to send cmd (12) to com.android.trusty.keymaster with rc(32). errno: Success
07-04 03:30:04.320   440   440 E TrustyKeymaster: Getting response size (40)
07-04 03:30:09.198 28599 28830 E msys    : E[N WA]_WAJMNSStreamImplOnMNSFailure(287)=>[LogLevel:I] WAJMNSStream/impl/callback/onMNSFailure/p=0xb4000073540fe880 (error=MNSTCPSocketReceive(): Received EOF)
07-04 03:30:09.198 28599 28830 E msys    : E[N WA]_WAJMNSStreamImplCreateConnectionReport(194)=>[LogLevel:I] WAJMNSStream/impl/report port=443, connectedIPVersion=4, resolvedIPAddressCount=1, dnsResolutionStartTimeMS=3666635, dnsResolutionEndTimeMS=3666649, dnsCacheHit=Yes, connectStartTimeMS=3666649, connectEndTimeMS=3666664, proxyConnectStartTimeMS=0, proxyConnectEndTimeMS=0
07-04 03:30:09.198 28599 28830 E msys    : E[N WA]_WAJMNSStreamImplUpdateStreamState(230)=>[LogLevel:I] WAJMNSStream/impl/state-changed/p=0xb4000073540fe880 (connected=>disconnected)
07-04 03:30:09.233 28599 28806 E msys    : E[N WA]WAJMNSStreamImplDisconnectSync(514)=>[LogLevel:W] WAJMNSStream/impl/disconnect/p=0xb4000073540fe880 (bytesSent=2787)(bytesRecv=4322)
07-04 03:30:10.121 23555 23555 E chromium: [ERROR:android_webview/browser/aw_browser_terminator.cc:175] Renderer process (27725) crash detected (code -1).
07-04 03:30:10.149  1172  1285 E KernelCpuSpeedReader: Failed to read cpu-freq: /sys/devices/system/cpu/cpu٦/cpufreq/stats/time_in_state: open failed: ENOENT (No such file or directory)
07-04 03:30:10.149  1172  1285 E KernelCpuSpeedReader: Failed to read cpu-freq: /sys/devices/system/cpu/cpu٠/cpufreq/stats/time_in_state: open failed: ENOENT (No such file or directory)
07-04 03:30:17.783   859   963 E SLOGCP  : data_rate_stat: agdsp rate: total size(MB)=0.000000; per second(bytes)=0.000000, drop_cnt_=0, drop_data_size_=0, pollin event times=0.
07-04 03:30:24.407  1172  1252 E UnisocWatchdog: UnisocWatchdogImpl sendMessage:0
07-04 03:30:24.408  1172  1252 E UnisocWatchdog: sendMessage wait ok 
07-04 03:30:24.408  1172  1343 E UnisocWatchdog: UNISOCWATCHDOG_MESSAGE_TIMER30 trigger
07-04 03:30:28.328 29310 29312 E mali_gralloc: initIonKernelMemtrack open device:/dev/systemheap failed, 13(Permission denied)
07-04 03:30:42.145   679   679 E vendor.sprd.hardware.combined@1.0-service: MemTrack_DEBUG--Open ion_system_heap failed
07-04 03:30:42.150   679   679 E vendor.sprd.hardware.combined@1.0-service: MemTrack_DEBUG--Open ion_system_heap failed
07-04 03:30:42.193   679   679 E vendor.sprd.hardware.combined@1.0-service: MemTrack_DEBUG--Open ion_system_heap failed
07-04 03:30:42.201   679   679 E vendor.sprd.hardware.combined@1.0-service: MemTrack_DEBUG--Open ion_system_heap failed
07-04 03:30:42.553 19094 29356 E phonemaster_log: Web_: deleteAllData failed 
07-04 03:30:42.565 19094 29356 E phonemaster_log: Web_: android.database.sqlite.SQLiteConstraintException: NOT NULL constraint failed: MaterielTable.offerName (code 1299 SQLITE_CONSTRAINT_NOTNULL)
07-04 03:30:43.105   440   440 E TrustyKeymaster: succeeded to send cmd (4) to com.android.trusty.keymaster with rc(1425). errno: Success
07-04 03:30:43.106   440   440 E TrustyKeymaster: Getting response size (28)
07-04 03:30:43.109   440   440 E TrustyKeymaster: succeeded to send cmd (8) to com.android.trusty.keymaster with rc(284). errno: Success
07-04 03:30:43.110   440   440 E TrustyKeymaster: Getting response size (28)
07-04 03:30:43.111   440   440 E TrustyKeymaster: succeeded to send cmd (12) to com.android.trusty.keymaster with rc(32). errno: Success
07-04 03:30:43.142   440   440 E TrustyKeymaster: Getting response size (8)
07-04 03:30:43.142   440   440 E TrustyKeymaster: Response of size 4 contained error code -1000
07-04 03:30:43.142   440   440 E trusty_keymaster_hal: Cmd 12 returned error: -1000
07-04 03:30:43.143   439   462 E keystore2: system/security/keystore2/src/error.rs:171 - system/security/keystore2/src/operation.rs:847: KeystoreOperation::finish
07-04 03:30:43.143   439   462 E keystore2: 
07-04 03:30:43.143   439   462 E keystore2: Caused by:
07-04 03:30:43.143   439   462 E keystore2:     0: system/security/keystore2/src/operation.rs:428: Finish failed.
07-04 03:30:43.143   439   462 E keystore2:     1: Error::Km(r#UNKNOWN_ERROR)
07-04 03:30:54.410  1172  1252 E UnisocWatchdog: UnisocWatchdogImpl sendMessage:0
07-04 03:30:54.410  1172  1252 E UnisocWatchdog: sendMessage wait ok 
07-04 03:30:54.410  1172  1343 E UnisocWatchdog: UNISOCWATCHDOG_MESSAGE_TIMER30 trigger
07-04 03:30:56.145  1172  1172 E system_server: No package ID 7f found for resource ID 0x7f010000.
07-04 03:30:56.145  1172  1172 E system_server: No package ID 7f found for resource ID 0x7f020000.
07-04 03:30:56.146  1172  1172 E system_server: No package ID 7f found for resource ID 0x7f030000.
07-04 03:30:56.146  1172  1172 E system_server: No package ID 7f found for resource ID 0x7f040000.
07-04 03:30:56.146  1172  1172 E system_server: No package ID 7f found for resource ID 0x7f050000.
07-04 03:30:56.157  1172  1172 E system_server: No package ID 7f found for resource ID 0x7f010000.
07-04 03:30:56.157  1172  1172 E system_server: No package ID 7f found for resource ID 0x7f020000.
07-04 03:30:56.157  1172  1172 E system_server: No package ID 7f found for resource ID 0x7f030000.
07-04 03:30:56.157  1172  1172 E system_server: No package ID 7f found for resource ID 0x7f040000.
07-04 03:30:56.158  1172  1172 E system_server: No package ID 7f found for resource ID 0x7f050000.
07-04 03:30:56.443 29388 29388 E SlowAppComponent: 0ms: FacebookApplication instantiating…
07-04 03:30:56.443 29388 29388 E SlowAppComponent: 20ms: FirebaseInitCustomProvider instantiating…
07-04 03:30:56.444 29388 29388 E SlowAppComponent: 21ms: SecureMessagingKeyContentProvider instantiating…
07-04 03:30:56.444 29388 29388 E SlowAppComponent: 22ms: LastUsedTimestampProvider instantiating…
07-04 03:30:56.444 29388 29388 E SlowAppComponent: 22ms: FirstPartyUserValuesLiteProvider instantiating…
07-04 03:30:56.444 29388 29388 E SlowAppComponent: 24ms: FbContactsContentProvider instantiating…
07-04 03:30:56.444 29388 29388 E SlowAppComponent: 24ms: FileProvider instantiating…
07-04 03:30:56.444 29388 29388 E SlowAppComponent: 25ms: FirstPartyUserValuesProvider instantiating…
07-04 03:30:56.444 29388 29388 E SlowAppComponent: 25ms: MessagesDbContentProvider instantiating…
07-04 03:30:56.444 29388 29388 E SlowAppComponent: 25ms: UsdidValuesProvider instantiating…
07-04 03:30:56.444 29388 29388 E SlowAppComponent: 25ms: InstallReferrerProvider instantiating…
07-04 03:30:56.444 29388 29388 E SlowAppComponent: 25ms: AppManagerSsoProvider instantiating…
07-04 03:30:56.444 29388 29388 E SlowAppComponent: 25ms: ThreadsDbPropertiesContentProvider instantiating…
07-04 03:30:56.444 29388 29388 E SlowAppComponent: 25ms: ClientMessagePushDedupInfoProvider instantiating…
07-04 03:30:56.444 29388 29388 E SlowAppComponent: 25ms: PlatformProviderBase instantiating…
07-04 03:30:56.444 29388 29388 E SlowAppComponent: 25ms: DeferredDeeplinkProvider instantiating…
07-04 03:30:56.444 29388 29388 E SlowAppComponent: 25ms: ContactsConnectionsProvider instantiating…
07-04 03:30:56.444 29388 29388 E SlowAppComponent: 24ms: FeO2InAppContentProvider instantiating…
07-04 03:30:56.444 29388 29388 E SlowAppComponent: 24ms: UserValuesProvider instantiating…
07-04 03:30:56.444 29388 29388 E SlowAppComponent: 24ms: SecureFileProvider instantiating…
07-04 03:30:56.444 29388 29388 E SlowAppComponent: 33ms: InitializationProvider instantiating…
07-04 03:30:56.444 29388 29388 E SlowAppComponent: 62ms: PhotosProvider instantiating…
07-04 03:30:56.444 29388 29388 E SlowAppComponent: 62ms: AttributionIdProvider instantiating…
07-04 03:30:56.444 29388 29388 E SlowAppComponent: 62ms: QuickExperimentContentProvider instantiating…
07-04 03:30:56.444 29388 29388 E SlowAppComponent: 62ms: TamAttachmentProvider instantiating…
07-04 03:30:56.444 29388 29388 E SlowAppComponent: 63ms: CacheProvider instantiating…
07-04 03:30:56.444 29388 29388 E SlowAppComponent: Main thread was blocked for 85ms in the foreground starting with FacebookApplication
07-04 03:30:56.529 29388 29426 E rtvip   : error 10 (0xd503245f)
07-04 03:30:56.529 29388 29426 E rtvip   : error 2
07-04 03:30:56.595   833   851 E uas-service: ioclt error: fd=3 cmd=1075336211 ux_data->pid=1961 ux_data->ux_tags=0x100420
07-04 03:30:56.700 29388 29411 E MlockOptimization: mlock 0x736639b000 ٧٣١٥٨٦٥٦ failed for 736639b000-736ef25000 rw-p 00000000 fe:4a 338697                         /data/app/~~fBAHPcNZyAOhrYwJVcRdNw==/com.facebook.katana-iBkjVXd5fjF9TxsnhfKvtQ==/oat/arm64/base.vdex
07-04 03:30:56.748 29388 29416 E libEGL  : call to OpenGL ES API with no current context (logged once per thread)
07-04 03:30:56.748 29388 29416 E libEGL  : call to OpenGL ES API with no current context (logged once per thread)
07-04 03:30:56.748 29388 29416 E libEGL  : call to OpenGL ES API with no current context (logged once per thread)
07-04 03:30:56.753 29388 29416 E libEGL  : call to OpenGL ES API with no current context (logged once per thread)
07-04 03:30:56.758 29388 29416 E facebook.katana: mali_debug: sprd_gles_wait_last_fence is closed
07-04 03:30:56.853 29388 29406 E facebook.katana: No implementation found for int com.facebook.soloader.MergedSoMapping$Invoke_JNI_OnLoad.libelfconfig_so() (tried Java_com_facebook_soloader_MergedSoMapping_00024Invoke_1JNI_1OnLoad_libelfconfig_1so and Java_com_facebook_soloader_MergedSoMapping_00024Invoke_1JNI_1OnLoad_libelfconfig_1so__) - is the library loaded, e.g. System.loadLibrary?
07-04 03:30:57.025 29388 29422 E fb4a.QPLProvider: QuickPerformanceLogger instance wasn't installed in provider, returning noop. Please call QuickPerformanceLoggerProvider.setQuickPerformanceLogger() before getting the instance.
07-04 03:30:57.025 29388 29422 E fb4a.QPLProvider: java.lang.IllegalStateException: No QPL instance provided
07-04 03:30:57.025 29388 29422 E fb4a.QPLProvider: 	at com.facebook.quicklog.QuickPerformanceLoggerProvider.getQPLInstance(:35)
07-04 03:30:57.025 29388 29422 E fb4a.QPLProvider: 	at X.1I2.Egn(:1)
07-04 03:30:57.025 29388 29422 E fb4a.QPLProvider: 	at X.1Hp.<init>(:11)
07-04 03:30:57.025 29388 29422 E fb4a.QPLProvider: 	at X.1Hw.apply(:18)
07-04 03:30:57.025 29388 29422 E fb4a.QPLProvider: 	at java.util.concurrent.ConcurrentHashMap.computeIfAbsent(ConcurrentHashMap.java:1729)
07-04 03:30:57.025 29388 29422 E fb4a.QPLProvider: 	at X.1Hk.A00(:71)
07-04 03:30:57.025 29388 29422 E fb4a.QPLProvider: 	at X.1Ha.<clinit>(:2)
07-04 03:30:57.025 29388 29422 E fb4a.QPLProvider: 	at X.1HW.<init>(:9)
07-04 03:30:57.025 29388 29422 E fb4a.QPLProvider: 	at X.TqZ.A04(:991)
07-04 03:30:57.025 29388 29422 E fb4a.QPLProvider: 	at X.18P.A01(:86)
07-04 03:30:57.025 29388 29422 E fb4a.QPLProvider: 	at X.3Rn.A03(:69)
07-04 03:30:57.025 29388 29422 E fb4a.QPLProvider: 	at com.facebook.common.appinit.invoker.OnApplicationInitInvoker.CNC(:2334)
07-04 03:30:57.025 29388 29422 E fb4a.QPLProvider: 	at X.0ks.run(:292)
07-04 03:30:57.025 29388 29422 E fb4a.QPLProvider: 	at java.util.concurrent.ThreadPoolExecutor.runWorker(ThreadPoolExecutor.java:1100)
07-04 03:30:57.025 29388 29422 E fb4a.QPLProvider: 	at java.util.concurrent.ThreadPoolExecutor$Worker.run(ThreadPoolExecutor.java:624)
07-04 03:30:57.025 29388 29422 E fb4a.QPLProvider: 	at X.0Fr.run(:11)
07-04 03:30:57.025 29388 29422 E fb4a.QPLProvider: 	at java.lang.Thread.run(Thread.java:1572)
07-04 03:30:57.025 29388 29422 E fb4a.AppState: Returning default for firstRunInfo
07-04 03:30:57.025 29388 29422 E fb4a.AppState: Returning default for firstRunInfo
07-04 03:30:57.026 29388 29421 E fb4a.QPLProvider: QuickPerformanceLogger instance wasn't installed in provider, returning noop. Please call QuickPerformanceLoggerProvider.setQuickPerformanceLogger() before getting the instance.
07-04 03:30:57.026 29388 29421 E fb4a.QPLProvider: java.lang.IllegalStateException: No QPL instance provided
07-04 03:30:57.026 29388 29421 E fb4a.QPLProvider: 	at com.facebook.quicklog.QuickPerformanceLoggerProvider.getQPLInstance(:35)
07-04 03:30:57.026 29388 29421 E fb4a.QPLProvider: 	at X.1I2.Egn(:1)
07-04 03:30:57.026 29388 29421 E fb4a.QPLProvider: 	at X.1Hp.<init>(:11)
07-04 03:30:57.026 29388 29421 E fb4a.QPLProvider: 	at X.1Hw.apply(:18)
07-04 03:30:57.026 29388 29421 E fb4a.QPLProvider: 	at java.util.concurrent.ConcurrentHashMap.computeIfAbsent(ConcurrentHashMap.java:1729)
07-04 03:30:57.026 29388 29421 E fb4a.QPLProvider: 	at X.1Hk.A00(:71)
07-04 03:30:57.026 29388 29421 E fb4a.QPLProvider: 	at X.1Gs.<init>(:23)
07-04 03:30:57.026 29388 29421 E fb4a.QPLProvider: 	at X.WzZ.A04(:734)
07-04 03:30:57.026 29388 29421 E fb4a.QPLProvider: 	at X.WzZ.A0D(:11)
07-04 03:30:57.026 29388 29421 E fb4a.QPLProvider: 	at X.WzZ.A09(:11)
07-04 03:30:57.026 29388 29421 E fb4a.QPLProvider: 	at X.18P.A01(:91)
07-04 03:30:57.026 29388 29421 E fb4a.QPLProvider: 	at X.3Rn.A03(:69)
07-04 03:30:57.026 29388 29421 E fb4a.QPLProvider: 	at X.3Rn.A02(:4)
07-04 03:30:57.026 29388 29421 E fb4a.QPLProvider: 	at com.facebook.common.appinit.invoker.OnApplicationInitInvoker.CNC(:6629)
07-04 03:30:57.026 29388 29421 E fb4a.QPLProvider: 	at X.0ks.run(:292)
07-04 03:30:57.026 29388 29421 E fb4a.QPLProvider: 	at java.util.concurrent.ThreadPoolExecutor.runWorker(ThreadPoolExecutor.java:1100)
07-04 03:30:57.026 29388 29421 E fb4a.QPLProvider: 	at java.util.concurrent.ThreadPoolExecutor$Worker.run(ThreadPoolExecutor.java:624)
07-04 03:30:57.026 29388 29421 E fb4a.QPLProvider: 	at X.0Fr.run(:11)
07-04 03:30:57.026 29388 29421 E fb4a.QPLProvider: 	at java.lang.Thread.run(Thread.java:1572)
07-04 03:30:57.050 29388 29425 E facebook.katana: No implementation found for void com.facebook.quicklog.QuickPerformanceLoggerNativeProvider.nativeUpdateQPLInstance() (tried Java_com_facebook_quicklog_QuickPerformanceLoggerNativeProvider_nativeUpdateQPLInstance and Java_com_facebook_quicklog_QuickPerformanceLoggerNativeProvider_nativeUpdateQPLInstance__) - is the library loaded, e.g. System.loadLibrary?
07-04 03:30:57.115 29388 29388 E fb4a.SlowAppComponent: 0ms: LollipopUploadService instantiating…
07-04 03:30:57.115 29388 29388 E fb4a.SlowAppComponent: Main thread was blocked for 671ms in the background starting with LollipopUploadService
07-04 03:30:57.121 29388 29421 E fb4a.AppState: Returning default for firstRunInfo
07-04 03:30:57.121 29388 29421 E fb4a.AppState: Returning default for firstRunInfo
07-04 03:30:57.121 29388 29421 E fb4a.AppState: Returning default for firstRunInfo
07-04 03:30:57.165 29388 29406 E fb4a.AppState: Returning default for firstRunInfo
07-04 03:30:57.165 29388 29406 E fb4a.AppState: Returning default for firstRunInfo
07-04 03:30:57.209 29388 29426 E fb4a.AppState: Returning default for firstRunInfo
07-04 03:31:00.006  1172  1374 E TranDynamicBarAnimControllerImpl: TranDynamicBarAnimControllerImpl setFromDynamicIslandToWindow pkgName:com.ayman.widget
07-04 03:31:00.006  1172  1374 E TranDynamicBarAnimControllerImpl: start setFromDynamicIslandToWindow startFromDynamicIsland:false
07-04 03:31:00.006  1172  1374 E TranDynamicBarAnimControllerImpl: end setFromDynamicIslandToWindow mDynamicIslandPkgName:com.ayman.widget mStartFromDynamicIsland:false
07-04 03:31:00.741  4602  5012 E native  : E0000 00:00:1783125060.741272    5012 fst-model-loader.cc:962] INTERNAL: NeuralRescoringModel not registered; Neural rescoring model not loaded: /data/user/0/com.google.android.inputmethod.latin/files/datadownload/shared/public/datadownloadfile_1772467178820
07-04 03:31:00.741  4602  5012 E native  : === Source Location Trace: ===
07-04 03:31:00.741  4602  5012 E native  : ./inputmethod/keyboard/decoder/fst/neural/tflite_model_io.h:43
07-04 03:31:02.955 29550 29553 E mali_gralloc: initIonKernelMemtrack open device:/dev/systemheap failed, 13(Permission denied)
07-04 03:31:03.229  1172  1172 E system_server: No package ID 7f found for resource ID 0x7f010000.
07-04 03:31:03.230  1172  1172 E system_server: No package ID 7f found for resource ID 0x7f020000.
07-04 03:31:03.230  1172  1172 E system_server: No package ID 7f found for resource ID 0x7f030000.
07-04 03:31:03.231  1172  1172 E system_server: No package ID 7f found for resource ID 0x7f040000.
07-04 03:31:03.231  1172  1172 E system_server: No package ID 7f found for resource ID 0x7f050000.
07-04 03:31:03.243  1172  1172 E system_server: No package ID 7f found for resource ID 0x7f010000.
07-04 03:31:03.243  1172  1172 E system_server: No package ID 7f found for resource ID 0x7f020000.
07-04 03:31:03.244  1172  1172 E system_server: No package ID 7f found for resource ID 0x7f030000.
07-04 03:31:03.244  1172  1172 E system_server: No package ID 7f found for resource ID 0x7f040000.
07-04 03:31:03.244  1172  1172 E system_server: No package ID 7f found for resource ID 0x7f050000.
07-04 03:31:03.666   833   851 E uas-service: ioclt error: fd=3 cmd=1075336211 ux_data->pid=1961 ux_data->ux_tags=0x100420
07-04 03:31:17.784   859   963 E SLOGCP  : data_rate_stat: agdsp rate: total size(MB)=0.000000; per second(bytes)=0.000000, drop_cnt_=0, drop_data_size_=0, pollin event times=0.
07-04 03:31:24.411  1172  1252 E UnisocWatchdog: UnisocWatchdogImpl sendMessage:0
07-04 03:31:24.411  1172  1252 E UnisocWatchdog: sendMessage wait ok 
07-04 03:31:24.412  1172  1343 E UnisocWatchdog: UNISOCWATCHDOG_MESSAGE_TIMER30 trigger
07-04 03:31:41.684  4602  4602 E native  : E0000 00:00:1783125101.684590    4602 key-correction-manager.cc:360] User feature cache is not ready for key correction!
07-04 03:31:44.910   908  1724 E Codec2-ComponentInterface: We have a failed config
07-04 03:31:45.004   684  1473 I APM_AudioPolicyManager: isFadeWhiteListApp() packageName:com.mohamedk.mathchallenge
07-04 03:31:45.041   684  1473 D APM_AudioPolicyManager: getOutputForAttrInt() attributes={ Content type: AUDIO_CONTENT_TYPE_SONIFICATION Usage: AUDIO_USAGE_GAME Source: AUDIO_SOURCE_DEFAULT Flags: 0x900 Tags:  } stream=AUDIO_STREAM_MUSIC session 169 selectedDeviceId 0
07-04 03:31:45.047   684  1473 I APM_AudioPolicyManager: getOutputForAttrInt() device {AUDIO_DEVICE_OUT_SPEAKER, @:}, sampling rate 22050, format 0x1, channel mask 0x1, flags 0x4 stream AUDIO_STREAM_MUSIC
07-04 03:31:45.056   684  1473 D APM_AudioPolicyManager: selectOutput new bestOutput 13 criteria 0 100 0 0 0 0 4 2 
07-04 03:31:45.056   684  1473 D APM_AudioPolicyManager: selectOutput new bestOutput 29 criteria 0 100 0 0 0 1 4 0 
07-04 03:31:45.057   684  1473 D APM_AudioPolicyManager: getOutputForAttrInt returns output 29 selectedDeviceId 3
07-04 03:31:45.057   684  1473 I APM_AudioPolicyManager: getOutputForAttr() returns output 29 requestedPortId 0 selectedDeviceId 3 for port ID 34
07-04 03:31:45.091   684  1473 I APM_AudioPolicyManager: startOutput portId 34
07-04 03:31:45.091   684  1473 I APM_AudioPolicyManager: startOutput() output 29, stream 3, session 169
07-04 03:31:45.101   684  1473 D APM_AudioPolicyManager: getNewOutputDevices selected devices {AUDIO_DEVICE_OUT_SPEAKER, @:}
07-04 03:31:45.104   684  1473 I APM_AudioPolicyManager: setOutputDevices caller startSource[[portId:7][io:29, fast output]] device {AUDIO_DEVICE_OUT_SPEAKER, @:} delayMs 0
07-04 03:31:45.105   684  1473 I APM_AudioPolicyManager: setOutputDevices caller startSource[[portId:7][io:29, fast output]] changing device to {AUDIO_DEVICE_OUT_SPEAKER, @:}
07-04 03:31:45.453   684  1473 E audioserver: addTrack UX is 0
07-04 03:31:45.456 28936 29729 E AudioSystem: funcName or pkg should not be null
07-04 03:31:45.503  1172  1374 E TranDynamicBarAnimControllerImpl: TranDynamicBarAnimControllerImpl setFromDynamicIslandToWindow pkgName:com.facebook.katana
07-04 03:31:45.503  1172  1374 E TranDynamicBarAnimControllerImpl: start setFromDynamicIslandToWindow startFromDynamicIsland:false
07-04 03:31:45.503  1172  1374 E TranDynamicBarAnimControllerImpl: end setFromDynamicIslandToWindow mDynamicIslandPkgName:com.facebook.katana mStartFromDynamicIsland:false
07-04 03:31:45.654   440   440 E TrustyKeymaster: succeeded to send cmd (4) to com.android.trusty.keymaster with rc(286). errno: Success
07-04 03:31:45.654   440   440 E TrustyKeymaster: Getting response size (52)
07-04 03:31:45.657   440   440 E TrustyKeymaster: succeeded to send cmd (8) to com.android.trusty.keymaster with rc(161). errno: Success
07-04 03:31:45.657   440   440 E TrustyKeymaster: Getting response size (161)
07-04 03:31:45.660 12098 12452 E MQTTBypassDGWStreamGroupCallbacks.cpp: onStreamGroupError TransientError domain: MNSQUICConnection code: 1 detail: Local error: 0x40000015: 35 seconds timeout
07-04 03:31:45.661   440   440 E TrustyKeymaster: succeeded to send cmd (12) to com.android.trusty.keymaster with rc(32). errno: Success
07-04 03:31:45.661   440   440 E TrustyKeymaster: Getting response size (40)
07-04 03:31:45.726  7594 20347 E chromium: [ERROR:components/sync/engine/get_updates_processor.cc:270] PostClientToServerMessage() failed during GetUpdates with error Network error (ERR_NAME_NOT_RESOLVED)
07-04 03:31:45.741   679   679 E vendor.sprd.hardware.combined@1.0-service: MemTrack_DEBUG--Open ion_system_heap failed
07-04 03:31:45.853  2191 29770 E v       : Exception found in inner catch::  bc.u: Missing databases/offline_database.db file (or .zip, .gz archive) in assets, or target folder not writable
07-04 03:31:45.854  2191 29770 E SQLiteLog: (14) cannot open file at line 44191 of [a881857822]
07-04 03:31:45.857  2191 29770 E SQLiteLog: (14) os_unix.c:44191: (2) open(/data/user_de/0/com.android.settings/databases/offline_database.db) - 
07-04 03:31:45.865  2191 29770 E SQLiteDatabase: Failed to open database '/data/user_de/0/com.android.settings/databases/offline_database.db'.
07-04 03:31:45.865  2191 29770 E SQLiteDatabase: android.database.sqlite.SQLiteCantOpenDatabaseException: Cannot open database '/data/user_de/0/com.android.settings/databases/offline_database.db' with flags 0x0: File /data/user_de/0/com.android.settings/databases/offline_database.db doesn't exist
07-04 03:31:45.865  2191 29770 E SQLiteDatabase: 	at android.database.sqlite.SQLiteConnection.open(SQLiteConnection.java:275)
07-04 03:31:45.865  2191 29770 E SQLiteDatabase: 	at android.database.sqlite.SQLiteConnection.open(SQLiteConnection.java:218)
07-04 03:31:45.865  2191 29770 E SQLiteDatabase: 	at android.database.sqlite.SQLiteConnectionPool.openConnectionLocked(SQLiteConnectionPool.java:535)
07-04 03:31:45.865  2191 29770 E SQLiteDatabase: 	at android.database.sqlite.SQLiteConnectionPool.open(SQLiteConnectionPool.java:222)
07-04 03:31:45.865  2191 29770 E SQLiteDatabase: 	at android.database.sqlite.SQLiteConnectionPool.open(SQLiteConnectionPool.java:214)
07-04 03:31:45.865  2191 29770 E SQLiteDatabase: 	at android.database.sqlite.SQLiteDatabase.openInner(SQLiteDatabase.java:1163)
07-04 03:31:45.865  2191 29770 E SQLiteDatabase: 	at android.database.sqlite.SQLiteDatabase.open(SQLiteDatabase.java:1143)
07-04 03:31:45.865  2191 29770 E SQLiteDatabase: 	at android.database.sqlite.SQLiteDatabase.openDatabase(SQLiteDatabase.java:1034)
07-04 03:31:45.865  2191 29770 E SQLiteDatabase: 	at android.database.sqlite.SQLiteDatabase.openDatabase(SQLiteDatabase.java:981)
07-04 03:31:45.865  2191 29770 E SQLiteDatabase: 	at bc.v.k(SourceFile:27)
07-04 03:31:45.865  2191 29770 E SQLiteDatabase: 	at bc.v.i(SourceFile:95)
07-04 03:31:45.865  2191 29770 E SQLiteDatabase: 	at bc.v.getWritableDatabase(SourceFile:38)
07-04 03:31:45.865  2191 29770 E SQLiteDatabase: 	at bc.f.z(SourceFile:4)
07-04 03:31:45.865  2191 29770 E SQLiteDatabase: 	at bc.f.C(SourceFile:14)
07-04 03:31:45.865  2191 29770 E SQLiteDatabase: 	at bc.q.b(SourceFile:38)
07-04 03:31:45.865  2191 29770 E SQLiteDatabase: 	at v3.v0.run(SourceFile:45)
07-04 03:31:45.865  2191 29770 E SQLiteDatabase: 	at java.util.concurrent.ThreadPoolExecutor.runWorker(ThreadPoolExecutor.java:1100)
07-04 03:31:45.865  2191 29770 E SQLiteDatabase: 	at java.util.concurrent.ThreadPoolExecutor$Worker.run(ThreadPoolExecutor.java:624)
07-04 03:31:45.865  2191 29770 E SQLiteDatabase: 	at java.lang.Thread.run(Thread.java:1572)
07-04 03:31:45.865  2191 29770 E SQLiteDatabase: Caused by: android.database.sqlite.SQLiteCantOpenDatabaseException: unknown error (code 14 SQLITE_CANTOPEN): Could not open database
07-04 03:31:45.865  2191 29770 E SQLiteDatabase: 	at android.database.sqlite.SQLiteConnection.nativeOpen(Native Method)
07-04 03:31:45.865  2191 29770 E SQLiteDatabase: 	at android.database.sqlite.SQLiteConnection.open(SQLiteConnection.java:237)
07-04 03:31:45.865  2191 29770 E SQLiteDatabase: 	... 18 more
07-04 03:31:45.871  2191 29770 E s       : Error while reading from datastore
07-04 03:31:45.885  2191 29770 E v       : Exception found in inner catch::  bc.u: Missing databases/offline_database.db file (or .zip, .gz archive) in assets, or target folder not writable
07-04 03:31:45.886  2191 29770 E SQLiteLog: (14) cannot open file at line 44191 of [a881857822]
07-04 03:31:45.886  2191 29770 E SQLiteLog: (14) os_unix.c:44191: (2) open(/data/user_de/0/com.android.settings/databases/offline_database.db) - 
07-04 03:31:45.886  2191 29770 E SQLiteDatabase: Failed to open database '/data/user_de/0/com.android.settings/databases/offline_database.db'.
07-04 03:31:45.886  2191 29770 E SQLiteDatabase: android.database.sqlite.SQLiteCantOpenDatabaseException: Cannot open database '/data/user_de/0/com.android.settings/databases/offline_database.db' with flags 0x0: File /data/user_de/0/com.android.settings/databases/offline_database.db doesn't exist
07-04 03:31:45.886  2191 29770 E SQLiteDatabase: 	at android.database.sqlite.SQLiteConnection.open(SQLiteConnection.java:275)
07-04 03:31:45.886  2191 29770 E SQLiteDatabase: 	at android.database.sqlite.SQLiteConnection.open(SQLiteConnection.java:218)
07-04 03:31:45.886  2191 29770 E SQLiteDatabase: 	at android.database.sqlite.SQLiteConnectionPool.openConnectionLocked(SQLiteConnectionPool.java:535)
07-04 03:31:45.886  2191 29770 E SQLiteDatabase: 	at android.database.sqlite.SQLiteConnectionPool.open(SQLiteConnectionPool.java:222)
07-04 03:31:45.886  2191 29770 E SQLiteDatabase: 	at android.database.sqlite.SQLiteConnectionPool.open(SQLiteConnectionPool.java:214)
07-04 03:31:45.886  2191 29770 E SQLiteDatabase: 	at android.database.sqlite.SQLiteDatabase.openInner(SQLiteDatabase.java:1163)
07-04 03:31:45.886  2191 29770 E SQLiteDatabase: 	at android.database.sqlite.SQLiteDatabase.open(SQLiteDatabase.java:1143)
07-04 03:31:45.886  2191 29770 E SQLiteDatabase: 	at android.database.sqlite.SQLiteDatabase.openDatabase(SQLiteDatabase.java:1034)
07-04 03:31:45.886  2191 29770 E SQLiteDatabase: 	at android.database.sqlite.SQLiteDatabase.openDatabase(SQLiteDatabase.java:981)
07-04 03:31:45.886  2191 29770 E SQLiteDatabase: 	at bc.v.k(SourceFile:27)
07-04 03:31:45.886  2191 29770 E SQLiteDatabase: 	at bc.v.i(SourceFile:95)
07-04 03:31:45.886  2191 29770 E SQLiteDatabase: 	at bc.v.getWritableDatabase(SourceFile:38)
07-04 03:31:45.886  2191 29770 E SQLiteDatabase: 	at bc.f.r(SourceFile:3)
07-04 03:31:45.886  2191 29770 E SQLiteDatabase: 	at bc.q.b(SourceFile:76)
07-04 03:31:45.886  2191 29770 E SQLiteDatabase: 	at v3.v0.run(SourceFile:45)
07-04 03:31:45.886  2191 29770 E SQLiteDatabase: 	at java.util.concurrent.ThreadPoolExecutor.runWorker(ThreadPoolExecutor.java:1100)
07-04 03:31:45.886  2191 29770 E SQLiteDatabase: 	at java.util.concurrent.ThreadPoolExecutor$Worker.run(ThreadPoolExecutor.java:624)
07-04 03:31:45.886  2191 29770 E SQLiteDatabase: 	at java.lang.Thread.run(Thread.java:1572)
07-04 03:31:45.886  2191 29770 E SQLiteDatabase: Caused by: android.database.sqlite.SQLiteCantOpenDatabaseException: unknown error (code 14 SQLITE_CANTOPEN): Could not open database
07-04 03:31:45.886  2191 29770 E SQLiteDatabase: 	at android.database.sqlite.SQLiteConnection.nativeOpen(Native Method)
07-04 03:31:45.886  2191 29770 E SQLiteDatabase: 	at android.database.sqlite.SQLiteConnection.open(SQLiteConnection.java:237)
07-04 03:31:45.886  2191 29770 E SQLiteDatabase: 	... 17 more
07-04 03:31:45.887  2191 29770 E f       : Building device info cache failed for unknown reason
07-04 03:31:45.907  2191 29770 E j       : Config table does not exist!
07-04 03:31:45.913  2191 29770 E j       : Device table does not exist!
07-04 03:31:45.916  2191 29770 E j       : Product table does not exist!
07-04 03:31:45.919  2191 29770 E j       : Brand table does not exist!
07-04 03:31:45.922  2191 29770 E j       : ProductAudioRoute table does not exist!
07-04 03:31:45.928  2191 29770 E j       : AudioRouteEnum table does not exist!
07-04 03:31:45.941  2191 29770 E j       : ProductLocalization table does not exist!
07-04 03:31:45.947  2191 29770 E j       : DeviceFeaturedProduct table does not exist!
07-04 03:31:45.952  2191 29770 E j       : DeviceBrand table does not exist!
07-04 03:31:45.954  2191 29770 E j       : Asset table does not exist!
07-04 03:31:45.959  2191 29770 E j       : Database error check finished with 10 errors throughout the database
07-04 03:31:45.962  2191 29770 E j       : One or more table missing. Cannot perform other data check
07-04 03:31:45.967  2191 29770 E s       : Error while reading from datastore for error checking
07-04 03:31:45.995  1172  4550 E ActivityManager: Sending non-protected broadcast dts.dtssdk.intent.action.AUDIO_ROUTE_CHANGED from system 2191:com.android.settings/1000 pkg com.android.settings
07-04 03:31:45.995  1172  4550 E ActivityManager: java.lang.Throwable
07-04 03:31:45.995  1172  4550 E ActivityManager: 	at com.android.server.am.ActivityManagerService.checkBroadcastFromSystem(ActivityManagerService.java:16743)
07-04 03:31:45.995  1172  4550 E ActivityManager: 	at com.android.server.am.ActivityManagerService.broadcastIntentLockedTraced(ActivityManagerService.java:17654)
07-04 03:31:45.995  1172  4550 E ActivityManager: 	at com.android.server.am.ActivityManagerService.broadcastIntentLocked(ActivityManagerService.java:16809)
07-04 03:31:45.995  1172  4550 E ActivityManager: 	at com.android.server.am.ActivityManagerService.broadcastIntentWithFeature(ActivityManagerService.java:17895)
07-04 03:31:45.995  1172  4550 E ActivityManager: 	at android.app.IActivityManager$Stub.onTransact$broadcastIntentWithFeature$(IActivityManager.java:12795)
07-04 03:31:45.995  1172  4550 E ActivityManager: 	at android.app.IActivityManager$Stub.onTransact(IActivityManager.java:3262)
07-04 03:31:45.995  1172  4550 E ActivityManager: 	at com.android.server.am.ActivityManagerService.onTransact(ActivityManagerService.java:3113)
07-04 03:31:45.995  1172  4550 E ActivityManager: 	at android.os.Binder.execTransactInternal(Binder.java:1530)
07-04 03:31:45.995  1172  4550 E ActivityManager: 	at android.os.Binder.execTransact(Binder.java:1460)
07-04 03:31:45.999  1172  4550 E ActivityManager: Sending non-protected broadcast dts.dtssdk.intent.action.AUDIO_ROUTE_CHANGED from system 2191:com.android.settings/1000 pkg com.android.settings
07-04 03:31:45.999  1172  4550 E ActivityManager: java.lang.Throwable
07-04 03:31:45.999  1172  4550 E ActivityManager: 	at com.android.server.am.ActivityManagerService.checkBroadcastFromSystem(ActivityManagerService.java:16743)
07-04 03:31:45.999  1172  4550 E ActivityManager: 	at com.android.server.am.ActivityManagerService.broadcastIntentLockedTraced(ActivityManagerService.java:17654)
07-04 03:31:45.999  1172  4550 E ActivityManager: 	at com.android.server.am.ActivityManagerService.broadcastIntentLocked(ActivityManagerService.java:16809)
07-04 03:31:45.999  1172  4550 E ActivityManager: 	at com.android.server.am.ActivityManagerService.broadcastIntentWithFeature(ActivityManagerService.java:17895)
07-04 03:31:45.999  1172  4550 E ActivityManager: 	at android.app.IActivityManager$Stub.onTransact$broadcastIntentWithFeature$(IActivityManager.java:12795)
07-04 03:31:45.999  1172  4550 E ActivityManager: 	at android.app.IActivityManager$Stub.onTransact(IActivityManager.java:3262)
