07-04 03:31:45.999  1172  4550 E ActivityManager: 	at com.android.server.am.ActivityManagerService.onTransact(ActivityManagerService.java:3113)
07-04 03:31:45.999  1172  4550 E ActivityManager: 	at android.os.Binder.execTransactInternal(Binder.java:1530)
07-04 03:31:45.999  1172  4550 E ActivityManager: 	at android.os.Binder.execTransact(Binder.java:1460)
07-04 03:31:46.002  2191  2191 E g       : Querying for inbox accessories on Line-out returned error: DATASTORE_ERROR | 
07-04 03:31:46.120 28936 29729 E AudioSystem: funcName or pkg should not be null
07-04 03:31:46.158 12098 12532 E msys    : E[N mns:DGWClient]_OnResolverSuccess(359)=>Cache refresh succeeded with system DNS resolver. IP count: 1
07-04 03:31:46.173 12098 12478 E msys    : E[N mns:TigonMNS]_OnResolverSuccess(359)=>Cache refresh succeeded with system DNS resolver. IP count: 1
07-04 03:31:46.173 12098 12478 E msys    : E[N mns:TigonMNS]_OnResolverSuccess(359)=>Cache refresh succeeded with system DNS resolver. IP count: 1
07-04 03:31:46.173 12098 12478 E msys    : E[N mns:TigonMNS]_OnResolverSuccess(359)=>Cache refresh succeeded with system DNS resolver. IP count: 1
07-04 03:31:46.175 12098 12478 E msys    : E[N mns:TigonMNS]_OnResolverSuccess(359)=>Cache refresh succeeded with system DNS resolver. IP count: 1
07-04 03:31:46.176 12098 12478 E msys    : E[N mns:TigonMNS]_OnResolverSuccess(359)=>Cache refresh succeeded with system DNS resolver. IP count: 1
07-04 03:31:46.176 12098 12478 E msys    : E[N mns:TigonMNS]_OnResolverSuccess(359)=>Cache refresh succeeded with system DNS resolver. IP count: 1
07-04 03:31:46.176 12098 12478 E msys    : E[N mns:TigonMNS]_OnResolverSuccess(359)=>Cache refresh succeeded with system DNS resolver. IP count: 1
07-04 03:31:46.177 12098 12478 E msys    : E[N mns:TigonMNS]_OnResolverSuccess(359)=>Cache refresh succeeded with system DNS resolver. IP count: 1
07-04 03:31:46.192   684  1044 E audioserver: removeTrack UX is 0
07-04 03:31:46.193   684   874 I APM_AudioPolicyManager: stopOutput portId 34
07-04 03:31:46.193   684   874 I APM_AudioPolicyManager: stopOutput() output 29, stream 3, session 169
07-04 03:31:46.193   684   874 D APM_AudioPolicyManager: getNewOutputDevices selected devices AUDIO_DEVICE_NONE
07-04 03:31:46.194   684   874 I APM_AudioPolicyManager: setOutputDevices caller stopSource[[portId:7][io:29, fast output]] device AUDIO_DEVICE_NONE delayMs 120
07-04 03:31:46.195   684   874 D APM_AudioPolicyManager: getNewOutputDevices selected devices AUDIO_DEVICE_NONE
07-04 03:31:46.195   684   874 I APM_AudioPolicyManager: setOutputDevices caller stopSource[[portId:1][io:13, primary output]] device AUDIO_DEVICE_NONE delayMs 120
07-04 03:31:46.198   684   874 I APM_AudioPolicyManager: setOutputDevices caller stopSource[[portId:1][io:13, primary output]] changing device to AUDIO_DEVICE_NONE
07-04 03:31:46.559 12098 12532 E msys    : E[N mns:DGWClient]_OnResolverSuccess(359)=>Cache refresh succeeded with system DNS resolver. IP count: 1
07-04 03:31:46.662 12098 12478 E msys    : E[N mns:TigonMNS]_OnResolverSuccess(359)=>Cache refresh succeeded with system DNS resolver. IP count: 1
07-04 03:31:46.662 12098 12478 E msys    : E[N mns:TigonMNS]_OnResolverSuccess(359)=>Cache refresh succeeded with system DNS resolver. IP count: 1
07-04 03:31:46.703 12098 12478 E msys    : E[N mns:TigonMNS]_OnResolverSuccess(359)=>Cache refresh succeeded with system DNS resolver. IP count: 1
07-04 03:31:46.709 12098 12478 E msys    : E[N mns:TigonMNS]_OnResolverSuccess(359)=>Cache refresh succeeded with system DNS resolver. IP count: 1
07-04 03:31:46.709 12098 12478 E msys    : E[N mns:TigonMNS]_OnResolverSuccess(359)=>Cache refresh succeeded with system DNS resolver. IP count: 1
07-04 03:31:46.710 12098 12478 E msys    : E[N mns:TigonMNS]_OnResolverSuccess(359)=>Cache refresh succeeded with system DNS resolver. IP count: 1
07-04 03:31:46.723 29388 29803 E facebook.katana: mali_debug: sprd_gles_wait_last_fence is closed
07-04 03:31:46.739 29388 29812 E facebook.katana: mali_debug: sprd_gles_wait_last_fence is closed
07-04 03:31:46.757 29388 29786 E HiddenApis2: Failed to init DecodeJObjectFuncPtr
07-04 03:31:47.019 29388 29786 E InterpreterCacheClear: Could not find symbol to hook
07-04 03:31:47.268 29388 29479 E fb4a.MobileConfigInit: MobileConfigDebug: endToEndConfigLevelConsistencyTests
07-04 03:31:47.291 29388 29786 E fb4a.AppState: Returning default for firstRunInfo
07-04 03:31:47.291 29388 29786 E fb4a.AppState: Returning default for firstRunInfo
07-04 03:31:47.518 29388 29479 E fb4a.ColdstartExperimentsController: unable to set dex config
07-04 03:31:47.518 29388 29479 E fb4a.ColdstartExperimentsController: java.lang.IllegalStateException: Main DexStore is null
07-04 03:31:47.518 29388 29479 E fb4a.ColdstartExperimentsController: 	at com.facebook.common.dextricksdi.ColdstartExperimentsController.A00(:213)
07-04 03:31:47.518 29388 29479 E fb4a.ColdstartExperimentsController: 	at com.facebook.common.dextricksdi.ColdstartExperimentsController.A01(:64)
07-04 03:31:47.518 29388 29479 E fb4a.ColdstartExperimentsController: 	at X.8iR.A2b(:806)
07-04 03:31:47.518 29388 29479 E fb4a.ColdstartExperimentsController: 	at X.8iR.A3d(:3)
07-04 03:31:47.518 29388 29479 E fb4a.ColdstartExperimentsController: 	at X.2Dc.A02(:3624)
07-04 03:31:47.518 29388 29479 E fb4a.ColdstartExperimentsController: 	at X.2Dc.run(:1533)
07-04 03:31:47.518 29388 29479 E fb4a.ColdstartExperimentsController: 	at X.2Ds.call(:240)
07-04 03:31:47.518 29388 29479 E fb4a.ColdstartExperimentsController: 	at java.util.concurrent.FutureTask.run(FutureTask.java:328)
07-04 03:31:47.518 29388 29479 E fb4a.ColdstartExperimentsController: 	at X.X08.A00(:28)
07-04 03:31:47.518 29388 29479 E fb4a.ColdstartExperimentsController: 	at X.1Wk.call(:48)
07-04 03:31:47.518 29388 29479 E fb4a.ColdstartExperimentsController: 	at java.util.concurrent.FutureTask.run(FutureTask.java:328)
07-04 03:31:47.518 29388 29479 E fb4a.ColdstartExperimentsController: 	at X.1U5.run(:2)
07-04 03:31:47.518 29388 29479 E fb4a.ColdstartExperimentsController: 	at X.1DB.run(:2)
07-04 03:31:47.518 29388 29479 E fb4a.ColdstartExperimentsController: 	at java.util.concurrent.ThreadPoolExecutor.runWorker(ThreadPoolExecutor.java:1100)
07-04 03:31:47.518 29388 29479 E fb4a.ColdstartExperimentsController: 	at java.util.concurrent.ThreadPoolExecutor$Worker.run(ThreadPoolExecutor.java:624)
07-04 03:31:47.518 29388 29479 E fb4a.ColdstartExperimentsController: 	at X.1DG.run(:3)
07-04 03:31:47.518 29388 29479 E fb4a.ColdstartExperimentsController: 	at X.1DL.run(:17)
07-04 03:31:47.518 29388 29479 E fb4a.ColdstartExperimentsController: 	at java.lang.Thread.run(Thread.java:1572)
07-04 03:31:48.036 29388 29478 E fb4a.AppState: Returning default for firstRunInfo
07-04 03:31:48.042 29388 29787 E fb4a.AppState: Returning default for firstRunInfo
07-04 03:31:48.066 29388 29787 E fb4a.AppState: Returning default for firstRunInfo
07-04 03:31:48.152 29388 29478 E fb4a.AppState: Returning default for firstRunInfo
07-04 03:31:48.480 29843 29846 E mali_gralloc: initIonKernelMemtrack open device:/dev/systemheap failed, 13(Permission denied)
07-04 03:31:48.760  1172  1172 E system_server: No package ID 7f found for resource ID 0x7f010000.
07-04 03:31:48.761  1172  1172 E system_server: No package ID 7f found for resource ID 0x7f020000.
07-04 03:31:48.762  1172  1172 E system_server: No package ID 7f found for resource ID 0x7f030000.
07-04 03:31:48.762  1172  1172 E system_server: No package ID 7f found for resource ID 0x7f040000.
07-04 03:31:48.762  1172  1172 E system_server: No package ID 7f found for resource ID 0x7f050000.
07-04 03:31:48.769  1172  1172 E system_server: No package ID 7f found for resource ID 0x7f010000.
07-04 03:31:48.769  1172  1172 E system_server: No package ID 7f found for resource ID 0x7f020000.
07-04 03:31:48.769  1172  1172 E system_server: No package ID 7f found for resource ID 0x7f030000.
07-04 03:31:48.769  1172  1172 E system_server: No package ID 7f found for resource ID 0x7f040000.
07-04 03:31:48.769  1172  1172 E system_server: No package ID 7f found for resource ID 0x7f050000.
07-04 03:31:49.204   679   679 E vendor.sprd.hardware.combined@1.0-service: MemTrack_DEBUG--Open ion_system_heap failed
07-04 03:31:49.212   679   679 E vendor.sprd.hardware.combined@1.0-service: MemTrack_DEBUG--Open ion_system_heap failed
07-04 03:31:49.223   833   851 E uas-service: ioclt error: fd=3 cmd=1075336211 ux_data->pid=1961 ux_data->ux_tags=0x100420
07-04 03:31:49.488 12098 12478 E msys    : E[N mns:TigonMNS]_OnResolverSuccess(359)=>Cache refresh succeeded with system DNS resolver. IP count: 1
07-04 03:31:54.412  1172  1252 E UnisocWatchdog: UnisocWatchdogImpl sendMessage:0
07-04 03:31:54.413  1172  1252 E UnisocWatchdog: sendMessage wait ok 
07-04 03:31:54.413  1172  1343 E UnisocWatchdog: UNISOCWATCHDOG_MESSAGE_TIMER30 trigger
07-04 03:32:00.008  1172  1374 E TranDynamicBarAnimControllerImpl: TranDynamicBarAnimControllerImpl setFromDynamicIslandToWindow pkgName:com.ayman.widget
07-04 03:32:00.008  1172  1374 E TranDynamicBarAnimControllerImpl: start setFromDynamicIslandToWindow startFromDynamicIsland:false
07-04 03:32:00.008  1172  1374 E TranDynamicBarAnimControllerImpl: end setFromDynamicIslandToWindow mDynamicIslandPkgName:com.ayman.widget mStartFromDynamicIsland:false
07-04 03:32:17.784   859   963 E SLOGCP  : data_rate_stat: agdsp rate: total size(MB)=0.000000; per second(bytes)=0.000000, drop_cnt_=0, drop_data_size_=0, pollin event times=0.
07-04 03:32:24.414  1172  1252 E UnisocWatchdog: UnisocWatchdogImpl sendMessage:0
07-04 03:32:24.414  1172  1252 E UnisocWatchdog: sendMessage wait ok 
07-04 03:32:24.414  1172  1343 E UnisocWatchdog: UNISOCWATCHDOG_MESSAGE_TIMER30 trigger
07-04 03:32:38.966 29935 29995 E com.vmuslimpro: No package ID 74 found for resource ID 0x740b0013.
07-04 03:32:39.313 29935 29961 E Firebase-Installations: Firebase Installations can not communicate with Firebase server APIs due to invalid configuration. Please update your Firebase initialization process and set valid Firebase options (API key, Project ID, Application ID) when initializing Firebase.
07-04 03:32:39.317 29935 29962 E FirebaseInstanceId: Failed to get FIS auth token
07-04 03:32:39.317 29935 29962 E FirebaseInstanceId: java.util.concurrent.ExecutionException: com.google.firebase.installations.FirebaseInstallationsException
07-04 03:32:39.317 29935 29962 E FirebaseInstanceId: 	at c.g.a.e.m.m.f(SourceFile:5)
07-04 03:32:39.317 29935 29962 E FirebaseInstanceId: 	at c.g.a.e.m.m.a(SourceFile:8)
07-04 03:32:39.317 29935 29962 E FirebaseInstanceId: 	at c.g.c.q.d1.f(SourceFile:11)
07-04 03:32:39.317 29935 29962 E FirebaseInstanceId: 	at c.g.c.q.d1.e(SourceFile:1)
07-04 03:32:39.317 29935 29962 E FirebaseInstanceId: 	at c.g.c.q.c1.run(SourceFile:12)
07-04 03:32:39.317 29935 29962 E FirebaseInstanceId: 	at java.util.concurrent.ThreadPoolExecutor.runWorker(ThreadPoolExecutor.java:1100)
07-04 03:32:39.317 29935 29962 E FirebaseInstanceId: 	at java.util.concurrent.ThreadPoolExecutor$Worker.run(ThreadPoolExecutor.java:624)
07-04 03:32:39.317 29935 29962 E FirebaseInstanceId: 	at c.g.a.e.d.n.q.c.run(SourceFile:2)
07-04 03:32:39.317 29935 29962 E FirebaseInstanceId: 	at java.lang.Thread.run(Thread.java:1572)
07-04 03:32:39.317 29935 29962 E FirebaseInstanceId: Caused by: com.google.firebase.installations.FirebaseInstallationsException
07-04 03:32:39.317 29935 29962 E FirebaseInstanceId: 	at c.g.c.s.h.h(SourceFile:11)
07-04 03:32:39.317 29935 29962 E FirebaseInstanceId: 	at c.g.c.s.h.t(SourceFile:1)
07-04 03:32:39.317 29935 29962 E FirebaseInstanceId: 	at c.g.c.s.h.u(SourceFile:0)
07-04 03:32:39.317 29935 29962 E FirebaseInstanceId: 	at c.g.c.s.a.run(SourceFile:4)
07-04 03:32:39.317 29935 29962 E FirebaseInstanceId: 	at java.util.concurrent.ThreadPoolExecutor.runWorker(ThreadPoolExecutor.java:1100)
07-04 03:32:39.317 29935 29962 E FirebaseInstanceId: 	at java.util.concurrent.ThreadPoolExecutor$Worker.run(ThreadPoolExecutor.java:624)
07-04 03:32:39.317 29935 29962 E FirebaseInstanceId: 	... 1 more
07-04 03:32:39.825 29935 30004 E com.vmuslimpro: hiddenapi: Accessing hidden method Lcom/android/org/conscrypt/ConscryptEngineSocket;->setUseSessionTickets(Z)V (runtime_flags=CorePlatformApi, domain=core-platform, api=max-target-q,core-platform-api) from Ll/g0/k/e; (domain=app, TargetSdkVersion=31) using reflection: denied
07-04 03:32:39.825 29935 30004 E com.vmuslimpro: hiddenapi: Accessing hidden method Lcom/android/org/conscrypt/OpenSSLSocketImpl;->setUseSessionTickets(Z)V (runtime_flags=CorePlatformApi, domain=core-platform, api=max-target-q,core-platform-api) from Ll/g0/k/e; (domain=app, TargetSdkVersion=31) using reflection: denied
07-04 03:32:39.825 29935 30004 E com.vmuslimpro: hiddenapi: Accessing hidden method Lcom/android/org/conscrypt/AbstractConscryptSocket;->setUseSessionTickets(Z)V (runtime_flags=0, domain=core-platform, api=max-target-q) from Ll/g0/k/e; (domain=app, TargetSdkVersion=31) using reflection: denied
07-04 03:32:39.825 29935 30004 E com.vmuslimpro: hiddenapi: Accessing hidden method Lcom/android/org/conscrypt/ConscryptEngineSocket;->setHostname(Ljava/lang/String;)V (runtime_flags=CorePlatformApi, domain=core-platform, api=max-target-q,core-platform-api) from Ll/g0/k/e; (domain=app, TargetSdkVersion=31) using reflection: denied
07-04 03:32:39.826 29935 30004 E com.vmuslimpro: hiddenapi: Accessing hidden method Lcom/android/org/conscrypt/OpenSSLSocketImpl;->setHostname(Ljava/lang/String;)V (runtime_flags=CorePlatformApi, domain=core-platform, api=max-target-q,core-platform-api) from Ll/g0/k/e; (domain=app, TargetSdkVersion=31) using reflection: denied
07-04 03:32:39.826 29935 30004 E com.vmuslimpro: hiddenapi: Accessing hidden method Lcom/android/org/conscrypt/AbstractConscryptSocket;->setHostname(Ljava/lang/String;)V (runtime_flags=0, domain=core-platform, api=max-target-q) from Ll/g0/k/e; (domain=app, TargetSdkVersion=31) using reflection: denied
07-04 03:32:39.826 29935 30004 E com.vmuslimpro: hiddenapi: Accessing hidden method Lcom/android/org/conscrypt/OpenSSLSocketImpl;->setAlpnProtocols([B)V (runtime_flags=CorePlatformApi, domain=core-platform, api=max-target-q,core-platform-api) from Ll/g0/k/e; (domain=app, TargetSdkVersion=31) using reflection: denied
07-04 03:32:39.826 29935 30004 E com.vmuslimpro: hiddenapi: Accessing hidden method Lcom/android/org/conscrypt/AbstractConscryptSocket;->setAlpnProtocols([B)V (runtime_flags=0, domain=core-platform, api=max-target-q) from Ll/g0/k/e; (domain=app, TargetSdkVersion=31) using reflection: denied
07-04 03:32:40.704 29935 29957 E FirebaseInstanceId: Topic sync or token retrieval failed on hard failure exceptions: FIS_AUTH_ERROR. Won't retry the operation.
07-04 03:32:41.266 29935 30004 E com.vmuslimpro: hiddenapi: Accessing hidden method Lcom/android/org/conscrypt/OpenSSLSocketImpl;->getAlpnSelectedProtocol()[B (runtime_flags=CorePlatformApi, domain=core-platform, api=max-target-q,core-platform-api) from Ll/g0/k/e; (domain=app, TargetSdkVersion=31) using reflection: denied
07-04 03:32:41.266 29935 30004 E com.vmuslimpro: hiddenapi: Accessing hidden method Lcom/android/org/conscrypt/AbstractConscryptSocket;->getAlpnSelectedProtocol()[B (runtime_flags=0, domain=core-platform, api=max-target-q) from Ll/g0/k/e; (domain=app, TargetSdkVersion=31) using reflection: denied
07-04 03:32:50.908 30077 30079 E mali_gralloc: initIonKernelMemtrack open device:/dev/systemheap failed, 13(Permission denied)
07-04 03:32:54.415  1172  1252 E UnisocWatchdog: UnisocWatchdogImpl sendMessage:0
07-04 03:32:54.415  1172  1252 E UnisocWatchdog: sendMessage wait ok 
07-04 03:32:54.416  1172  1343 E UnisocWatchdog: UNISOCWATCHDOG_MESSAGE_TIMER30 trigger
07-04 03:33:00.007  1172  1374 E TranDynamicBarAnimControllerImpl: TranDynamicBarAnimControllerImpl setFromDynamicIslandToWindow pkgName:com.ayman.widget
07-04 03:33:00.008  1172  1374 E TranDynamicBarAnimControllerImpl: start setFromDynamicIslandToWindow startFromDynamicIsland:false
07-04 03:33:00.008  1172  1374 E TranDynamicBarAnimControllerImpl: end setFromDynamicIslandToWindow mDynamicIslandPkgName:com.ayman.widget mStartFromDynamicIsland:false
07-04 03:33:17.138  1678 11421 E ndroid.systemui: mali_debug: sprd_gles_wait_last_fence is closed
07-04 03:33:17.789   859   963 E SLOGCP  : data_rate_stat: agdsp rate: total size(MB)=0.000000; per second(bytes)=0.000000, drop_cnt_=0, drop_data_size_=0, pollin event times=0.
07-04 03:33:20.193  1172  1172 E system_server: No package ID 7f found for resource ID 0x7f010000.
07-04 03:33:20.194  1172  1172 E system_server: No package ID 7f found for resource ID 0x7f020000.
07-04 03:33:20.194  1172  1172 E system_server: No package ID 7f found for resource ID 0x7f030000.
07-04 03:33:20.194  1172  1172 E system_server: No package ID 7f found for resource ID 0x7f040000.
07-04 03:33:20.195  1172  1172 E system_server: No package ID 7f found for resource ID 0x7f050000.
07-04 03:33:20.206  1172  1172 E system_server: No package ID 7f found for resource ID 0x7f010000.
07-04 03:33:20.206  1172  1172 E system_server: No package ID 7f found for resource ID 0x7f020000.
07-04 03:33:20.206  1172  1172 E system_server: No package ID 7f found for resource ID 0x7f030000.
07-04 03:33:20.207  1172  1172 E system_server: No package ID 7f found for resource ID 0x7f040000.
07-04 03:33:20.207  1172  1172 E system_server: No package ID 7f found for resource ID 0x7f050000.
07-04 03:33:20.646   833   851 E uas-service: ioclt error: fd=3 cmd=1075336211 ux_data->pid=1961 ux_data->ux_tags=0x100420
07-04 03:33:24.416  1172  1252 E UnisocWatchdog: UnisocWatchdogImpl sendMessage:0
07-04 03:33:24.416  1172  1252 E UnisocWatchdog: sendMessage wait ok 
07-04 03:33:24.416  1172  1343 E UnisocWatchdog: UNISOCWATCHDOG_MESSAGE_TIMER30 trigger
07-04 03:33:29.266 30153 30155 E mali_gralloc: initIonKernelMemtrack open device:/dev/systemheap failed, 13(Permission denied)
07-04 03:33:29.547  1172  1172 E system_server: No package ID 7f found for resource ID 0x7f010000.
07-04 03:33:29.548  1172  1172 E system_server: No package ID 7f found for resource ID 0x7f020000.
07-04 03:33:29.548  1172  1172 E system_server: No package ID 7f found for resource ID 0x7f030000.
07-04 03:33:29.548  1172  1172 E system_server: No package ID 7f found for resource ID 0x7f040000.
07-04 03:33:29.549  1172  1172 E system_server: No package ID 7f found for resource ID 0x7f050000.
07-04 03:33:29.552  1172  1172 E system_server: No package ID 7f found for resource ID 0x7f010000.
07-04 03:33:29.552  1172  1172 E system_server: No package ID 7f found for resource ID 0x7f020000.
07-04 03:33:29.552  1172  1172 E system_server: No package ID 7f found for resource ID 0x7f030000.
07-04 03:33:29.552  1172  1172 E system_server: No package ID 7f found for resource ID 0x7f040000.
07-04 03:33:29.553  1172  1172 E system_server: No package ID 7f found for resource ID 0x7f050000.
07-04 03:33:29.998   833   851 E uas-service: ioclt error: fd=3 cmd=1075336211 ux_data->pid=1961 ux_data->ux_tags=0x100420
07-04 03:33:46.803   679   679 E vendor.sprd.hardware.combined@1.0-service: MemTrack_DEBUG--Open ion_system_heap failed
07-04 03:33:46.805   679   679 E vendor.sprd.hardware.combined@1.0-service: MemTrack_DEBUG--Open ion_system_heap failed
07-04 03:33:54.417  1172  1252 E UnisocWatchdog: UnisocWatchdogImpl sendMessage:0
07-04 03:33:54.417  1172  1252 E UnisocWatchdog: sendMessage wait ok 
07-04 03:33:54.418  1172  1343 E UnisocWatchdog: UNISOCWATCHDOG_MESSAGE_TIMER30 trigger
07-04 03:34:00.007  1172  1374 E TranDynamicBarAnimControllerImpl: TranDynamicBarAnimControllerImpl setFromDynamicIslandToWindow pkgName:com.ayman.widget
07-04 03:34:00.007  1172  1374 E TranDynamicBarAnimControllerImpl: start setFromDynamicIslandToWindow startFromDynamicIsland:false
07-04 03:34:00.007  1172  1374 E TranDynamicBarAnimControllerImpl: end setFromDynamicIslandToWindow mDynamicIslandPkgName:com.ayman.widget mStartFromDynamicIsland:false
07-04 03:34:06.896 19094 30254 E phonemaster_log: getCountryCode: EG
07-04 03:34:10.617   679   679 E vendor.sprd.hardware.combined@1.0-service: MemTrack_DEBUG--Open ion_system_heap failed
07-04 03:34:10.620   679   679 E vendor.sprd.hardware.combined@1.0-service: MemTrack_DEBUG--Open ion_system_heap failed
07-04 03:34:12.467  1172  1374 E TranDynamicBarAnimControllerImpl: TranDynamicBarAnimControllerImpl setFromDynamicIslandToWindow pkgName:com.transsion.phonemanager
07-04 03:34:12.468  1172  1374 E TranDynamicBarAnimControllerImpl: start setFromDynamicIslandToWindow startFromDynamicIsland:false
07-04 03:34:12.468  1172  1374 E TranDynamicBarAnimControllerImpl: end setFromDynamicIslandToWindow mDynamicIslandPkgName:com.transsion.phonemanager mStartFromDynamicIsland:false
07-04 03:34:17.789   859   963 E SLOGCP  : data_rate_stat: agdsp rate: total size(MB)=0.000000; per second(bytes)=0.000000, drop_cnt_=0, drop_data_size_=0, pollin event times=0.
07-04 03:34:24.419  1172  1252 E UnisocWatchdog: UnisocWatchdogImpl sendMessage:0
07-04 03:34:24.419  1172  1252 E UnisocWatchdog: sendMessage wait ok 
07-04 03:34:24.419  1172  1343 E UnisocWatchdog: UNISOCWATCHDOG_MESSAGE_TIMER30 trigger
07-04 03:34:33.839 30322 30324 E mali_gralloc: initIonKernelMemtrack open device:/dev/systemheap failed, 13(Permission denied)
07-04 03:34:36.101  1172  1374 E TranDynamicBarAnimControllerImpl: TranDynamicBarAnimControllerImpl setFromDynamicIslandToWindow pkgName:com.imo.android.imoim
07-04 03:34:36.101  1172  1374 E TranDynamicBarAnimControllerImpl: start setFromDynamicIslandToWindow startFromDynamicIsland:false
07-04 03:34:36.101  1172  1374 E TranDynamicBarAnimControllerImpl: end setFromDynamicIslandToWindow mDynamicIslandPkgName:com.imo.android.imoim mStartFromDynamicIsland:false
07-04 03:34:42.783  1172  1172 E system_server: No package ID 7f found for resource ID 0x7f010000.
07-04 03:34:42.784  1172  1172 E system_server: No package ID 7f found for resource ID 0x7f020000.
07-04 03:34:42.784  1172  1172 E system_server: No package ID 7f found for resource ID 0x7f030000.
07-04 03:34:42.784  1172  1172 E system_server: No package ID 7f found for resource ID 0x7f040000.
07-04 03:34:42.784  1172  1172 E system_server: No package ID 7f found for resource ID 0x7f050000.
07-04 03:34:42.796  1172  1172 E system_server: No package ID 7f found for resource ID 0x7f010000.
07-04 03:34:42.796  1172  1172 E system_server: No package ID 7f found for resource ID 0x7f020000.
07-04 03:34:42.797  1172  1172 E system_server: No package ID 7f found for resource ID 0x7f030000.
07-04 03:34:42.797  1172  1172 E system_server: No package ID 7f found for resource ID 0x7f040000.
07-04 03:34:42.797  1172  1172 E system_server: No package ID 7f found for resource ID 0x7f050000.
07-04 03:34:43.235   833   851 E uas-service: ioclt error: fd=3 cmd=1075336211 ux_data->pid=1961 ux_data->ux_tags=0x100420
07-04 03:34:54.420  1172  1252 E UnisocWatchdog: UnisocWatchdogImpl sendMessage:0
07-04 03:34:54.421  1172  1252 E UnisocWatchdog: sendMessage wait ok 
07-04 03:34:54.421  1172  1343 E UnisocWatchdog: UNISOCWATCHDOG_MESSAGE_TIMER30 trigger
07-04 03:35:00.010  1172  1374 E TranDynamicBarAnimControllerImpl: TranDynamicBarAnimControllerImpl setFromDynamicIslandToWindow pkgName:com.ayman.widget
07-04 03:35:00.010  1172  1374 E TranDynamicBarAnimControllerImpl: start setFromDynamicIslandToWindow startFromDynamicIsland:false
07-04 03:35:00.010  1172  1374 E TranDynamicBarAnimControllerImpl: end setFromDynamicIslandToWindow mDynamicIslandPkgName:com.ayman.widget mStartFromDynamicIsland:false
07-04 03:35:17.790   859   963 E SLOGCP  : data_rate_stat: agdsp rate: total size(MB)=0.000000; per second(bytes)=0.000000, drop_cnt_=0, drop_data_size_=0, pollin event times=0.
07-04 03:35:24.422  1172  1252 E UnisocWatchdog: UnisocWatchdogImpl sendMessage:0
07-04 03:35:24.423  1172  1252 E UnisocWatchdog: sendMessage wait ok 
07-04 03:35:24.424  1172  1343 E UnisocWatchdog: UNISOCWATCHDOG_MESSAGE_TIMER30 trigger
07-04 03:35:31.339 30421 30423 E mali_gralloc: initIonKernelMemtrack open device:/dev/systemheap failed, 13(Permission denied)
07-04 03:35:33.818  1172  1172 E system_server: No package ID 7f found for resource ID 0x7f010000.
07-04 03:35:33.819  1172  1172 E system_server: No package ID 7f found for resource ID 0x7f020000.
07-04 03:35:33.820  1172  1172 E system_server: No package ID 7f found for resource ID 0x7f030000.
07-04 03:35:33.820  1172  1172 E system_server: No package ID 7f found for resource ID 0x7f040000.
07-04 03:35:33.821  1172  1172 E system_server: No package ID 7f found for resource ID 0x7f050000.
07-04 03:35:33.832  1172  1172 E system_server: No package ID 7f found for resource ID 0x7f010000.
07-04 03:35:33.833  1172  1172 E system_server: No package ID 7f found for resource ID 0x7f020000.
07-04 03:35:33.834  1172  1172 E system_server: No package ID 7f found for resource ID 0x7f030000.
07-04 03:35:33.834  1172  1172 E system_server: No package ID 7f found for resource ID 0x7f040000.
07-04 03:35:33.835  1172  1172 E system_server: No package ID 7f found for resource ID 0x7f050000.
07-04 03:35:34.258   833   851 E uas-service: ioclt error: fd=3 cmd=1075336211 ux_data->pid=1961 ux_data->ux_tags=0x100420
07-04 03:35:35.026  1172  1374 E TranDynamicBarAnimControllerImpl: TranDynamicBarAnimControllerImpl setFromDynamicIslandToWindow pkgName:com.transsion.phonemanager
07-04 03:35:35.026  1172  1374 E TranDynamicBarAnimControllerImpl: start setFromDynamicIslandToWindow startFromDynamicIsland:false
07-04 03:35:35.026  1172  1374 E TranDynamicBarAnimControllerImpl: end setFromDynamicIslandToWindow mDynamicIslandPkgName:com.transsion.phonemanager mStartFromDynamicIsland:false
07-04 03:35:35.080 30432 30432 E YT.mlplayer: setDefaultLoudnessTargetPreferenceState
07-04 03:35:35.104 30432 30432 E YT.mlplayer: setAudioDrc(enabled=1)
07-04 03:35:54.424  1172  1252 E UnisocWatchdog: UnisocWatchdogImpl sendMessage:0
07-04 03:35:54.425  1172  1252 E UnisocWatchdog: sendMessage wait ok 
07-04 03:35:54.425  1172  1343 E UnisocWatchdog: UNISOCWATCHDOG_MESSAGE_TIMER30 trigger
07-04 03:36:00.006  1172  1374 E TranDynamicBarAnimControllerImpl: TranDynamicBarAnimControllerImpl setFromDynamicIslandToWindow pkgName:com.ayman.widget
07-04 03:36:00.006  1172  1374 E TranDynamicBarAnimControllerImpl: start setFromDynamicIslandToWindow startFromDynamicIsland:false
07-04 03:36:00.006  1172  1374 E TranDynamicBarAnimControllerImpl: end setFromDynamicIslandToWindow mDynamicIslandPkgName:com.ayman.widget mStartFromDynamicIsland:false
07-04 03:36:17.790   859   963 E SLOGCP  : data_rate_stat: agdsp rate: total size(MB)=0.000000; per second(bytes)=0.000000, drop_cnt_=0, drop_data_size_=0, pollin event times=0.
07-04 03:36:24.426  1172  1252 E UnisocWatchdog: UnisocWatchdogImpl sendMessage:0
07-04 03:36:24.426  1172  1252 E UnisocWatchdog: sendMessage wait ok 
07-04 03:36:24.427  1172  1343 E UnisocWatchdog: UNISOCWATCHDOG_MESSAGE_TIMER30 trigger
07-04 03:36:27.264 30660 30668 E mali_gralloc: initIonKernelMemtrack open device:/dev/systemheap failed, 13(Permission denied)
07-04 03:36:27.517  1172  1172 E system_server: No package ID 7f found for resource ID 0x7f010000.
07-04 03:36:27.517  1172  1172 E system_server: No package ID 7f found for resource ID 0x7f020000.
07-04 03:36:27.517  1172  1172 E system_server: No package ID 7f found for resource ID 0x7f030000.
07-04 03:36:27.517  1172  1172 E system_server: No package ID 7f found for resource ID 0x7f040000.
07-04 03:36:27.517  1172  1172 E system_server: No package ID 7f found for resource ID 0x7f050000.
07-04 03:36:27.523  1172  1172 E system_server: No package ID 7f found for resource ID 0x7f010000.
07-04 03:36:27.524  1172  1172 E system_server: No package ID 7f found for resource ID 0x7f020000.
07-04 03:36:27.524  1172  1172 E system_server: No package ID 7f found for resource ID 0x7f030000.
07-04 03:36:27.524  1172  1172 E system_server: No package ID 7f found for resource ID 0x7f040000.
07-04 03:36:27.524  1172  1172 E system_server: No package ID 7f found for resource ID 0x7f050000.
07-04 03:36:27.955   833   851 E uas-service: ioclt error: fd=3 cmd=1075336211 ux_data->pid=1961 ux_data->ux_tags=0x100420
07-04 03:36:54.427  1172  1252 E UnisocWatchdog: UnisocWatchdogImpl sendMessage:0
07-04 03:36:54.427  1172  1252 E UnisocWatchdog: sendMessage wait ok 
07-04 03:36:54.428  1172  1343 E UnisocWatchdog: UNISOCWATCHDOG_MESSAGE_TIMER30 trigger
07-04 03:37:00.006  1172  1374 E TranDynamicBarAnimControllerImpl: TranDynamicBarAnimControllerImpl setFromDynamicIslandToWindow pkgName:com.ayman.widget
07-04 03:37:00.006  1172  1374 E TranDynamicBarAnimControllerImpl: start setFromDynamicIslandToWindow startFromDynamicIsland:false
07-04 03:37:00.006  1172  1374 E TranDynamicBarAnimControllerImpl: end setFromDynamicIslandToWindow mDynamicIslandPkgName:com.ayman.widget mStartFromDynamicIsland:false
07-04 03:37:17.791   859   963 E SLOGCP  : data_rate_stat: agdsp rate: total size(MB)=0.000000; per second(bytes)=0.000000, drop_cnt_=0, drop_data_size_=0, pollin event times=0.
07-04 03:37:18.613  1172  1374 E TranDynamicBarAnimControllerImpl: TranDynamicBarAnimControllerImpl setFromDynamicIslandToWindow pkgName:android
07-04 03:37:18.613  1172  1374 E TranDynamicBarAnimControllerImpl: start setFromDynamicIslandToWindow startFromDynamicIsland:false
07-04 03:37:18.613  1172  1374 E TranDynamicBarAnimControllerImpl: end setFromDynamicIslandToWindow mDynamicIslandPkgName:android mStartFromDynamicIsland:false
07-04 03:37:18.637  1172  1374 E TranDynamicBarAnimControllerImpl: TranDynamicBarAnimControllerImpl setFromDynamicIslandToWindow pkgName:com.facebook.katana
07-04 03:37:18.637  1172  1374 E TranDynamicBarAnimControllerImpl: start setFromDynamicIslandToWindow startFromDynamicIsland:false
07-04 03:37:18.637  1172  1374 E TranDynamicBarAnimControllerImpl: end setFromDynamicIslandToWindow mDynamicIslandPkgName:com.facebook.katana mStartFromDynamicIsland:false
07-04 03:37:24.428  1172  1252 E UnisocWatchdog: UnisocWatchdogImpl sendMessage:0
07-04 03:37:24.428  1172  1252 E UnisocWatchdog: sendMessage wait ok 
07-04 03:37:24.429  1172  1343 E UnisocWatchdog: UNISOCWATCHDOG_MESSAGE_TIMER30 trigger
07-04 03:37:33.945 30776 30778 E mali_gralloc: initIonKernelMemtrack open device:/dev/systemheap failed, 13(Permission denied)
07-04 03:37:52.311   402   427 E NetlinkEvent: NetlinkEvent::FindParam(): Parameter 'ANOMALY' not found
07-04 03:37:52.311   402   427 E NetlinkEvent: NetlinkEvent::FindParam(): Parameter 'ERRCODE' not found
07-04 03:37:54.430  1172  1252 E UnisocWatchdog: UnisocWatchdogImpl sendMessage:0
07-04 03:37:54.430  1172  1252 E UnisocWatchdog: sendMessage wait ok 
07-04 03:37:54.430  1172  1343 E UnisocWatchdog: UNISOCWATCHDOG_MESSAGE_TIMER30 trigger
07-04 03:38:00.006  1172  1374 E TranDynamicBarAnimControllerImpl: TranDynamicBarAnimControllerImpl setFromDynamicIslandToWindow pkgName:com.ayman.widget
07-04 03:38:00.007  1172  1374 E TranDynamicBarAnimControllerImpl: start setFromDynamicIslandToWindow startFromDynamicIsland:false
07-04 03:38:00.007  1172  1374 E TranDynamicBarAnimControllerImpl: end setFromDynamicIslandToWindow mDynamicIslandPkgName:com.ayman.widget mStartFromDynamicIsland:false
07-04 03:38:17.791   859   963 E SLOGCP  : data_rate_stat: agdsp rate: total size(MB)=0.000000; per second(bytes)=0.000000, drop_cnt_=0, drop_data_size_=0, pollin event times=0.
07-04 03:38:20.718  1678 11421 E ndroid.systemui: mali_debug: sprd_gles_wait_last_fence is closed
07-04 03:38:24.431  1172  1252 E UnisocWatchdog: UnisocWatchdogImpl sendMessage:0
07-04 03:38:24.431  1172  1252 E UnisocWatchdog: sendMessage wait ok 
07-04 03:38:24.431  1172  1343 E UnisocWatchdog: UNISOCWATCHDOG_MESSAGE_TIMER30 trigger
07-04 03:38:30.539 30861 30863 E mali_gralloc: initIonKernelMemtrack open device:/dev/systemheap failed, 13(Permission denied)
07-04 03:38:54.432  1172  1252 E UnisocWatchdog: UnisocWatchdogImpl sendMessage:0
07-04 03:38:54.432  1172  1252 E UnisocWatchdog: sendMessage wait ok 
07-04 03:38:54.433  1172  1343 E UnisocWatchdog: UNISOCWATCHDOG_MESSAGE_TIMER30 trigger
07-04 03:38:58.534  1172  1374 E TranDynamicBarAnimControllerImpl: TranDynamicBarAnimControllerImpl setFromDynamicIslandToWindow pkgName:com.facebook.services
07-04 03:38:58.534  1172  1374 E TranDynamicBarAnimControllerImpl: start setFromDynamicIslandToWindow startFromDynamicIsland:false
07-04 03:38:58.534  1172  1374 E TranDynamicBarAnimControllerImpl: end setFromDynamicIslandToWindow mDynamicIslandPkgName:com.facebook.services mStartFromDynamicIsland:false
07-04 03:38:58.542   679   679 E vendor.sprd.hardware.combined@1.0-service: MemTrack_DEBUG--Open ion_system_heap failed
07-04 03:38:58.551   679   679 E vendor.sprd.hardware.combined@1.0-service: MemTrack_DEBUG--Open ion_system_heap failed
07-04 03:38:58.800  1172  1172 E system_server: No package ID 7f found for resource ID 0x7f010000.
07-04 03:38:58.800  1172  1172 E system_server: No package ID 7f found for resource ID 0x7f020000.
07-04 03:38:58.800  1172  1172 E system_server: No package ID 7f found for resource ID 0x7f030000.
07-04 03:38:58.800  1172  1172 E system_server: No package ID 7f found for resource ID 0x7f040000.
07-04 03:38:58.800  1172  1172 E system_server: No package ID 7f found for resource ID 0x7f050000.
07-04 03:38:58.807  1172  1172 E system_server: No package ID 7f found for resource ID 0x7f010000.
07-04 03:38:58.807  1172  1172 E system_server: No package ID 7f found for resource ID 0x7f020000.
07-04 03:38:58.807  1172  1172 E system_server: No package ID 7f found for resource ID 0x7f030000.
07-04 03:38:58.807  1172  1172 E system_server: No package ID 7f found for resource ID 0x7f040000.
07-04 03:38:58.807  1172  1172 E system_server: No package ID 7f found for resource ID 0x7f050000.
07-04 03:38:59.192   679   679 E vendor.sprd.hardware.combined@1.0-service: MemTrack_DEBUG--Open ion_system_heap failed
07-04 03:38:59.195   679   679 E vendor.sprd.hardware.combined@1.0-service: MemTrack_DEBUG--Open ion_system_heap failed
07-04 03:38:59.240   833   851 E uas-service: ioclt error: fd=3 cmd=1075336211 ux_data->pid=1961 ux_data->ux_tags=0x100420
07-04 03:39:00.003  1172  1374 E TranDynamicBarAnimControllerImpl: TranDynamicBarAnimControllerImpl setFromDynamicIslandToWindow pkgName:com.ayman.widget
07-04 03:39:00.003  1172  1374 E TranDynamicBarAnimControllerImpl: start setFromDynamicIslandToWindow startFromDynamicIsland:false
07-04 03:39:00.003  1172  1374 E TranDynamicBarAnimControllerImpl: end setFromDynamicIslandToWindow mDynamicIslandPkgName:com.ayman.widget mStartFromDynamicIsland:false
07-04 03:39:00.008   679   679 E vendor.sprd.hardware.combined@1.0-service: MemTrack_DEBUG--Open ion_system_heap failed
07-04 03:39:00.010   679   679 E vendor.sprd.hardware.combined@1.0-service: MemTrack_DEBUG--Open ion_system_heap failed
07-04 03:39:07.211 30921 30936 E SplitCompat: Failed to set broadcast receiver to always on.
07-04 03:39:07.215 30921 30921 E phonemaster_log: SharePreferenceUtil: ClassCastException:java.lang.NullPointerException: Attempt to invoke virtual method 'android.content.SharedPreferences android.content.Context.getSharedPreferences(java.lang.String, int)' on a null object reference
07-04 03:39:07.251 30921 30921 E phonemaster_log: SharePreferenceUtil: ClassCastException:java.lang.NullPointerException: Attempt to invoke virtual method 'android.content.SharedPreferences android.content.Context.getSharedPreferences(java.lang.String, int)' on a null object reference
07-04 03:39:07.253 30921 30921 E phonemaster_log: SharePreferenceUtil: ClassCastException:java.lang.NullPointerException: Attempt to invoke virtual method 'android.content.SharedPreferences android.content.Context.getSharedPreferences(java.lang.String, int)' on a null object reference
07-04 03:39:07.256 30921 30937 E phonemaster_log: SharePreferenceUtil: ClassCastException:java.lang.NullPointerException: Attempt to invoke virtual method 'android.content.SharedPreferences android.content.Context.getSharedPreferences(java.lang.String, int)' on a null object reference
07-04 03:39:07.257 30921 30937 E phonemaster_log: SharePreferenceUtil: ClassCastException:java.lang.NullPointerException: Attempt to invoke virtual method 'android.content.SharedPreferences android.content.Context.getSharedPreferences(java.lang.String, int)' on a null object reference
07-04 03:39:07.266 30921 30937 E phonemaster_log: SharePreferenceUtil: ClassCastException:java.lang.NullPointerException: Attempt to invoke virtual method 'android.content.SharedPreferences android.content.Context.getSharedPreferences(java.lang.String, int)' on a null object reference
07-04 03:39:07.276 30921 30921 E phonemaster_log: SharePreferenceUtil: ClassCastException:java.lang.NullPointerException: Attempt to invoke virtual method 'android.content.SharedPreferences android.content.Context.getSharedPreferences(java.lang.String, int)' on a null object reference
07-04 03:39:07.276 30921 30921 E phonemaster_log: SharePreferenceUtil: ClassCastException:java.lang.NullPointerException: Attempt to invoke virtual method 'android.content.SharedPreferences android.content.Context.getSharedPreferences(java.lang.String, int)' on a null object reference
07-04 03:39:07.280 30921 30921 E phonemaster_log: SharePreferenceUtil: ClassCastException:java.lang.NullPointerException: Attempt to invoke virtual method 'android.content.SharedPreferences android.content.Context.getSharedPreferences(java.lang.String, int)' on a null object reference
07-04 03:39:07.280 30921 30921 E phonemaster_log: SharePreferenceUtil: ClassCastException:java.lang.NullPointerException: Attempt to invoke virtual method 'android.content.SharedPreferences android.content.Context.getSharedPreferences(java.lang.String, int)' on a null object reference
07-04 03:39:07.281 30921 30921 E phonemaster_log: SharePreferenceUtil: ClassCastException:java.lang.NullPointerException: Attempt to invoke virtual method 'android.content.SharedPreferences android.content.Context.getSharedPreferences(java.lang.String, int)' on a null object reference
07-04 03:39:07.282 30921 30921 E phonemaster_log: SharePreferenceUtil: ClassCastException:java.lang.NullPointerException: Attempt to invoke virtual method 'android.content.SharedPreferences android.content.Context.getSharedPreferences(java.lang.String, int)' on a null object reference
07-04 03:39:07.282 30921 30921 E phonemaster_log: SharePreferenceUtil: ClassCastException:java.lang.NullPointerException: Attempt to invoke virtual method 'android.content.SharedPreferences android.content.Context.getSharedPreferences(java.lang.String, int)' on a null object reference
07-04 03:39:07.284 30921 30921 E phonemaster_log: SharePreferenceUtil: ClassCastException:java.lang.NullPointerException: Attempt to invoke virtual method 'android.content.SharedPreferences android.content.Context.getSharedPreferences(java.lang.String, int)' on a null object reference
07-04 03:39:07.284 30921 30921 E phonemaster_log: SharePreferenceUtil: ClassCastException:java.lang.NullPointerException: Attempt to invoke virtual method 'android.content.SharedPreferences android.content.Context.getSharedPreferences(java.lang.String, int)' on a null object reference
07-04 03:39:07.288 30921 30921 E phonemaster_log: SharePreferenceUtil: ClassCastException:java.lang.NullPointerException: Attempt to invoke virtual method 'android.content.SharedPreferences android.content.Context.getSharedPreferences(java.lang.String, int)' on a null object reference
07-04 03:39:07.288 30921 30921 E phonemaster_log: SharePreferenceUtil: ClassCastException:java.lang.NullPointerException: Attempt to invoke virtual method 'android.content.SharedPreferences android.content.Context.getSharedPreferences(java.lang.String, int)' on a null object reference
07-04 03:39:07.289 30921 30921 E phonemaster_log: SharePreferenceUtil: ClassCastException:java.lang.NullPointerException: Attempt to invoke virtual method 'android.content.SharedPreferences android.content.Context.getSharedPreferences(java.lang.String, int)' on a null object reference
07-04 03:39:07.296 30921 30921 E phonemaster_log: SharePreferenceUtil: ClassCastException:java.lang.NullPointerException: Attempt to invoke virtual method 'android.content.SharedPreferences android.content.Context.getSharedPreferences(java.lang.String, int)' on a null object reference
07-04 03:39:07.297 30921 30921 E phonemaster_log: SharePreferenceUtil: ClassCastException:java.lang.NullPointerException: Attempt to invoke virtual method 'android.content.SharedPreferences android.content.Context.getSharedPreferences(java.lang.String, int)' on a null object reference
07-04 03:39:07.297 30921 30921 E phonemaster_log: SharePreferenceUtil: ClassCastException:java.lang.NullPointerException: Attempt to invoke virtual method 'android.content.SharedPreferences android.content.Context.getSharedPreferences(java.lang.String, int)' on a null object reference
07-04 03:39:07.299 30921 30921 E phonemaster_log: SharePreferenceUtil: ClassCastException:java.lang.NullPointerException: Attempt to invoke virtual method 'android.content.SharedPreferences android.content.Context.getSharedPreferences(java.lang.String, int)' on a null object reference
07-04 03:39:07.299 30921 30921 E phonemaster_log: SharePreferenceUtil: ClassCastException:java.lang.NullPointerException: Attempt to invoke virtual method 'android.content.SharedPreferences android.content.Context.getSharedPreferences(java.lang.String, int)' on a null object reference
07-04 03:39:07.339 30921 30945 E phonemaster_log: SharePreferenceUtil: ClassCastException:java.lang.NullPointerException: Attempt to invoke virtual method 'android.content.SharedPreferences android.content.Context.getSharedPreferences(java.lang.String, int)' on a null object reference
07-04 03:39:07.339 30921 30945 E phonemaster_log: SharePreferenceUtil: ClassCastException:java.lang.NullPointerException: Attempt to invoke virtual method 'android.content.SharedPreferences android.content.Context.getSharedPreferences(java.lang.String, int)' on a null object reference
07-04 03:39:07.347 30921 30949 E phonemaster_log: SharePreferenceUtil: ClassCastException:java.lang.NullPointerException: Attempt to invoke virtual method 'android.content.SharedPreferences android.content.Context.getSharedPreferences(java.lang.String, int)' on a null object reference
07-04 03:39:07.348 30921 30949 E phonemaster_log: SharePreferenceUtil: ClassCastException:java.lang.NullPointerException: Attempt to invoke virtual method 'android.content.SharedPreferences android.content.Context.getSharedPreferences(java.lang.String, int)' on a null object reference
07-04 03:39:07.349 30921 30949 E phonemaster_log: SharePreferenceUtil: ClassCastException:java.lang.NullPointerException: Attempt to invoke virtual method 'android.content.SharedPreferences android.content.Context.getSharedPreferences(java.lang.String, int)' on a null object reference
07-04 03:39:07.349 30921 30937 E phonemaster_log: SharePreferenceUtil: ClassCastException:java.lang.NullPointerException: Attempt to invoke virtual method 'android.content.SharedPreferences android.content.Context.getSharedPreferences(java.lang.String, int)' on a null object reference
07-04 03:39:07.377 30921 30937 E phonemaster_log: SharePreferenceUtil: ClassCastException:java.lang.NullPointerException: Attempt to invoke virtual method 'android.content.SharedPreferences android.content.Context.getSharedPreferences(java.lang.String, int)' on a null object reference
07-04 03:39:07.381 30921 30937 E phonemaster_log: SharePreferenceUtil: ClassCastException:java.lang.NullPointerException: Attempt to invoke virtual method 'android.content.SharedPreferences android.content.Context.getSharedPreferences(java.lang.String, int)' on a null object reference
07-04 03:39:07.383 30921 30937 E phonemaster_log: SharePreferenceUtil: ClassCastException:java.lang.NullPointerException: Attempt to invoke virtual method 'android.content.SharedPreferences android.content.Context.getSharedPreferences(java.lang.String, int)' on a null object reference
07-04 03:39:07.390 30921 30921 E phonemaster_log: SharePreferenceUtil: ClassCastException:java.lang.NullPointerException: Attempt to invoke virtual method 'android.content.SharedPreferences android.content.Context.getSharedPreferences(java.lang.String, int)' on a null object reference
07-04 03:39:07.393 30921 30937 E phonemaster_log: SharePreferenceUtil: ClassCastException:java.lang.NullPointerException: Attempt to invoke virtual method 'android.content.SharedPreferences android.content.Context.getSharedPreferences(java.lang.String, int)' on a null object reference
07-04 03:39:07.426 30921 30921 E phonemaster_log: SharePreferenceUtil: ClassCastException:java.lang.NullPointerException: Attempt to invoke virtual method 'android.content.SharedPreferences android.content.Context.getSharedPreferences(java.lang.String, int)' on a null object reference
07-04 03:39:07.439 30921 30921 E DefaultLog.AtomicCoreUtils: isSupportAtomicCoreCard: android.content.pm.PackageManager$NameNotFoundException: com.transsion.atomiccore
07-04 03:39:07.473 30921 30959 E ion.phonemaster: No package ID 74 found for resource ID 0x740b0013.
07-04 03:39:07.615 30921 30921 E ADSDK_S_AdxPreferencesHelper: main, <init>(a.java:٥٢)
07-04 03:39:07.615 30921 30921 E ADSDK_S_AdxPreferencesHelper: ******mmkv is not ajust target 35******
07-04 03:39:07.665   440   440 E TrustyKeymaster: succeeded to send cmd (4) to com.android.trusty.keymaster with rc(1425). errno: Success
07-04 03:39:07.666   440   440 E TrustyKeymaster: Getting response size (28)
07-04 03:39:07.670   440   440 E TrustyKeymaster: succeeded to send cmd (8) to com.android.trusty.keymaster with rc(284). errno: Success
07-04 03:39:07.671   440   440 E TrustyKeymaster: Getting response size (28)
07-04 03:39:07.673   440   440 E TrustyKeymaster: succeeded to send cmd (12) to com.android.trusty.keymaster with rc(32). errno: Success
07-04 03:39:07.705   440   440 E TrustyKeymaster: Getting response size (60)
07-04 03:39:07.805   440   440 E TrustyKeymaster: succeeded to send cmd (4) to com.android.trusty.keymaster with rc(1425). errno: Success
07-04 03:39:07.806   440   440 E TrustyKeymaster: Getting response size (28)
07-04 03:39:07.809   440   440 E TrustyKeymaster: succeeded to send cmd (8) to com.android.trusty.keymaster with rc(284). errno: Success
07-04 03:39:07.810   440   440 E TrustyKeymaster: Getting response size (28)
07-04 03:39:07.812   440   440 E TrustyKeymaster: succeeded to send cmd (12) to com.android.trusty.keymaster with rc(32). errno: Success
07-04 03:39:07.843   440   440 E TrustyKeymaster: Getting response size (8)
07-04 03:39:07.843   440   440 E TrustyKeymaster: Response of size 4 contained error code -1000
07-04 03:39:07.844   440   440 E trusty_keymaster_hal: Cmd 12 returned error: -1000
07-04 03:39:07.844   439   462 E keystore2: system/security/keystore2/src/error.rs:171 - system/security/keystore2/src/operation.rs:847: KeystoreOperation::finish
07-04 03:39:07.844   439   462 E keystore2: 
07-04 03:39:07.844   439   462 E keystore2: Caused by:
07-04 03:39:07.844   439   462 E keystore2:     0: system/security/keystore2/src/operation.rs:428: Finish failed.
07-04 03:39:07.844   439   462 E keystore2:     1: Error::Km(r#UNKNOWN_ERROR)
07-04 03:39:07.869   440   440 E TrustyKeymaster: succeeded to send cmd (4) to com.android.trusty.keymaster with rc(1425). errno: Success
07-04 03:39:07.870   440   440 E TrustyKeymaster: Getting response size (28)
07-04 03:39:07.873   440   440 E TrustyKeymaster: succeeded to send cmd (8) to com.android.trusty.keymaster with rc(284). errno: Success
07-04 03:39:07.873   440   440 E TrustyKeymaster: Getting response size (28)
07-04 03:39:07.875   440   440 E TrustyKeymaster: succeeded to send cmd (12) to com.android.trusty.keymaster with rc(32). errno: Success
07-04 03:39:07.909   440   440 E TrustyKeymaster: Getting response size (60)
07-04 03:39:08.337 30921 31004 E phonemaster_log: Web_: deleteAllData failed 
07-04 03:39:08.343 30921 31004 E phonemaster_log: Web_: android.database.sqlite.SQLiteConstraintException: NOT NULL constraint failed: MaterielTable.offerName (code 1299 SQLITE_CONSTRAINT_NOTNULL)
07-04 03:39:08.347 30921 31003 E phonemaster_log: Web_: deleteAllData failed 
07-04 03:39:08.349 30921 31003 E phonemaster_log: Web_: android.database.sqlite.SQLiteConstraintException: NOT NULL constraint failed: MaterielTable.offerName (code 1299 SQLITE_CONSTRAINT_NOTNULL)
07-04 03:39:08.404   440   440 E TrustyKeymaster: succeeded to send cmd (4) to com.android.trusty.keymaster with rc(1425). errno: Success
07-04 03:39:08.405   440   440 E TrustyKeymaster: Getting response size (28)
07-04 03:39:08.407   440   440 E TrustyKeymaster: succeeded to send cmd (8) to com.android.trusty.keymaster with rc(284). errno: Success
07-04 03:39:08.408   440   440 E TrustyKeymaster: Getting response size (28)
07-04 03:39:08.419   440   440 E TrustyKeymaster: succeeded to send cmd (12) to com.android.trusty.keymaster with rc(32). errno: Success
07-04 03:39:08.450   440   440 E TrustyKeymaster: Getting response size (88)
07-04 03:39:08.593   440   440 E TrustyKeymaster: succeeded to send cmd (4) to com.android.trusty.keymaster with rc(1425). errno: Success
07-04 03:39:08.594   440   440 E TrustyKeymaster: Getting response size (28)
07-04 03:39:08.598   440   440 E TrustyKeymaster: succeeded to send cmd (8) to com.android.trusty.keymaster with rc(284). errno: Success
07-04 03:39:08.599   440   440 E TrustyKeymaster: Getting response size (28)
07-04 03:39:08.604   440   440 E TrustyKeymaster: succeeded to send cmd (12) to com.android.trusty.keymaster with rc(32). errno: Success
07-04 03:39:08.637   440   440 E TrustyKeymaster: Getting response size (88)
