07-04 01:36:29.943 11393 11492 E CamAp_ReflectionUtils: findClass ClassNotFoundException: com.transsion.camera.feature.setting.superdefinition.SuperDefinitionEntry
07-04 01:36:29.943 11393 11492 E CamAp_ReflectionUtils: findClass ClassNotFoundException: com.transsion.camera.feature.setting.videointerpolation.VideoInterpolationEntry
07-04 01:36:29.943 11393 11492 E CamAp_ReflectionUtils: findClass ClassNotFoundException: com.transsion.camera.feature.setting.videofps.VideoFPSEntry
07-04 01:36:29.943 11393 11492 E CamAp_ReflectionUtils: findClass ClassNotFoundException: com.transsion.camera.feature.setting.videospeed.VideoSpeedEntry
07-04 01:36:29.945 11393 11492 E CamAp_ReflectionUtils: findClass ClassNotFoundException: com.transsion.camera.feature.setting.videofacebeauty.VideoFaceBeautyEntry
07-04 01:36:29.945 11393 11492 E CamAp_ReflectionUtils: findClass ClassNotFoundException: com.transsion.camera.feature.setting.videosupernight.VideoSuperNightEntry
07-04 01:36:29.945 11393 11492 E CamAp_ReflectionUtils: findClass ClassNotFoundException: com.transsion.camera.feature.setting.videosupernightyuv.VideoSuperNightYUVEntry
07-04 01:36:29.945 11393 11492 E CamAp_ReflectionUtils: findClass ClassNotFoundException: com.transsion.camera.feature.setting.videoenhance.VideoEnhanceEntry
07-04 01:36:29.945 11393 11492 E CamAp_ReflectionUtils: findClass ClassNotFoundException: com.transsion.camera.feature.setting.videoenhanceyuv.VideoEnhanceYUVEntry
07-04 01:36:29.946 11393 11492 E CamAp_ReflectionUtils: findClass ClassNotFoundException: com.transsion.camera.feature.setting.videoasd.VideoAsdEntry
07-04 01:36:29.946 11393 11492 E CamAp_ReflectionUtils: findClass ClassNotFoundException: com.transsion.camera.feature.setting.dxoscenedetection.DxoSceneDetectionEntry
07-04 01:36:29.946 11393 11492 E CamAp_ReflectionUtils: findClass ClassNotFoundException: com.transsion.camera.feature.setting.aigroupphoto.AIGroupPhotoEntry
07-04 01:36:29.946 11393 11492 E CamAp_ReflectionUtils: findClass ClassNotFoundException: com.transsion.camera.feature.setting.horizonswitchwide.HorizonSwitchWideEntry
07-04 01:36:29.946 11393 11492 E CamAp_ReflectionUtils: findClass ClassNotFoundException: com.transsion.camera.feature.setting.algorithmmigrate.AlgorithmMigrateEntry
07-04 01:36:29.946 11393 11492 E CamAp_ReflectionUtils: findClass ClassNotFoundException: com.transsion.camera.feature.setting.smartdenoise.SmartDenoiseEntry
07-04 01:36:29.947 11393 11492 E CamAp_ReflectionUtils: findClass ClassNotFoundException: com.transsion.camera.feature.setting.automacroswitch.AutoMacroSwitchEntry
07-04 01:36:29.947 11393 11492 E CamAp_ReflectionUtils: findClass ClassNotFoundException: com.transsion.camera.feature.setting.autovideofps.AutoVideoFPSEntry
07-04 01:36:29.947 11393 11492 E CamAp_ReflectionUtils: findClass ClassNotFoundException: com.transsion.camera.feature.setting.hevcencorder.HEVCEncorderEntry
07-04 01:36:29.947 11393 11492 E CamAp_ReflectionUtils: findClass ClassNotFoundException: com.transsion.camera.feature.setting.smiledetection.SmileDetectionEntry
07-04 01:36:29.947 11393 11492 E CamAp_ReflectionUtils: findClass ClassNotFoundException: com.transsion.camera.feature.setting.gesturedetection.GestureDetectionEntry
07-04 01:36:29.947 11393 11492 E CamAp_ReflectionUtils: findClass ClassNotFoundException: com.transsion.camera.feature.setting.telecamera.TeleCameraEntry
07-04 01:36:29.947 11393 11492 E CamAp_ReflectionUtils: findClass ClassNotFoundException: com.transsion.camera.feature.setting.bwportrait.BWPortraitEntry
07-04 01:36:29.948 11393 11492 E CamAp_ReflectionUtils: findClass ClassNotFoundException: com.transsion.camera.feature.setting.dualcambwportrait.DualCamBWPortraitEntry
07-04 01:36:29.948 11393 11492 E CamAp_ReflectionUtils: findClass ClassNotFoundException: com.transsion.camera.feature.setting.timelapsephotointerval.TimelapsePhotoIntervalEntry
07-04 01:36:29.948 11393 11492 E CamAp_ReflectionUtils: findClass ClassNotFoundException: com.transsion.camera.feature.setting.timelapsephotoduration.TimelapsePhotoDurationEntry
07-04 01:36:29.948 11393 11492 E CamAp_ReflectionUtils: findClass ClassNotFoundException: com.transsion.camera.feature.setting.smartmodeorder.SmartModeOrderEntry
07-04 01:36:29.948 11393 11492 E CamAp_ReflectionUtils: findClass ClassNotFoundException: com.transsion.camera.feature.setting.humaneffect.HumanEffectEntry
07-04 01:36:29.948 11393 11492 E CamAp_ReflectionUtils: findClass ClassNotFoundException: com.transsion.camera.feature.setting.barcode.BarcodeEntry
07-04 01:36:29.952 11393 11491 E ranssion.camera: Invalid resource ID 0x00000000.
07-04 01:36:29.954 11393 11492 E CamAp_ReflectionUtils: findClass ClassNotFoundException: com.transsion.camera.feature.setting.magicsky.MagicSkyEntry
07-04 01:36:29.954 11393 11492 E CamAp_ReflectionUtils: findClass ClassNotFoundException: com.transsion.camera.feature.asdenhance.ASDEnhanceEntry
07-04 01:36:29.954 11393 11492 E CamAp_ReflectionUtils: findClass ClassNotFoundException: com.transsion.camera.feature.imagestyle.ImageStyleEntry
07-04 01:36:29.955 11393 11492 E CamAp_ReflectionUtils: findClass ClassNotFoundException: com.transsion.camera.feature.setting.moondetection.MoonDetectionEntry
07-04 01:36:29.955 11393 11492 E CamAp_ReflectionUtils: findClass ClassNotFoundException: com.transsion.camera.feature.setting.micropantiltcalibration.MicroPanTiltCalibrationEntry
07-04 01:36:29.955 11393 11492 E CamAp_ReflectionUtils: findClass ClassNotFoundException: com.transsion.camera.feature.setting.periscopecamera.PeriscopeCameraEntry
07-04 01:36:29.955 11393 11492 E CamAp_ReflectionUtils: findClass ClassNotFoundException: com.transsion.camera.feature.setting.muterecoder.MuteRecoderEntry
07-04 01:36:29.955 11393 11492 E CamAp_ReflectionUtils: findClass ClassNotFoundException: com.transsion.camera.feature.setting.fusion.FusionEntry
07-04 01:36:29.955 11393 11492 E CamAp_ReflectionUtils: findClass ClassNotFoundException: com.transsion.camera.feature.mode.longexposure.setting.LongExposureEntry
07-04 01:36:29.955 11393 11492 E CamAp_ReflectionUtils: findClass ClassNotFoundException: com.transsion.camera.feature.mode.longexposure.setting.LongExposureTripodEntry
07-04 01:36:29.955 11393 11492 E CamAp_ReflectionUtils: findClass ClassNotFoundException: com.transsion.camera.feature.mode.longexposure.setting.LongExposureCaptureStateEntry
07-04 01:36:29.955 11393 11492 E CamAp_ReflectionUtils: findClass ClassNotFoundException: com.transsion.camera.feature.mode.longexposure.setting.LongExposureOptionEntry
07-04 01:36:29.955 11393 11492 E CamAp_ReflectionUtils: findClass ClassNotFoundException: com.transsion.camera.feature.setting.streamflip.StreamFlipSettingEntry
07-04 01:36:29.955 11393 11492 E CamAp_ReflectionUtils: findClass ClassNotFoundException: com.transsion.camera.feature.setting.videopreisp.VideoPreIspEntry
07-04 01:36:29.955 11393 11492 E CamAp_ReflectionUtils: findClass ClassNotFoundException: com.transsion.camera.feature.setting.airemosaic.AIRemosaicEntry
07-04 01:36:29.955 11393 11492 E CamAp_ReflectionUtils: findClass ClassNotFoundException: com.transsion.camera.feature.setting.foldcolumn.FoldColumnEntry
07-04 01:36:29.955 11393 11492 E CamAp_ReflectionUtils: findClass ClassNotFoundException: com.transsion.camera.feature.setting.foldswitchpreview.FoldSwitchPreviewEntry
07-04 01:36:29.956 11393 11492 E CamAp_ReflectionUtils: findClass ClassNotFoundException: com.transsion.camera.feature.mode.aigc.setting.AIGCOptionEntry
07-04 01:36:29.956 11393 11492 E CamAp_ReflectionUtils: findClass ClassNotFoundException: com.transsion.camera.feature.mode.aigc.setting.AIGCEffectEntry
07-04 01:36:29.956 11393 11492 E CamAp_ReflectionUtils: findClass ClassNotFoundException: com.transsion.camera.feature.mode.aigc.setting.AIGCHairStyleEntry
07-04 01:36:29.956 11393 11492 E CamAp_ReflectionUtils: findClass ClassNotFoundException: com.transsion.camera.feature.mode.aigc.setting.AIGCClothingEntry
07-04 01:36:29.956 11393 11492 E CamAp_ReflectionUtils: findClass ClassNotFoundException: com.transsion.camera.feature.mode.aigc.setting.AIGCPortraitEntry
07-04 01:36:29.956 11393 11492 E CamAp_ReflectionUtils: findClass ClassNotFoundException: com.transsion.camera.feature.setting.supernightlite.SuperNightLiteEntry
07-04 01:36:29.956 11393 11492 E CamAp_ReflectionUtils: findClass ClassNotFoundException: com.transsion.camera.feature.setting.airaw.AIRawEntry
07-04 01:36:29.956 11393 11492 E CamAp_ReflectionUtils: findClass ClassNotFoundException: com.transsion.camera.feature.mode.facebeauty.FaceBeautyModeEntry
07-04 01:36:29.956 11393 11492 E CamAp_ReflectionUtils: findClass ClassNotFoundException: com.transsion.camera.feature.mode.makeup.MakeUpModeEntry
07-04 01:36:29.956 11393 11492 E CamAp_ReflectionUtils: findClass ClassNotFoundException: com.transsion.camera.feature.mode.pmaster.PMasterModeEntry
07-04 01:36:29.970 11393 11491 E ranssion.camera: Invalid resource ID 0x00000000.
07-04 01:36:29.971 11393 11491 E ranssion.camera: Invalid resource ID 0x00000000.
07-04 01:36:29.972 11393 11491 E ranssion.camera: Invalid resource ID 0x00000000.
07-04 01:36:29.973 11393 11491 E ranssion.camera: Invalid resource ID 0x00000000.
07-04 01:36:29.977 11393 11492 E CamAp_ReflectionUtils: findClass ClassNotFoundException: com.transsion.camera.feature.mode.vsdof.SdofPhotoModeEntry
07-04 01:36:29.977 11393 11492 E CamAp_ReflectionUtils: findClass ClassNotFoundException: com.transsion.camera.feature.mode.armode.ARModeEntry
07-04 01:36:29.978 11393 11491 E ranssion.camera: Invalid resource ID 0x00000000.
07-04 01:36:29.980 11393 11491 E ranssion.camera: Invalid resource ID 0x00000000.
07-04 01:36:29.985 11393 11492 E CamAp_ReflectionUtils: findClass ClassNotFoundException: com.transsion.camera.feature.funvideo.mode.FunVideoModeEntry
07-04 01:36:29.985 11393 11492 E CamAp_ReflectionUtils: findClass ClassNotFoundException: com.transsion.camera.feature.mode.video.SlowMotionModeEntry
07-04 01:36:29.985 11393 11492 E CamAp_ReflectionUtils: findClass ClassNotFoundException: com.transsion.camera.feature.arcore.ARCoreModeEntry
07-04 01:36:29.985 11393 11492 E CamAp_ReflectionUtils: findClass ClassNotFoundException: com.transsion.camera.feature.ar_drawline.ARDrawlineModeEntry
07-04 01:36:29.985 11393 11492 E CamAp_ReflectionUtils: findClass ClassNotFoundException: com.transsion.camera.feature.mode.bwportrait.BWPortraitModeEntry
07-04 01:36:29.986 11393 11492 E CamAp_ReflectionUtils: findClass ClassNotFoundException: com.transsion.camera.feature.mode.timelapsemode.TimelapsePhotoModeEntry
07-04 01:36:29.986 11393 11492 E CamAp_ReflectionUtils: findClass ClassNotFoundException: com.transsion.camera.feature.mode.movie.MovieModeEntry
07-04 01:36:29.986 11393 11492 E CamAp_ReflectionUtils: findClass ClassNotFoundException: com.transsion.camera.feature.mode.highdefinition.HighDefinitionModeEntry
07-04 01:36:29.986 11393 11492 E CamAp_ReflectionUtils: findClass ClassNotFoundException: com.transsion.camera.feature.mode.supermoon.SuperMoonModeEntry
07-04 01:36:29.986 11393 11492 E CamAp_ReflectionUtils: findClass ClassNotFoundException: com.transsion.camera.feature.supernightfilter.mode.SuperNightFilterModeEntry
07-04 01:36:29.986 11393 11492 E CamAp_ReflectionUtils: findClass ClassNotFoundException: com.transsion.camera.feature.mode.magicsky.MagicSkyModeEntry
07-04 01:36:29.986 11393 11492 E CamAp_ReflectionUtils: findClass ClassNotFoundException: com.transsion.camera.feature.mode.hdrmode.HdrModeEntry
07-04 01:36:29.987 11393 11492 E CamAp_ReflectionUtils: findClass ClassNotFoundException: com.transsion.camera.feature.mode.normalnight.NormalNightModeEntry
07-04 01:36:29.987 11393 11492 E CamAp_ReflectionUtils: findClass ClassNotFoundException: com.transsion.camera.feature.mode.aigc.AIGCModeEntry
07-04 01:36:29.987 11393 11492 E CamAp_ReflectionUtils: findClass ClassNotFoundException: com.transsion.camera.feature.mode.longexposure.LongExposureModeEntry
07-04 01:36:29.987 11393 11492 E CamAp_ReflectionUtils: findClass ClassNotFoundException: com.transsion.camera.feature.mode.vlog.VlogModeEntry
07-04 01:36:29.987 11393 11492 E CamAp_ReflectionUtils: findClass ClassNotFoundException: com.transsion.camera.feature.mode.vlog.setting.FrameSelectEntry
07-04 01:36:29.987 11070 11361 E AconfigFlags: Failed to read Aconfig values from /vendor/etc/aconfig_flags.pb
07-04 01:36:29.987 11070 11361 E AconfigFlags: java.io.FileNotFoundException: /vendor/etc/aconfig_flags.pb: open failed: ENOENT (No such file or directory)
07-04 01:36:29.987 11070 11361 E AconfigFlags: 	at libcore.io.IoBridge.open(IoBridge.java:574)
07-04 01:36:29.987 11070 11361 E AconfigFlags: 	at java.io.FileInputStream.<init>(FileInputStream.java:179)
07-04 01:36:29.987 11070 11361 E AconfigFlags: 	at java.io.FileInputStream.<init>(FileInputStream.java:133)
07-04 01:36:29.987 11070 11361 E AconfigFlags: 	at com.android.internal.pm.pkg.component.AconfigFlags.<init>(AconfigFlags.java:84)
07-04 01:36:29.987 11070 11361 E AconfigFlags: 	at com.android.internal.pm.pkg.parsing.ParsingPackageUtils.<clinit>(ParsingPackageUtils.java:305)
07-04 01:36:29.987 11070 11361 E AconfigFlags: 	at com.android.internal.pm.parsing.PackageParser2.<init>(PackageParser2.java:99)
07-04 01:36:29.987 11070 11361 E AconfigFlags: 	at android.content.pm.PackageManager.getPackageArchiveInfo(PackageManager.java:8843)
07-04 01:36:29.987 11070 11361 E AconfigFlags: 	at android.content.pm.PackageManager.getPackageArchiveInfo(PackageManager.java:8816)
07-04 01:36:29.987 11070 11361 E AconfigFlags: 	at gy.a.e(source.java:23)
07-04 01:36:29.987 11070 11361 E AconfigFlags: 	at gy.a.a(source.java:1)
07-04 01:36:29.987 11070 11361 E AconfigFlags: 	at cy.c.m(source.java:37)
07-04 01:36:29.987 11070 11361 E AconfigFlags: 	at cy.c.U(source.java:37)
07-04 01:36:29.987 11070 11361 E AconfigFlags: 	at cy.c.<init>(source.java:16)
07-04 01:36:29.987 11070 11361 E AconfigFlags: 	at cy.i.f(source.java:91)
07-04 01:36:29.987 11070 11361 E AconfigFlags: 	at cy.i.a(source.java:74)
07-04 01:36:29.987 11070 11361 E AconfigFlags: 	at cy.d.d(source.java:20)
07-04 01:36:29.987 11070 11361 E AconfigFlags: 	at com.afmobi.palmplay.cloudfolder.CloudFolderRemoteController$analysisNeedParseTheme$1.invokeSuspend(source.java:101)
07-04 01:36:29.987 11070 11361 E AconfigFlags: 	at kotlin.coroutines.jvm.internal.BaseContinuationImpl.resumeWith(source.java:12)
07-04 01:36:29.987 11070 11361 E AconfigFlags: 	at kotlinx.coroutines.z0.run(source.java:126)
07-04 01:36:29.987 11070 11361 E AconfigFlags: 	at k50.j$a.run(source.java:4)
07-04 01:36:29.987 11070 11361 E AconfigFlags: 	at m50.h.run(source.java:3)
07-04 01:36:29.987 11070 11361 E AconfigFlags: 	at kotlinx.coroutines.scheduling.CoroutineScheduler.F(source.java:1)
07-04 01:36:29.987 11070 11361 E AconfigFlags: 	at kotlinx.coroutines.scheduling.CoroutineScheduler$c.b(source.java:34)
07-04 01:36:29.987 11070 11361 E AconfigFlags: 	at kotlinx.coroutines.scheduling.CoroutineScheduler$c.m(source.java:29)
07-04 01:36:29.987 11070 11361 E AconfigFlags: 	at kotlinx.coroutines.scheduling.CoroutineScheduler$c.run(source.java:1)
07-04 01:36:29.987 11070 11361 E AconfigFlags: Caused by: android.system.ErrnoException: open failed: ENOENT (No such file or directory)
07-04 01:36:29.987 11070 11361 E AconfigFlags: 	at libcore.io.Linux.open(Native Method)
07-04 01:36:29.987 11070 11361 E AconfigFlags: 	at libcore.io.ForwardingOs.open(ForwardingOs.java:579)
07-04 01:36:29.987 11070 11361 E AconfigFlags: 	at libcore.io.BlockGuardOs.open(BlockGuardOs.java:274)
07-04 01:36:29.987 11070 11361 E AconfigFlags: 	at libcore.io.ForwardingOs.open(ForwardingOs.java:579)
07-04 01:36:29.987 11070 11361 E AconfigFlags: 	at android.app.ActivityThread$AndroidOs.open(ActivityThread.java:9048)
07-04 01:36:29.987 11070 11361 E AconfigFlags: 	at libcore.io.IoBridge.open(IoBridge.java:560)
07-04 01:36:29.987 11070 11361 E AconfigFlags: 	... 24 more
07-04 01:36:29.987 11393 11492 E CamAp_ReflectionUtils: findClass ClassNotFoundException: com.transsion.camera.feature.dv_template.DVTemplateSettingEntry
07-04 01:36:29.987 11393 11492 E CamAp_ReflectionUtils: findClass ClassNotFoundException: com.transsion.camera.feature.dv_template.filter_icon.DVTemplateFilterIconEntry
07-04 01:36:29.987 11393 11492 E CamAp_ReflectionUtils: findClass ClassNotFoundException: com.transsion.camera.feature.dv_template.entrance.DVTemplateEntranceSettingOptionEntry
07-04 01:36:29.988 11393 11492 E CamAp_ReflectionUtils: findClass ClassNotFoundException: com.transsion.camera.feature.mode.video.DVVideoModeEntry
07-04 01:36:29.988 11393 11492 E CamAp_ReflectionUtils: findClass ClassNotFoundException: com.transsion.camera.feature.mode.gopro.GoProModeEntry
07-04 01:36:29.988 11393 11492 E CamAp_ReflectionUtils: findClass ClassNotFoundException: com.transsion.camera.feature.mode.motioncapture.MotionCaptureModeEntry
07-04 01:36:29.988 11393 11492 E CamAp_ReflectionUtils: findClass ClassNotFoundException: com.transsion.camera.feature.setting.motiondetectswitch.MotionDetectSwitchEntry
07-04 01:36:29.988 11393 11492 E CamAp_ReflectionUtils: findClass ClassNotFoundException: com.transsion.camera.feature.mode.streetphoto.StreetPhotoModeEntry
07-04 01:36:29.988 11393 11492 E CamAp_ReflectionUtils: findClass ClassNotFoundException: com.transsion.camera.feature.setting.focusdistance.FocusDistanceEntry
07-04 01:36:29.988 11393 11492 E CamAp_ReflectionUtils: findClass ClassNotFoundException: com.transsion.camera.feature.setting.oneclickefficiency.OneClickEfficiencyEntry
07-04 01:36:29.988 11393 11492 E CamAp_ReflectionUtils: findClass ClassNotFoundException: com.transsion.camera.feature.setting.streetphotostyle.StreetPhotoStyleEntry
07-04 01:36:29.988 11393 11492 E CamAp_ReflectionUtils: findClass ClassNotFoundException: com.transsion.camera.feature.colorstyle.setting.ColorStyleEntry
07-04 01:36:29.989 11393 11492 E CamAp_ReflectionUtils: findClass ClassNotFoundException: com.transsion.camera.feature.setting.zoomeis.ZoomEisEntry
07-04 01:36:29.989 11393 11492 E CamAp_ReflectionUtils: findClass ClassNotFoundException: com.transsion.camera.feature.setting.groupcapture.GroupCaptureEntry
07-04 01:36:29.993 11393 11492 E CamAp_ReflectionUtils: findClass ClassNotFoundException: com.transsion.camera.feature.bgservice.BGServiceProxy
07-04 01:36:30.015 11393 11491 E ranssion.camera: Invalid resource ID 0x00000000.
07-04 01:36:30.015 11393 11486 E VendorTagDescriptor: lookupTag: Tag name 'availableAiDetectMode' does not exist.
07-04 01:36:30.024 11393 11492 E CamAp_ReflectionUtils: findClass ClassNotFoundException: com.transsion.camera.feature.asdenhance.ASDEnhance
07-04 01:36:30.024 11393 11492 E CamAp_ReflectionUtils: findClass ClassNotFoundException: com.transsion.camera.featurelibs.makeup.MakeUpAlgorithm
07-04 01:36:30.026 11393 11486 E VendorTagDescriptor: lookupTag: Tag name 'availableAisMotionResult' does not exist.
07-04 01:36:30.027 11393 11486 E VendorTagDescriptor: lookupTag: Tag name 'fovcrop' does not exist.
07-04 01:36:30.027 11393 11486 E VendorTagDescriptor: lookupTag: Tag name 'highlightStrengthenEn' does not exist.
07-04 01:36:30.027 11393 11486 E VendorTagDescriptor: lookupTag: Tag name 'fakeSensorMode' does not exist.
07-04 01:36:30.029 11393 11486 E VendorTagDescriptor: lookupTag: Tag name 'sprdMultiCameraMode' does not exist.
07-04 01:36:30.030 11393 11486 E VendorTagDescriptor: lookupTag: Tag name 'sprdMultiCameraID' does not exist.
07-04 01:36:30.030 11393 11486 E VendorTagDescriptor: lookupTag: Tag name 'sprdMultiFnumberRange' does not exist.
07-04 01:36:30.030 11393 11486 E VendorTagDescriptor: lookupTag: Tag name 'micromode' does not exist.
07-04 01:36:30.030 11393 11486 E VendorTagDescriptor: lookupTag: Tag name 'tranAvailableHighResolution' does not exist.
07-04 01:36:30.031 11393 11486 E VendorTagDescriptor: lookupTag: Tag name 'availableslimbodyMode' does not exist.
07-04 01:36:30.032 11393 11486 E VendorTagDescriptor: lookupTag: Tag name 'slimbodyFeaturesize' does not exist.
07-04 01:36:30.032 11393 11486 E VendorTagDescriptor: lookupTag: Tag name 'tranCtsInterpolationSize' does not exist.
07-04 01:36:30.032 11393 11486 E VendorTagDescriptor: lookupTag: Tag name 'tranAvailableVideoEIS' does not exist.
07-04 01:36:30.033 11393 11492 E CamAp_ReflectionUtils: findClass ClassNotFoundException: com.transsion.camera.feature.setting.videohdr.preview.VideoHDRPreview
07-04 01:36:30.033 11393 11492 E CamAp_ReflectionUtils: findClass ClassNotFoundException: com.transsion.camera.analytics.AnalyticsImpl
07-04 01:36:30.033 11393 11486 E VendorTagDescriptor: lookupTag: Tag name 'aePreCapFlowSupport' does not exist.
07-04 01:36:30.033 11393 11492 E CamAp_ReflectionUtils: findClass ClassNotFoundException: com.transsion.camera.feature.supernightfilter.setting.SuperNightFilterInfo
07-04 01:36:30.033 11393 11492 E CamAp_ReflectionUtils: findClass ClassNotFoundException: com.transsion.camera.feature.setting.superdefinition.SuperDefinitionRestriction
07-04 01:36:30.033 11393 11486 E VendorTagDescriptor: lookupTag: Tag name 'availableVideoSuperNightYuvMode' does not exist.
07-04 01:36:30.033 11393 11486 E VendorTagDescriptor: lookupTag: Tag name 'availableFilterType' does not exist.
07-04 01:36:30.034 11393 11486 E VendorTagDescriptor: lookupTag: Tag name 'availableHfpsMaxResolutions' does not exist.
07-04 01:36:30.034 11393 11486 E VendorTagDescriptor: lookupTag: Tag name 'availableHfpsModes' does not exist.
07-04 01:36:30.034 11393 11486 E VendorTagDescriptor: lookupTag: Tag name 'availableMaxMagicskyType' does not exist.
07-04 01:36:30.039 11393 11486 E VendorTagDescriptor: lookupTag: Tag name 'tranRearPortrait8MSupport' does not exist.
07-04 01:36:30.040 11393 11486 E VendorTagDescriptor: lookupTag: Tag name 'tranRearPortrait8MSize' does not exist.
07-04 01:36:30.059 11393 11492 E CamAp_ReflectionUtils: findClass ClassNotFoundException: com.transsion.camera.feature.setting.widecamera.WideCameraRestriction
07-04 01:36:30.064 11393 11486 E VendorTagDescriptor: lookupTag: Tag name 'availableAiDetectMode' does not exist.
07-04 01:36:30.065 11393 11486 E VendorTagDescriptor: lookupTag: Tag name 'availableAisMotionResult' does not exist.
07-04 01:36:30.065 11393 11486 E VendorTagDescriptor: lookupTag: Tag name 'fovcrop' does not exist.
07-04 01:36:30.075 11393 11486 E VendorTagDescriptor: lookupTag: Tag name 'highlightStrengthenEn' does not exist.
07-04 01:36:30.075 11393 11492 E CamAp_ReflectionUtils: findClass ClassNotFoundException: com.transsion.camera.feature.setting.macro.MacroRestriction
07-04 01:36:30.090 11393 11486 E VendorTagDescriptor: lookupTag: Tag name 'fakeSensorMode' does not exist.
07-04 01:36:30.090 11393 11486 E VendorTagDescriptor: lookupTag: Tag name 'sprdMultiCameraMode' does not exist.
07-04 01:36:30.090 11393 11486 E VendorTagDescriptor: lookupTag: Tag name 'sprdMultiCameraID' does not exist.
07-04 01:36:30.091 11393 11486 E VendorTagDescriptor: lookupTag: Tag name 'sprdMultiFnumberRange' does not exist.
07-04 01:36:30.091 11393 11491 E ranssion.camera: Invalid resource ID 0x00000000.
07-04 01:36:30.091 11393 11486 E VendorTagDescriptor: lookupTag: Tag name 'micromode' does not exist.
07-04 01:36:30.091 11393 11486 E VendorTagDescriptor: lookupTag: Tag name 'tranAvailableHighResolution' does not exist.
07-04 01:36:30.091 11393 11486 E VendorTagDescriptor: lookupTag: Tag name 'availableslimbodyMode' does not exist.
07-04 01:36:30.092 11393 11486 E VendorTagDescriptor: lookupTag: Tag name 'slimbodyFeaturesize' does not exist.
07-04 01:36:30.092 11393 11486 E VendorTagDescriptor: lookupTag: Tag name 'tranCtsInterpolationSize' does not exist.
07-04 01:36:30.092 11393 11486 E VendorTagDescriptor: lookupTag: Tag name 'tranAvailableVideoEIS' does not exist.
07-04 01:36:30.092 11393 11486 E VendorTagDescriptor: lookupTag: Tag name 'aePreCapFlowSupport' does not exist.
07-04 01:36:30.093 11393 11486 E VendorTagDescriptor: lookupTag: Tag name 'availableVideoSuperNightYuvMode' does not exist.
07-04 01:36:30.093 11393 11486 E VendorTagDescriptor: lookupTag: Tag name 'availableFilterType' does not exist.
07-04 01:36:30.093 11393 11486 E VendorTagDescriptor: lookupTag: Tag name 'availableHfpsMaxResolutions' does not exist.
07-04 01:36:30.094 11393 11486 E VendorTagDescriptor: lookupTag: Tag name 'availableHfpsModes' does not exist.
07-04 01:36:30.094 11393 11486 E VendorTagDescriptor: lookupTag: Tag name 'availableMaxMagicskyType' does not exist.
07-04 01:36:30.097 11393 11486 E VendorTagDescriptor: lookupTag: Tag name 'tranRearPortrait8MSupport' does not exist.
07-04 01:36:30.101 11393 11491 E ranssion.camera: Invalid resource ID 0x00000000.
07-04 01:36:30.103 11393 11486 E VendorTagDescriptor: lookupTag: Tag name 'tranRearPortrait8MSize' does not exist.
07-04 01:36:30.146 11393 11491 E ranssion.camera: Invalid resource ID 0x00000000.
07-04 01:36:30.147 11393 11486 E VendorTagDescriptor: lookupTag: Tag name 'availableAiDetectMode' does not exist.
07-04 01:36:30.148 11393 11486 E VendorTagDescriptor: lookupTag: Tag name 'availableAisMotionResult' does not exist.
07-04 01:36:30.148 11393 11486 E VendorTagDescriptor: lookupTag: Tag name 'fovcrop' does not exist.
07-04 01:36:30.149 11393 11486 E VendorTagDescriptor: lookupTag: Tag name 'highlightStrengthenEn' does not exist.
07-04 01:36:30.149 11393 11486 E VendorTagDescriptor: lookupTag: Tag name 'fakeSensorMode' does not exist.
07-04 01:36:30.149 11393 11486 E VendorTagDescriptor: lookupTag: Tag name 'sprdMultiCameraMode' does not exist.
07-04 01:36:30.149 11393 11486 E VendorTagDescriptor: lookupTag: Tag name 'sprdMultiCameraID' does not exist.
07-04 01:36:30.149 11393 11486 E VendorTagDescriptor: lookupTag: Tag name 'sprdMultiFnumberRange' does not exist.
07-04 01:36:30.149 11393 11486 E VendorTagDescriptor: lookupTag: Tag name 'micromode' does not exist.
07-04 01:36:30.150 11393 11486 E VendorTagDescriptor: lookupTag: Tag name 'tranAvailableHighResolution' does not exist.
07-04 01:36:30.150 11393 11486 E VendorTagDescriptor: lookupTag: Tag name 'availableslimbodyMode' does not exist.
07-04 01:36:30.150 11393 11486 E VendorTagDescriptor: lookupTag: Tag name 'slimbodyFeaturesize' does not exist.
07-04 01:36:30.150 11393 11486 E VendorTagDescriptor: lookupTag: Tag name 'tranCtsInterpolationSize' does not exist.
07-04 01:36:30.151 11393 11486 E VendorTagDescriptor: lookupTag: Tag name 'tranAvailableVideoEIS' does not exist.
07-04 01:36:30.151 11393 11486 E VendorTagDescriptor: lookupTag: Tag name 'aePreCapFlowSupport' does not exist.
07-04 01:36:30.151 11393 11486 E VendorTagDescriptor: lookupTag: Tag name 'availableVideoSuperNightYuvMode' does not exist.
07-04 01:36:30.151 11393 11486 E VendorTagDescriptor: lookupTag: Tag name 'availableFilterType' does not exist.
07-04 01:36:30.152 11393 11486 E VendorTagDescriptor: lookupTag: Tag name 'availableHfpsMaxResolutions' does not exist.
07-04 01:36:30.152 11393 11486 E VendorTagDescriptor: lookupTag: Tag name 'availableHfpsModes' does not exist.
07-04 01:36:30.152 11393 11486 E VendorTagDescriptor: lookupTag: Tag name 'availableMaxMagicskyType' does not exist.
07-04 01:36:30.152 11393 11486 E VendorTagDescriptor: lookupTag: Tag name 'tranRearPortrait8MSupport' does not exist.
07-04 01:36:30.152 11393 11486 E VendorTagDescriptor: lookupTag: Tag name 'tranRearPortrait8MSize' does not exist.
07-04 01:36:30.210 11393 11486 E VendorTagDescriptor: lookupTag: Tag name 'availableAiDetectMode' does not exist.
07-04 01:36:30.212 11393 11486 E VendorTagDescriptor: lookupTag: Tag name 'availableAisMotionResult' does not exist.
07-04 01:36:30.213 11393 11486 E VendorTagDescriptor: lookupTag: Tag name 'fovcrop' does not exist.
07-04 01:36:30.214 11393 11486 E VendorTagDescriptor: lookupTag: Tag name 'highlightStrengthenEn' does not exist.
07-04 01:36:30.221 11393 11491 E ranssion.camera: Invalid resource ID 0x00000000.
07-04 01:36:30.222 11393 11486 E VendorTagDescriptor: lookupTag: Tag name 'fakeSensorMode' does not exist.
07-04 01:36:30.223 11393 11486 E VendorTagDescriptor: lookupTag: Tag name 'sprdMultiCameraMode' does not exist.
07-04 01:36:30.223 11393 11486 E VendorTagDescriptor: lookupTag: Tag name 'sprdMultiCameraID' does not exist.
07-04 01:36:30.223 11393 11486 E VendorTagDescriptor: lookupTag: Tag name 'sprdMultiFnumberRange' does not exist.
07-04 01:36:30.223 11393 11486 E VendorTagDescriptor: lookupTag: Tag name 'micromode' does not exist.
07-04 01:36:30.224 11393 11486 E VendorTagDescriptor: lookupTag: Tag name 'tranAvailableHighResolution' does not exist.
07-04 01:36:30.224 11393 11486 E VendorTagDescriptor: lookupTag: Tag name 'availableslimbodyMode' does not exist.
07-04 01:36:30.225 11393 11486 E VendorTagDescriptor: lookupTag: Tag name 'slimbodyFeaturesize' does not exist.
07-04 01:36:30.225 11393 11486 E VendorTagDescriptor: lookupTag: Tag name 'tranCtsInterpolationSize' does not exist.
07-04 01:36:30.225 11393 11486 E VendorTagDescriptor: lookupTag: Tag name 'tranAvailableVideoEIS' does not exist.
07-04 01:36:30.226 11393 11486 E VendorTagDescriptor: lookupTag: Tag name 'aePreCapFlowSupport' does not exist.
07-04 01:36:30.227 11393 11486 E VendorTagDescriptor: lookupTag: Tag name 'availableVideoSuperNightYuvMode' does not exist.
07-04 01:36:30.227 11393 11486 E VendorTagDescriptor: lookupTag: Tag name 'availableFilterType' does not exist.
07-04 01:36:30.228 11393 11486 E VendorTagDescriptor: lookupTag: Tag name 'availableHfpsMaxResolutions' does not exist.
07-04 01:36:30.228 11393 11486 E VendorTagDescriptor: lookupTag: Tag name 'availableHfpsModes' does not exist.
07-04 01:36:30.229 11393 11486 E VendorTagDescriptor: lookupTag: Tag name 'availableMaxMagicskyType' does not exist.
07-04 01:36:30.229 11393 11486 E VendorTagDescriptor: lookupTag: Tag name 'tranRearPortrait8MSupport' does not exist.
07-04 01:36:30.230 11393 11486 E VendorTagDescriptor: lookupTag: Tag name 'tranRearPortrait8MSize' does not exist.
07-04 01:36:30.236 11393 11486 E VendorTagDescriptor: lookupTag: Tag name 'availableAiDetectMode' does not exist.
07-04 01:36:30.236 11393 11486 E VendorTagDescriptor: lookupTag: Tag name 'availableAisMotionResult' does not exist.
07-04 01:36:30.237 11393 11486 E VendorTagDescriptor: lookupTag: Tag name 'fovcrop' does not exist.
07-04 01:36:30.237 11393 11486 E VendorTagDescriptor: lookupTag: Tag name 'highlightStrengthenEn' does not exist.
07-04 01:36:30.237 11393 11486 E VendorTagDescriptor: lookupTag: Tag name 'fakeSensorMode' does not exist.
07-04 01:36:30.237 11393 11486 E VendorTagDescriptor: lookupTag: Tag name 'sprdMultiCameraMode' does not exist.
07-04 01:36:30.237 11393 11486 E VendorTagDescriptor: lookupTag: Tag name 'sprdMultiCameraID' does not exist.
07-04 01:36:30.237 11393 11486 E VendorTagDescriptor: lookupTag: Tag name 'sprdMultiFnumberRange' does not exist.
07-04 01:36:30.237 11393 11486 E VendorTagDescriptor: lookupTag: Tag name 'micromode' does not exist.
07-04 01:36:30.237 11393 11486 E VendorTagDescriptor: lookupTag: Tag name 'tranAvailableHighResolution' does not exist.
07-04 01:36:30.237 11393 11486 E VendorTagDescriptor: lookupTag: Tag name 'availableslimbodyMode' does not exist.
07-04 01:36:30.237 11393 11486 E VendorTagDescriptor: lookupTag: Tag name 'slimbodyFeaturesize' does not exist.
07-04 01:36:30.237 11393 11486 E VendorTagDescriptor: lookupTag: Tag name 'tranCtsInterpolationSize' does not exist.
07-04 01:36:30.237 11393 11486 E VendorTagDescriptor: lookupTag: Tag name 'tranAvailableVideoEIS' does not exist.
07-04 01:36:30.238 11393 11486 E VendorTagDescriptor: lookupTag: Tag name 'aePreCapFlowSupport' does not exist.
07-04 01:36:30.238 11393 11486 E VendorTagDescriptor: lookupTag: Tag name 'availableVideoSuperNightYuvMode' does not exist.
07-04 01:36:30.238 11393 11486 E VendorTagDescriptor: lookupTag: Tag name 'availableFilterType' does not exist.
07-04 01:36:30.238 11393 11486 E VendorTagDescriptor: lookupTag: Tag name 'availableHfpsMaxResolutions' does not exist.
07-04 01:36:30.238 11393 11486 E VendorTagDescriptor: lookupTag: Tag name 'availableHfpsModes' does not exist.
07-04 01:36:30.238 11393 11486 E VendorTagDescriptor: lookupTag: Tag name 'availableMaxMagicskyType' does not exist.
07-04 01:36:30.238 11393 11486 E VendorTagDescriptor: lookupTag: Tag name 'tranRearPortrait8MSupport' does not exist.
07-04 01:36:30.238 11393 11486 E VendorTagDescriptor: lookupTag: Tag name 'tranRearPortrait8MSize' does not exist.
07-04 01:36:30.243 11423 11423 E ProcessManagerImpl: getUidByPackageName fail
07-04 01:36:30.246 11393 11486 E VendorTagDescriptor: lookupTag: Tag name 'availableAiDetectMode' does not exist.
07-04 01:36:30.250 11393 11486 E VendorTagDescriptor: lookupTag: Tag name 'availableAisMotionResult' does not exist.
07-04 01:36:30.263 11423 11423 E ProcessManagerImpl: getUidByPackageName fail
07-04 01:36:30.282 11393 11486 E VendorTagDescriptor: lookupTag: Tag name 'fovcrop' does not exist.
07-04 01:36:30.282 11393 11486 E VendorTagDescriptor: lookupTag: Tag name 'highlightStrengthenEn' does not exist.
07-04 01:36:30.283 11393 11486 E VendorTagDescriptor: lookupTag: Tag name 'fakeSensorMode' does not exist.
07-04 01:36:30.283 11393 11486 E VendorTagDescriptor: lookupTag: Tag name 'sprdMultiCameraMode' does not exist.
07-04 01:36:30.283 11393 11486 E VendorTagDescriptor: lookupTag: Tag name 'sprdMultiCameraID' does not exist.
07-04 01:36:30.283 11393 11486 E VendorTagDescriptor: lookupTag: Tag name 'sprdMultiFnumberRange' does not exist.
07-04 01:36:30.283 11393 11486 E VendorTagDescriptor: lookupTag: Tag name 'micromode' does not exist.
07-04 01:36:30.283 11393 11486 E VendorTagDescriptor: lookupTag: Tag name 'tranAvailableHighResolution' does not exist.
07-04 01:36:30.283 11393 11486 E VendorTagDescriptor: lookupTag: Tag name 'availableslimbodyMode' does not exist.
07-04 01:36:30.283 11393 11486 E VendorTagDescriptor: lookupTag: Tag name 'slimbodyFeaturesize' does not exist.
07-04 01:36:30.283 11393 11486 E VendorTagDescriptor: lookupTag: Tag name 'tranCtsInterpolationSize' does not exist.
07-04 01:36:30.283 11393 11486 E VendorTagDescriptor: lookupTag: Tag name 'tranAvailableVideoEIS' does not exist.
07-04 01:36:30.283 11393 11486 E VendorTagDescriptor: lookupTag: Tag name 'aePreCapFlowSupport' does not exist.
07-04 01:36:30.284 11393 11486 E VendorTagDescriptor: lookupTag: Tag name 'availableVideoSuperNightYuvMode' does not exist.
07-04 01:36:30.284 11393 11486 E VendorTagDescriptor: lookupTag: Tag name 'availableFilterType' does not exist.
07-04 01:36:30.284 11393 11486 E VendorTagDescriptor: lookupTag: Tag name 'availableHfpsMaxResolutions' does not exist.
07-04 01:36:30.284 11393 11486 E VendorTagDescriptor: lookupTag: Tag name 'availableHfpsModes' does not exist.
07-04 01:36:30.284 11393 11486 E VendorTagDescriptor: lookupTag: Tag name 'availableMaxMagicskyType' does not exist.
07-04 01:36:30.284 11393 11486 E VendorTagDescriptor: lookupTag: Tag name 'tranRearPortrait8MSupport' does not exist.
07-04 01:36:30.284 11393 11486 E VendorTagDescriptor: lookupTag: Tag name 'tranRearPortrait8MSize' does not exist.
07-04 01:36:30.287 11393 11486 E VendorTagDescriptor: lookupTag: Tag name 'availableAiDetectMode' does not exist.
07-04 01:36:30.288 11393 11486 E VendorTagDescriptor: lookupTag: Tag name 'availableAisMotionResult' does not exist.
07-04 01:36:30.288 11393 11486 E VendorTagDescriptor: lookupTag: Tag name 'fovcrop' does not exist.
07-04 01:36:30.288 11393 11486 E VendorTagDescriptor: lookupTag: Tag name 'highlightStrengthenEn' does not exist.
07-04 01:36:30.289 11393 11486 E VendorTagDescriptor: lookupTag: Tag name 'fakeSensorMode' does not exist.
07-04 01:36:30.289 11393 11486 E VendorTagDescriptor: lookupTag: Tag name 'sprdMultiCameraMode' does not exist.
07-04 01:36:30.289 11393 11486 E VendorTagDescriptor: lookupTag: Tag name 'sprdMultiCameraID' does not exist.
07-04 01:36:30.289 11393 11486 E VendorTagDescriptor: lookupTag: Tag name 'sprdMultiFnumberRange' does not exist.
07-04 01:36:30.289 11393 11486 E VendorTagDescriptor: lookupTag: Tag name 'micromode' does not exist.
07-04 01:36:30.289 11393 11486 E VendorTagDescriptor: lookupTag: Tag name 'tranAvailableHighResolution' does not exist.
07-04 01:36:30.294 11393 11486 E VendorTagDescriptor: lookupTag: Tag name 'availableslimbodyMode' does not exist.
07-04 01:36:30.297 11393 11486 E VendorTagDescriptor: lookupTag: Tag name 'slimbodyFeaturesize' does not exist.
07-04 01:36:30.298 11393 11486 E VendorTagDescriptor: lookupTag: Tag name 'tranCtsInterpolationSize' does not exist.
07-04 01:36:30.298 11393 11486 E VendorTagDescriptor: lookupTag: Tag name 'tranAvailableVideoEIS' does not exist.
07-04 01:36:30.299 11393 11486 E VendorTagDescriptor: lookupTag: Tag name 'aePreCapFlowSupport' does not exist.
07-04 01:36:30.299 11393 11486 E VendorTagDescriptor: lookupTag: Tag name 'availableVideoSuperNightYuvMode' does not exist.
07-04 01:36:30.300 11393 11486 E VendorTagDescriptor: lookupTag: Tag name 'availableFilterType' does not exist.
07-04 01:36:30.300 11393 11486 E VendorTagDescriptor: lookupTag: Tag name 'availableHfpsMaxResolutions' does not exist.
07-04 01:36:30.300 11393 11486 E VendorTagDescriptor: lookupTag: Tag name 'availableHfpsModes' does not exist.
07-04 01:36:30.300 11393 11486 E VendorTagDescriptor: lookupTag: Tag name 'availableMaxMagicskyType' does not exist.
07-04 01:36:30.301 11393 11486 E VendorTagDescriptor: lookupTag: Tag name 'tranRearPortrait8MSupport' does not exist.
07-04 01:36:30.301 11393 11486 E VendorTagDescriptor: lookupTag: Tag name 'tranRearPortrait8MSize' does not exist.
07-04 01:36:30.311 11393 11486 E VendorTagDescriptor: lookupTag: Tag name 'availableAiDetectMode' does not exist.
07-04 01:36:30.312 11393 11486 E VendorTagDescriptor: lookupTag: Tag name 'availableAisMotionResult' does not exist.
07-04 01:36:30.313 11393 11486 E VendorTagDescriptor: lookupTag: Tag name 'fovcrop' does not exist.
07-04 01:36:30.313 11393 11486 E VendorTagDescriptor: lookupTag: Tag name 'highlightStrengthenEn' does not exist.
07-04 01:36:30.313 11393 11486 E VendorTagDescriptor: lookupTag: Tag name 'fakeSensorMode' does not exist.
07-04 01:36:30.313 11393 11486 E VendorTagDescriptor: lookupTag: Tag name 'sprdMultiCameraMode' does not exist.
07-04 01:36:30.313 11393 11486 E VendorTagDescriptor: lookupTag: Tag name 'sprdMultiCameraID' does not exist.
07-04 01:36:30.313 11393 11486 E VendorTagDescriptor: lookupTag: Tag name 'sprdMultiFnumberRange' does not exist.
07-04 01:36:30.314 11393 11486 E VendorTagDescriptor: lookupTag: Tag name 'micromode' does not exist.
07-04 01:36:30.323 11393 11486 E VendorTagDescriptor: lookupTag: Tag name 'tranAvailableHighResolution' does not exist.
07-04 01:36:30.324 11393 11486 E VendorTagDescriptor: lookupTag: Tag name 'availableslimbodyMode' does not exist.
07-04 01:36:30.324 11393 11486 E VendorTagDescriptor: lookupTag: Tag name 'slimbodyFeaturesize' does not exist.
07-04 01:36:30.324 11393 11486 E VendorTagDescriptor: lookupTag: Tag name 'tranCtsInterpolationSize' does not exist.
07-04 01:36:30.324 11393 11486 E VendorTagDescriptor: lookupTag: Tag name 'tranAvailableVideoEIS' does not exist.
07-04 01:36:30.324 11393 11486 E VendorTagDescriptor: lookupTag: Tag name 'aePreCapFlowSupport' does not exist.
07-04 01:36:30.324 11393 11486 E VendorTagDescriptor: lookupTag: Tag name 'availableVideoSuperNightYuvMode' does not exist.
07-04 01:36:30.324 11393 11486 E VendorTagDescriptor: lookupTag: Tag name 'availableFilterType' does not exist.
07-04 01:36:30.325 11393 11486 E VendorTagDescriptor: lookupTag: Tag name 'availableHfpsMaxResolutions' does not exist.
07-04 01:36:30.325 11393 11486 E VendorTagDescriptor: lookupTag: Tag name 'availableHfpsModes' does not exist.
07-04 01:36:30.325 11393 11486 E VendorTagDescriptor: lookupTag: Tag name 'availableMaxMagicskyType' does not exist.
07-04 01:36:30.325 11393 11486 E VendorTagDescriptor: lookupTag: Tag name 'tranRearPortrait8MSupport' does not exist.
07-04 01:36:30.325 11393 11486 E VendorTagDescriptor: lookupTag: Tag name 'tranRearPortrait8MSize' does not exist.
07-04 01:36:30.331 11393 11486 E VendorTagDescriptor: lookupTag: Tag name 'availableAiDetectMode' does not exist.
07-04 01:36:30.331 11423 11423 E ProcessManagerImpl: getUidByPackageName fail
07-04 01:36:30.332 11393 11486 E VendorTagDescriptor: lookupTag: Tag name 'availableAisMotionResult' does not exist.
07-04 01:36:30.332 11393 11486 E VendorTagDescriptor: lookupTag: Tag name 'fovcrop' does not exist.
07-04 01:36:30.332 11393 11486 E VendorTagDescriptor: lookupTag: Tag name 'highlightStrengthenEn' does not exist.
07-04 01:36:30.332 11393 11486 E VendorTagDescriptor: lookupTag: Tag name 'fakeSensorMode' does not exist.
07-04 01:36:30.333 11393 11486 E VendorTagDescriptor: lookupTag: Tag name 'sprdMultiCameraMode' does not exist.
07-04 01:36:30.333 11393 11486 E VendorTagDescriptor: lookupTag: Tag name 'sprdMultiCameraID' does not exist.
07-04 01:36:30.333 11393 11486 E VendorTagDescriptor: lookupTag: Tag name 'sprdMultiFnumberRange' does not exist.
07-04 01:36:30.333 11393 11486 E VendorTagDescriptor: lookupTag: Tag name 'micromode' does not exist.
07-04 01:36:30.334 11393 11486 E VendorTagDescriptor: lookupTag: Tag name 'tranAvailableHighResolution' does not exist.
07-04 01:36:30.334 11393 11486 E VendorTagDescriptor: lookupTag: Tag name 'availableslimbodyMode' does not exist.
07-04 01:36:30.334 11393 11486 E VendorTagDescriptor: lookupTag: Tag name 'slimbodyFeaturesize' does not exist.
07-04 01:36:30.334 11393 11486 E VendorTagDescriptor: lookupTag: Tag name 'tranCtsInterpolationSize' does not exist.
07-04 01:36:30.335 11393 11486 E VendorTagDescriptor: lookupTag: Tag name 'tranAvailableVideoEIS' does not exist.
07-04 01:36:30.335 11393 11486 E VendorTagDescriptor: lookupTag: Tag name 'aePreCapFlowSupport' does not exist.
07-04 01:36:30.335 11393 11486 E VendorTagDescriptor: lookupTag: Tag name 'availableVideoSuperNightYuvMode' does not exist.
07-04 01:36:30.336 11393 11486 E VendorTagDescriptor: lookupTag: Tag name 'availableFilterType' does not exist.
07-04 01:36:30.336 11393 11486 E VendorTagDescriptor: lookupTag: Tag name 'availableHfpsMaxResolutions' does not exist.
07-04 01:36:30.336 11393 11486 E VendorTagDescriptor: lookupTag: Tag name 'availableHfpsModes' does not exist.
07-04 01:36:30.336 11393 11486 E VendorTagDescriptor: lookupTag: Tag name 'availableMaxMagicskyType' does not exist.
07-04 01:36:30.336 11393 11486 E VendorTagDescriptor: lookupTag: Tag name 'tranRearPortrait8MSupport' does not exist.
07-04 01:36:30.336 11393 11486 E VendorTagDescriptor: lookupTag: Tag name 'tranRearPortrait8MSize' does not exist.
07-04 01:36:30.334 11423 11423 E ProcessManagerImpl: getUidByPackageName fail
07-04 01:36:30.339 11393 11486 E VendorTagDescriptor: lookupTag: Tag name 'availableAiDetectMode' does not exist.
07-04 01:36:30.341 11393 11486 E VendorTagDescriptor: lookupTag: Tag name 'availableAisMotionResult' does not exist.
07-04 01:36:30.342 11393 11486 E VendorTagDescriptor: lookupTag: Tag name 'fovcrop' does not exist.
07-04 01:36:30.342 11393 11486 E VendorTagDescriptor: lookupTag: Tag name 'highlightStrengthenEn' does not exist.
07-04 01:36:30.342 11393 11486 E VendorTagDescriptor: lookupTag: Tag name 'fakeSensorMode' does not exist.
07-04 01:36:30.343 11393 11486 E VendorTagDescriptor: lookupTag: Tag name 'sprdMultiCameraMode' does not exist.
07-04 01:36:30.343 11393 11486 E VendorTagDescriptor: lookupTag: Tag name 'sprdMultiCameraID' does not exist.
07-04 01:36:30.343 11393 11486 E VendorTagDescriptor: lookupTag: Tag name 'sprdMultiFnumberRange' does not exist.
07-04 01:36:30.343 11393 11486 E VendorTagDescriptor: lookupTag: Tag name 'micromode' does not exist.
07-04 01:36:30.344 11393 11486 E VendorTagDescriptor: lookupTag: Tag name 'tranAvailableHighResolution' does not exist.
07-04 01:36:30.344 11393 11486 E VendorTagDescriptor: lookupTag: Tag name 'availableslimbodyMode' does not exist.
07-04 01:36:30.344 11393 11486 E VendorTagDescriptor: lookupTag: Tag name 'slimbodyFeaturesize' does not exist.
07-04 01:36:30.344 11393 11486 E VendorTagDescriptor: lookupTag: Tag name 'tranCtsInterpolationSize' does not exist.
07-04 01:36:30.345 11393 11486 E VendorTagDescriptor: lookupTag: Tag name 'tranAvailableVideoEIS' does not exist.
07-04 01:36:30.345 11423 11423 E ProcessManagerImpl: getUidByPackageName fail
07-04 01:36:30.345 11393 11486 E VendorTagDescriptor: lookupTag: Tag name 'aePreCapFlowSupport' does not exist.
07-04 01:36:30.345 11393 11486 E VendorTagDescriptor: lookupTag: Tag name 'availableVideoSuperNightYuvMode' does not exist.
07-04 01:36:30.345 11393 11486 E VendorTagDescriptor: lookupTag: Tag name 'availableFilterType' does not exist.
07-04 01:36:30.346 11393 11486 E VendorTagDescriptor: lookupTag: Tag name 'availableHfpsMaxResolutions' does not exist.
07-04 01:36:30.346 11393 11486 E VendorTagDescriptor: lookupTag: Tag name 'availableHfpsModes' does not exist.
07-04 01:36:30.346 11393 11486 E VendorTagDescriptor: lookupTag: Tag name 'availableMaxMagicskyType' does not exist.
07-04 01:36:30.346 11393 11486 E VendorTagDescriptor: lookupTag: Tag name 'tranRearPortrait8MSupport' does not exist.
07-04 01:36:30.346 11393 11486 E VendorTagDescriptor: lookupTag: Tag name 'tranRearPortrait8MSize' does not exist.
07-04 01:36:30.353 11423 11423 E ProcessManagerImpl: getUidByPackageName fail
07-04 01:36:30.358 11423 11423 E ProcessManagerImpl: getUidByPackageName fail
07-04 01:36:30.359 11423 11423 E ProcessManagerImpl: getUidByPackageName fail
07-04 01:36:30.361 11393 11486 E VendorTagDescriptor: lookupTag: Tag name 'availableAiDetectMode' does not exist.
07-04 01:36:30.361 11393 11486 E VendorTagDescriptor: lookupTag: Tag name 'availableAisMotionResult' does not exist.
07-04 01:36:30.362 11393 11486 E VendorTagDescriptor: lookupTag: Tag name 'fovcrop' does not exist.
07-04 01:36:30.362 11393 11486 E VendorTagDescriptor: lookupTag: Tag name 'highlightStrengthenEn' does not exist.
07-04 01:36:30.362 11393 11486 E VendorTagDescriptor: lookupTag: Tag name 'fakeSensorMode' does not exist.
07-04 01:36:30.362 11393 11486 E VendorTagDescriptor: lookupTag: Tag name 'sprdMultiCameraMode' does not exist.
07-04 01:36:30.362 11393 11486 E VendorTagDescriptor: lookupTag: Tag name 'sprdMultiCameraID' does not exist.
07-04 01:36:30.362 11393 11486 E VendorTagDescriptor: lookupTag: Tag name 'sprdMultiFnumberRange' does not exist.
07-04 01:36:30.363 11393 11486 E VendorTagDescriptor: lookupTag: Tag name 'micromode' does not exist.
07-04 01:36:30.363 11393 11486 E VendorTagDescriptor: lookupTag: Tag name 'tranAvailableHighResolution' does not exist.
07-04 01:36:30.363 11393 11486 E VendorTagDescriptor: lookupTag: Tag name 'availableslimbodyMode' does not exist.
07-04 01:36:30.363 11393 11486 E VendorTagDescriptor: lookupTag: Tag name 'slimbodyFeaturesize' does not exist.
07-04 01:36:30.363 11393 11486 E VendorTagDescriptor: lookupTag: Tag name 'tranCtsInterpolationSize' does not exist.
07-04 01:36:30.363 11393 11486 E VendorTagDescriptor: lookupTag: Tag name 'tranAvailableVideoEIS' does not exist.
07-04 01:36:30.363 11393 11486 E VendorTagDescriptor: lookupTag: Tag name 'aePreCapFlowSupport' does not exist.
07-04 01:36:30.363 11393 11486 E VendorTagDescriptor: lookupTag: Tag name 'availableVideoSuperNightYuvMode' does not exist.
07-04 01:36:30.363 11393 11486 E VendorTagDescriptor: lookupTag: Tag name 'availableFilterType' does not exist.
07-04 01:36:30.364 11393 11486 E VendorTagDescriptor: lookupTag: Tag name 'availableHfpsMaxResolutions' does not exist.
07-04 01:36:30.364 11393 11486 E VendorTagDescriptor: lookupTag: Tag name 'availableHfpsModes' does not exist.
07-04 01:36:30.364 11393 11486 E VendorTagDescriptor: lookupTag: Tag name 'availableMaxMagicskyType' does not exist.
07-04 01:36:30.364 11393 11486 E VendorTagDescriptor: lookupTag: Tag name 'tranRearPortrait8MSupport' does not exist.
07-04 01:36:30.364 11393 11486 E VendorTagDescriptor: lookupTag: Tag name 'tranRearPortrait8MSize' does not exist.
07-04 01:36:30.369 11393 11486 E VendorTagDescriptor: lookupTag: Tag name 'availableAiDetectMode' does not exist.
07-04 01:36:30.370 11393 11486 E VendorTagDescriptor: lookupTag: Tag name 'availableAisMotionResult' does not exist.
07-04 01:36:30.373 11423 11423 E ProcessManagerImpl: getUidByPackageName fail
07-04 01:36:30.374 11393 11486 E VendorTagDescriptor: lookupTag: Tag name 'fovcrop' does not exist.
07-04 01:36:30.374 11393 11486 E VendorTagDescriptor: lookupTag: Tag name 'highlightStrengthenEn' does not exist.
07-04 01:36:30.374 11393 11486 E VendorTagDescriptor: lookupTag: Tag name 'fakeSensorMode' does not exist.
07-04 01:36:30.384 11393 11486 E VendorTagDescriptor: lookupTag: Tag name 'sprdMultiCameraMode' does not exist.
07-04 01:36:30.384 11393 11486 E VendorTagDescriptor: lookupTag: Tag name 'sprdMultiCameraID' does not exist.
07-04 01:36:30.384 11393 11486 E VendorTagDescriptor: lookupTag: Tag name 'sprdMultiFnumberRange' does not exist.
07-04 01:36:30.384 11393 11486 E VendorTagDescriptor: lookupTag: Tag name 'micromode' does not exist.
07-04 01:36:30.385 11393 11486 E VendorTagDescriptor: lookupTag: Tag name 'tranAvailableHighResolution' does not exist.
07-04 01:36:30.385 11393 11486 E VendorTagDescriptor: lookupTag: Tag name 'availableslimbodyMode' does not exist.
07-04 01:36:30.385 11393 11486 E VendorTagDescriptor: lookupTag: Tag name 'slimbodyFeaturesize' does not exist.
07-04 01:36:30.385 11393 11486 E VendorTagDescriptor: lookupTag: Tag name 'tranCtsInterpolationSize' does not exist.
07-04 01:36:30.385 11393 11486 E VendorTagDescriptor: lookupTag: Tag name 'tranAvailableVideoEIS' does not exist.
07-04 01:36:30.385 11393 11486 E VendorTagDescriptor: lookupTag: Tag name 'aePreCapFlowSupport' does not exist.
07-04 01:36:30.385 11393 11486 E VendorTagDescriptor: lookupTag: Tag name 'availableVideoSuperNightYuvMode' does not exist.
