07-04 16:05:43.104 12068 12085 E AconfigFlags: Caused by: android.system.ErrnoException: open failed: ENOENT (No such file or directory)
07-04 16:05:43.104 12068 12085 E AconfigFlags: 	at libcore.io.Linux.open(Native Method)
07-04 16:05:43.104 12068 12085 E AconfigFlags: 	at libcore.io.ForwardingOs.open(ForwardingOs.java:579)
07-04 16:05:43.104 12068 12085 E AconfigFlags: 	at libcore.io.BlockGuardOs.open(BlockGuardOs.java:274)
07-04 16:05:43.104 12068 12085 E AconfigFlags: 	at libcore.io.ForwardingOs.open(ForwardingOs.java:579)
07-04 16:05:43.104 12068 12085 E AconfigFlags: 	at android.app.ActivityThread$AndroidOs.open(ActivityThread.java:9048)
07-04 16:05:43.104 12068 12085 E AconfigFlags: 	at libcore.io.IoBridge.open(IoBridge.java:560)
07-04 16:05:43.104 12068 12085 E AconfigFlags: 	... 19 more
07-04 16:05:43.213   437   437 E TrustyKeymaster: succeeded to send cmd (4) to com.android.trusty.keymaster with rc(1425). errno: Success
07-04 16:05:43.215   437   437 E TrustyKeymaster: Getting response size (28)
07-04 16:05:43.222   437   437 E TrustyKeymaster: succeeded to send cmd (8) to com.android.trusty.keymaster with rc(284). errno: Success
07-04 16:05:43.222   437   437 E TrustyKeymaster: Getting response size (28)
07-04 16:05:43.224   437   437 E TrustyKeymaster: succeeded to send cmd (12) to com.android.trusty.keymaster with rc(32). errno: Success
07-04 16:05:43.254   437   437 E TrustyKeymaster: Getting response size (60)
07-04 16:05:43.255   437   437 E TrustyKeymaster: succeeded to send cmd (4) to com.android.trusty.keymaster with rc(1425). errno: Success
07-04 16:05:43.256   437   437 E TrustyKeymaster: Getting response size (28)
07-04 16:05:43.259   437   437 E TrustyKeymaster: succeeded to send cmd (8) to com.android.trusty.keymaster with rc(284). errno: Success
07-04 16:05:43.260   437   437 E TrustyKeymaster: Getting response size (28)
07-04 16:05:43.262   437   437 E TrustyKeymaster: succeeded to send cmd (12) to com.android.trusty.keymaster with rc(32). errno: Success
07-04 16:05:43.294   437   437 E TrustyKeymaster: Getting response size (56)
07-04 16:05:43.331   437   437 E TrustyKeymaster: succeeded to send cmd (4) to com.android.trusty.keymaster with rc(1425). errno: Success
07-04 16:05:43.332   437   437 E TrustyKeymaster: Getting response size (28)
07-04 16:05:43.335   437   437 E TrustyKeymaster: succeeded to send cmd (8) to com.android.trusty.keymaster with rc(284). errno: Success
07-04 16:05:43.337   437   437 E TrustyKeymaster: Getting response size (28)
07-04 16:05:43.338   437   437 E TrustyKeymaster: succeeded to send cmd (12) to com.android.trusty.keymaster with rc(32). errno: Success
07-04 16:05:43.369   437   437 E TrustyKeymaster: Getting response size (88)
07-04 16:05:44.060 12068 12068 E InputChannelManager: dispose: count = 0
07-04 16:05:44.138  1163  1683 E TransitionController: Set visible without transition ActivityRecord{7903a7f u0 com.transsion.XOSLauncher/com.android.quickstep.RecentsActivity t15251 d0} playing=false hasRecentPlayingTransition=false defaultHome=ActivityRecord{4d24266 u0 com.babydola.launcherios/com.android.launcher3.Launcher t15249 d0} isHomeActivityNeedRestore=false caller=com.android.server.wm.ActivityTaskSupervisor.realStartActivityLocked:924 
07-04 16:05:44.436 12068 12068 E ActivityThread: performResumeActivity r = ActivityRecord{893d5ae token=android.os.BinderProxy@7b94939 {com.transsion.XOSLauncher/com.android.quickstep.RecentsActivity}} hideForNow = false
07-04 16:05:44.698   668   668 E vendor.sprd.hardware.combined@1.0-service: MemTrack_DEBUG--Open ion_system_heap failed
07-04 16:05:44.701   668   668 E vendor.sprd.hardware.combined@1.0-service: MemTrack_DEBUG--Open ion_system_heap failed
07-04 16:05:44.714 12068 12068 E DisplayEventDispatcher: dispatcher 0xb400007d30d5c780 ~ last event processed while scheduling was for 36552031
07-04 16:05:44.731   668   668 E vendor.sprd.hardware.combined@1.0-service: MemTrack_DEBUG--Open ion_system_heap failed
07-04 16:05:44.744   668   668 E vendor.sprd.hardware.combined@1.0-service: MemTrack_DEBUG--Open ion_system_heap failed
07-04 16:05:44.791   668   668 E vendor.sprd.hardware.combined@1.0-service: MemTrack_DEBUG--Open ion_system_heap failed
07-04 16:05:45.195   399   424 E NetlinkEvent: NetlinkEvent::FindParam(): Parameter 'ANOMALY' not found
07-04 16:05:45.195   399   424 E NetlinkEvent: NetlinkEvent::FindParam(): Parameter 'ERRCODE' not found
07-04 16:05:47.750 12068 12085 E incfs   : could not open IncFs kernel module "/vendor/lib/modules/incrementalfs.ko": No such file or directory
07-04 16:05:50.001   356   370 E lowmemorykiller: process_mrelease 11923 failed: No such process
07-04 16:05:50.070   356   371 E lowmemorykiller: process_mrelease 12008 failed: No such process
07-04 16:05:50.130   356   370 E lowmemorykiller: process_mrelease 11737 failed: No such process
07-04 16:05:50.204   399   424 E NetlinkEvent: NetlinkEvent::FindParam(): Parameter 'ANOMALY' not found
07-04 16:05:50.204   399   424 E NetlinkEvent: NetlinkEvent::FindParam(): Parameter 'ERRCODE' not found
07-04 16:05:50.206  1163  1279 E KernelCpuSpeedReader: Failed to read cpu-freq: /sys/devices/system/cpu/cpu٠/cpufreq/stats/time_in_state: open failed: ENOENT (No such file or directory)
07-04 16:05:50.206  1163  1279 E KernelCpuSpeedReader: Failed to read cpu-freq: /sys/devices/system/cpu/cpu٦/cpufreq/stats/time_in_state: open failed: ENOENT (No such file or directory)
07-04 16:05:50.209  1163  1279 E system_server: updateValue is called with a value 43543, which is lower than the previous value 43545
07-04 16:05:50.209  1163  1279 E system_server: updateValue is called with a value 98377, which is lower than the previous value 98379
07-04 16:05:50.284  1163  2285 E libprocessgroup: No such cgroup attribute: /sys/fs/cgroup/uid_90000/cgroup.freeze
07-04 16:05:53.066  1163  1244 E UnisocWatchdog: UnisocWatchdogImpl sendMessage:0
07-04 16:05:53.067  1163  1244 E UnisocWatchdog: sendMessage wait ok 
07-04 16:05:53.067  1163  1336 E UnisocWatchdog: UNISOCWATCHDOG_MESSAGE_TIMER30 trigger
07-04 16:05:53.332 12068 12085 E Launcher.IconCache: updateTitleForPackage error
07-04 16:05:53.332 12068 12085 E Launcher.IconCache: android.content.pm.PackageManager$NameNotFoundException: 
07-04 16:05:53.332 12068 12085 E Launcher.IconCache: 	at android.app.ApplicationPackageManager.getPackageInfoAsUser(ApplicationPackageManager.java:338)
07-04 16:05:53.332 12068 12085 E Launcher.IconCache: 	at android.app.ApplicationPackageManager.getPackageInfo(ApplicationPackageManager.java:298)
07-04 16:05:53.332 12068 12085 E Launcher.IconCache: 	at com.android.launcher3.icons.IconCache.getTitleAndIconForApp(SourceFile:6)
07-04 16:05:53.332 12068 12085 E Launcher.IconCache: 	at com.android.launcher3.model.WidgetsModel.setWidgetsAndShortcuts(SourceFile:121)
07-04 16:05:53.332 12068 12085 E Launcher.IconCache: 	at com.android.launcher3.model.WidgetsModel.update(SourceFile:164)
07-04 16:05:53.332 12068 12085 E Launcher.IconCache: 	at com.android.launcher3.c1.execute(SourceFile:16)
07-04 16:05:53.332 12068 12085 E Launcher.IconCache: 	at com.android.launcher3.LauncherModel.b(SourceFile:39)
07-04 16:05:53.332 12068 12085 E Launcher.IconCache: 	at com.android.launcher3.a1.run(SourceFile:10)
07-04 16:05:53.332 12068 12085 E Launcher.IconCache: 	at android.os.Handler.handleCallback(Handler.java:959)
07-04 16:05:53.332 12068 12085 E Launcher.IconCache: 	at android.os.Handler.dispatchMessage(Handler.java:100)
07-04 16:05:53.332 12068 12085 E Launcher.IconCache: 	at android.os.Looper.loopOnce(Looper.java:311)
07-04 16:05:53.332 12068 12085 E Launcher.IconCache: 	at android.os.Looper.loop(Looper.java:408)
07-04 16:05:53.332 12068 12085 E Launcher.IconCache: 	at android.os.HandlerThread.run(HandlerThread.java:85)
07-04 16:05:55.212   399   424 E NetlinkEvent: NetlinkEvent::FindParam(): Parameter 'ANOMALY' not found
07-04 16:05:55.212   399   424 E NetlinkEvent: NetlinkEvent::FindParam(): Parameter 'ERRCODE' not found
07-04 16:05:57.953  4262  4262 E Finsky  : [2] Setup::DSE: Failed to sync Phenotype experiments, time out after PT0.001S (Waited 1 milliseconds (plus 435269 nanoseconds delay) for jsj@8d1a2a5[status=PENDING, info=[tag=[jsh@16eb67a]]])
07-04 16:05:58.083 12274 12290 E cr_ChromiumAndroidLinker: RelroIsIdentical: Relocations are not identical, giving up.
07-04 16:05:58.083 12274 12290 E cr_ChromiumAndroidLinker: CompareRelroAndReplaceItBy: RELRO is not identical
07-04 16:05:58.182 12274 12290 E libEGL  : eglQueryStringImpl display is EGL_NO_DISPLAY
07-04 16:05:58.546 12205 12267 E FilePhenotypeFlags: Config package com.google.android.gms.auth_account_client#com.android.chrome cannot use FILE backing without declarative registration. See go/phenotype-android-integration#phenotype for more information. This will lead to stale flags.
07-04 16:05:58.762 12348 12348 E libc    : SetHeapTaggingLevel: re-enabling tagging after it was disabled is not supported
07-04 16:06:00.017   356   371 E lowmemorykiller: process_mrelease 11181 failed: No such process
07-04 16:06:00.092  1163  1366 E TranDynamicBarAnimControllerImpl: TranDynamicBarAnimControllerImpl setFromDynamicIslandToWindow pkgName:com.ayman.widget
07-04 16:06:00.092  1163  1366 E TranDynamicBarAnimControllerImpl: start setFromDynamicIslandToWindow startFromDynamicIsland:false
07-04 16:06:00.092  1163  1366 E TranDynamicBarAnimControllerImpl: end setFromDynamicIslandToWindow mDynamicIslandPkgName:com.ayman.widget mStartFromDynamicIsland:false
07-04 16:06:00.130  1163  1366 E TranDynamicBarAnimControllerImpl: TranDynamicBarAnimControllerImpl setFromDynamicIslandToWindow pkgName:com.ayman.widget
07-04 16:06:00.130  1163  1366 E TranDynamicBarAnimControllerImpl: start setFromDynamicIslandToWindow startFromDynamicIsland:false
07-04 16:06:00.130  1163  1366 E TranDynamicBarAnimControllerImpl: end setFromDynamicIslandToWindow mDynamicIslandPkgName:com.ayman.widget mStartFromDynamicIsland:false
07-04 16:06:00.230   399   424 E NetlinkEvent: NetlinkEvent::FindParam(): Parameter 'ANOMALY' not found
07-04 16:06:00.230   399   424 E NetlinkEvent: NetlinkEvent::FindParam(): Parameter 'ERRCODE' not found
07-04 16:06:00.411 12219 12399 E .apps.nbu.files: No package ID 74 found for resource ID 0x740b0013.
07-04 16:06:02.684 12387 12479 E om.ayman.widget: No package ID 74 found for resource ID 0x740b0013.
07-04 16:06:02.732  2670  2670 E memfusion: [MF]got no-anti notify 12 with value: 12068
07-04 16:06:02.732  2670  2670 E memfusion: /dev/memcg/antireclaim/tasks exist
07-04 16:06:03.194   356   370 E lowmemorykiller: process_mrelease 12387 failed: No such process
07-04 16:06:03.269   356   371 E lowmemorykiller: process_mrelease 26870 failed: No such process
07-04 16:06:03.622   437   437 E TrustyKeymaster: succeeded to send cmd (4) to com.android.trusty.keymaster with rc(286). errno: Success
07-04 16:06:03.623   437   437 E TrustyKeymaster: Getting response size (52)
07-04 16:06:03.642   437   437 E TrustyKeymaster: succeeded to send cmd (8) to com.android.trusty.keymaster with rc(162). errno: Success
07-04 16:06:03.642   437   437 E TrustyKeymaster: Getting response size (162)
07-04 16:06:03.644   437   437 E TrustyKeymaster: succeeded to send cmd (12) to com.android.trusty.keymaster with rc(32). errno: Success
07-04 16:06:03.644   437   437 E TrustyKeymaster: Getting response size (40)
07-04 16:06:05.072 12221 12221 E YT.mlplayer: setDefaultLoudnessTargetPreferenceState
07-04 16:06:05.085 12221 12221 E YT.mlplayer: setAudioDrc(enabled=1)
07-04 16:06:05.228   399   424 E NetlinkEvent: NetlinkEvent::FindParam(): Parameter 'ANOMALY' not found
07-04 16:06:05.228   399   424 E NetlinkEvent: NetlinkEvent::FindParam(): Parameter 'ERRCODE' not found
