07-03 22:36:06.483 18460 18473 E VendorTagDescriptor: lookupTag: Tag name 'fakeSensorMode' does not exist.
07-03 22:36:06.483 18460 18473 E VendorTagDescriptor: lookupTag: Tag name 'sprdMultiCameraMode' does not exist.
07-03 22:36:06.483 18460 18473 E VendorTagDescriptor: lookupTag: Tag name 'sprdMultiCameraID' does not exist.
07-03 22:36:06.483 18460 18473 E VendorTagDescriptor: lookupTag: Tag name 'sprdMultiFnumberRange' does not exist.
07-03 22:36:06.483 18460 18473 E VendorTagDescriptor: lookupTag: Tag name 'micromode' does not exist.
07-03 22:36:06.484 18460 18473 E VendorTagDescriptor: lookupTag: Tag name 'tranAvailableHighResolution' does not exist.
07-03 22:36:06.484 18460 18473 E VendorTagDescriptor: lookupTag: Tag name 'availableslimbodyMode' does not exist.
07-03 22:36:06.484 18460 18473 E VendorTagDescriptor: lookupTag: Tag name 'slimbodyFeaturesize' does not exist.
07-03 22:36:06.484 18460 18473 E VendorTagDescriptor: lookupTag: Tag name 'tranCtsInterpolationSize' does not exist.
07-03 22:36:06.484 18460 18473 E VendorTagDescriptor: lookupTag: Tag name 'tranAvailableVideoEIS' does not exist.
07-03 22:36:06.485 18460 18473 E VendorTagDescriptor: lookupTag: Tag name 'aePreCapFlowSupport' does not exist.
07-03 22:36:06.485 18460 18473 E VendorTagDescriptor: lookupTag: Tag name 'availableVideoSuperNightYuvMode' does not exist.
07-03 22:36:06.485 18460 18473 E VendorTagDescriptor: lookupTag: Tag name 'availableFilterType' does not exist.
07-03 22:36:06.485 18460 18473 E VendorTagDescriptor: lookupTag: Tag name 'availableHfpsMaxResolutions' does not exist.
07-03 22:36:06.485 18460 18473 E VendorTagDescriptor: lookupTag: Tag name 'availableHfpsModes' does not exist.
07-03 22:36:06.486 18460 18473 E VendorTagDescriptor: lookupTag: Tag name 'availableMaxMagicskyType' does not exist.
07-03 22:36:06.486 18460 18473 E VendorTagDescriptor: lookupTag: Tag name 'tranRearPortrait8MSupport' does not exist.
07-03 22:36:06.486 18460 18473 E VendorTagDescriptor: lookupTag: Tag name 'tranRearPortrait8MSize' does not exist.
07-03 22:36:06.490 18460 18473 E VendorTagDescriptor: lookupTag: Tag name 'availableAiDetectMode' does not exist.
07-03 22:36:06.490 18460 18473 E VendorTagDescriptor: lookupTag: Tag name 'availableAisMotionResult' does not exist.
07-03 22:36:06.490 18460 18473 E VendorTagDescriptor: lookupTag: Tag name 'fovcrop' does not exist.
07-03 22:36:06.491 18460 18473 E VendorTagDescriptor: lookupTag: Tag name 'highlightStrengthenEn' does not exist.
07-03 22:36:06.491 18460 18473 E VendorTagDescriptor: lookupTag: Tag name 'fakeSensorMode' does not exist.
07-03 22:36:06.491 18460 18473 E VendorTagDescriptor: lookupTag: Tag name 'sprdMultiCameraMode' does not exist.
07-03 22:36:06.491 18460 18473 E VendorTagDescriptor: lookupTag: Tag name 'sprdMultiCameraID' does not exist.
07-03 22:36:06.491 18460 18473 E VendorTagDescriptor: lookupTag: Tag name 'sprdMultiFnumberRange' does not exist.
07-03 22:36:06.491 18460 18473 E VendorTagDescriptor: lookupTag: Tag name 'micromode' does not exist.
07-03 22:36:06.492 18460 18473 E VendorTagDescriptor: lookupTag: Tag name 'tranAvailableHighResolution' does not exist.
07-03 22:36:06.492 18460 18473 E VendorTagDescriptor: lookupTag: Tag name 'availableslimbodyMode' does not exist.
07-03 22:36:06.492 18460 18473 E VendorTagDescriptor: lookupTag: Tag name 'slimbodyFeaturesize' does not exist.
07-03 22:36:06.492 18460 18473 E VendorTagDescriptor: lookupTag: Tag name 'tranCtsInterpolationSize' does not exist.
07-03 22:36:06.492 18460 18473 E VendorTagDescriptor: lookupTag: Tag name 'tranAvailableVideoEIS' does not exist.
07-03 22:36:06.492 18460 18473 E VendorTagDescriptor: lookupTag: Tag name 'aePreCapFlowSupport' does not exist.
07-03 22:36:06.492 18460 18473 E VendorTagDescriptor: lookupTag: Tag name 'availableVideoSuperNightYuvMode' does not exist.
07-03 22:36:06.493 18460 18473 E VendorTagDescriptor: lookupTag: Tag name 'availableFilterType' does not exist.
07-03 22:36:06.493 18460 18473 E VendorTagDescriptor: lookupTag: Tag name 'availableHfpsMaxResolutions' does not exist.
07-03 22:36:06.493 18460 18473 E VendorTagDescriptor: lookupTag: Tag name 'availableHfpsModes' does not exist.
07-03 22:36:06.493 18460 18473 E VendorTagDescriptor: lookupTag: Tag name 'availableMaxMagicskyType' does not exist.
07-03 22:36:06.493 18460 18473 E VendorTagDescriptor: lookupTag: Tag name 'tranRearPortrait8MSupport' does not exist.
07-03 22:36:06.493 18460 18473 E VendorTagDescriptor: lookupTag: Tag name 'tranRearPortrait8MSize' does not exist.
07-03 22:36:06.495 18460 18478 E CamAp_ReflectionUtils: findClass ClassNotFoundException: com.transsion.camera.feature.mode.vsdof.SdofPhotoModeEntry
07-03 22:36:06.495 18460 18478 E CamAp_ReflectionUtils: findClass ClassNotFoundException: com.transsion.camera.feature.mode.armode.ARModeEntry
07-03 22:36:06.497 18460 18473 E VendorTagDescriptor: lookupTag: Tag name 'availableAiDetectMode' does not exist.
07-03 22:36:06.497 18460 18478 E CamAp_ReflectionUtils: findClass ClassNotFoundException: com.transsion.camera.feature.funvideo.mode.FunVideoModeEntry
07-03 22:36:06.497 18460 18478 E CamAp_ReflectionUtils: findClass ClassNotFoundException: com.transsion.camera.feature.mode.video.SlowMotionModeEntry
07-03 22:36:06.497 18460 18473 E VendorTagDescriptor: lookupTag: Tag name 'availableAisMotionResult' does not exist.
07-03 22:36:06.497 18460 18473 E VendorTagDescriptor: lookupTag: Tag name 'fovcrop' does not exist.
07-03 22:36:06.497 18460 18478 E CamAp_ReflectionUtils: findClass ClassNotFoundException: com.transsion.camera.feature.arcore.ARCoreModeEntry
07-03 22:36:06.497 18460 18473 E VendorTagDescriptor: lookupTag: Tag name 'highlightStrengthenEn' does not exist.
07-03 22:36:06.498 18460 18473 E VendorTagDescriptor: lookupTag: Tag name 'fakeSensorMode' does not exist.
07-03 22:36:06.498 18460 18478 E CamAp_ReflectionUtils: findClass ClassNotFoundException: com.transsion.camera.feature.ar_drawline.ARDrawlineModeEntry
07-03 22:36:06.498 18460 18473 E VendorTagDescriptor: lookupTag: Tag name 'sprdMultiCameraMode' does not exist.
07-03 22:36:06.498 18460 18473 E VendorTagDescriptor: lookupTag: Tag name 'sprdMultiCameraID' does not exist.
07-03 22:36:06.498 18460 18478 E CamAp_ReflectionUtils: findClass ClassNotFoundException: com.transsion.camera.feature.mode.bwportrait.BWPortraitModeEntry
07-03 22:36:06.498 18460 18473 E VendorTagDescriptor: lookupTag: Tag name 'sprdMultiFnumberRange' does not exist.
07-03 22:36:06.498 18460 18473 E VendorTagDescriptor: lookupTag: Tag name 'micromode' does not exist.
07-03 22:36:06.498 18460 18478 E CamAp_ReflectionUtils: findClass ClassNotFoundException: com.transsion.camera.feature.mode.timelapsemode.TimelapsePhotoModeEntry
07-03 22:36:06.498 18460 18473 E VendorTagDescriptor: lookupTag: Tag name 'tranAvailableHighResolution' does not exist.
07-03 22:36:06.498 18460 18478 E CamAp_ReflectionUtils: findClass ClassNotFoundException: com.transsion.camera.feature.mode.movie.MovieModeEntry
07-03 22:36:06.498 18460 18473 E VendorTagDescriptor: lookupTag: Tag name 'availableslimbodyMode' does not exist.
07-03 22:36:06.498 18460 18473 E VendorTagDescriptor: lookupTag: Tag name 'slimbodyFeaturesize' does not exist.
07-03 22:36:06.498 18460 18478 E CamAp_ReflectionUtils: findClass ClassNotFoundException: com.transsion.camera.feature.mode.highdefinition.HighDefinitionModeEntry
07-03 22:36:06.498 18460 18473 E VendorTagDescriptor: lookupTag: Tag name 'tranCtsInterpolationSize' does not exist.
07-03 22:36:06.499 18460 18473 E VendorTagDescriptor: lookupTag: Tag name 'tranAvailableVideoEIS' does not exist.
07-03 22:36:06.499 18460 18478 E CamAp_ReflectionUtils: findClass ClassNotFoundException: com.transsion.camera.feature.mode.supermoon.SuperMoonModeEntry
07-03 22:36:06.499 18460 18473 E VendorTagDescriptor: lookupTag: Tag name 'aePreCapFlowSupport' does not exist.
07-03 22:36:06.499 18460 18478 E CamAp_ReflectionUtils: findClass ClassNotFoundException: com.transsion.camera.feature.supernightfilter.mode.SuperNightFilterModeEntry
07-03 22:36:06.499 18460 18478 E CamAp_ReflectionUtils: findClass ClassNotFoundException: com.transsion.camera.feature.mode.magicsky.MagicSkyModeEntry
07-03 22:36:06.499 18460 18473 E VendorTagDescriptor: lookupTag: Tag name 'availableVideoSuperNightYuvMode' does not exist.
07-03 22:36:06.499 18460 18473 E VendorTagDescriptor: lookupTag: Tag name 'availableFilterType' does not exist.
07-03 22:36:06.499 18460 18478 E CamAp_ReflectionUtils: findClass ClassNotFoundException: com.transsion.camera.feature.mode.hdrmode.HdrModeEntry
07-03 22:36:06.499 18460 18473 E VendorTagDescriptor: lookupTag: Tag name 'availableHfpsMaxResolutions' does not exist.
07-03 22:36:06.499 18460 18478 E CamAp_ReflectionUtils: findClass ClassNotFoundException: com.transsion.camera.feature.mode.normalnight.NormalNightModeEntry
07-03 22:36:06.499 18460 18473 E VendorTagDescriptor: lookupTag: Tag name 'availableHfpsModes' does not exist.
07-03 22:36:06.499 18460 18473 E VendorTagDescriptor: lookupTag: Tag name 'availableMaxMagicskyType' does not exist.
07-03 22:36:06.499 18460 18478 E CamAp_ReflectionUtils: findClass ClassNotFoundException: com.transsion.camera.feature.mode.aigc.AIGCModeEntry
07-03 22:36:06.499 18460 18473 E VendorTagDescriptor: lookupTag: Tag name 'tranRearPortrait8MSupport' does not exist.
07-03 22:36:06.499 18460 18473 E VendorTagDescriptor: lookupTag: Tag name 'tranRearPortrait8MSize' does not exist.
07-03 22:36:06.499 18460 18478 E CamAp_ReflectionUtils: findClass ClassNotFoundException: com.transsion.camera.feature.mode.longexposure.LongExposureModeEntry
07-03 22:36:06.499 18460 18478 E CamAp_ReflectionUtils: findClass ClassNotFoundException: com.transsion.camera.feature.mode.vlog.VlogModeEntry
07-03 22:36:06.500 18460 18478 E CamAp_ReflectionUtils: findClass ClassNotFoundException: com.transsion.camera.feature.mode.vlog.setting.FrameSelectEntry
07-03 22:36:06.500 18460 18478 E CamAp_ReflectionUtils: findClass ClassNotFoundException: com.transsion.camera.feature.dv_template.DVTemplateSettingEntry
07-03 22:36:06.500 18460 18478 E CamAp_ReflectionUtils: findClass ClassNotFoundException: com.transsion.camera.feature.dv_template.filter_icon.DVTemplateFilterIconEntry
07-03 22:36:06.500 18460 18478 E CamAp_ReflectionUtils: findClass ClassNotFoundException: com.transsion.camera.feature.dv_template.entrance.DVTemplateEntranceSettingOptionEntry
07-03 22:36:06.500 18460 18478 E CamAp_ReflectionUtils: findClass ClassNotFoundException: com.transsion.camera.feature.mode.video.DVVideoModeEntry
07-03 22:36:06.500 18460 18478 E CamAp_ReflectionUtils: findClass ClassNotFoundException: com.transsion.camera.feature.mode.gopro.GoProModeEntry
07-03 22:36:06.500 18460 18478 E CamAp_ReflectionUtils: findClass ClassNotFoundException: com.transsion.camera.feature.mode.motioncapture.MotionCaptureModeEntry
07-03 22:36:06.500 18460 18478 E CamAp_ReflectionUtils: findClass ClassNotFoundException: com.transsion.camera.feature.setting.motiondetectswitch.MotionDetectSwitchEntry
07-03 22:36:06.500 18460 18478 E CamAp_ReflectionUtils: findClass ClassNotFoundException: com.transsion.camera.feature.mode.streetphoto.StreetPhotoModeEntry
07-03 22:36:06.500 18460 18478 E CamAp_ReflectionUtils: findClass ClassNotFoundException: com.transsion.camera.feature.setting.focusdistance.FocusDistanceEntry
07-03 22:36:06.500 18460 18478 E CamAp_ReflectionUtils: findClass ClassNotFoundException: com.transsion.camera.feature.setting.oneclickefficiency.OneClickEfficiencyEntry
07-03 22:36:06.500 18460 18478 E CamAp_ReflectionUtils: findClass ClassNotFoundException: com.transsion.camera.feature.setting.streetphotostyle.StreetPhotoStyleEntry
07-03 22:36:06.501 18460 18478 E CamAp_ReflectionUtils: findClass ClassNotFoundException: com.transsion.camera.feature.colorstyle.setting.ColorStyleEntry
07-03 22:36:06.501 18460 18478 E CamAp_ReflectionUtils: findClass ClassNotFoundException: com.transsion.camera.feature.setting.zoomeis.ZoomEisEntry
07-03 22:36:06.501 18460 18478 E CamAp_ReflectionUtils: findClass ClassNotFoundException: com.transsion.camera.feature.setting.groupcapture.GroupCaptureEntry
07-03 22:36:06.501 18460 18478 E CamAp_ReflectionUtils: findClass ClassNotFoundException: com.transsion.camera.feature.bgservice.BGServiceProxy
07-03 22:36:06.502 18460 18473 E VendorTagDescriptor: lookupTag: Tag name 'availableAiDetectMode' does not exist.
07-03 22:36:06.503 18460 18473 E VendorTagDescriptor: lookupTag: Tag name 'availableAisMotionResult' does not exist.
07-03 22:36:06.503 18460 18473 E VendorTagDescriptor: lookupTag: Tag name 'fovcrop' does not exist.
07-03 22:36:06.503 18460 18474 E ranssion.camera: Invalid resource ID 0x00000000.
07-03 22:36:06.503 18460 18473 E VendorTagDescriptor: lookupTag: Tag name 'highlightStrengthenEn' does not exist.
07-03 22:36:06.503 18460 18473 E VendorTagDescriptor: lookupTag: Tag name 'fakeSensorMode' does not exist.
07-03 22:36:06.503 18460 18473 E VendorTagDescriptor: lookupTag: Tag name 'sprdMultiCameraMode' does not exist.
07-03 22:36:06.503 18460 18473 E VendorTagDescriptor: lookupTag: Tag name 'sprdMultiCameraID' does not exist.
07-03 22:36:06.503 18460 18473 E VendorTagDescriptor: lookupTag: Tag name 'sprdMultiFnumberRange' does not exist.
07-03 22:36:06.503 18460 18473 E VendorTagDescriptor: lookupTag: Tag name 'micromode' does not exist.
07-03 22:36:06.503 18460 18473 E VendorTagDescriptor: lookupTag: Tag name 'tranAvailableHighResolution' does not exist.
07-03 22:36:06.504 18460 18473 E VendorTagDescriptor: lookupTag: Tag name 'availableslimbodyMode' does not exist.
07-03 22:36:06.504 18460 18473 E VendorTagDescriptor: lookupTag: Tag name 'slimbodyFeaturesize' does not exist.
07-03 22:36:06.504 18460 18473 E VendorTagDescriptor: lookupTag: Tag name 'tranCtsInterpolationSize' does not exist.
07-03 22:36:06.504 18460 18473 E VendorTagDescriptor: lookupTag: Tag name 'tranAvailableVideoEIS' does not exist.
07-03 22:36:06.504 18460 18473 E VendorTagDescriptor: lookupTag: Tag name 'aePreCapFlowSupport' does not exist.
07-03 22:36:06.504 18460 18473 E VendorTagDescriptor: lookupTag: Tag name 'availableVideoSuperNightYuvMode' does not exist.
07-03 22:36:06.504 18460 18473 E VendorTagDescriptor: lookupTag: Tag name 'availableFilterType' does not exist.
07-03 22:36:06.505 18460 18473 E VendorTagDescriptor: lookupTag: Tag name 'availableHfpsMaxResolutions' does not exist.
07-03 22:36:06.505 18460 18473 E VendorTagDescriptor: lookupTag: Tag name 'availableHfpsModes' does not exist.
07-03 22:36:06.505 18460 18473 E VendorTagDescriptor: lookupTag: Tag name 'availableMaxMagicskyType' does not exist.
07-03 22:36:06.505 18460 18473 E VendorTagDescriptor: lookupTag: Tag name 'tranRearPortrait8MSupport' does not exist.
07-03 22:36:06.505 18460 18473 E VendorTagDescriptor: lookupTag: Tag name 'tranRearPortrait8MSize' does not exist.
07-03 22:36:06.507 18460 18474 E ranssion.camera: Invalid resource ID 0x00000000.
07-03 22:36:06.508 18460 18473 E VendorTagDescriptor: lookupTag: Tag name 'availableAiDetectMode' does not exist.
07-03 22:36:06.508 18460 18473 E VendorTagDescriptor: lookupTag: Tag name 'availableAisMotionResult' does not exist.
07-03 22:36:06.508 18460 18473 E VendorTagDescriptor: lookupTag: Tag name 'fovcrop' does not exist.
07-03 22:36:06.508 18460 18473 E VendorTagDescriptor: lookupTag: Tag name 'highlightStrengthenEn' does not exist.
07-03 22:36:06.508 18460 18473 E VendorTagDescriptor: lookupTag: Tag name 'fakeSensorMode' does not exist.
07-03 22:36:06.508 18460 18473 E VendorTagDescriptor: lookupTag: Tag name 'sprdMultiCameraMode' does not exist.
07-03 22:36:06.509 18460 18473 E VendorTagDescriptor: lookupTag: Tag name 'sprdMultiCameraID' does not exist.
07-03 22:36:06.509 18460 18473 E VendorTagDescriptor: lookupTag: Tag name 'sprdMultiFnumberRange' does not exist.
07-03 22:36:06.509 18460 18473 E VendorTagDescriptor: lookupTag: Tag name 'micromode' does not exist.
07-03 22:36:06.509 18460 18473 E VendorTagDescriptor: lookupTag: Tag name 'tranAvailableHighResolution' does not exist.
07-03 22:36:06.509 18460 18473 E VendorTagDescriptor: lookupTag: Tag name 'availableslimbodyMode' does not exist.
07-03 22:36:06.509 18460 18473 E VendorTagDescriptor: lookupTag: Tag name 'slimbodyFeaturesize' does not exist.
07-03 22:36:06.509 18460 18473 E VendorTagDescriptor: lookupTag: Tag name 'tranCtsInterpolationSize' does not exist.
07-03 22:36:06.509 18460 18473 E VendorTagDescriptor: lookupTag: Tag name 'tranAvailableVideoEIS' does not exist.
07-03 22:36:06.509 18460 18473 E VendorTagDescriptor: lookupTag: Tag name 'aePreCapFlowSupport' does not exist.
07-03 22:36:06.510 18460 18473 E VendorTagDescriptor: lookupTag: Tag name 'availableVideoSuperNightYuvMode' does not exist.
07-03 22:36:06.510 18460 18473 E VendorTagDescriptor: lookupTag: Tag name 'availableFilterType' does not exist.
07-03 22:36:06.510 18460 18473 E VendorTagDescriptor: lookupTag: Tag name 'availableHfpsMaxResolutions' does not exist.
07-03 22:36:06.510 18460 18473 E VendorTagDescriptor: lookupTag: Tag name 'availableHfpsModes' does not exist.
07-03 22:36:06.511 18460 18473 E VendorTagDescriptor: lookupTag: Tag name 'availableMaxMagicskyType' does not exist.
07-03 22:36:06.511 18460 18473 E VendorTagDescriptor: lookupTag: Tag name 'tranRearPortrait8MSupport' does not exist.
07-03 22:36:06.511 18460 18473 E VendorTagDescriptor: lookupTag: Tag name 'tranRearPortrait8MSize' does not exist.
07-03 22:36:06.513 18460 18473 E VendorTagDescriptor: lookupTag: Tag name 'availableAiDetectMode' does not exist.
07-03 22:36:06.514 18460 18473 E VendorTagDescriptor: lookupTag: Tag name 'availableAisMotionResult' does not exist.
07-03 22:36:06.514 18460 18473 E VendorTagDescriptor: lookupTag: Tag name 'fovcrop' does not exist.
07-03 22:36:06.514 18460 18473 E VendorTagDescriptor: lookupTag: Tag name 'highlightStrengthenEn' does not exist.
07-03 22:36:06.514 18460 18473 E VendorTagDescriptor: lookupTag: Tag name 'fakeSensorMode' does not exist.
07-03 22:36:06.514 18460 18473 E VendorTagDescriptor: lookupTag: Tag name 'sprdMultiCameraMode' does not exist.
07-03 22:36:06.514 18460 18473 E VendorTagDescriptor: lookupTag: Tag name 'sprdMultiCameraID' does not exist.
07-03 22:36:06.514 18460 18473 E VendorTagDescriptor: lookupTag: Tag name 'sprdMultiFnumberRange' does not exist.
07-03 22:36:06.514 18460 18473 E VendorTagDescriptor: lookupTag: Tag name 'micromode' does not exist.
07-03 22:36:06.515 18460 18473 E VendorTagDescriptor: lookupTag: Tag name 'tranAvailableHighResolution' does not exist.
07-03 22:36:06.515 18460 18473 E VendorTagDescriptor: lookupTag: Tag name 'availableslimbodyMode' does not exist.
07-03 22:36:06.515 18460 18473 E VendorTagDescriptor: lookupTag: Tag name 'slimbodyFeaturesize' does not exist.
07-03 22:36:06.515 18460 18473 E VendorTagDescriptor: lookupTag: Tag name 'tranCtsInterpolationSize' does not exist.
07-03 22:36:06.515 18460 18473 E VendorTagDescriptor: lookupTag: Tag name 'tranAvailableVideoEIS' does not exist.
07-03 22:36:06.515 18460 18473 E VendorTagDescriptor: lookupTag: Tag name 'aePreCapFlowSupport' does not exist.
07-03 22:36:06.515 18460 18473 E VendorTagDescriptor: lookupTag: Tag name 'availableVideoSuperNightYuvMode' does not exist.
07-03 22:36:06.516 18460 18473 E VendorTagDescriptor: lookupTag: Tag name 'availableFilterType' does not exist.
07-03 22:36:06.516 18460 18473 E VendorTagDescriptor: lookupTag: Tag name 'availableHfpsMaxResolutions' does not exist.
07-03 22:36:06.516 18460 18473 E VendorTagDescriptor: lookupTag: Tag name 'availableHfpsModes' does not exist.
07-03 22:36:06.516 18460 18473 E VendorTagDescriptor: lookupTag: Tag name 'availableMaxMagicskyType' does not exist.
07-03 22:36:06.516 18460 18473 E VendorTagDescriptor: lookupTag: Tag name 'tranRearPortrait8MSupport' does not exist.
07-03 22:36:06.516 18460 18473 E VendorTagDescriptor: lookupTag: Tag name 'tranRearPortrait8MSize' does not exist.
07-03 22:36:06.519 18460 18473 E VendorTagDescriptor: lookupTag: Tag name 'availableAiDetectMode' does not exist.
07-03 22:36:06.519 18460 18473 E VendorTagDescriptor: lookupTag: Tag name 'availableAisMotionResult' does not exist.
07-03 22:36:06.519 18460 18473 E VendorTagDescriptor: lookupTag: Tag name 'fovcrop' does not exist.
07-03 22:36:06.519 18460 18473 E VendorTagDescriptor: lookupTag: Tag name 'highlightStrengthenEn' does not exist.
07-03 22:36:06.520 18460 18473 E VendorTagDescriptor: lookupTag: Tag name 'fakeSensorMode' does not exist.
07-03 22:36:06.520 18460 18473 E VendorTagDescriptor: lookupTag: Tag name 'sprdMultiCameraMode' does not exist.
07-03 22:36:06.520 18460 18473 E VendorTagDescriptor: lookupTag: Tag name 'sprdMultiCameraID' does not exist.
07-03 22:36:06.520 18460 18473 E VendorTagDescriptor: lookupTag: Tag name 'sprdMultiFnumberRange' does not exist.
07-03 22:36:06.520 18460 18473 E VendorTagDescriptor: lookupTag: Tag name 'micromode' does not exist.
07-03 22:36:06.520 18460 18473 E VendorTagDescriptor: lookupTag: Tag name 'tranAvailableHighResolution' does not exist.
07-03 22:36:06.520 18460 18473 E VendorTagDescriptor: lookupTag: Tag name 'availableslimbodyMode' does not exist.
07-03 22:36:06.520 18460 18473 E VendorTagDescriptor: lookupTag: Tag name 'slimbodyFeaturesize' does not exist.
07-03 22:36:06.520 18460 18473 E VendorTagDescriptor: lookupTag: Tag name 'tranCtsInterpolationSize' does not exist.
07-03 22:36:06.520 18460 18473 E VendorTagDescriptor: lookupTag: Tag name 'tranAvailableVideoEIS' does not exist.
07-03 22:36:06.521 18460 18473 E VendorTagDescriptor: lookupTag: Tag name 'aePreCapFlowSupport' does not exist.
07-03 22:36:06.521 18460 18473 E VendorTagDescriptor: lookupTag: Tag name 'availableVideoSuperNightYuvMode' does not exist.
07-03 22:36:06.521 18460 18473 E VendorTagDescriptor: lookupTag: Tag name 'availableFilterType' does not exist.
07-03 22:36:06.521 18460 18473 E VendorTagDescriptor: lookupTag: Tag name 'availableHfpsMaxResolutions' does not exist.
07-03 22:36:06.522 18460 18473 E VendorTagDescriptor: lookupTag: Tag name 'availableHfpsModes' does not exist.
07-03 22:36:06.522 18460 18473 E VendorTagDescriptor: lookupTag: Tag name 'availableMaxMagicskyType' does not exist.
07-03 22:36:06.522 18460 18478 E CamAp_ReflectionUtils: findClass ClassNotFoundException: com.transsion.camera.feature.asdenhance.ASDEnhance
07-03 22:36:06.522 18460 18473 E VendorTagDescriptor: lookupTag: Tag name 'tranRearPortrait8MSupport' does not exist.
07-03 22:36:06.522 18460 18478 E CamAp_ReflectionUtils: findClass ClassNotFoundException: com.transsion.camera.featurelibs.makeup.MakeUpAlgorithm
07-03 22:36:06.522 18460 18473 E VendorTagDescriptor: lookupTag: Tag name 'tranRearPortrait8MSize' does not exist.
07-03 22:36:06.525 18460 18474 E ranssion.camera: Invalid resource ID 0x00000000.
07-03 22:36:06.526 18460 18474 E ranssion.camera: Invalid resource ID 0x00000000.
07-03 22:36:06.526 18460 18478 E CamAp_ReflectionUtils: findClass ClassNotFoundException: com.transsion.camera.feature.setting.videohdr.preview.VideoHDRPreview
07-03 22:36:06.526 18460 18478 E CamAp_ReflectionUtils: findClass ClassNotFoundException: com.transsion.camera.analytics.AnalyticsImpl
07-03 22:36:06.527 18460 18478 E CamAp_ReflectionUtils: findClass ClassNotFoundException: com.transsion.camera.feature.supernightfilter.setting.SuperNightFilterInfo
07-03 22:36:06.527 18460 18478 E CamAp_ReflectionUtils: findClass ClassNotFoundException: com.transsion.camera.feature.setting.superdefinition.SuperDefinitionRestriction
07-03 22:36:06.527 18460 18474 E ranssion.camera: Invalid resource ID 0x00000000.
07-03 22:36:06.529 18460 18474 E ranssion.camera: Invalid resource ID 0x00000000.
07-03 22:36:06.531 18460 18474 E ranssion.camera: Invalid resource ID 0x00000000.
07-03 22:36:06.535 18460 18474 E ranssion.camera: Invalid resource ID 0x00000000.
07-03 22:36:06.540 18460 18474 E ranssion.camera: Invalid resource ID 0x00000000.
07-03 22:36:06.558 18460 18478 E CamAp_ReflectionUtils: findClass ClassNotFoundException: com.transsion.camera.feature.setting.widecamera.WideCameraRestriction
07-03 22:36:06.562 18460 18478 E CamAp_ReflectionUtils: findClass ClassNotFoundException: com.transsion.camera.feature.setting.macro.MacroRestriction
07-03 22:36:06.565 18460 18473 E CamAp_SPRD-PlatformCam: isSupportedSuperDefinition false
07-03 22:36:06.569 18460 18474 E ranssion.camera: Invalid resource ID 0x00000000.
07-03 22:36:06.570 18460 18474 E ranssion.camera: Invalid resource ID 0x00000000.
07-03 22:36:06.572 18460 18473 E CamAp_SPRD-PlatformCam: isSupportedSuperDefinition false
07-03 22:36:06.572 18460 18474 E ranssion.camera: Invalid resource ID 0x00000000.
07-03 22:36:06.577 18460 18473 E CamAp_SPRD-PlatformCam: isSupportedSuperDefinition false
07-03 22:36:06.583 18460 18473 E CamAp_SPRD-PlatformCam: isSupportedSuperDefinition false
07-03 22:36:06.587 18460 18473 E CamAp_SPRD-PlatformCam: isSupportedSuperDefinition false
07-03 22:36:06.590 18460 18474 E ranssion.camera: Invalid resource ID 0x00000000.
07-03 22:36:06.591 18460 18473 E CamAp_SPRD-PlatformCam: isSupportedSuperDefinition false
07-03 22:36:06.595 18460 18473 E CamAp_SPRD-PlatformCam: isSupportedSuperDefinition false
07-03 22:36:06.599 18460 18473 E CamAp_SPRD-PlatformCam: isSupportedSuperDefinition false
07-03 22:36:06.601 18460 18473 E CamAp_SPRD-PlatformCam: isSupportedSuperDefinition false
07-03 22:36:06.603 18460 18473 E CamAp_SPRD-PlatformCam: isSupportedSuperDefinition false
07-03 22:36:06.605 18460 18473 E CamAp_SPRD-PlatformCam: isSupportedSuperDefinition false
07-03 22:36:06.607 18460 18473 E CamAp_SPRD-PlatformCam: isSupportedSuperDefinition false
07-03 22:36:06.611 18460 18473 E CamAp_SPRD-PlatformCam: isSupportedSuperDefinition false
07-03 22:36:06.615 18460 18473 E CamAp_SPRD-PlatformCam: isSupportedSuperDefinition false
07-03 22:36:06.620 18460 18473 E CamAp_SPRD-PlatformCam: isSupportedSuperDefinition false
07-03 22:36:06.624 18460 18473 E CamAp_SPRD-PlatformCam: isSupportedSuperDefinition false
07-03 22:36:06.626 18460 18474 E ranssion.camera: Invalid resource ID 0x00000000.
07-03 22:36:06.628 18460 18473 E CamAp_SPRD-PlatformCam: isSupportedSuperDefinition false
07-03 22:36:06.631 18460 18474 E ranssion.camera: Invalid resource ID 0x00000000.
07-03 22:36:09.992  2039  2039 E SlideDampingBounceHelper: handleDownTouchEvent mTrackingPointerId=0
07-03 22:36:10.118  1227  1248 E uas-service: ioclt error: fd=3 cmd=1075336211 ux_data->pid=2325 ux_data->ux_tags=0x100420
07-03 22:36:10.195  2039  2039 E SlideDampingBounceHelper: Invalid pointerId=-1 in onTouchEvent ACTION_UP action: 1 mSlideState: 2
07-03 22:36:10.248  1050  1128 E a2dp_offload: audio_extn_a2dp_set_parameters: No supported encoders identified,ignoring A2DP setparam
07-03 22:36:10.575   444   444 E TrustyKeymaster: succeeded to send cmd (4) to com.android.trusty.keymaster with rc(1426). errno: Success
07-03 22:36:10.575   444   444 E TrustyKeymaster: Getting response size (28)
07-03 22:36:10.579   444   444 E TrustyKeymaster: succeeded to send cmd (8) to com.android.trusty.keymaster with rc(284). errno: Success
07-03 22:36:10.580   444   444 E TrustyKeymaster: Getting response size (28)
07-03 22:36:10.583   444   444 E TrustyKeymaster: succeeded to send cmd (12) to com.android.trusty.keymaster with rc(32). errno: Success
07-03 22:36:10.614   444   444 E TrustyKeymaster: Getting response size (60)
07-03 22:36:10.615   444   444 E TrustyKeymaster: succeeded to send cmd (4) to com.android.trusty.keymaster with rc(1426). errno: Success
07-03 22:36:10.615   444   444 E TrustyKeymaster: Getting response size (28)
07-03 22:36:10.618   444   444 E TrustyKeymaster: succeeded to send cmd (8) to com.android.trusty.keymaster with rc(284). errno: Success
07-03 22:36:10.618   444   444 E TrustyKeymaster: Getting response size (28)
07-03 22:36:10.619   444   444 E TrustyKeymaster: succeeded to send cmd (12) to com.android.trusty.keymaster with rc(32). errno: Success
07-03 22:36:10.649   444   444 E TrustyKeymaster: Getting response size (56)
07-03 22:36:10.650   444   444 E TrustyKeymaster: succeeded to send cmd (4) to com.android.trusty.keymaster with rc(1426). errno: Success
07-03 22:36:10.650   444   444 E TrustyKeymaster: Getting response size (28)
07-03 22:36:10.652   444   444 E TrustyKeymaster: succeeded to send cmd (8) to com.android.trusty.keymaster with rc(284). errno: Success
07-03 22:36:10.652   444   444 E TrustyKeymaster: Getting response size (28)
07-03 22:36:10.653   444   444 E TrustyKeymaster: succeeded to send cmd (12) to com.android.trusty.keymaster with rc(32). errno: Success
07-03 22:36:10.672 18506 18525 E Athena  : Athena-Worker, a(a.java:١٢٥)
07-03 22:36:10.673 18506 18525 E Athena  : invalid or not registered:{"appid":1849,"event":"page_view"}
07-03 22:36:10.683   444   444 E TrustyKeymaster: Getting response size (88)
07-03 22:36:11.226  2039  2039 E SlideDampingBounceHelper: handleDownTouchEvent mTrackingPointerId=0
07-03 22:36:11.847  1050  1128 E a2dp_offload: audio_extn_a2dp_set_parameters: No supported encoders identified,ignoring A2DP setparam
07-03 22:36:11.919  2039  2039 E SlideDampingBounceHelper: handleDownTouchEvent mTrackingPointerId=0
07-03 22:36:12.038  1227  1248 E uas-service: ioclt error: fd=3 cmd=1075336211 ux_data->pid=2325 ux_data->ux_tags=0x100420
07-03 22:36:12.140  1050  1128 E a2dp_offload: audio_extn_a2dp_set_parameters: No supported encoders identified,ignoring A2DP setparam
07-03 22:36:13.558 18506 18525 E Athena  : ------------------------------------------------------------
07-03 22:36:13.558 18506 18525 E Athena  : 
07-03 22:36:13.558 18506 18525 E Athena  :   - Athena is in Release mode with log enabled. Please set AthenaAnalytics.setDebug(false) to release this APK （Debug模式）[com.transsion.airtransfer]
07-03 22:36:13.558 18506 18525 E Athena  : 
07-03 22:36:13.558 18506 18525 E Athena  : ------------------------------------------------------------
07-03 22:36:14.161 18590 18631 E .apps.nbu.files: No package ID 74 found for resource ID 0x740b0013.
07-03 22:36:14.314  2039  2039 E SlideDampingBounceHelper: handleDownTouchEvent mTrackingPointerId=0
07-03 22:36:14.314  2039  2039 E SlideDampingBounceHelper: handleDownTouchEvent mTrackingPointerId=0
07-03 22:36:14.315  2039  2039 E SlideDampingBounceHelper: handleDownTouchEvent mTrackingPointerId=0
07-03 22:36:14.316  2039  2039 E SlideDampingBounceHelper: handleDownTouchEvent mTrackingPointerId=0
07-03 22:36:15.372  1050  1128 E a2dp_offload: audio_extn_a2dp_set_parameters: No supported encoders identified,ignoring A2DP setparam
07-03 22:36:18.549  1076  1076 E vendor.sprd.hardware.combined@1.0-service: MemTrack_DEBUG--Open ion_system_heap failed
07-03 22:36:18.551  1076  1076 E vendor.sprd.hardware.combined@1.0-service: MemTrack_DEBUG--Open ion_system_heap failed
07-03 22:36:18.643 18506 18525 E Athena  : Athena-Worker, p(f.java:٧٠٩)
07-03 22:36:18.643 18506 18525 E Athena  : recordTrackFailed reason : ١٠٤
