07-04 01:36:30.385 11393 11486 E VendorTagDescriptor: lookupTag: Tag name 'availableFilterType' does not exist.
07-04 01:36:30.385 11393 11486 E VendorTagDescriptor: lookupTag: Tag name 'availableHfpsMaxResolutions' does not exist.
07-04 01:36:30.386 11393 11486 E VendorTagDescriptor: lookupTag: Tag name 'availableHfpsModes' does not exist.
07-04 01:36:30.386 11393 11486 E VendorTagDescriptor: lookupTag: Tag name 'availableMaxMagicskyType' does not exist.
07-04 01:36:30.386 11393 11486 E VendorTagDescriptor: lookupTag: Tag name 'tranRearPortrait8MSupport' does not exist.
07-04 01:36:30.386 11393 11486 E VendorTagDescriptor: lookupTag: Tag name 'tranRearPortrait8MSize' does not exist.
07-04 01:36:30.388 11393 11486 E VendorTagDescriptor: lookupTag: Tag name 'availableAiDetectMode' does not exist.
07-04 01:36:30.388 11393 11486 E VendorTagDescriptor: lookupTag: Tag name 'availableAisMotionResult' does not exist.
07-04 01:36:30.388 11393 11486 E VendorTagDescriptor: lookupTag: Tag name 'fovcrop' does not exist.
07-04 01:36:30.389 11393 11486 E VendorTagDescriptor: lookupTag: Tag name 'highlightStrengthenEn' does not exist.
07-04 01:36:30.389 11423 11423 E ProcessManagerImpl: getUidByPackageName fail
07-04 01:36:30.389 11393 11486 E VendorTagDescriptor: lookupTag: Tag name 'fakeSensorMode' does not exist.
07-04 01:36:30.389 11393 11486 E VendorTagDescriptor: lookupTag: Tag name 'sprdMultiCameraMode' does not exist.
07-04 01:36:30.389 11393 11486 E VendorTagDescriptor: lookupTag: Tag name 'sprdMultiCameraID' does not exist.
07-04 01:36:30.389 11393 11486 E VendorTagDescriptor: lookupTag: Tag name 'sprdMultiFnumberRange' does not exist.
07-04 01:36:30.389 11393 11486 E VendorTagDescriptor: lookupTag: Tag name 'micromode' does not exist.
07-04 01:36:30.389 11393 11486 E VendorTagDescriptor: lookupTag: Tag name 'tranAvailableHighResolution' does not exist.
07-04 01:36:30.389 11393 11486 E VendorTagDescriptor: lookupTag: Tag name 'availableslimbodyMode' does not exist.
07-04 01:36:30.389 11393 11486 E VendorTagDescriptor: lookupTag: Tag name 'slimbodyFeaturesize' does not exist.
07-04 01:36:30.389 11393 11486 E VendorTagDescriptor: lookupTag: Tag name 'tranCtsInterpolationSize' does not exist.
07-04 01:36:30.389 11393 11486 E VendorTagDescriptor: lookupTag: Tag name 'tranAvailableVideoEIS' does not exist.
07-04 01:36:30.390 11393 11486 E VendorTagDescriptor: lookupTag: Tag name 'aePreCapFlowSupport' does not exist.
07-04 01:36:30.390 11393 11486 E VendorTagDescriptor: lookupTag: Tag name 'availableVideoSuperNightYuvMode' does not exist.
07-04 01:36:30.390 11393 11486 E VendorTagDescriptor: lookupTag: Tag name 'availableFilterType' does not exist.
07-04 01:36:30.390 11393 11486 E VendorTagDescriptor: lookupTag: Tag name 'availableHfpsMaxResolutions' does not exist.
07-04 01:36:30.390 11423 11423 E ProcessManagerImpl: getUidByPackageName fail
07-04 01:36:30.390 11393 11486 E VendorTagDescriptor: lookupTag: Tag name 'availableHfpsModes' does not exist.
07-04 01:36:30.390 11393 11486 E VendorTagDescriptor: lookupTag: Tag name 'availableMaxMagicskyType' does not exist.
07-04 01:36:30.390 11393 11486 E VendorTagDescriptor: lookupTag: Tag name 'tranRearPortrait8MSupport' does not exist.
07-04 01:36:30.390 11393 11486 E VendorTagDescriptor: lookupTag: Tag name 'tranRearPortrait8MSize' does not exist.
07-04 01:36:30.393 11393 11486 E VendorTagDescriptor: lookupTag: Tag name 'availableAiDetectMode' does not exist.
07-04 01:36:30.394 11393 11486 E VendorTagDescriptor: lookupTag: Tag name 'availableAisMotionResult' does not exist.
07-04 01:36:30.394 11393 11486 E VendorTagDescriptor: lookupTag: Tag name 'fovcrop' does not exist.
07-04 01:36:30.394 11393 11486 E VendorTagDescriptor: lookupTag: Tag name 'highlightStrengthenEn' does not exist.
07-04 01:36:30.394 11393 11486 E VendorTagDescriptor: lookupTag: Tag name 'fakeSensorMode' does not exist.
07-04 01:36:30.394 11393 11486 E VendorTagDescriptor: lookupTag: Tag name 'sprdMultiCameraMode' does not exist.
07-04 01:36:30.394 11393 11486 E VendorTagDescriptor: lookupTag: Tag name 'sprdMultiCameraID' does not exist.
07-04 01:36:30.394 11393 11486 E VendorTagDescriptor: lookupTag: Tag name 'sprdMultiFnumberRange' does not exist.
07-04 01:36:30.394 11393 11486 E VendorTagDescriptor: lookupTag: Tag name 'micromode' does not exist.
07-04 01:36:30.394 11393 11486 E VendorTagDescriptor: lookupTag: Tag name 'tranAvailableHighResolution' does not exist.
07-04 01:36:30.395 11393 11486 E VendorTagDescriptor: lookupTag: Tag name 'availableslimbodyMode' does not exist.
07-04 01:36:30.395 11393 11486 E VendorTagDescriptor: lookupTag: Tag name 'slimbodyFeaturesize' does not exist.
07-04 01:36:30.395 11393 11486 E VendorTagDescriptor: lookupTag: Tag name 'tranCtsInterpolationSize' does not exist.
07-04 01:36:30.395 11393 11486 E VendorTagDescriptor: lookupTag: Tag name 'tranAvailableVideoEIS' does not exist.
07-04 01:36:30.395 11393 11486 E VendorTagDescriptor: lookupTag: Tag name 'aePreCapFlowSupport' does not exist.
07-04 01:36:30.395 11393 11486 E VendorTagDescriptor: lookupTag: Tag name 'availableVideoSuperNightYuvMode' does not exist.
07-04 01:36:30.395 11393 11486 E VendorTagDescriptor: lookupTag: Tag name 'availableFilterType' does not exist.
07-04 01:36:30.395 11393 11486 E VendorTagDescriptor: lookupTag: Tag name 'availableHfpsMaxResolutions' does not exist.
07-04 01:36:30.395 11393 11486 E VendorTagDescriptor: lookupTag: Tag name 'availableHfpsModes' does not exist.
07-04 01:36:30.395 11393 11486 E VendorTagDescriptor: lookupTag: Tag name 'availableMaxMagicskyType' does not exist.
07-04 01:36:30.395 11393 11486 E VendorTagDescriptor: lookupTag: Tag name 'tranRearPortrait8MSupport' does not exist.
07-04 01:36:30.395 11393 11486 E VendorTagDescriptor: lookupTag: Tag name 'tranRearPortrait8MSize' does not exist.
07-04 01:36:30.405 11393 11486 E VendorTagDescriptor: lookupTag: Tag name 'availableAiDetectMode' does not exist.
07-04 01:36:30.406 11393 11486 E VendorTagDescriptor: lookupTag: Tag name 'availableAisMotionResult' does not exist.
07-04 01:36:30.407 11393 11486 E VendorTagDescriptor: lookupTag: Tag name 'fovcrop' does not exist.
07-04 01:36:30.411 11393 11486 E VendorTagDescriptor: lookupTag: Tag name 'highlightStrengthenEn' does not exist.
07-04 01:36:30.412 11393 11486 E VendorTagDescriptor: lookupTag: Tag name 'fakeSensorMode' does not exist.
07-04 01:36:30.412 11393 11486 E VendorTagDescriptor: lookupTag: Tag name 'sprdMultiCameraMode' does not exist.
07-04 01:36:30.412 11393 11486 E VendorTagDescriptor: lookupTag: Tag name 'sprdMultiCameraID' does not exist.
07-04 01:36:30.413 11393 11486 E VendorTagDescriptor: lookupTag: Tag name 'sprdMultiFnumberRange' does not exist.
07-04 01:36:30.413 11393 11486 E VendorTagDescriptor: lookupTag: Tag name 'micromode' does not exist.
07-04 01:36:30.413 11393 11486 E VendorTagDescriptor: lookupTag: Tag name 'tranAvailableHighResolution' does not exist.
07-04 01:36:30.414 11393 11486 E VendorTagDescriptor: lookupTag: Tag name 'availableslimbodyMode' does not exist.
07-04 01:36:30.414 11393 11486 E VendorTagDescriptor: lookupTag: Tag name 'slimbodyFeaturesize' does not exist.
07-04 01:36:30.414 11393 11486 E VendorTagDescriptor: lookupTag: Tag name 'tranCtsInterpolationSize' does not exist.
07-04 01:36:30.416 11393 11486 E VendorTagDescriptor: lookupTag: Tag name 'tranAvailableVideoEIS' does not exist.
07-04 01:36:30.416 11393 11486 E VendorTagDescriptor: lookupTag: Tag name 'aePreCapFlowSupport' does not exist.
07-04 01:36:30.417 11393 11486 E VendorTagDescriptor: lookupTag: Tag name 'availableVideoSuperNightYuvMode' does not exist.
07-04 01:36:30.417 11393 11486 E VendorTagDescriptor: lookupTag: Tag name 'availableFilterType' does not exist.
07-04 01:36:30.418 11393 11486 E VendorTagDescriptor: lookupTag: Tag name 'availableHfpsMaxResolutions' does not exist.
07-04 01:36:30.418 11393 11486 E VendorTagDescriptor: lookupTag: Tag name 'availableHfpsModes' does not exist.
07-04 01:36:30.418 11393 11486 E VendorTagDescriptor: lookupTag: Tag name 'availableMaxMagicskyType' does not exist.
07-04 01:36:30.418 11393 11486 E VendorTagDescriptor: lookupTag: Tag name 'tranRearPortrait8MSupport' does not exist.
07-04 01:36:30.418 11393 11486 E VendorTagDescriptor: lookupTag: Tag name 'tranRearPortrait8MSize' does not exist.
07-04 01:36:30.421 11393 11486 E VendorTagDescriptor: lookupTag: Tag name 'availableAiDetectMode' does not exist.
07-04 01:36:30.423 11393 11486 E VendorTagDescriptor: lookupTag: Tag name 'availableAisMotionResult' does not exist.
07-04 01:36:30.428 11393 11486 E VendorTagDescriptor: lookupTag: Tag name 'fovcrop' does not exist.
07-04 01:36:30.429 11393 11486 E VendorTagDescriptor: lookupTag: Tag name 'highlightStrengthenEn' does not exist.
07-04 01:36:30.429 11393 11486 E VendorTagDescriptor: lookupTag: Tag name 'fakeSensorMode' does not exist.
07-04 01:36:30.429 11393 11486 E VendorTagDescriptor: lookupTag: Tag name 'sprdMultiCameraMode' does not exist.
07-04 01:36:30.429 11393 11486 E VendorTagDescriptor: lookupTag: Tag name 'sprdMultiCameraID' does not exist.
07-04 01:36:30.429 11393 11486 E VendorTagDescriptor: lookupTag: Tag name 'sprdMultiFnumberRange' does not exist.
07-04 01:36:30.429 11393 11486 E VendorTagDescriptor: lookupTag: Tag name 'micromode' does not exist.
07-04 01:36:30.429 11393 11486 E VendorTagDescriptor: lookupTag: Tag name 'tranAvailableHighResolution' does not exist.
07-04 01:36:30.431 11423 11423 E ProcessManagerImpl: getUidByPackageName fail
07-04 01:36:30.433 11423 11423 E ProcessManagerImpl: getUidByPackageName fail
07-04 01:36:30.434 11423 11423 E ProcessManagerImpl: getUidByPackageName fail
07-04 01:36:30.437 11423 11423 E ProcessManagerImpl: getUidByPackageName fail
07-04 01:36:30.439 11423 11423 E ProcessManagerImpl: getUidByPackageName fail
07-04 01:36:30.439 11393 11486 E VendorTagDescriptor: lookupTag: Tag name 'availableslimbodyMode' does not exist.
07-04 01:36:30.439 11393 11486 E VendorTagDescriptor: lookupTag: Tag name 'slimbodyFeaturesize' does not exist.
07-04 01:36:30.439 11393 11486 E VendorTagDescriptor: lookupTag: Tag name 'tranCtsInterpolationSize' does not exist.
07-04 01:36:30.440 11393 11486 E VendorTagDescriptor: lookupTag: Tag name 'tranAvailableVideoEIS' does not exist.
07-04 01:36:30.440 11393 11486 E VendorTagDescriptor: lookupTag: Tag name 'aePreCapFlowSupport' does not exist.
07-04 01:36:30.440 11393 11486 E VendorTagDescriptor: lookupTag: Tag name 'availableVideoSuperNightYuvMode' does not exist.
07-04 01:36:30.441 11393 11486 E VendorTagDescriptor: lookupTag: Tag name 'availableFilterType' does not exist.
07-04 01:36:30.441 11393 11486 E VendorTagDescriptor: lookupTag: Tag name 'availableHfpsMaxResolutions' does not exist.
07-04 01:36:30.441 11393 11486 E VendorTagDescriptor: lookupTag: Tag name 'availableHfpsModes' does not exist.
07-04 01:36:30.441 11393 11486 E VendorTagDescriptor: lookupTag: Tag name 'availableMaxMagicskyType' does not exist.
07-04 01:36:30.441 11393 11486 E VendorTagDescriptor: lookupTag: Tag name 'tranRearPortrait8MSupport' does not exist.
07-04 01:36:30.441 11393 11486 E VendorTagDescriptor: lookupTag: Tag name 'tranRearPortrait8MSize' does not exist.
07-04 01:36:30.446 11393 11486 E VendorTagDescriptor: lookupTag: Tag name 'availableAiDetectMode' does not exist.
07-04 01:36:30.447 11393 11486 E VendorTagDescriptor: lookupTag: Tag name 'availableAisMotionResult' does not exist.
07-04 01:36:30.447 11393 11486 E VendorTagDescriptor: lookupTag: Tag name 'fovcrop' does not exist.
07-04 01:36:30.447 11393 11486 E VendorTagDescriptor: lookupTag: Tag name 'highlightStrengthenEn' does not exist.
07-04 01:36:30.447 11393 11486 E VendorTagDescriptor: lookupTag: Tag name 'fakeSensorMode' does not exist.
07-04 01:36:30.447 11393 11486 E VendorTagDescriptor: lookupTag: Tag name 'sprdMultiCameraMode' does not exist.
07-04 01:36:30.447 11393 11486 E VendorTagDescriptor: lookupTag: Tag name 'sprdMultiCameraID' does not exist.
07-04 01:36:30.447 11393 11486 E VendorTagDescriptor: lookupTag: Tag name 'sprdMultiFnumberRange' does not exist.
07-04 01:36:30.447 11393 11486 E VendorTagDescriptor: lookupTag: Tag name 'micromode' does not exist.
07-04 01:36:30.447 11423 11423 E ProcessManagerImpl: getUidByPackageName fail
07-04 01:36:30.447 11393 11486 E VendorTagDescriptor: lookupTag: Tag name 'tranAvailableHighResolution' does not exist.
07-04 01:36:30.448 11393 11486 E VendorTagDescriptor: lookupTag: Tag name 'availableslimbodyMode' does not exist.
07-04 01:36:30.448 11393 11486 E VendorTagDescriptor: lookupTag: Tag name 'slimbodyFeaturesize' does not exist.
07-04 01:36:30.448 11393 11486 E VendorTagDescriptor: lookupTag: Tag name 'tranCtsInterpolationSize' does not exist.
07-04 01:36:30.448 11393 11486 E VendorTagDescriptor: lookupTag: Tag name 'tranAvailableVideoEIS' does not exist.
07-04 01:36:30.448 11393 11486 E VendorTagDescriptor: lookupTag: Tag name 'aePreCapFlowSupport' does not exist.
07-04 01:36:30.448 11393 11486 E VendorTagDescriptor: lookupTag: Tag name 'availableVideoSuperNightYuvMode' does not exist.
07-04 01:36:30.448 11393 11486 E VendorTagDescriptor: lookupTag: Tag name 'availableFilterType' does not exist.
07-04 01:36:30.448 11393 11486 E VendorTagDescriptor: lookupTag: Tag name 'availableHfpsMaxResolutions' does not exist.
07-04 01:36:30.448 11393 11486 E VendorTagDescriptor: lookupTag: Tag name 'availableHfpsModes' does not exist.
07-04 01:36:30.448 11393 11486 E VendorTagDescriptor: lookupTag: Tag name 'availableMaxMagicskyType' does not exist.
07-04 01:36:30.449 11393 11486 E VendorTagDescriptor: lookupTag: Tag name 'tranRearPortrait8MSupport' does not exist.
07-04 01:36:30.449 11393 11486 E VendorTagDescriptor: lookupTag: Tag name 'tranRearPortrait8MSize' does not exist.
07-04 01:36:30.449 11393 11491 E ranssion.camera: Invalid resource ID 0x00000000.
07-04 01:36:30.453 11393 11491 E ranssion.camera: Invalid resource ID 0x00000000.
07-04 01:36:30.453  1076  1076 E vendor.sprd.hardware.combined@1.0-service: MemTrack_DEBUG--Open ion_system_heap failed
07-04 01:36:30.461 11423 11423 E ProcessManagerImpl: getUidByPackageName fail
07-04 01:36:30.475 11423 11423 E ProcessManagerImpl: getUidByPackageName fail
07-04 01:36:30.484 11393 11486 E CamAp_SPRD-PlatformCam: isSupportedSuperDefinition false
07-04 01:36:30.490 11393 11486 E CamAp_SPRD-PlatformCam: isSupportedSuperDefinition false
07-04 01:36:30.497 11423 11423 E ProcessManagerImpl: getUidByPackageName fail
07-04 01:36:30.498 11393 11486 E CamAp_SPRD-PlatformCam: isSupportedSuperDefinition false
07-04 01:36:30.500 11423 11423 E ProcessManagerImpl: getUidByPackageName fail
07-04 01:36:30.502 11393 11486 E CamAp_SPRD-PlatformCam: isSupportedSuperDefinition false
07-04 01:36:30.504 11423 11423 E ProcessManagerImpl: getUidByPackageName fail
07-04 01:36:30.505 11423 11423 E ProcessManagerImpl: getUidByPackageName fail
07-04 01:36:30.506 11423 11423 E ProcessManagerImpl: getUidByPackageName fail
07-04 01:36:30.508 11423 11423 E ProcessManagerImpl: getUidByPackageName fail
07-04 01:36:30.509 11423 11423 E ProcessManagerImpl: getUidByPackageName fail
07-04 01:36:30.509 11393 11486 E CamAp_SPRD-PlatformCam: isSupportedSuperDefinition false
07-04 01:36:30.513 11423 11423 E ProcessManagerImpl: getUidByPackageName fail
07-04 01:36:30.513 11393 11486 E CamAp_SPRD-PlatformCam: isSupportedSuperDefinition false
07-04 01:36:30.514 11423 11423 E ProcessManagerImpl: getUidByPackageName fail
07-04 01:36:30.517 11393 11486 E CamAp_SPRD-PlatformCam: isSupportedSuperDefinition false
07-04 01:36:30.519 11423 11423 E ProcessManagerImpl: getUidByPackageName fail
07-04 01:36:30.521 11423 11423 E ProcessManagerImpl: getUidByPackageName fail
07-04 01:36:30.522 11393 11486 E CamAp_SPRD-PlatformCam: isSupportedSuperDefinition false
07-04 01:36:30.523 11423 11423 E ProcessManagerImpl: getUidByPackageName fail
07-04 01:36:30.524 11393 11486 E CamAp_SPRD-PlatformCam: isSupportedSuperDefinition false
07-04 01:36:30.525 11423 11423 E ProcessManagerImpl: getUidByPackageName fail
07-04 01:36:30.526 11423 11423 E ProcessManagerImpl: getUidByPackageName fail
07-04 01:36:30.527 11393 11486 E CamAp_SPRD-PlatformCam: isSupportedSuperDefinition false
07-04 01:36:30.529 11393 11486 E CamAp_SPRD-PlatformCam: isSupportedSuperDefinition false
07-04 01:36:30.531 11393 11486 E CamAp_SPRD-PlatformCam: isSupportedSuperDefinition false
07-04 01:36:30.535 11393 11486 E CamAp_SPRD-PlatformCam: isSupportedSuperDefinition false
07-04 01:36:30.540 11393 11486 E CamAp_SPRD-PlatformCam: isSupportedSuperDefinition false
07-04 01:36:30.545 11393 11486 E CamAp_SPRD-PlatformCam: isSupportedSuperDefinition false
07-04 01:36:30.549 11393 11486 E CamAp_SPRD-PlatformCam: isSupportedSuperDefinition false
07-04 01:36:30.554 11393 11486 E CamAp_SPRD-PlatformCam: isSupportedSuperDefinition false
07-04 01:36:30.634 11070 11551 E chromium: [0704/013630.633956:ERROR:android_webview/browser/variations/variations_seed_loader.cc:39] Seed missing signature.
07-04 01:36:30.763 11563 11563 E libc    : SetHeapTaggingLevel: re-enabling tagging after it was disabled is not supported
07-04 01:36:31.663 11070 11636 E libEGL  : eglQueryStringImpl display is EGL_NO_DISPLAY
07-04 01:36:31.776 11070 11636 E transsnet.store: mali_debug: sprd_gles_wait_last_fence is closed
07-04 01:36:31.941   358   379 E lowmemorykiller: process_mrelease 10930 failed: No such process
07-04 01:36:32.449   358   379 E lowmemorykiller: process_mrelease 11057 failed: No such process
07-04 01:36:32.505   358   378 E lowmemorykiller: process_mrelease 8770 failed: No such process
07-04 01:36:32.952 10956 10956 E Ads     : JS: Refused to get unsafe header "X-Afma-Gcache-IsGcacheHit" (https://imasdk.googleapis.com/admob/sdkloader/gma_vast_video_player_20260625_00.0/simid_player_core.js:508)
07-04 01:36:33.019 10956 10956 E Ads     : JS: Refused to get unsafe header "X-Afma-Gcache-IsGcacheHit" (https://imasdk.googleapis.com/admob/sdkloader/gma_vast_video_player_20260625_00.0/simid_player_core.js:508)
07-04 01:36:33.059  1089 11468 D APM_AudioPolicyManager: selectOutput new bestOutput 13 criteria 0 100 0 0 0 0 0 2 
07-04 01:36:33.063  1089  3003 D APM_AudioPolicyManager: selectOutput new bestOutput 13 criteria 0 100 0 0 0 0 0 2 
07-04 01:36:33.064  1089  3003 D APM_AudioPolicyManager: selectOutput new bestOutput 13 criteria 0 100 0 0 0 0 0 2 
07-04 01:36:33.076  1089  3003 D APM_AudioPolicyManager: selectOutput new bestOutput 13 criteria 0 100 0 0 0 0 0 2 
07-04 01:36:33.077  1089  3003 D APM_AudioPolicyManager: selectOutput new bestOutput 13 criteria 0 100 0 0 0 0 0 2 
07-04 01:36:33.078  1089  3003 D APM_AudioPolicyManager: selectOutput new bestOutput 13 criteria 0 100 0 0 0 0 0 2 
07-04 01:36:33.104  1089  3003 I APM_AudioPolicyManager: isFadeWhiteListApp() packageName:
07-04 01:36:33.115  1089  3003 D APM_AudioPolicyManager: getOutputForAttrInt() attributes={ Content type: AUDIO_CONTENT_TYPE_MUSIC Usage: AUDIO_USAGE_MEDIA Source: AUDIO_SOURCE_DEFAULT Flags: 0x200 Tags:  } stream=AUDIO_STREAM_MUSIC session 8121 selectedDeviceId 0
07-04 01:36:33.116  1089  3003 I APM_AudioPolicyManager: getOutputForAttrInt() device {AUDIO_DEVICE_OUT_SPEAKER, @:}, sampling rate 44100, format 0x5, channel mask 0x3, flags 0x8 stream AUDIO_STREAM_MUSIC
07-04 01:36:33.123  1089  3003 D APM_AudioPolicyManager: selectOutput new bestOutput 13 criteria 0 100 0 0 0 0 2 2 
07-04 01:36:33.123  1089  3003 D APM_AudioPolicyManager: selectOutput new bestOutput 21 criteria 0 100 0 0 0 1 3 0 
07-04 01:36:33.123  1089  3003 D APM_AudioPolicyManager: getOutputForAttrInt returns output 21 selectedDeviceId 3
07-04 01:36:33.123  1089  3003 I APM_AudioPolicyManager: getOutputForAttr() returns output 21 requestedPortId 0 selectedDeviceId 3 for port ID 1085
07-04 01:36:33.170  1089  3003 I APM_AudioPolicyManager: startOutput portId 1085
07-04 01:36:33.170  1089  3003 I APM_AudioPolicyManager: startOutput() output 21, stream 3, session 8121
07-04 01:36:33.176  1089  3003 D APM_AudioPolicyManager: getNewOutputDevices selected devices {AUDIO_DEVICE_OUT_SPEAKER, @:}
07-04 01:36:33.178  1089  3003 I APM_AudioPolicyManager: setOutputDevices caller startSource[[portId:5][io:21, deep_buffer]] device {AUDIO_DEVICE_OUT_SPEAKER, @:} delayMs 0
07-04 01:36:33.184  1089  3003 E audioserver: addTrack UX is 0
07-04 01:36:33.186 10956 11200 E AudioSystem: funcName or pkg should not be null
07-04 01:36:33.408  1058 11761 E mali_gralloc: Usage not a subset. Buffer usage = 0x4000000000000133, Descriptor usage = 0x5
07-04 01:36:33.412  1058 11760 E VSP     : read_uncompressed_header, 762, -10
07-04 01:36:33.413  1058 11761 E mali_gralloc: Usage not a subset. Buffer usage = 0x4000000000000133, Descriptor usage = 0x5
07-04 01:36:33.416  1058 11761 E mali_gralloc: Usage not a subset. Buffer usage = 0x4000000000000133, Descriptor usage = 0x5
07-04 01:36:33.429  1058 11761 E mali_gralloc: Usage not a subset. Buffer usage = 0x4000000000000133, Descriptor usage = 0x5
07-04 01:36:33.439  1058 11761 E mali_gralloc: Usage not a subset. Buffer usage = 0x4000000000000133, Descriptor usage = 0x5
07-04 01:36:33.442  1292  1327 E ThermalActionCommon: charge has been turn off
07-04 01:36:33.444  1058 11761 E mali_gralloc: Usage not a subset. Buffer usage = 0x4000000000000133, Descriptor usage = 0x5
07-04 01:36:33.447  1058 11761 E mali_gralloc: Usage not a subset. Buffer usage = 0x4000000000000133, Descriptor usage = 0x5
07-04 01:36:33.451  1058 11761 E mali_gralloc: Usage not a subset. Buffer usage = 0x4000000000000133, Descriptor usage = 0x5
07-04 01:36:33.454  1058 11761 E mali_gralloc: Usage not a subset. Buffer usage = 0x4000000000000133, Descriptor usage = 0x5
07-04 01:36:33.456  1058 11761 E mali_gralloc: Usage not a subset. Buffer usage = 0x4000000000000133, Descriptor usage = 0x5
07-04 01:36:33.460  1058 11761 E mali_gralloc: Usage not a subset. Buffer usage = 0x4000000000000133, Descriptor usage = 0x5
07-04 01:36:33.465  1058 11761 E mali_gralloc: Usage not a subset. Buffer usage = 0x4000000000000133, Descriptor usage = 0x5
07-04 01:36:33.470  1058 11761 E mali_gralloc: Usage not a subset. Buffer usage = 0x4000000000000133, Descriptor usage = 0x5
07-04 01:36:33.478  1058 11761 E mali_gralloc: Usage not a subset. Buffer usage = 0x4000000000000133, Descriptor usage = 0x5
07-04 01:36:33.481  1058 11761 E mali_gralloc: Usage not a subset. Buffer usage = 0x4000000000000133, Descriptor usage = 0x5
07-04 01:36:33.530 10956 11200 E AudioSystem: funcName or pkg should not be null
07-04 01:36:33.581  1292  1292 E ThermalActionCommon: charge has been turn off
07-04 01:36:33.596 10956 10956 E Ads     : JS: Refused to get unsafe header "X-Afma-Gcache-IsGcacheHit" (https://imasdk.googleapis.com/admob/sdkloader/gma_vast_video_player_20260625_00.0/simid_player_core.js:508)
07-04 01:36:33.663 10956 10956 E Ads     : JS: Refused to get unsafe header "X-Afma-Gcache-IsGcacheHit" (https://imasdk.googleapis.com/admob/sdkloader/gma_vast_video_player_20260625_00.0/simid_player_core.js:508)
07-04 01:36:33.668  1089 11468 D APM_AudioPolicyManager: selectOutput new bestOutput 13 criteria 0 100 0 0 0 0 0 2 
07-04 01:36:33.669  1089  3003 D APM_AudioPolicyManager: selectOutput new bestOutput 13 criteria 0 100 0 0 0 0 0 2 
07-04 01:36:33.671  1089  3003 D APM_AudioPolicyManager: selectOutput new bestOutput 13 criteria 0 100 0 0 0 0 0 2 
07-04 01:36:33.760  1058 11806 E mali_gralloc: Usage not a subset. Buffer usage = 0x4000000000000133, Descriptor usage = 0x5
07-04 01:36:33.762  1058 11805 E VSP     : read_uncompressed_header, 762, -10
07-04 01:36:33.763  1058 11806 E mali_gralloc: Usage not a subset. Buffer usage = 0x4000000000000133, Descriptor usage = 0x5
07-04 01:36:33.768  1058 11806 E mali_gralloc: Usage not a subset. Buffer usage = 0x4000000000000133, Descriptor usage = 0x5
07-04 01:36:33.773  1058 11806 E mali_gralloc: Usage not a subset. Buffer usage = 0x4000000000000133, Descriptor usage = 0x5
07-04 01:36:33.777  1058 11806 E mali_gralloc: Usage not a subset. Buffer usage = 0x4000000000000133, Descriptor usage = 0x5
07-04 01:36:33.781  1058 11806 E mali_gralloc: Usage not a subset. Buffer usage = 0x4000000000000133, Descriptor usage = 0x5
07-04 01:36:33.787  1058 11806 E mali_gralloc: Usage not a subset. Buffer usage = 0x4000000000000133, Descriptor usage = 0x5
07-04 01:36:33.790  1058 11806 E mali_gralloc: Usage not a subset. Buffer usage = 0x4000000000000133, Descriptor usage = 0x5
07-04 01:36:33.793  1058 11806 E mali_gralloc: Usage not a subset. Buffer usage = 0x4000000000000133, Descriptor usage = 0x5
07-04 01:36:33.796  1058 11806 E mali_gralloc: Usage not a subset. Buffer usage = 0x4000000000000133, Descriptor usage = 0x5
07-04 01:36:33.799  1058 11806 E mali_gralloc: Usage not a subset. Buffer usage = 0x4000000000000133, Descriptor usage = 0x5
07-04 01:36:33.804  1058 11806 E mali_gralloc: Usage not a subset. Buffer usage = 0x4000000000000133, Descriptor usage = 0x5
07-04 01:36:33.805  1058 11806 E mali_gralloc: Usage not a subset. Buffer usage = 0x4000000000000133, Descriptor usage = 0x5
07-04 01:36:33.806  1058 11806 E mali_gralloc: Usage not a subset. Buffer usage = 0x4000000000000133, Descriptor usage = 0x5
07-04 01:36:33.807  1058 11806 E mali_gralloc: Usage not a subset. Buffer usage = 0x4000000000000133, Descriptor usage = 0x5
07-04 01:36:33.808  1058 11806 E mali_gralloc: Usage not a subset. Buffer usage = 0x4000000000000133, Descriptor usage = 0x5
07-04 01:36:33.866  1089  1434 E audioserver: removeTrack UX is 0
07-04 01:36:33.866  1089  1283 I APM_AudioPolicyManager: stopOutput portId 1085
07-04 01:36:33.866  1089  1283 I APM_AudioPolicyManager: stopOutput() output 21, stream 3, session 8121
07-04 01:36:33.867  1089  1283 D APM_AudioPolicyManager: getNewOutputDevices selected devices AUDIO_DEVICE_NONE
07-04 01:36:33.867  1089  1283 I APM_AudioPolicyManager: setOutputDevices caller stopSource[[portId:5][io:21, deep_buffer]] device AUDIO_DEVICE_NONE delayMs 320
07-04 01:36:33.868  1089  1283 D APM_AudioPolicyManager: getNewOutputDevices selected devices AUDIO_DEVICE_NONE
07-04 01:36:33.868  1089  1283 I APM_AudioPolicyManager: setOutputDevices caller stopSource[[portId:1][io:13, primary output]] device AUDIO_DEVICE_NONE delayMs 320
07-04 01:36:33.869  1089  1283 I APM_AudioPolicyManager: setOutputDevices caller stopSource[[portId:1][io:13, primary output]] changing device to AUDIO_DEVICE_NONE
07-04 01:36:33.872  1089  1283 D APM_AudioPolicyManager: getNewOutputDevices selected devices AUDIO_DEVICE_NONE
07-04 01:36:33.872  1089  1283 I APM_AudioPolicyManager: setOutputDevices caller stopSource[[portId:7][io:29, fast output]] device AUDIO_DEVICE_NONE delayMs 320
07-04 01:36:33.873  1089  1283 I APM_AudioPolicyManager: setOutputDevices caller stopSource[[portId:7][io:29, fast output]] changing device to AUDIO_DEVICE_NONE
07-04 01:36:34.083   843  1635 E msys    : E[N mns:DGWClient]_OnResolverSuccess(359)=>Cache refresh succeeded with system DNS resolver. IP count: 1
07-04 01:36:34.085   843  1435 E MQTTBypassDGWStreamGroupCallbacks.cpp: onStreamGroupError TransientError domain: MNSQUICConnection code: 1 detail: Local error: 0x40000015: 35 seconds timeout
07-04 01:36:34.118  1076  1076 E vendor.sprd.hardware.combined@1.0-service: MemTrack_DEBUG--Open ion_system_heap failed
07-04 01:36:34.124  1076  1076 E vendor.sprd.hardware.combined@1.0-service: MemTrack_DEBUG--Open ion_system_heap failed
07-04 01:36:35.176   358   379 E lowmemorykiller: process_mrelease 11423 failed: No such process
07-04 01:36:35.821 11856 11874 E libEGL  : eglQueryStringImpl display is EGL_NO_DISPLAY
07-04 01:36:35.879 11824 11875 E mali_gralloc: initIonKernelMemtrack open device:/dev/systemheap failed, 13(Permission denied)
07-04 01:36:35.904 11787 11830 E FilePhenotypeFlags: Config package com.google.android.gms.auth_account_client#com.android.chrome cannot use FILE backing without declarative registration. See go/phenotype-android-integration#phenotype for more information. This will lead to stale flags.
07-04 01:36:35.982  1520  1701 E TranDynamicBarAnimControllerImpl: TranDynamicBarAnimControllerImpl setFromDynamicIslandToWindow pkgName:android
07-04 01:36:35.982  1520  1701 E TranDynamicBarAnimControllerImpl: start setFromDynamicIslandToWindow startFromDynamicIsland:false
07-04 01:36:35.982  1520  1701 E TranDynamicBarAnimControllerImpl: end setFromDynamicIslandToWindow mDynamicIslandPkgName:android mStartFromDynamicIsland:false
07-04 01:36:35.984  1520  1701 E TranDynamicBarAnimControllerImpl: TranDynamicBarAnimControllerImpl setFromDynamicIslandToWindow pkgName:com.google.android.gms
07-04 01:36:35.984  1520  1701 E TranDynamicBarAnimControllerImpl: start setFromDynamicIslandToWindow startFromDynamicIsland:false
07-04 01:36:35.984  1520  1701 E TranDynamicBarAnimControllerImpl: end setFromDynamicIslandToWindow mDynamicIslandPkgName:com.google.android.gms mStartFromDynamicIsland:false
07-04 01:36:36.260  1076  1076 E vendor.sprd.hardware.combined@1.0-service: MemTrack_DEBUG--Open ion_system_heap failed
07-04 01:36:37.038  1520  1520 E system_server: No package ID 7f found for resource ID 0x7f010000.
07-04 01:36:37.051  1520  1520 E system_server: No package ID 7f found for resource ID 0x7f020000.
07-04 01:36:37.051  1520  1520 E system_server: No package ID 7f found for resource ID 0x7f030000.
07-04 01:36:37.051  1520  1520 E system_server: No package ID 7f found for resource ID 0x7f040000.
07-04 01:36:37.051  1520  1520 E system_server: No package ID 7f found for resource ID 0x7f050000.
07-04 01:36:37.057 12001 12001 E libc    : SetHeapTaggingLevel: re-enabling tagging after it was disabled is not supported
07-04 01:36:37.130   358   379 E lowmemorykiller: process_mrelease 11070 failed: No such process
07-04 01:36:37.444  1520  1606 E KernelCpuSpeedReader: Failed to read cpu-freq: /sys/devices/system/cpu/cpu٠/cpufreq/stats/time_in_state: open failed: ENOENT (No such file or directory)
07-04 01:36:37.444  1520  1606 E KernelCpuSpeedReader: Failed to read cpu-freq: /sys/devices/system/cpu/cpu٦/cpufreq/stats/time_in_state: open failed: ENOENT (No such file or directory)
07-04 01:36:37.450  1520  1606 E system_server: updateValue is called with a value 45, which is lower than the previous value 281
07-04 01:36:38.335  1227  1227 E uas-service: ioclt error: fd=3 cmd=1075336211 ux_data->pid=2325 ux_data->ux_tags=0x100420
07-04 01:36:38.521  1050  1130 E a2dp_offload: audio_extn_a2dp_set_parameters: No supported encoders identified,ignoring A2DP setparam
07-04 01:36:38.751  1520  1603 D tranpm/BehaviorManager: onMemPressureChange : level 2
07-04 01:36:38.751  2039  2039 D ModeController: isSmartPanelState: setPackageName:, smartPanelState:false
07-04 01:36:38.753  2039  2039 D TrCloudNotificationSupportController: containCloudNotificationSupportApp: com.alldocument.hubhubnot in the cloud list
07-04 01:36:38.753  2039  2039 D TrCloudNotificationSupportController: containLocalNotificationSupportApp: com.alldocument.hubhubnot in the local list
