--------- beginning of main
07-04 01:36:23.195  7288  7427 E chromium: [ERROR:cc/tiles/tile_manager.cc:1008] WARNING: tile memory limits exceeded, some content may not draw
07-04 01:36:23.196  7288  7427 E chromium: [ERROR:cc/tiles/tile_manager.cc:1008] WARNING: tile memory limits exceeded, some content may not draw
--------- beginning of system
07-04 01:36:23.334  1520  1810 E AppOps  : attributionTag VCN not declared in manifest of android
07-04 01:36:23.378  1520  1810 E AppOps  : attributionTag VCN not declared in manifest of android
07-04 01:36:23.425  2039  2237 E UASManager: setTranSchedUxTags fail, mWmShellMainTid =0
07-04 01:36:23.468  6377  6377 E ActivityThread: performResumeActivity r = ActivityRecord{7008f91 token=android.os.BinderProxy@3c7f4da {com.babydola.launcherios/com.android.launcher3.Launcher}} hideForNow = false
07-04 01:36:23.470  2013  2013 E SmsApplication: com.transsion.cloudserver does not have system signature
07-04 01:36:23.519  1520  2527 E RoleControllerServiceImpl: Default/fallback role holder package doesn't qualify for the role, package: com.google.android.gms.supervision, role: android.app.role.SYSTEM_SUPERVISION, user: 0
07-04 01:36:23.527  1520  2527 E RoleControllerServiceImpl: Default/fallback role holder package doesn't qualify for the role, package: com.google.android.gms, role: android.app.role.SYSTEM_CALL_STREAMING, user: 0
07-04 01:36:23.639  1520  2527 E RoleControllerServiceImpl: Default/fallback role holder package doesn't qualify for the role, package: com.google.android.devicelockcontroller, role: android.app.role.SYSTEM_FINANCED_DEVICE_CONTROLLER, user: 0
07-04 01:36:23.657  1520  2527 E AppOpService: Blocked setUidMode call for runtime permission app op: uid = 10142, code = FINE_LOCATION, mode = foreground, callingUid = 1000, oldMode = allow
07-04 01:36:23.657  1520  2527 E AppOpService: java.lang.RuntimeException
07-04 01:36:23.657  1520  2527 E AppOpService: 	at com.android.server.permission.access.appop.AppOpService.setUidMode(AppOpService.kt:268)
07-04 01:36:23.657  1520  2527 E AppOpService: 	at com.android.server.appop.AppOpsCheckingServiceTracingDecorator.setUidMode(AppOpsCheckingServiceTracingDecorator.java:120)
07-04 01:36:23.657  1520  2527 E AppOpService: 	at com.android.server.appop.AppOpsService.setUidMode(AppOpsService.java:2119)
07-04 01:36:23.657  1520  2527 E AppOpService: 	at com.android.server.appop.AppOpsService.setUidMode(AppOpsService.java:2069)
07-04 01:36:23.657  1520  2527 E AppOpService: 	at android.app.AppOpsManager.setUidMode(AppOpsManager.java:8603)
07-04 01:36:23.657  1520  2527 E AppOpService: 	at com.android.role.controller.model.Permissions.setAppOpModeAsUser(Permissions.java:908)
07-04 01:36:23.657  1520  2527 E AppOpService: 	at com.android.role.controller.model.Permissions.setAppOpUidModeAsUser(Permissions.java:885)
07-04 01:36:23.657  1520  2527 E AppOpService: 	at com.android.role.controller.model.Permissions.grantPermissionAndAppOpAsUser(Permissions.java:373)
07-04 01:36:23.657  1520  2527 E AppOpService: 	at com.android.role.controller.model.Permissions.grantSingleAsUser(Permissions.java:247)
07-04 01:36:23.657  1520  2527 E AppOpService: 	at com.android.role.controller.model.Permissions.grantAsUser(Permissions.java:205)
07-04 01:36:23.657  1520  2527 E AppOpService: 	at com.android.role.controller.behavior.BrowserRoleBehavior.grantAsUser(BrowserRoleBehavior.java:142)
07-04 01:36:23.657  1520  2527 E AppOpService: 	at com.android.role.controller.model.Role.grantAsUser(Role.java:973)
07-04 01:36:23.657  1520  2527 E AppOpService: 	at com.android.role.controller.service.RoleControllerServiceImpl.addRoleHolderInternal(RoleControllerServiceImpl.java:380)
07-04 01:36:23.657  1520  2527 E AppOpService: 	at com.android.role.controller.service.RoleControllerServiceImpl.onGrantDefaultRoles(RoleControllerServiceImpl.java:163)
07-04 01:36:23.657  1520  2527 E AppOpService: 	at com.android.role.LocalRoleController.lambda$grantDefaultRoles$1(LocalRoleController.java:56)
07-04 01:36:23.657  1520  2527 E AppOpService: 	at com.android.role.LocalRoleController.$r8$lambda$ye-flP7Mf14AbTzwSmiTgndT6Cg(LocalRoleController.java:0)
07-04 01:36:23.657  1520  2527 E AppOpService: 	at com.android.role.LocalRoleController$$ExternalSyntheticLambda1.run(R8$$SyntheticClass:0)
07-04 01:36:23.657  1520  2527 E AppOpService: 	at android.os.Handler.handleCallback(Handler.java:959)
07-04 01:36:23.657  1520  2527 E AppOpService: 	at android.os.Handler.dispatchMessage(Handler.java:100)
07-04 01:36:23.657  1520  2527 E AppOpService: 	at android.os.Looper.loopOnce(Looper.java:311)
07-04 01:36:23.657  1520  2527 E AppOpService: 	at android.os.Looper.loop(Looper.java:408)
07-04 01:36:23.657  1520  2527 E AppOpService: 	at android.os.HandlerThread.run(HandlerThread.java:85)
07-04 01:36:23.658  1520  2527 E AppOpService: Blocked setUidMode call for runtime permission app op: uid = 10142, code = COARSE_LOCATION, mode = foreground, callingUid = 1000, oldMode = allow
07-04 01:36:23.658  1520  2527 E AppOpService: java.lang.RuntimeException
07-04 01:36:23.658  1520  2527 E AppOpService: 	at com.android.server.permission.access.appop.AppOpService.setUidMode(AppOpService.kt:268)
07-04 01:36:23.658  1520  2527 E AppOpService: 	at com.android.server.appop.AppOpsCheckingServiceTracingDecorator.setUidMode(AppOpsCheckingServiceTracingDecorator.java:120)
07-04 01:36:23.658  1520  2527 E AppOpService: 	at com.android.server.appop.AppOpsService.setUidMode(AppOpsService.java:2119)
07-04 01:36:23.658  1520  2527 E AppOpService: 	at com.android.server.appop.AppOpsService.setUidMode(AppOpsService.java:2069)
07-04 01:36:23.658  1520  2527 E AppOpService: 	at android.app.AppOpsManager.setUidMode(AppOpsManager.java:8603)
07-04 01:36:23.658  1520  2527 E AppOpService: 	at com.android.role.controller.model.Permissions.setAppOpModeAsUser(Permissions.java:908)
07-04 01:36:23.658  1520  2527 E AppOpService: 	at com.android.role.controller.model.Permissions.setAppOpUidModeAsUser(Permissions.java:885)
07-04 01:36:23.658  1520  2527 E AppOpService: 	at com.android.role.controller.model.Permissions.grantPermissionAndAppOpAsUser(Permissions.java:373)
07-04 01:36:23.658  1520  2527 E AppOpService: 	at com.android.role.controller.model.Permissions.grantSingleAsUser(Permissions.java:247)
07-04 01:36:23.658  1520  2527 E AppOpService: 	at com.android.role.controller.model.Permissions.grantAsUser(Permissions.java:205)
07-04 01:36:23.658  1520  2527 E AppOpService: 	at com.android.role.controller.behavior.BrowserRoleBehavior.grantAsUser(BrowserRoleBehavior.java:142)
07-04 01:36:23.658  1520  2527 E AppOpService: 	at com.android.role.controller.model.Role.grantAsUser(Role.java:973)
07-04 01:36:23.658  1520  2527 E AppOpService: 	at com.android.role.controller.service.RoleControllerServiceImpl.addRoleHolderInternal(RoleControllerServiceImpl.java:380)
07-04 01:36:23.658  1520  2527 E AppOpService: 	at com.android.role.controller.service.RoleControllerServiceImpl.onGrantDefaultRoles(RoleControllerServiceImpl.java:163)
07-04 01:36:23.658  1520  2527 E AppOpService: 	at com.android.role.LocalRoleController.lambda$grantDefaultRoles$1(LocalRoleController.java:56)
07-04 01:36:23.658  1520  2527 E AppOpService: 	at com.android.role.LocalRoleController.$r8$lambda$ye-flP7Mf14AbTzwSmiTgndT6Cg(LocalRoleController.java:0)
07-04 01:36:23.658  1520  2527 E AppOpService: 	at com.android.role.LocalRoleController$$ExternalSyntheticLambda1.run(R8$$SyntheticClass:0)
07-04 01:36:23.658  1520  2527 E AppOpService: 	at android.os.Handler.handleCallback(Handler.java:959)
07-04 01:36:23.658  1520  2527 E AppOpService: 	at android.os.Handler.dispatchMessage(Handler.java:100)
07-04 01:36:23.658  1520  2527 E AppOpService: 	at android.os.Looper.loopOnce(Looper.java:311)
07-04 01:36:23.658  1520  2527 E AppOpService: 	at android.os.Looper.loop(Looper.java:408)
07-04 01:36:23.658  1520  2527 E AppOpService: 	at android.os.HandlerThread.run(HandlerThread.java:85)
07-04 01:36:23.891  1520  4790 E ActivityTaskManager: agaresPreload error: activityInfo is null
07-04 01:36:23.896  1520  4790 E system_server: No package ID 7f found for resource ID 0x7f010000.
07-04 01:36:23.896  1520  4790 E system_server: No package ID 7f found for resource ID 0x7f020000.
07-04 01:36:23.896  1520  4790 E system_server: No package ID 7f found for resource ID 0x7f030000.
07-04 01:36:23.896  1520  4790 E system_server: No package ID 7f found for resource ID 0x7f040000.
07-04 01:36:23.896  1520  4790 E system_server: No package ID 7f found for resource ID 0x7f050000.
07-04 01:36:23.935  2039  2237 E UASManager: setTranSchedUxTags fail, mWmShellMainTid =0
07-04 01:36:24.012  1520  4351 E TranDynamicBarAnimControllerImpl: TranDynamicBarAnimControllerImpl setFromDynamicIslandToWindow pkgName:com.google.android.gms
07-04 01:36:24.012  1520  4351 E TranDynamicBarAnimControllerImpl: end setFromDynamicIslandToWindow mDynamicIslandPkgName:com.google.android.gms mStartFromDynamicIsland:false
07-04 01:36:24.351  7288  7427 E chromium: [ERROR:cc/tiles/tile_manager.cc:1008] WARNING: tile memory limits exceeded, some content may not draw
07-04 01:36:24.352  7288  7427 E chromium: [ERROR:cc/tiles/tile_manager.cc:1008] WARNING: tile memory limits exceeded, some content may not draw
07-04 01:36:24.367  1520  3623 E AppSearchAppsIndexerAppSearchHelper: Ran into error while indexing apps: [FAILURE(3)]: Key cannot contain a null character '\0'
07-04 01:36:24.527  6377 27669 E adservices: Failed to find resolveInfo for adServices service. Intent action: android.adservices.MEASUREMENT_SERVICE
07-04 01:36:24.527  6377 27669 E adservices: Failed to find serviceInfo for adServices service on user 0 using intent android.adservices.MEASUREMENT_SERVICE
07-04 01:36:24.528  6377 27669 E adservices: Failed binding to measurement service: java.lang.IllegalStateException: Unable to find the service
07-04 01:36:24.538  1520  6346 E ActivityThread: Failed to find provider info for com.transsion.gamemode.provider
07-04 01:36:24.620  1520  2527 E RoleControllerServiceImpl: Default/fallback role holder package doesn't qualify for the role, package: com.google.android.gms.supervision, role: android.app.role.SYSTEM_SUPERVISION, user: 0
07-04 01:36:24.622  1520  2527 E RoleControllerServiceImpl: Default/fallback role holder package doesn't qualify for the role, package: com.google.android.gms, role: android.app.role.SYSTEM_CALL_STREAMING, user: 0
07-04 01:36:24.637  2013  2013 E SmsApplication: com.transsion.cloudserver does not have system signature
07-04 01:36:24.662  1520  2527 E RoleControllerServiceImpl: Default/fallback role holder package doesn't qualify for the role, package: com.google.android.devicelockcontroller, role: android.app.role.SYSTEM_FINANCED_DEVICE_CONTROLLER, user: 0
07-04 01:36:24.667  1520  2527 E AppOpService: Blocked setUidMode call for runtime permission app op: uid = 10142, code = FINE_LOCATION, mode = foreground, callingUid = 1000, oldMode = allow
07-04 01:36:24.667  1520  2527 E AppOpService: java.lang.RuntimeException
07-04 01:36:24.667  1520  2527 E AppOpService: 	at com.android.server.permission.access.appop.AppOpService.setUidMode(AppOpService.kt:268)
07-04 01:36:24.667  1520  2527 E AppOpService: 	at com.android.server.appop.AppOpsCheckingServiceTracingDecorator.setUidMode(AppOpsCheckingServiceTracingDecorator.java:120)
07-04 01:36:24.667  1520  2527 E AppOpService: 	at com.android.server.appop.AppOpsService.setUidMode(AppOpsService.java:2119)
07-04 01:36:24.667  1520  2527 E AppOpService: 	at com.android.server.appop.AppOpsService.setUidMode(AppOpsService.java:2069)
07-04 01:36:24.667  1520  2527 E AppOpService: 	at android.app.AppOpsManager.setUidMode(AppOpsManager.java:8603)
07-04 01:36:24.667  1520  2527 E AppOpService: 	at com.android.role.controller.model.Permissions.setAppOpModeAsUser(Permissions.java:908)
07-04 01:36:24.667  1520  2527 E AppOpService: 	at com.android.role.controller.model.Permissions.setAppOpUidModeAsUser(Permissions.java:885)
07-04 01:36:24.667  1520  2527 E AppOpService: 	at com.android.role.controller.model.Permissions.grantPermissionAndAppOpAsUser(Permissions.java:373)
07-04 01:36:24.667  1520  2527 E AppOpService: 	at com.android.role.controller.model.Permissions.grantSingleAsUser(Permissions.java:247)
07-04 01:36:24.667  1520  2527 E AppOpService: 	at com.android.role.controller.model.Permissions.grantAsUser(Permissions.java:205)
07-04 01:36:24.667  1520  2527 E AppOpService: 	at com.android.role.controller.behavior.BrowserRoleBehavior.grantAsUser(BrowserRoleBehavior.java:142)
07-04 01:36:24.667  1520  2527 E AppOpService: 	at com.android.role.controller.model.Role.grantAsUser(Role.java:973)
07-04 01:36:24.667  1520  2527 E AppOpService: 	at com.android.role.controller.service.RoleControllerServiceImpl.addRoleHolderInternal(RoleControllerServiceImpl.java:380)
07-04 01:36:24.667  1520  2527 E AppOpService: 	at com.android.role.controller.service.RoleControllerServiceImpl.onGrantDefaultRoles(RoleControllerServiceImpl.java:163)
07-04 01:36:24.667  1520  2527 E AppOpService: 	at com.android.role.LocalRoleController.lambda$grantDefaultRoles$1(LocalRoleController.java:56)
07-04 01:36:24.667  1520  2527 E AppOpService: 	at com.android.role.LocalRoleController.$r8$lambda$ye-flP7Mf14AbTzwSmiTgndT6Cg(LocalRoleController.java:0)
07-04 01:36:24.667  1520  2527 E AppOpService: 	at com.android.role.LocalRoleController$$ExternalSyntheticLambda1.run(R8$$SyntheticClass:0)
07-04 01:36:24.667  1520  2527 E AppOpService: 	at android.os.Handler.handleCallback(Handler.java:959)
07-04 01:36:24.667  1520  2527 E AppOpService: 	at android.os.Handler.dispatchMessage(Handler.java:100)
07-04 01:36:24.667  1520  2527 E AppOpService: 	at android.os.Looper.loopOnce(Looper.java:311)
07-04 01:36:24.667  1520  2527 E AppOpService: 	at android.os.Looper.loop(Looper.java:408)
07-04 01:36:24.667  1520  2527 E AppOpService: 	at android.os.HandlerThread.run(HandlerThread.java:85)
07-04 01:36:24.668  1520  2527 E AppOpService: Blocked setUidMode call for runtime permission app op: uid = 10142, code = COARSE_LOCATION, mode = foreground, callingUid = 1000, oldMode = allow
07-04 01:36:24.668  1520  2527 E AppOpService: java.lang.RuntimeException
07-04 01:36:24.668  1520  2527 E AppOpService: 	at com.android.server.permission.access.appop.AppOpService.setUidMode(AppOpService.kt:268)
07-04 01:36:24.668  1520  2527 E AppOpService: 	at com.android.server.appop.AppOpsCheckingServiceTracingDecorator.setUidMode(AppOpsCheckingServiceTracingDecorator.java:120)
07-04 01:36:24.668  1520  2527 E AppOpService: 	at com.android.server.appop.AppOpsService.setUidMode(AppOpsService.java:2119)
07-04 01:36:24.668  1520  2527 E AppOpService: 	at com.android.server.appop.AppOpsService.setUidMode(AppOpsService.java:2069)
07-04 01:36:24.668  1520  2527 E AppOpService: 	at android.app.AppOpsManager.setUidMode(AppOpsManager.java:8603)
07-04 01:36:24.668  1520  2527 E AppOpService: 	at com.android.role.controller.model.Permissions.setAppOpModeAsUser(Permissions.java:908)
07-04 01:36:24.668  1520  2527 E AppOpService: 	at com.android.role.controller.model.Permissions.setAppOpUidModeAsUser(Permissions.java:885)
07-04 01:36:24.668  1520  2527 E AppOpService: 	at com.android.role.controller.model.Permissions.grantPermissionAndAppOpAsUser(Permissions.java:373)
07-04 01:36:24.668  1520  2527 E AppOpService: 	at com.android.role.controller.model.Permissions.grantSingleAsUser(Permissions.java:247)
07-04 01:36:24.668  1520  2527 E AppOpService: 	at com.android.role.controller.model.Permissions.grantAsUser(Permissions.java:205)
07-04 01:36:24.668  1520  2527 E AppOpService: 	at com.android.role.controller.behavior.BrowserRoleBehavior.grantAsUser(BrowserRoleBehavior.java:142)
07-04 01:36:24.668  1520  2527 E AppOpService: 	at com.android.role.controller.model.Role.grantAsUser(Role.java:973)
07-04 01:36:24.668  1520  2527 E AppOpService: 	at com.android.role.controller.service.RoleControllerServiceImpl.addRoleHolderInternal(RoleControllerServiceImpl.java:380)
07-04 01:36:24.668  1520  2527 E AppOpService: 	at com.android.role.controller.service.RoleControllerServiceImpl.onGrantDefaultRoles(RoleControllerServiceImpl.java:163)
07-04 01:36:24.668  1520  2527 E AppOpService: 	at com.android.role.LocalRoleController.lambda$grantDefaultRoles$1(LocalRoleController.java:56)
07-04 01:36:24.668  1520  2527 E AppOpService: 	at com.android.role.LocalRoleController.$r8$lambda$ye-flP7Mf14AbTzwSmiTgndT6Cg(LocalRoleController.java:0)
07-04 01:36:24.668  1520  2527 E AppOpService: 	at com.android.role.LocalRoleController$$ExternalSyntheticLambda1.run(R8$$SyntheticClass:0)
07-04 01:36:24.668  1520  2527 E AppOpService: 	at android.os.Handler.handleCallback(Handler.java:959)
07-04 01:36:24.668  1520  2527 E AppOpService: 	at android.os.Handler.dispatchMessage(Handler.java:100)
07-04 01:36:24.668  1520  2527 E AppOpService: 	at android.os.Looper.loopOnce(Looper.java:311)
07-04 01:36:24.668  1520  2527 E AppOpService: 	at android.os.Looper.loop(Looper.java:408)
07-04 01:36:24.668  1520  2527 E AppOpService: 	at android.os.HandlerThread.run(HandlerThread.java:85)
07-04 01:36:24.755  1520  3623 E AppSearchAppsIndexerAppSearchHelper: Ran into error while indexing apps: [FAILURE(3)]: Key cannot contain a null character '\0'
07-04 01:36:25.040  1037  1120 E OemNetd : transmitAppUidToNetwork uid=(0)
07-04 01:36:25.052 10956 11014 E mali_gralloc: Requested R8 format is not supported with this allocator. R8 format is only supported with the AIDL allocator
07-04 01:36:25.052 10956 11014 E mali_gralloc: ERROR: Unrecognized and/or unsupported format R8 and usage TEXTURE + RENDER + HWC
07-04 01:36:25.052 10956 11014 E mali_gralloc: ERROR: Unrecognized and/or unsupported format RGBA_10101010 and usage TEXTURE + RENDER + HWC
07-04 01:36:25.052 10956 11014 E mali_gralloc: Requested R8 format is not supported with this allocator. R8 format is only supported with the AIDL allocator
07-04 01:36:25.052 10956 11014 E mali_gralloc: ERROR: Unrecognized and/or unsupported format R8 and usage TEXTURE + RENDER + HWC
07-04 01:36:25.052 10956 11014 E mali_gralloc: ERROR: Unrecognized and/or unsupported format RGBA_10101010 and usage TEXTURE + RENDER + HWC
07-04 01:36:25.275  2013  2013 E SmsApplication: com.transsion.cloudserver does not have system signature
07-04 01:36:25.414 30822 30853 E Finsky  : [433] [Counters] attempted to use a non-positive increment for: 4752
07-04 01:36:25.422 30822 30853 E Finsky  : [433] [Counters] attempted to use a non-positive increment for: 4753
07-04 01:36:25.524  6065 11124 E phonemaster_log: SuperSaveUtils: Settings.Secure get super_save status fail 
07-04 01:36:25.526  2815  2815 E os_lock_noti_DatabaseHelper: notifyChangeForOberver: uri = /allowedlist--- observer from = setNotificationData
07-04 01:36:25.584  2815  2874 E os_noti_center_NotiCenterManager: parseRuleFile: e = java.io.FileNotFoundException: /data/user/0/com.hoffnung/cache/os_noti_center_config.txt: open failed: ENOENT (No such file or directory)
07-04 01:36:25.584  2815  2874 E os_noti_center_NotiCenterManager: parseRuleFile: Coat time = 8
07-04 01:36:25.753 30822 30854 E Finsky  : [434] [Counters] attempted to use a non-positive increment for: 4752
07-04 01:36:25.787 30822 30853 E Finsky  : [433] [Counters] attempted to use a non-positive increment for: 4752
07-04 01:36:25.800 30822 30853 E Finsky  : [433] [Counters] attempted to use a non-positive increment for: 4753
07-04 01:36:25.801 30822 30853 E Finsky  : [433] [Counters] attempted to use a non-positive increment for: 4753
07-04 01:36:26.396 11178 11178 E libc    : SetHeapTaggingLevel: re-enabling tagging after it was disabled is not supported
07-04 01:36:26.923 10956 11215 E libEGL  : eglQueryStringImpl display is EGL_NO_DISPLAY
07-04 01:36:26.970 10956 11215 E k.mathchallenge: mali_debug: sprd_gles_wait_last_fence is closed
07-04 01:36:27.843   444   444 E TrustyKeymaster: succeeded to send cmd (4) to com.android.trusty.keymaster with rc(1424). errno: Success
07-04 01:36:27.844   444   444 E TrustyKeymaster: Getting response size (28)
07-04 01:36:27.850   444   444 E TrustyKeymaster: succeeded to send cmd (8) to com.android.trusty.keymaster with rc(284). errno: Success
07-04 01:36:27.851   444   444 E TrustyKeymaster: Getting response size (28)
07-04 01:36:27.852   444   444 E TrustyKeymaster: succeeded to send cmd (12) to com.android.trusty.keymaster with rc(32). errno: Success
07-04 01:36:27.882   444   444 E TrustyKeymaster: Getting response size (60)
07-04 01:36:27.922 11126 11270 E Athena  : Athena-Worker, a(b.java:١٥)
07-04 01:36:27.922 11126 11270 E Athena  : invalid or not registered:{"appid":8638,"event":"page_view"}
07-04 01:36:27.962   444   444 E TrustyKeymaster: succeeded to send cmd (4) to com.android.trusty.keymaster with rc(1424). errno: Success
07-04 01:36:27.963   444   444 E TrustyKeymaster: Getting response size (28)
07-04 01:36:27.966   444   444 E TrustyKeymaster: succeeded to send cmd (8) to com.android.trusty.keymaster with rc(284). errno: Success
07-04 01:36:27.966   444   444 E TrustyKeymaster: Getting response size (28)
07-04 01:36:27.967   444   444 E TrustyKeymaster: succeeded to send cmd (12) to com.android.trusty.keymaster with rc(32). errno: Success
07-04 01:36:27.997   444   444 E TrustyKeymaster: Getting response size (8)
07-04 01:36:27.997   444   444 E TrustyKeymaster: Response of size 4 contained error code -1000
07-04 01:36:27.997   444   444 E trusty_keymaster_hal: Cmd 12 returned error: -1000
07-04 01:36:27.997   443   443 E keystore2: system/security/keystore2/src/error.rs:171 - system/security/keystore2/src/operation.rs:847: KeystoreOperation::finish
07-04 01:36:27.997   443   443 E keystore2: 
07-04 01:36:27.997   443   443 E keystore2: Caused by:
07-04 01:36:27.997   443   443 E keystore2:     0: system/security/keystore2/src/operation.rs:428: Finish failed.
07-04 01:36:27.997   443   443 E keystore2:     1: Error::Km(r#UNKNOWN_ERROR)
07-04 01:36:28.906 11070 11343 E transsnet.store: No package ID 74 found for resource ID 0x740b0013.
07-04 01:36:29.057 22508 32385 E Ads     : Error waiting for future.
07-04 01:36:29.057 22508 32385 E Ads     : java.util.concurrent.TimeoutException
07-04 01:36:29.057 22508 32385 E Ads     : 	at java.util.concurrent.FutureTask.get(FutureTask.java:206)
07-04 01:36:29.057 22508 32385 E Ads     : 	at com.google.android.gms.ads.nonagon.signals.gmscore.p.call(:com.google.android.gms@262434062@26.24.34 (200400-938041327):47)
07-04 01:36:29.057 22508 32385 E Ads     : 	at fjil.a(:com.google.android.gms@262434062@26.24.34 (200400-938041327):3)
07-04 01:36:29.057 22508 32385 E Ads     : 	at fjhl.run(:com.google.android.gms@262434062@26.24.34 (200400-938041327):19)
07-04 01:36:29.057 22508 32385 E Ads     : 	at fjim.run(:com.google.android.gms@262434062@26.24.34 (200400-938041327):5)
07-04 01:36:29.057 22508 32385 E Ads     : 	at becd.c(:com.google.android.gms@262434062@26.24.34 (200400-938041327):50)
07-04 01:36:29.057 22508 32385 E Ads     : 	at becd.run(:com.google.android.gms@262434062@26.24.34 (200400-938041327):66)
07-04 01:36:29.057 22508 32385 E Ads     : 	at java.util.concurrent.ThreadPoolExecutor.runWorker(ThreadPoolExecutor.java:1100)
07-04 01:36:29.057 22508 32385 E Ads     : 	at java.util.concurrent.ThreadPoolExecutor$Worker.run(ThreadPoolExecutor.java:624)
07-04 01:36:29.057 22508 32385 E Ads     : 	at behr.run(:com.google.android.gms@262434062@26.24.34 (200400-938041327):8)
07-04 01:36:29.057 22508 32385 E Ads     : 	at java.lang.Thread.run(Thread.java:1572)
07-04 01:36:29.189   444   444 E TrustyKeymaster: succeeded to send cmd (4) to com.android.trusty.keymaster with rc(1425). errno: Success
07-04 01:36:29.190   444   444 E TrustyKeymaster: Getting response size (28)
07-04 01:36:29.197   444   444 E TrustyKeymaster: succeeded to send cmd (8) to com.android.trusty.keymaster with rc(284). errno: Success
07-04 01:36:29.199   444   444 E TrustyKeymaster: Getting response size (28)
07-04 01:36:29.202   444   444 E TrustyKeymaster: succeeded to send cmd (12) to com.android.trusty.keymaster with rc(32). errno: Success
07-04 01:36:29.233   444   444 E TrustyKeymaster: Getting response size (60)
07-04 01:36:29.282   444   444 E TrustyKeymaster: succeeded to send cmd (4) to com.android.trusty.keymaster with rc(1425). errno: Success
07-04 01:36:29.283   444   444 E TrustyKeymaster: Getting response size (28)
07-04 01:36:29.293   444   444 E TrustyKeymaster: succeeded to send cmd (8) to com.android.trusty.keymaster with rc(284). errno: Success
07-04 01:36:29.294   444   444 E TrustyKeymaster: Getting response size (28)
07-04 01:36:29.299   444   444 E TrustyKeymaster: succeeded to send cmd (12) to com.android.trusty.keymaster with rc(32). errno: Success
07-04 01:36:29.330   444   444 E TrustyKeymaster: Getting response size (8)
07-04 01:36:29.330   444   444 E TrustyKeymaster: Response of size 4 contained error code -1000
07-04 01:36:29.330   444   444 E trusty_keymaster_hal: Cmd 12 returned error: -1000
07-04 01:36:29.331   443  7838 E keystore2: system/security/keystore2/src/error.rs:171 - system/security/keystore2/src/operation.rs:847: KeystoreOperation::finish
07-04 01:36:29.331   443  7838 E keystore2: 
07-04 01:36:29.331   443  7838 E keystore2: Caused by:
07-04 01:36:29.331   443  7838 E keystore2:     0: system/security/keystore2/src/operation.rs:428: Finish failed.
07-04 01:36:29.331   443  7838 E keystore2:     1: Error::Km(r#UNKNOWN_ERROR)
07-04 01:36:29.642 11423 11423 E e_feature: getDyfeatureValue com.transsion.android.dyfeature.DyFeature
07-04 01:36:29.678 11070 11361 E transsnet.store: Failed to open APK '/data/user_de/0/com.transsnet.store/files/Theme/c5fa85b3-4742-4ffc-80eb-f2267ae644b6@58': Invalid file
07-04 01:36:29.773 11393 11393 E ranssion.camera: Invalid resource ID 0x00000000.
07-04 01:36:29.773 11393 11393 E ranssion.camera: Invalid resource ID 0x00000000.
07-04 01:36:29.775 11393 11393 E CamAp_ReflectionUtils: instance Exception: java.lang.ClassNotFoundException: com.transsion.camera.analytics.AnalyticsImpl
07-04 01:36:29.796 11393 11393 E ranssion.camera: Invalid resource ID 0x00000000.
07-04 01:36:29.799 11393 11491 E ranssion.camera: Invalid resource ID 0x00000000.
07-04 01:36:29.809 11393 11491 E ranssion.camera: Invalid resource ID 0x00000000.
07-04 01:36:29.810   444   444 E TrustyKeymaster: succeeded to send cmd (4) to com.android.trusty.keymaster with rc(269). errno: Success
07-04 01:36:29.810   444   444 E TrustyKeymaster: Getting response size (56)
07-04 01:36:29.832   444   444 E TrustyKeymaster: succeeded to send cmd (16) to com.android.trusty.keymaster with rc(12). errno: Success
07-04 01:36:29.833   444   444 E TrustyKeymaster: Getting response size (8)
07-04 01:36:29.836 11393 11491 E ranssion.camera: Invalid resource ID 0x00000000.
07-04 01:36:29.837 11393 11491 E ranssion.camera: Invalid resource ID 0x00000000.
07-04 01:36:29.842 11393 11492 E CamAp_ReflectionUtils: instance Exception: java.lang.ClassNotFoundException: com.transsion.camera.feature.bgservice.BGServiceProxy
07-04 01:36:29.849 11393 11492 E CamAp_ReflectionUtils: instance Exception: java.lang.ClassNotFoundException: com.transsion.camera.feature.vibrate.Vibrator
07-04 01:36:29.851 11393 11492 E CamAp_ReflectionUtils: instance Exception: java.lang.ClassNotFoundException: com.transsion.camera.feature.isphidl.ISPHidlImpl
07-04 01:36:29.852 11393 11491 E ranssion.camera: Invalid resource ID 0x00000000.
07-04 01:36:29.861 11393 11492 E CamAp_ReflectionUtils: findClass ClassNotFoundException: com.transsion.camera.feature.mode.makeup.ui.MakeUpSettingUIEntry
07-04 01:36:29.862 11393 11492 E CamAp_ReflectionUtils: findClass ClassNotFoundException: com.transsion.camera.feature.mode.pmaster.ui.PMasterSettingUIEntry
07-04 01:36:29.862 11393 11492 E CamAp_ReflectionUtils: findClass ClassNotFoundException: com.transsion.camera.feature.mode.pmaster.ui.FaceBeautyOptionUIEntry
07-04 01:36:29.863 11393 11492 E CamAp_ReflectionUtils: findClass ClassNotFoundException: com.transsion.camera.feature.mode.pmaster.ui.MakeUpOptionUIEntry
07-04 01:36:29.863 11393 11492 E CamAp_ReflectionUtils: findClass ClassNotFoundException: com.transsion.camera.feature.mode.pmaster.ui.SlimbodyOptionUIEntry
07-04 01:36:29.863 11393 11492 E CamAp_ReflectionUtils: findClass ClassNotFoundException: com.transsion.camera.feature.mode.pmaster.ui.MonomerOptionUIEntry
07-04 01:36:29.863 11393 11492 E CamAp_ReflectionUtils: findClass ClassNotFoundException: com.transsion.camera.feature.mode.pmaster.ui.StereoOptionUIEntry
07-04 01:36:29.863 11393 11492 E CamAp_ReflectionUtils: findClass ClassNotFoundException: com.transsion.camera.feature.mode.pmaster.ui.VipStereoOptionUIEntry
07-04 01:36:29.863 11393 11492 E CamAp_ReflectionUtils: findClass ClassNotFoundException: com.transsion.camera.feature.mode.makeup.ui.VideoMakeUpSettingUIEntry
07-04 01:36:29.863 11393 11492 E CamAp_ReflectionUtils: findClass ClassNotFoundException: com.transsion.camera.feature.mode.makeup.ui.VideoMakeUpOptionUIEntry
07-04 01:36:29.863 11393 11492 E CamAp_ReflectionUtils: findClass ClassNotFoundException: com.transsion.camera.feature.mode.makeup.ui.VideoFaceBeautyOptionUIEntry
07-04 01:36:29.863 11393 11492 E CamAp_ReflectionUtils: findClass ClassNotFoundException: com.transsion.camera.feature.mode.makeup.ui.VideoFaceBeautySettingUIEntry
07-04 01:36:29.867 11393 11492 E CamAp_ReflectionUtils: findClass ClassNotFoundException: com.transsion.camera.feature.mode.makeup.ui.VideoFaceBeautyMakeupOptionUIEntry
07-04 01:36:29.867 11393 11492 E CamAp_ReflectionUtils: findClass ClassNotFoundException: com.transsion.camera.feature.mode.makeup.ui.VideoFaceBeautyMakeupSettingUIEntry
07-04 01:36:29.875 11393 11491 E ranssion.camera: Invalid resource ID 0x00000000.
07-04 01:36:29.877 11393 11491 E ranssion.camera: Invalid resource ID 0x00000000.
07-04 01:36:29.878 11393 11492 E CamAp_ReflectionUtils: findClass ClassNotFoundException: com.transsion.camera.feature.funvideo.beauty.ui.FunVideoFaceBeautySettingUIEntry
07-04 01:36:29.878 11393 11492 E CamAp_ReflectionUtils: findClass ClassNotFoundException: com.transsion.camera.feature.colorstyle.setting.ui.ColorStyleSettingUIEntry
07-04 01:36:29.879 11393 11491 E ranssion.camera: Invalid resource ID 0x00000000.
07-04 01:36:29.886 11393 11492 E CamAp_ReflectionUtils: findClass ClassNotFoundException: com.transsion.camera.feature.supernightfilter.ui.SuperNightFilterUIEntry
07-04 01:36:29.886 11393 11492 E CamAp_ReflectionUtils: findClass ClassNotFoundException: com.transsion.camera.feature.mode.longexposure.setting.ui.LongExposureOptionUIEntry
07-04 01:36:29.887 11393 11492 E CamAp_ReflectionUtils: findClass ClassNotFoundException: com.transsion.camera.feature.mode.longexposure.setting.ui.LongExposureSettingUIEntry
07-04 01:36:29.887 11393 11492 E CamAp_ReflectionUtils: findClass ClassNotFoundException: com.transsion.camera.feature.mode.longexposure.setting.ui.LongExposureTripodUIEntry
07-04 01:36:29.887 11393 11492 E CamAp_ReflectionUtils: findClass ClassNotFoundException: com.transsion.camera.ui.setting.transsionfilter.TranssionFilterSettingUIEntry
07-04 01:36:29.887 11393 11492 E CamAp_ReflectionUtils: findClass ClassNotFoundException: com.transsion.camera.ui.setting.videoportraitspot.VideoPortraitSpotSettingUIEntry
07-04 01:36:29.887 11393 11492 E CamAp_ReflectionUtils: findClass ClassNotFoundException: com.transsion.camera.ui.setting.videoportraitspot.VideoPortraitSpotOptionUIEntry
07-04 01:36:29.887 11393 11492 E CamAp_ReflectionUtils: findClass ClassNotFoundException: com.transsion.camera.ui.setting.videoportrait.VideoPortraitSettingUIEntry
07-04 01:36:29.888 11393 11492 E CamAp_ReflectionUtils: findClass ClassNotFoundException: com.transsion.camera.ui.setting.videoportrait.VideoPortraitSettingOptionUIEntry
07-04 01:36:29.888 11393 11492 E CamAp_ReflectionUtils: findClass ClassNotFoundException: com.transsion.camera.ui.setting.videoportraitlevel.VideoPortraitLevelSettingUIEntry
07-04 01:36:29.888 11393 11492 E CamAp_ReflectionUtils: findClass ClassNotFoundException: com.transsion.camera.ui.setting.videosightshock.VideoSightShockSettingUIEntry
07-04 01:36:29.888 11393 11492 E CamAp_ReflectionUtils: findClass ClassNotFoundException: com.transsion.camera.ui.setting.videosightshock.VideoSightShockOptionUIEntry
07-04 01:36:29.888 11393 11492 E CamAp_ReflectionUtils: findClass ClassNotFoundException: com.transsion.camera.ui.setting.transsionfilter.TranssionFilterOptionUIEntry
07-04 01:36:29.888 11393 11492 E CamAp_ReflectionUtils: findClass ClassNotFoundException: com.transsion.camera.feature.mode.aigc.setting.ui.AIGCSettingUIEntry
07-04 01:36:29.888 11393 11492 E CamAp_ReflectionUtils: findClass ClassNotFoundException: com.transsion.camera.feature.mode.aigc.setting.ui.AIGCOptionUIEntry
07-04 01:36:29.889 11393 11492 E CamAp_ReflectionUtils: findClass ClassNotFoundException: com.transsion.camera.ui.setting.antivideo.AntiVideoSettingUIEntry
07-04 01:36:29.889 11393 11492 E CamAp_ReflectionUtils: findClass ClassNotFoundException: com.transsion.camera.ui.setting.superantivideo.SuperAntiVideoSettingUIEntry
07-04 01:36:29.895 11393 11492 E CamAp_ReflectionUtils: findClass ClassNotFoundException: com.transsion.camera.ui.setting.goldwatermark.GoldWaterMarkSettingUIEntry
07-04 01:36:29.915 11393 11492 E CamAp_ReflectionUtils: findClass ClassNotFoundException: com.transsion.camera.ui.setting.prowatermark.ProWatermarkSettingUIEntry
07-04 01:36:29.916 11393 11492 E CamAp_ReflectionUtils: findClass ClassNotFoundException: com.transsion.camera.ui.setting.macrotorch.MacroTorchSettingUIEntry
07-04 01:36:29.916 11393 11492 E CamAp_ReflectionUtils: findClass ClassNotFoundException: com.transsion.camera.ui.setting.lenscorrection.LensCorrectionSettingUIEntry
07-04 01:36:29.916 11393 11492 E CamAp_ReflectionUtils: findClass ClassNotFoundException: com.transsion.camera.ui.setting.comvideohdr.ComVideoHDRSettingUIEntry
07-04 01:36:29.916 11393 11492 E CamAp_ReflectionUtils: findClass ClassNotFoundException: com.transsion.camera.ui.setting.dolvideohdr.DolVideoHDRSettingUIEntry
07-04 01:36:29.916 11393 11492 E CamAp_ReflectionUtils: findClass ClassNotFoundException: com.transsion.camera.ui.setting.picturesize.TpPictureSizeSettingUIEntry
07-04 01:36:29.917 11393 11492 E CamAp_ReflectionUtils: findClass ClassNotFoundException: com.transsion.camera.ui.setting.portraitarchitecture.PortraitArchitectureSettingUIEntry
07-04 01:36:29.917 11393 11492 E CamAp_ReflectionUtils: findClass ClassNotFoundException: com.transsion.camera.ui.setting.recordingeffect.RecordingEffectSettingUIEntry
07-04 01:36:29.917 11393 11492 E CamAp_ReflectionUtils: findClass ClassNotFoundException: com.transsion.camera.ui.setting.stereo.StereoSettingUIEntry
07-04 01:36:29.917 11393 11492 E CamAp_ReflectionUtils: findClass ClassNotFoundException: com.transsion.camera.ui.setting.shuttersoundoptional.ShutterSoundOptionalSettingUIEntry
07-04 01:36:29.917 11393 11492 E CamAp_ReflectionUtils: findClass ClassNotFoundException: com.transsion.camera.ui.setting.secondaryscreen.SecondaryScreenSettingUIEntry
07-04 01:36:29.917 11393 11492 E CamAp_ReflectionUtils: findClass ClassNotFoundException: com.transsion.camera.ui.setting.distortioncorrection.DistortionCorrectionSettingUIEntry
07-04 01:36:29.918 11393 11492 E CamAp_ReflectionUtils: findClass ClassNotFoundException: com.transsion.camera.ui.setting.superdefinition.SuperDefinitionSettingUIEntry
07-04 01:36:29.918 11393 11492 E CamAp_ReflectionUtils: findClass ClassNotFoundException: com.transsion.camera.ui.setting.videofps.VideoFPSSettingUIEntry
07-04 01:36:29.918 11393 11492 E CamAp_ReflectionUtils: findClass ClassNotFoundException: com.transsion.camera.ui.setting.videospeed.VideoSpeedSettingUIEntry
07-04 01:36:29.918 11393 11492 E CamAp_ReflectionUtils: findClass ClassNotFoundException: com.transsion.camera.ui.setting.automacroswitch.AutoMacroSwitchSettingUIEntry
07-04 01:36:29.918 11393 11492 E CamAp_ReflectionUtils: findClass ClassNotFoundException: com.transsion.camera.ui.setting.aishutter.AiShutterSwitchSettingUIEntry
07-04 01:36:29.921 11393 11492 E CamAp_ReflectionUtils: findClass ClassNotFoundException: com.transsion.camera.ui.setting.videofacebeauty.VideoFaceBeautySettingOptionUIEntry
07-04 01:36:29.921 11393 11492 E CamAp_ReflectionUtils: findClass ClassNotFoundException: com.transsion.camera.ui.setting.videosupernight.VideoSuperNightSettingUIEntry
07-04 01:36:29.921 11393 11492 E CamAp_ReflectionUtils: findClass ClassNotFoundException: com.transsion.camera.ui.setting.videoenhance.VideoEnhanceSettingUIEntry
07-04 01:36:29.921 11393 11492 E CamAp_ReflectionUtils: findClass ClassNotFoundException: com.transsion.camera.ui.setting.videoenhanceyuv.VideoEnhanceYUVSettingUIEntry
07-04 01:36:29.921 11393 11492 E CamAp_ReflectionUtils: findClass ClassNotFoundException: com.transsion.camera.ui.setting.videoasd.VideoAsdSettingUIEntry
07-04 01:36:29.921 11393 11492 E CamAp_ReflectionUtils: findClass ClassNotFoundException: com.transsion.camera.ui.setting.aigroupphoto.AIGroupPhotoSettingUIEntry
07-04 01:36:29.922 11393 11492 E CamAp_ReflectionUtils: findClass ClassNotFoundException: com.transsion.camera.ui.setting.horizonswitchwide.HorizonSwitchWideSettingUIEntry
07-04 01:36:29.922 11393 11492 E CamAp_ReflectionUtils: findClass ClassNotFoundException: com.transsion.camera.ui.setting.videosupernight.VideoSuperNightYUVSettingUIEntry
07-04 01:36:29.922 11393 11492 E CamAp_ReflectionUtils: findClass ClassNotFoundException: com.transsion.camera.ui.setting.smiledetection.SmileDetectionSettingUIEntry
07-04 01:36:29.922 11393 11492 E CamAp_ReflectionUtils: findClass ClassNotFoundException: com.transsion.camera.ui.setting.gesturedetection.GestureDetectionSettingUIEntry
07-04 01:36:29.922 11393 11492 E CamAp_ReflectionUtils: findClass ClassNotFoundException: com.transsion.camera.ui.setting.telecamera.TeleCameraSettingUIEntry
07-04 01:36:29.923 11393 11492 E CamAp_ReflectionUtils: findClass ClassNotFoundException: com.transsion.camera.ui.setting.bwportrait.BWPortraitSettingUIEntry
07-04 01:36:29.923 11393 11492 E CamAp_ReflectionUtils: findClass ClassNotFoundException: com.transsion.camera.ui.setting.dualcambwportrait.DualCamBWPortraitSettingUIEntry
07-04 01:36:29.923 11393 11492 E CamAp_ReflectionUtils: findClass ClassNotFoundException: com.transsion.camera.ui.setting.timelapsephotosettingoption.TimelapsePhotoSettingUIEntry
07-04 01:36:29.923 11393 11492 E CamAp_ReflectionUtils: findClass ClassNotFoundException: com.transsion.camera.ui.setting.smartmodeorder.SmartModeOrderSettingUIEntry
07-04 01:36:29.928 11393 11492 E CamAp_ReflectionUtils: findClass ClassNotFoundException: com.transsion.camera.feature.asdenhance.ui.ASDEnhanceSettingUIEntry
07-04 01:36:29.928 11393 11492 E CamAp_ReflectionUtils: findClass ClassNotFoundException: com.transsion.camera.feature.imagestyle.ui.ImageStyleSettingUIEntry
07-04 01:36:29.929 11393 11491 E ranssion.camera: Invalid resource ID 0x00000000.
07-04 01:36:29.929 11393 11492 E CamAp_ReflectionUtils: findClass ClassNotFoundException: com.transsion.camera.ui.setting.streetphotostyle.StreetPhotoStyleSettingUIEntry
07-04 01:36:29.929 11393 11492 E CamAp_ReflectionUtils: findClass ClassNotFoundException: com.transsion.camera.ui.setting.humaneffect.HumanEffectSettingUIEntry
07-04 01:36:29.929 11393 11492 E CamAp_ReflectionUtils: findClass ClassNotFoundException: com.transsion.camera.ui.setting.BarcodeSettingUIEntry
07-04 01:36:29.929 11393 11492 E CamAp_ReflectionUtils: findClass ClassNotFoundException: com.transsion.camera.ui.setting.moondetection.MoonDetectionSettingUIEntry
07-04 01:36:29.929 11393 11492 E CamAp_ReflectionUtils: findClass ClassNotFoundException: com.transsion.camera.ui.setting.micropantiltcalibration.MicroPanTiltCalibrationUIEntry
07-04 01:36:29.929 11393 11492 E CamAp_ReflectionUtils: findClass ClassNotFoundException: com.transsion.camera.ui.setting.periscopecamera.PeriscopeCameraSettingUIEntry
07-04 01:36:29.929 11393 11492 E CamAp_ReflectionUtils: findClass ClassNotFoundException: com.transsion.camera.ui.setting.magicsky.MagicSkySettingUIEntry
07-04 01:36:29.929 11393 11492 E CamAp_ReflectionUtils: findClass ClassNotFoundException: com.transsion.camera.ui.setting.autovideofps.AutoVideoFPSSettingUIEntry
07-04 01:36:29.930 11393 11492 E CamAp_ReflectionUtils: findClass ClassNotFoundException: com.transsion.camera.ui.setting.hevcencorder.HEVCEncorderSettingUIEntry
07-04 01:36:29.934 11393 11492 E CamAp_ReflectionUtils: findClass ClassNotFoundException: com.transsion.camera.ui.setting.videopreisp.VideoPreispSettingUIEntry
07-04 01:36:29.934 11393 11492 E CamAp_ReflectionUtils: findClass ClassNotFoundException: com.transsion.camera.ui.setting.supernightlite.SuperNightLiteSettingUIEntry
07-04 01:36:29.935 11393 11492 E CamAp_ReflectionUtils: findClass ClassNotFoundException: com.transsion.camera.ui.setting.portraitflare.PortraitFlareSettingUIEntry
07-04 01:36:29.936 11393 11492 E CamAp_ReflectionUtils: findClass ClassNotFoundException: com.transsion.camera.feature.dv_template.filter_icon.DVTemplateFilterIconOptionUIEntry
07-04 01:36:29.936 11393 11492 E CamAp_ReflectionUtils: findClass ClassNotFoundException: com.transsion.camera.feature.dv_template.DVTemplateSettingUIEntry
07-04 01:36:29.937 11393 11492 E CamAp_ReflectionUtils: findClass ClassNotFoundException: com.transsion.camera.feature.dv_template.entrance.DVTemplateEntranceSettingUIEntry
07-04 01:36:29.937 11393 11492 E CamAp_ReflectionUtils: findClass ClassNotFoundException: com.transsion.camera.feature.dv_template.entrance.DVTemplateEntranceSettingOptionUIEntry
07-04 01:36:29.937 11393 11492 E CamAp_ReflectionUtils: findClass ClassNotFoundException: com.transsion.camera.ui.setting.motiondetectswitch.MotionDetectSwitchUIEntry
07-04 01:36:29.937 11393 11492 E CamAp_ReflectionUtils: findClass ClassNotFoundException: com.transsion.camera.feature.tuning.setting.entrance.TuningFeatureEntranceSettingUIEntry
07-04 01:36:29.937 11393 11492 E CamAp_ReflectionUtils: findClass ClassNotFoundException: com.transsion.camera.ui.setting.focusdistance.FocusDistanceSettingUIEntry
07-04 01:36:29.938 11393 11492 E CamAp_ReflectionUtils: findClass ClassNotFoundException: com.transsion.camera.ui.setting.oneclickefficiency.OneClickEfficiencySettingUIEntry
07-04 01:36:29.938 11393 11492 E CamAp_ReflectionUtils: findClass ClassNotFoundException: com.transsion.camera.ui.setting.groupcapture.GroupCaptureSettingUIEntry
07-04 01:36:29.939 11393 11492 E CamAp_ReflectionUtils: findClass ClassNotFoundException: com.transsion.camera.feature.setting.antivideo.AntiVideoEntry
07-04 01:36:29.940 11393 11492 E CamAp_ReflectionUtils: findClass ClassNotFoundException: com.transsion.camera.feature.setting.superantivideo.SuperAntiVideoEntry
07-04 01:36:29.940 11393 11492 E CamAp_ReflectionUtils: findClass ClassNotFoundException: com.transsion.camera.feature.setting.macrotorch.MacroTorchEntry
07-04 01:36:29.940 11393 11492 E CamAp_ReflectionUtils: findClass ClassNotFoundException: com.transsion.camera.feature.setting.comvideohdr.ComVideoHDREntry
07-04 01:36:29.940 11393 11492 E CamAp_ReflectionUtils: findClass ClassNotFoundException: com.transsion.camera.feature.setting.videohdr.setting.VideoHDREntry
07-04 01:36:29.940 11393 11492 E CamAp_ReflectionUtils: findClass ClassNotFoundException: com.transsion.camera.feature.setting.dolvideohdr.DolVideoHDREntry
07-04 01:36:29.940 11393 11492 E CamAp_ReflectionUtils: findClass ClassNotFoundException: com.transsion.camera.feature.setting.recordingeffect.RecordingEffectEntry
07-04 01:36:29.940 11393 11492 E CamAp_ReflectionUtils: findClass ClassNotFoundException: com.transsion.camera.feature.setting.skinoptimization.SkinOptimizationEntry
07-04 01:36:29.940 11393 11492 E CamAp_ReflectionUtils: findClass ClassNotFoundException: com.transsion.camera.feature.setting.makeup.MakeUpSettingEntry
07-04 01:36:29.940 11393 11492 E CamAp_ReflectionUtils: findClass ClassNotFoundException: com.transsion.camera.feature.setting.makeup.MuStereoSettingEntry
07-04 01:36:29.940 11393 11492 E CamAp_ReflectionUtils: findClass ClassNotFoundException: com.transsion.camera.feature.setting.makeup.VipStereoSettingEntry
07-04 01:36:29.941 11393 11492 E CamAp_ReflectionUtils: findClass ClassNotFoundException: com.transsion.camera.feature.setting.makeup.MuMonomerSettingEntry
07-04 01:36:29.941 11393 11492 E CamAp_ReflectionUtils: findClass ClassNotFoundException: com.transsion.camera.feature.setting.makeup.VideoMakeUpSettingEntry
07-04 01:36:29.941 11393 11492 E CamAp_ReflectionUtils: findClass ClassNotFoundException: com.transsion.camera.feature.setting.makeup.VideoMakeUpStyleSettingEntry
07-04 01:36:29.941 11393 11492 E CamAp_ReflectionUtils: findClass ClassNotFoundException: com.transsion.camera.feature.setting.makeup.VideoFaceBeautyMakeupOptionEntry
07-04 01:36:29.941 11393 11492 E CamAp_ReflectionUtils: findClass ClassNotFoundException: com.transsion.camera.feature.setting.makeup.VideoFaceBeautyMakeupSettingEntry
07-04 01:36:29.941 11393 11492 E CamAp_ReflectionUtils: findClass ClassNotFoundException: com.transsion.camera.feature.setting.makeup.MuSlimBodySettingEntry
07-04 01:36:29.941 11393 11492 E CamAp_ReflectionUtils: findClass ClassNotFoundException: com.transsion.camera.feature.setting.makeup.MuFaceBeautySettingEntry
07-04 01:36:29.941 11393 11492 E CamAp_ReflectionUtils: findClass ClassNotFoundException: com.transsion.camera.feature.setting.portraitflare.PortraitFlareEntry
07-04 01:36:29.941 11393 11492 E CamAp_ReflectionUtils: findClass ClassNotFoundException: com.transsion.camera.feature.setting.portraitarchitecture.PortraitArchitectureEntry
07-04 01:36:29.941 11393 11492 E CamAp_ReflectionUtils: findClass ClassNotFoundException: com.transsion.camera.feature.setting.shuttersoundoptional.ShutterSoundOptionalEntry
07-04 01:36:29.941 11393 11492 E CamAp_ReflectionUtils: findClass ClassNotFoundException: com.transsion.camera.feature.setting.secondaryscreen.SecondaryScreenEntry
07-04 01:36:29.941 11393 11492 E CamAp_ReflectionUtils: findClass ClassNotFoundException: com.transsion.camera.feature.setting.lenscorrection.LensCorrectionEntry
07-04 01:36:29.941 11393 11492 E CamAp_ReflectionUtils: findClass ClassNotFoundException: com.transsion.camera.feature.setting.stereo.StereoEntry
07-04 01:36:29.941 11393 11492 E CamAp_ReflectionUtils: findClass ClassNotFoundException: com.transsion.camera.feature.setting.goldwatermark.GoldWaterMarkEntry
07-04 01:36:29.941 11393 11492 E CamAp_ReflectionUtils: findClass ClassNotFoundException: com.transsion.camera.feature.setting.prowatermark.ProWatermarkEntry
07-04 01:36:29.942 11393 11492 E CamAp_ReflectionUtils: findClass ClassNotFoundException: com.transsion.camera.feature.setting.widecamera.WideCameraEntry
07-04 01:36:29.942 11393 11492 E CamAp_ReflectionUtils: findClass ClassNotFoundException: com.transsion.camera.feature.setting.widecamera.FrontWideCameraEntry
07-04 01:36:29.942 11393 11492 E CamAp_ReflectionUtils: findClass ClassNotFoundException: com.transsion.camera.feature.setting.plugin.TranssionPluginEntry
07-04 01:36:29.942 11393 11492 E CamAp_ReflectionUtils: findClass ClassNotFoundException: com.transsion.camera.feature.setting.distortioncorrection.DistortionCorrectionEntry
07-04 01:36:29.942 11393 11492 E CamAp_ReflectionUtils: findClass ClassNotFoundException: com.transsion.camera.feature.setting.macro.MacroEntry
07-04 01:36:29.942 11393 11492 E CamAp_ReflectionUtils: findClass ClassNotFoundException: com.transsion.camera.feature.setting.aishutter.AiShutterEntry
07-04 01:36:29.942 11393 11492 E CamAp_ReflectionUtils: findClass ClassNotFoundException: com.transsion.camera.feature.setting.aishutter.AiShutterSwitchEntry
07-04 01:36:29.942 11393 11492 E CamAp_ReflectionUtils: findClass ClassNotFoundException: com.transsion.camera.feature.setting.videofilter.VideoFilterStyleEntry
07-04 01:36:29.942 11393 11492 E CamAp_ReflectionUtils: findClass ClassNotFoundException: com.transsion.camera.feature.setting.videofilter.VideoFilterEntry
07-04 01:36:29.942 11393 11492 E CamAp_ReflectionUtils: findClass ClassNotFoundException: com.transsion.camera.feature.setting.videoeffect.VideoEffectStyleEntry
07-04 01:36:29.942 11393 11492 E CamAp_ReflectionUtils: findClass ClassNotFoundException: com.transsion.camera.feature.setting.videoeffect.VideoEffectEntry
07-04 01:36:29.942 11393 11492 E CamAp_ReflectionUtils: findClass ClassNotFoundException: com.transsion.camera.feature.setting.videoframe.VideoFrameStyleEntry
07-04 01:36:29.942 11393 11492 E CamAp_ReflectionUtils: findClass ClassNotFoundException: com.transsion.camera.feature.setting.videoframe.VideoFrameEntry
07-04 01:36:29.942 11393 11492 E CamAp_ReflectionUtils: findClass ClassNotFoundException: com.transsion.camera.feature.setting.videosightshock.VideoSightShockEntry
07-04 01:36:29.942 11393 11492 E CamAp_ReflectionUtils: findClass ClassNotFoundException: com.transsion.camera.feature.setting.videoportraitspot.VideoPortraitSpotEntry
07-04 01:36:29.942 11393 11492 E CamAp_ReflectionUtils: findClass ClassNotFoundException: com.transsion.camera.feature.setting.videospot.VideoSpotEntry
07-04 01:36:29.943 11393 11492 E CamAp_ReflectionUtils: findClass ClassNotFoundException: com.transsion.camera.feature.setting.videospotlevel.VideoSpotLevelEntry
07-04 01:36:29.943 11393 11492 E CamAp_ReflectionUtils: findClass ClassNotFoundException: com.transsion.camera.feature.setting.videoportrait.VideoPortraitEntry
07-04 01:36:29.943 11393 11492 E CamAp_ReflectionUtils: findClass ClassNotFoundException: com.transsion.camera.feature.setting.videoportraitlevel.VideoPortraitLevelEntry
07-04 01:36:29.943 11393 11492 E CamAp_ReflectionUtils: findClass ClassNotFoundException: com.transsion.camera.feature.supernightfilter.setting.SuperNightFilterEntry
