--------- beginning of main
07-03 22:35:49.838  6377 17824 E GoogleApiManager: Failed to get service from broker. 
07-03 22:35:49.838  6377 17824 E GoogleApiManager: java.lang.SecurityException: Unknown calling package name 'com.google.android.gms'.
07-03 22:35:49.838  6377 17824 E GoogleApiManager: 	at android.os.Parcel.createExceptionOrNull(Parcel.java:3241)
07-03 22:35:49.838  6377 17824 E GoogleApiManager: 	at android.os.Parcel.createException(Parcel.java:3225)
07-03 22:35:49.838  6377 17824 E GoogleApiManager: 	at android.os.Parcel.readException(Parcel.java:3208)
07-03 22:35:49.838  6377 17824 E GoogleApiManager: 	at android.os.Parcel.readException(Parcel.java:3150)
07-03 22:35:49.838  6377 17824 E GoogleApiManager: 	at bdib.a(:com.google.android.gms@262434062@26.24.34 (200400-938041327):36)
07-03 22:35:49.838  6377 17824 E GoogleApiManager: 	at bdfx.y(:com.google.android.gms@262434062@26.24.34 (200400-938041327):143)
07-03 22:35:49.838  6377 17824 E GoogleApiManager: 	at bcmb.run(:com.google.android.gms@262434062@26.24.34 (200400-938041327):42)
07-03 22:35:49.838  6377 17824 E GoogleApiManager: 	at android.os.Handler.handleCallback(Handler.java:959)
07-03 22:35:49.838  6377 17824 E GoogleApiManager: 	at android.os.Handler.dispatchMessage(Handler.java:100)
07-03 22:35:49.838  6377 17824 E GoogleApiManager: 	at cmui.lY(:com.google.android.gms@262434062@26.24.34 (200400-938041327):1)
07-03 22:35:49.838  6377 17824 E GoogleApiManager: 	at cmui.dispatchMessage(:com.google.android.gms@262434062@26.24.34 (200400-938041327):5)
07-03 22:35:49.838  6377 17824 E GoogleApiManager: 	at android.os.Looper.loopOnce(Looper.java:311)
07-03 22:35:49.838  6377 17824 E GoogleApiManager: 	at android.os.Looper.loop(Looper.java:408)
07-03 22:35:49.838  6377 17824 E GoogleApiManager: 	at android.os.HandlerThread.run(HandlerThread.java:85)
07-03 22:35:49.845  6377 17824 E GoogleApiManager: Failed to get service from broker. 
07-03 22:35:49.845  6377 17824 E GoogleApiManager: java.lang.SecurityException: Unknown calling package name 'com.google.android.gms'.
07-03 22:35:49.845  6377 17824 E GoogleApiManager: 	at android.os.Parcel.createExceptionOrNull(Parcel.java:3241)
07-03 22:35:49.845  6377 17824 E GoogleApiManager: 	at android.os.Parcel.createException(Parcel.java:3225)
07-03 22:35:49.845  6377 17824 E GoogleApiManager: 	at android.os.Parcel.readException(Parcel.java:3208)
07-03 22:35:49.845  6377 17824 E GoogleApiManager: 	at android.os.Parcel.readException(Parcel.java:3150)
07-03 22:35:49.845  6377 17824 E GoogleApiManager: 	at bdib.a(:com.google.android.gms@262434062@26.24.34 (200400-938041327):36)
07-03 22:35:49.845  6377 17824 E GoogleApiManager: 	at bdfx.y(:com.google.android.gms@262434062@26.24.34 (200400-938041327):143)
07-03 22:35:49.845  6377 17824 E GoogleApiManager: 	at bcmb.run(:com.google.android.gms@262434062@26.24.34 (200400-938041327):42)
07-03 22:35:49.845  6377 17824 E GoogleApiManager: 	at android.os.Handler.handleCallback(Handler.java:959)
07-03 22:35:49.845  6377 17824 E GoogleApiManager: 	at android.os.Handler.dispatchMessage(Handler.java:100)
07-03 22:35:49.845  6377 17824 E GoogleApiManager: 	at cmui.lY(:com.google.android.gms@262434062@26.24.34 (200400-938041327):1)
07-03 22:35:49.845  6377 17824 E GoogleApiManager: 	at cmui.dispatchMessage(:com.google.android.gms@262434062@26.24.34 (200400-938041327):5)
07-03 22:35:49.845  6377 17824 E GoogleApiManager: 	at android.os.Looper.loopOnce(Looper.java:311)
07-03 22:35:49.845  6377 17824 E GoogleApiManager: 	at android.os.Looper.loop(Looper.java:408)
07-03 22:35:49.845  6377 17824 E GoogleApiManager: 	at android.os.HandlerThread.run(HandlerThread.java:85)
--------- beginning of system
07-03 22:35:49.915  1520  4785 E ActivityTaskManager: agaresPreload error: activityInfo is null
07-03 22:35:49.954  1076  1076 E vendor.sprd.hardware.combined@1.0-service: MemTrack_DEBUG--Open ion_system_heap failed
07-03 22:35:49.960  1076  1076 E vendor.sprd.hardware.combined@1.0-service: MemTrack_DEBUG--Open ion_system_heap failed
07-03 22:35:49.967  1520  1604 E libprocessgroup: set_timerslack_ns write failed: Permission denied
07-03 22:35:50.211  7288  7427 E chromium: [ERROR:cc/tiles/tile_manager.cc:1008] WARNING: tile memory limits exceeded, some content may not draw
07-03 22:35:50.213  7288  7427 E chromium: [ERROR:cc/tiles/tile_manager.cc:1008] WARNING: tile memory limits exceeded, some content may not draw
07-03 22:35:50.251  1520  1561 E TranCPUBooster: Failed to setThreadAffinity:
07-03 22:35:50.251  1520  1561 E TranCPUBooster: java.lang.IllegalArgumentException: Invalid argument: 14953
07-03 22:35:50.252  1520  1561 E TranCPUBooster: Failed to setThreadAffinity:
07-03 22:35:50.252  1520  1561 E TranCPUBooster: java.lang.IllegalArgumentException: Invalid argument: 15127
07-03 22:35:50.278  1076  1076 E vendor.sprd.hardware.combined@1.0-service: MemTrack_DEBUG--Open ion_system_heap failed
07-03 22:35:50.286  1076  1076 E vendor.sprd.hardware.combined@1.0-service: MemTrack_DEBUG--Open ion_system_heap failed
07-03 22:35:50.300  1076  1076 E vendor.sprd.hardware.combined@1.0-service: MemTrack_DEBUG--Open ion_system_heap failed
07-03 22:35:50.305  1076  1076 E vendor.sprd.hardware.combined@1.0-service: MemTrack_DEBUG--Open ion_system_heap failed
07-03 22:35:50.481 17798 17798 E SlowAppComponent: 0ms: FacebookApplication instantiating…
07-03 22:35:50.481 17798 17798 E SlowAppComponent: 13ms: FirebaseInitCustomProvider instantiating…
07-03 22:35:50.489 17798 17798 E SlowAppComponent: 13ms: SecureMessagingKeyContentProvider instantiating…
07-03 22:35:50.489 17798 17798 E SlowAppComponent: 6ms: LastUsedTimestampProvider instantiating…
07-03 22:35:50.491 17798 17798 E SlowAppComponent: 4ms: FirstPartyUserValuesLiteProvider instantiating…
07-03 22:35:50.491 17798 17798 E SlowAppComponent: 5ms: FbContactsContentProvider instantiating…
07-03 22:35:50.491 17798 17798 E SlowAppComponent: 6ms: FileProvider instantiating…
07-03 22:35:50.491 17798 17798 E SlowAppComponent: 6ms: FirstPartyUserValuesProvider instantiating…
07-03 22:35:50.491 17798 17798 E SlowAppComponent: 6ms: MessagesDbContentProvider instantiating…
07-03 22:35:50.491 17798 17798 E SlowAppComponent: 6ms: UsdidValuesProvider instantiating…
07-03 22:35:50.491 17798 17798 E SlowAppComponent: 6ms: InstallReferrerProvider instantiating…
07-03 22:35:50.491 17798 17798 E SlowAppComponent: 6ms: AppManagerSsoProvider instantiating…
07-03 22:35:50.491 17798 17798 E SlowAppComponent: 6ms: ThreadsDbPropertiesContentProvider instantiating…
07-03 22:35:50.491 17798 17798 E SlowAppComponent: 6ms: ClientMessagePushDedupInfoProvider instantiating…
07-03 22:35:50.491 17798 17798 E SlowAppComponent: 6ms: PlatformProviderBase instantiating…
07-03 22:35:50.491 17798 17798 E SlowAppComponent: 6ms: DeferredDeeplinkProvider instantiating…
07-03 22:35:50.491 17798 17798 E SlowAppComponent: 6ms: ContactsConnectionsProvider instantiating…
07-03 22:35:50.491 17798 17798 E SlowAppComponent: 6ms: FeO2InAppContentProvider instantiating…
07-03 22:35:50.491 17798 17798 E SlowAppComponent: 7ms: UserValuesProvider instantiating…
07-03 22:35:50.491 17798 17798 E SlowAppComponent: 7ms: SecureFileProvider instantiating…
07-03 22:35:50.491 17798 17798 E SlowAppComponent: 20ms: InitializationProvider instantiating…
07-03 22:35:50.492 17798 17798 E SlowAppComponent: 33ms: PhotosProvider instantiating…
07-03 22:35:50.492 17798 17798 E SlowAppComponent: 33ms: AttributionIdProvider instantiating…
07-03 22:35:50.492 17798 17798 E SlowAppComponent: 33ms: QuickExperimentContentProvider instantiating…
07-03 22:35:50.492 17798 17798 E SlowAppComponent: 33ms: TamAttachmentProvider instantiating…
07-03 22:35:50.492 17798 17798 E SlowAppComponent: 33ms: CacheProvider instantiating…
07-03 22:35:50.492 17798 17798 E SlowAppComponent: Main thread was blocked for 74ms in the foreground starting with FacebookApplication
07-03 22:35:50.551 17834 17895 E mali_gralloc: Requested R8 format is not supported with this allocator. R8 format is only supported with the AIDL allocator
07-03 22:35:50.551 17834 17895 E mali_gralloc: ERROR: Unrecognized and/or unsupported format R8 and usage TEXTURE + RENDER + HWC
07-03 22:35:50.551 17834 17895 E mali_gralloc: ERROR: Unrecognized and/or unsupported format RGBA_10101010 and usage TEXTURE + RENDER + HWC
07-03 22:35:50.551 17834 17895 E mali_gralloc: Requested R8 format is not supported with this allocator. R8 format is only supported with the AIDL allocator
07-03 22:35:50.551 17834 17895 E mali_gralloc: ERROR: Unrecognized and/or unsupported format R8 and usage TEXTURE + RENDER + HWC
07-03 22:35:50.551 17834 17895 E mali_gralloc: ERROR: Unrecognized and/or unsupported format RGBA_10101010 and usage TEXTURE + RENDER + HWC
07-03 22:35:50.614  1100  1100 E BpTransactionCompletedListener: Failed to transact (-32)
07-03 22:35:50.615  1100  1100 E BpTransactionCompletedListener: Failed to transact (-32)
07-03 22:35:50.629  1050  1475 E a2dp_offload: audio_extn_a2dp_set_parameters: No supported encoders identified,ignoring A2DP setparam
07-03 22:35:50.708  6377 23815 E adservices: Failed to find resolveInfo for adServices service. Intent action: android.adservices.MEASUREMENT_SERVICE
07-03 22:35:50.708  6377 23815 E adservices: Failed to find serviceInfo for adServices service on user 0 using intent android.adservices.MEASUREMENT_SERVICE
07-03 22:35:50.708  6377 23815 E adservices: Failed binding to measurement service: java.lang.IllegalStateException: Unable to find the service
07-03 22:35:50.731  1520  6346 E ActivityThread: Failed to find provider info for com.transsion.gamemode.provider
07-03 22:35:50.774  6377  6377 E safeUnregisterReceiver: safeUnregisterReceiver: 
07-03 22:35:50.774  6377  6377 E safeUnregisterReceiver: java.lang.IllegalArgumentException: Receiver not registered: Sd.a$a@a05a1c9
07-03 22:35:50.774  6377  6377 E safeUnregisterReceiver: 	at android.app.LoadedApk.forgetReceiverDispatcher(LoadedApk.java:1696)
07-03 22:35:50.774  6377  6377 E safeUnregisterReceiver: 	at android.app.ContextImpl.unregisterReceiver(ContextImpl.java:2023)
07-03 22:35:50.774  6377  6377 E safeUnregisterReceiver: 	at android.content.ContextWrapper.unregisterReceiver(ContextWrapper.java:822)
07-03 22:35:50.774  6377  6377 E safeUnregisterReceiver: 	at Td.b.c(SourceFile:10)
07-03 22:35:50.774  6377  6377 E safeUnregisterReceiver: 	at Sd.a.b(SourceFile:55)
07-03 22:35:50.774  6377  6377 E safeUnregisterReceiver: 	at Od.b.setVisible(SourceFile:109)
07-03 22:35:50.774  6377  6377 E safeUnregisterReceiver: 	at android.widget.ImageView.onVisibilityAggregated(ImageView.java:1688)
07-03 22:35:50.774  6377  6377 E safeUnregisterReceiver: 	at android.view.View.dispatchVisibilityAggregated(View.java:17075)
07-03 22:35:50.774  6377  6377 E safeUnregisterReceiver: 	at android.view.ViewGroup.dispatchVisibilityAggregated(ViewGroup.java:1637)
07-03 22:35:50.774  6377  6377 E safeUnregisterReceiver: 	at android.view.ViewGroup.dispatchVisibilityAggregated(ViewGroup.java:1637)
07-03 22:35:50.774  6377  6377 E safeUnregisterReceiver: 	at android.view.ViewGroup.dispatchVisibilityAggregated(ViewGroup.java:1637)
07-03 22:35:50.774  6377  6377 E safeUnregisterReceiver: 	at android.view.ViewGroup.dispatchVisibilityAggregated(ViewGroup.java:1637)
07-03 22:35:50.774  6377  6377 E safeUnregisterReceiver: 	at android.view.ViewGroup.dispatchVisibilityAggregated(ViewGroup.java:1637)
07-03 22:35:50.774  6377  6377 E safeUnregisterReceiver: 	at android.view.ViewGroup.dispatchVisibilityAggregated(ViewGroup.java:1637)
07-03 22:35:50.774  6377  6377 E safeUnregisterReceiver: 	at android.view.ViewGroup.dispatchVisibilityAggregated(ViewGroup.java:1637)
07-03 22:35:50.774  6377  6377 E safeUnregisterReceiver: 	at android.view.ViewGroup.dispatchVisibilityAggregated(ViewGroup.java:1637)
07-03 22:35:50.774  6377  6377 E safeUnregisterReceiver: 	at android.view.ViewGroup.dispatchVisibilityAggregated(ViewGroup.java:1637)
07-03 22:35:50.774  6377  6377 E safeUnregisterReceiver: 	at android.view.ViewGroup.dispatchVisibilityAggregated(ViewGroup.java:1637)
07-03 22:35:50.774  6377  6377 E safeUnregisterReceiver: 	at android.view.ViewGroup.dispatchVisibilityAggregated(ViewGroup.java:1637)
07-03 22:35:50.774  6377  6377 E safeUnregisterReceiver: 	at android.view.ViewRootImpl.performTraversals(ViewRootImpl.java:3949)
07-03 22:35:50.774  6377  6377 E safeUnregisterReceiver: 	at android.view.ViewRootImpl.doTraversal(ViewRootImpl.java:3343)
07-03 22:35:50.774  6377  6377 E safeUnregisterReceiver: 	at android.view.ViewRootImpl$TraversalRunnable.run(ViewRootImpl.java:11172)
07-03 22:35:50.774  6377  6377 E safeUnregisterReceiver: 	at android.view.Choreographer$CallbackRecord.run(Choreographer.java:2041)
07-03 22:35:50.774  6377  6377 E safeUnregisterReceiver: 	at android.view.Choreographer$CallbackRecord.run(Choreographer.java:2050)
07-03 22:35:50.774  6377  6377 E safeUnregisterReceiver: 	at android.view.Choreographer.doCallbacks(Choreographer.java:1401)
07-03 22:35:50.774  6377  6377 E safeUnregisterReceiver: 	at android.view.Choreographer.doFrame(Choreographer.java:1179)
07-03 22:35:50.774  6377  6377 E safeUnregisterReceiver: 	at android.view.Choreographer$FrameDisplayEventReceiver.run(Choreographer.java:1867)
07-03 22:35:50.774  6377  6377 E safeUnregisterReceiver: 	at android.os.Handler.handleCallback(Handler.java:959)
07-03 22:35:50.774  6377  6377 E safeUnregisterReceiver: 	at android.os.Handler.dispatchMessage(Handler.java:100)
07-03 22:35:50.774  6377  6377 E safeUnregisterReceiver: 	at android.os.Looper.loopOnce(Looper.java:311)
07-03 22:35:50.774  6377  6377 E safeUnregisterReceiver: 	at android.os.Looper.loop(Looper.java:408)
07-03 22:35:50.774  6377  6377 E safeUnregisterReceiver: 	at android.app.ActivityThread.main(ActivityThread.java:9169)
07-03 22:35:50.774  6377  6377 E safeUnregisterReceiver: 	at java.lang.reflect.Method.invoke(Native Method)
07-03 22:35:50.774  6377  6377 E safeUnregisterReceiver: 	at com.android.internal.os.RuntimeInit$MethodAndArgsCaller.run(RuntimeInit.java:692)
07-03 22:35:50.774  6377  6377 E safeUnregisterReceiver: 	at com.android.internal.os.ZygoteInit.main(ZygoteInit.java:945)
07-03 22:35:50.775  6377  6377 E safeUnregisterReceiver: safeUnregisterReceiver: 
07-03 22:35:50.775  6377  6377 E safeUnregisterReceiver: java.lang.IllegalArgumentException: Receiver not registered: Sd.a$a@4bd9185
07-03 22:35:50.775  6377  6377 E safeUnregisterReceiver: 	at android.app.LoadedApk.forgetReceiverDispatcher(LoadedApk.java:1696)
07-03 22:35:50.775  6377  6377 E safeUnregisterReceiver: 	at android.app.ContextImpl.unregisterReceiver(ContextImpl.java:2023)
07-03 22:35:50.775  6377  6377 E safeUnregisterReceiver: 	at android.content.ContextWrapper.unregisterReceiver(ContextWrapper.java:822)
07-03 22:35:50.775  6377  6377 E safeUnregisterReceiver: 	at Td.b.c(SourceFile:10)
07-03 22:35:50.775  6377  6377 E safeUnregisterReceiver: 	at Sd.a.b(SourceFile:55)
07-03 22:35:50.775  6377  6377 E safeUnregisterReceiver: 	at Od.b.setVisible(SourceFile:109)
07-03 22:35:50.775  6377  6377 E safeUnregisterReceiver: 	at android.widget.ImageView.onVisibilityAggregated(ImageView.java:1688)
07-03 22:35:50.775  6377  6377 E safeUnregisterReceiver: 	at android.view.View.dispatchVisibilityAggregated(View.java:17075)
07-03 22:35:50.775  6377  6377 E safeUnregisterReceiver: 	at android.view.ViewGroup.dispatchVisibilityAggregated(ViewGroup.java:1637)
07-03 22:35:50.775  6377  6377 E safeUnregisterReceiver: 	at android.view.ViewGroup.dispatchVisibilityAggregated(ViewGroup.java:1637)
07-03 22:35:50.775  6377  6377 E safeUnregisterReceiver: 	at android.view.ViewGroup.dispatchVisibilityAggregated(ViewGroup.java:1637)
07-03 22:35:50.775  6377  6377 E safeUnregisterReceiver: 	at android.view.ViewGroup.dispatchVisibilityAggregated(ViewGroup.java:1637)
07-03 22:35:50.775  6377  6377 E safeUnregisterReceiver: 	at android.view.ViewGroup.dispatchVisibilityAggregated(ViewGroup.java:1637)
07-03 22:35:50.775  6377  6377 E safeUnregisterReceiver: 	at android.view.ViewGroup.dispatchVisibilityAggregated(ViewGroup.java:1637)
07-03 22:35:50.775  6377  6377 E safeUnregisterReceiver: 	at android.view.ViewGroup.dispatchVisibilityAggregated(ViewGroup.java:1637)
07-03 22:35:50.775  6377  6377 E safeUnregisterReceiver: 	at android.view.ViewGroup.dispatchVisibilityAggregated(ViewGroup.java:1637)
07-03 22:35:50.775  6377  6377 E safeUnregisterReceiver: 	at android.view.ViewGroup.dispatchVisibilityAggregated(ViewGroup.java:1637)
07-03 22:35:50.775  6377  6377 E safeUnregisterReceiver: 	at android.view.ViewGroup.dispatchVisibilityAggregated(ViewGroup.java:1637)
07-03 22:35:50.775  6377  6377 E safeUnregisterReceiver: 	at android.view.ViewGroup.dispatchVisibilityAggregated(ViewGroup.java:1637)
07-03 22:35:50.775  6377  6377 E safeUnregisterReceiver: 	at android.view.ViewRootImpl.performTraversals(ViewRootImpl.java:3949)
07-03 22:35:50.775  6377  6377 E safeUnregisterReceiver: 	at android.view.ViewRootImpl.doTraversal(ViewRootImpl.java:3343)
07-03 22:35:50.775  6377  6377 E safeUnregisterReceiver: 	at android.view.ViewRootImpl$TraversalRunnable.run(ViewRootImpl.java:11172)
07-03 22:35:50.775  6377  6377 E safeUnregisterReceiver: 	at android.view.Choreographer$CallbackRecord.run(Choreographer.java:2041)
07-03 22:35:50.775  6377  6377 E safeUnregisterReceiver: 	at android.view.Choreographer$CallbackRecord.run(Choreographer.java:2050)
07-03 22:35:50.775  6377  6377 E safeUnregisterReceiver: 	at android.view.Choreographer.doCallbacks(Choreographer.java:1401)
07-03 22:35:50.775  6377  6377 E safeUnregisterReceiver: 	at android.view.Choreographer.doFrame(Choreographer.java:1179)
07-03 22:35:50.775  6377  6377 E safeUnregisterReceiver: 	at android.view.Choreographer$FrameDisplayEventReceiver.run(Choreographer.java:1867)
07-03 22:35:50.775  6377  6377 E safeUnregisterReceiver: 	at android.os.Handler.handleCallback(Handler.java:959)
07-03 22:35:50.775  6377  6377 E safeUnregisterReceiver: 	at android.os.Handler.dispatchMessage(Handler.java:100)
07-03 22:35:50.775  6377  6377 E safeUnregisterReceiver: 	at android.os.Looper.loopOnce(Looper.java:311)
07-03 22:35:50.775  6377  6377 E safeUnregisterReceiver: 	at android.os.Looper.loop(Looper.java:408)
07-03 22:35:50.775  6377  6377 E safeUnregisterReceiver: 	at android.app.ActivityThread.main(ActivityThread.java:9169)
07-03 22:35:50.775  6377  6377 E safeUnregisterReceiver: 	at java.lang.reflect.Method.invoke(Native Method)
07-03 22:35:50.775  6377  6377 E safeUnregisterReceiver: 	at com.android.internal.os.RuntimeInit$MethodAndArgsCaller.run(RuntimeInit.java:692)
07-03 22:35:50.775  6377  6377 E safeUnregisterReceiver: 	at com.android.internal.os.ZygoteInit.main(ZygoteInit.java:945)
07-03 22:35:50.896  1076  1076 E vendor.sprd.hardware.combined@1.0-service: MemTrack_DEBUG--Open ion_system_heap failed
07-03 22:35:50.927 17798 17937 E libEGL  : call to OpenGL ES API with no current context (logged once per thread)
07-03 22:35:50.927 17798 17937 E libEGL  : call to OpenGL ES API with no current context (logged once per thread)
07-03 22:35:50.927 17798 17937 E libEGL  : call to OpenGL ES API with no current context (logged once per thread)
07-03 22:35:50.938 17798 17937 E libEGL  : call to OpenGL ES API with no current context (logged once per thread)
07-03 22:35:50.963 17798 17937 E facebook.katana: mali_debug: sprd_gles_wait_last_fence is closed
07-03 22:35:51.000 17798 17927 E facebook.katana: No implementation found for int com.facebook.soloader.MergedSoMapping$Invoke_JNI_OnLoad.libelfconfig_so() (tried Java_com_facebook_soloader_MergedSoMapping_00024Invoke_1JNI_1OnLoad_libelfconfig_1so and Java_com_facebook_soloader_MergedSoMapping_00024Invoke_1JNI_1OnLoad_libelfconfig_1so__) - is the library loaded, e.g. System.loadLibrary?
07-03 22:35:51.213 17798 17945 E fb4a.QPLProvider: QuickPerformanceLogger instance wasn't installed in provider, returning noop. Please call QuickPerformanceLoggerProvider.setQuickPerformanceLogger() before getting the instance.
07-03 22:35:51.213 17798 17945 E fb4a.QPLProvider: java.lang.IllegalStateException: No QPL instance provided
07-03 22:35:51.213 17798 17945 E fb4a.QPLProvider: 	at com.facebook.quicklog.QuickPerformanceLoggerProvider.getQPLInstance(:35)
07-03 22:35:51.213 17798 17945 E fb4a.QPLProvider: 	at X.1I2.Egn(:1)
07-03 22:35:51.213 17798 17945 E fb4a.QPLProvider: 	at X.1Hp.<init>(:11)
07-03 22:35:51.213 17798 17945 E fb4a.QPLProvider: 	at X.1Hw.apply(:18)
07-03 22:35:51.213 17798 17945 E fb4a.QPLProvider: 	at java.util.concurrent.ConcurrentHashMap.computeIfAbsent(ConcurrentHashMap.java:1729)
07-03 22:35:51.213 17798 17945 E fb4a.QPLProvider: 	at X.1Hk.A00(:71)
07-03 22:35:51.213 17798 17945 E fb4a.QPLProvider: 	at X.1Gs.<init>(:23)
07-03 22:35:51.213 17798 17945 E fb4a.QPLProvider: 	at X.WzZ.A04(:734)
07-03 22:35:51.213 17798 17945 E fb4a.QPLProvider: 	at X.WzZ.A0D(:11)
07-03 22:35:51.213 17798 17945 E fb4a.QPLProvider: 	at X.WzZ.A09(:11)
07-03 22:35:51.213 17798 17945 E fb4a.QPLProvider: 	at X.18P.A01(:91)
07-03 22:35:51.213 17798 17945 E fb4a.QPLProvider: 	at X.3Rn.A03(:69)
07-03 22:35:51.213 17798 17945 E fb4a.QPLProvider: 	at X.3Rn.A02(:4)
07-03 22:35:51.213 17798 17945 E fb4a.QPLProvider: 	at com.facebook.common.appinit.invoker.OnApplicationInitInvoker.CNC(:6629)
07-03 22:35:51.213 17798 17945 E fb4a.QPLProvider: 	at X.0ks.run(:292)
07-03 22:35:51.213 17798 17945 E fb4a.QPLProvider: 	at java.util.concurrent.ThreadPoolExecutor.runWorker(ThreadPoolExecutor.java:1100)
07-03 22:35:51.213 17798 17945 E fb4a.QPLProvider: 	at java.util.concurrent.ThreadPoolExecutor$Worker.run(ThreadPoolExecutor.java:624)
07-03 22:35:51.213 17798 17945 E fb4a.QPLProvider: 	at X.0Fr.run(:11)
07-03 22:35:51.213 17798 17945 E fb4a.QPLProvider: 	at java.lang.Thread.run(Thread.java:1572)
07-03 22:35:51.216 17798 17926 E fb4a.QPLProvider: QuickPerformanceLogger instance wasn't installed in provider, returning noop. Please call QuickPerformanceLoggerProvider.setQuickPerformanceLogger() before getting the instance.
07-03 22:35:51.216 17798 17926 E fb4a.QPLProvider: java.lang.IllegalStateException: No QPL instance provided
07-03 22:35:51.216 17798 17926 E fb4a.QPLProvider: 	at com.facebook.quicklog.QuickPerformanceLoggerProvider.getQPLInstance(:35)
07-03 22:35:51.216 17798 17926 E fb4a.QPLProvider: 	at X.1I2.Egn(:1)
07-03 22:35:51.216 17798 17926 E fb4a.QPLProvider: 	at X.1Hp.<init>(:11)
07-03 22:35:51.216 17798 17926 E fb4a.QPLProvider: 	at X.1Hw.apply(:18)
07-03 22:35:51.216 17798 17926 E fb4a.QPLProvider: 	at java.util.concurrent.ConcurrentHashMap.computeIfAbsent(ConcurrentHashMap.java:1729)
07-03 22:35:51.216 17798 17926 E fb4a.QPLProvider: 	at X.1Hk.A00(:71)
07-03 22:35:51.216 17798 17926 E fb4a.QPLProvider: 	at X.1Ha.<clinit>(:2)
07-03 22:35:51.216 17798 17926 E fb4a.QPLProvider: 	at X.1HW.<init>(:9)
07-03 22:35:51.216 17798 17926 E fb4a.QPLProvider: 	at X.TqZ.A04(:991)
07-03 22:35:51.216 17798 17926 E fb4a.QPLProvider: 	at X.18P.A01(:86)
07-03 22:35:51.216 17798 17926 E fb4a.QPLProvider: 	at X.3Rn.A03(:69)
07-03 22:35:51.216 17798 17926 E fb4a.QPLProvider: 	at com.facebook.common.appinit.invoker.OnApplicationInitInvoker.CNC(:2334)
07-03 22:35:51.216 17798 17926 E fb4a.QPLProvider: 	at X.0ks.run(:292)
07-03 22:35:51.216 17798 17926 E fb4a.QPLProvider: 	at java.util.concurrent.ThreadPoolExecutor.runWorker(ThreadPoolExecutor.java:1100)
07-03 22:35:51.216 17798 17926 E fb4a.QPLProvider: 	at java.util.concurrent.ThreadPoolExecutor$Worker.run(ThreadPoolExecutor.java:624)
07-03 22:35:51.216 17798 17926 E fb4a.QPLProvider: 	at X.0Fr.run(:11)
07-03 22:35:51.216 17798 17926 E fb4a.QPLProvider: 	at java.lang.Thread.run(Thread.java:1572)
07-03 22:35:51.217 17798 17926 E fb4a.AppState: Returning default for firstRunInfo
07-03 22:35:51.217 17798 17926 E fb4a.AppState: Returning default for firstRunInfo
07-03 22:35:51.243  1037  1037 E OemNetd : transmitAppUidToNetwork uid=(0)
07-03 22:35:51.245 17798 17949 E facebook.katana: No implementation found for void com.facebook.quicklog.QuickPerformanceLoggerNativeProvider.nativeUpdateQPLInstance() (tried Java_com_facebook_quicklog_QuickPerformanceLoggerNativeProvider_nativeUpdateQPLInstance and Java_com_facebook_quicklog_QuickPerformanceLoggerNativeProvider_nativeUpdateQPLInstance__) - is the library loaded, e.g. System.loadLibrary?
07-03 22:35:51.269 18006 18006 E libc    : SetHeapTaggingLevel: re-enabling tagging after it was disabled is not supported
07-03 22:35:51.361 17798 17945 E fb4a.AppState: Returning default for firstRunInfo
07-03 22:35:51.362 17798 17945 E fb4a.AppState: Returning default for firstRunInfo
07-03 22:35:51.362 17798 17945 E fb4a.AppState: Returning default for firstRunInfo
07-03 22:35:51.436 17798 17925 E fb4a.AppState: Returning default for firstRunInfo
07-03 22:35:51.436 17798 17925 E fb4a.AppState: Returning default for firstRunInfo
07-03 22:35:51.508 17798 17928 E fb4a.AppState: Returning default for firstRunInfo
07-03 22:35:51.563 17834 18054 E libEGL  : eglQueryStringImpl display is EGL_NO_DISPLAY
07-03 22:35:51.615 17834 18054 E k.mathchallenge: mali_debug: sprd_gles_wait_last_fence is closed
07-03 22:35:52.403  1076  1076 E vendor.sprd.hardware.combined@1.0-service: MemTrack_DEBUG--Open ion_system_heap failed
07-03 22:35:52.416  1076  1076 E vendor.sprd.hardware.combined@1.0-service: MemTrack_DEBUG--Open ion_system_heap failed
07-03 22:35:53.173  1520  1564 E UnisocWatchdog: UnisocWatchdogImpl sendMessage:0
07-03 22:35:53.174  1520  1564 E UnisocWatchdog: sendMessage wait ok 
07-03 22:35:53.174  1520  1670 E UnisocWatchdog: UNISOCWATCHDOG_MESSAGE_TIMER30 trigger
07-03 22:35:53.175   444   444 E TrustyKeymaster: succeeded to send cmd (4) to com.android.trusty.keymaster with rc(269). errno: Success
07-03 22:35:53.177   444   444 E TrustyKeymaster: Getting response size (56)
07-03 22:35:53.184   444   444 E TrustyKeymaster: succeeded to send cmd (16) to com.android.trusty.keymaster with rc(12). errno: Success
07-03 22:35:53.185   444   444 E TrustyKeymaster: Getting response size (8)
07-03 22:35:55.572 17834 17834 E Ads     : JS: Refused to get unsafe header "X-Afma-Gcache-IsGcacheHit" (https://imasdk.googleapis.com/admob/sdkloader/gma_vast_video_player_20260625_00.0/simid_player_core.js:508)
07-03 22:35:55.625 17834 17834 E Ads     : JS: Refused to get unsafe header "X-Afma-Gcache-IsGcacheHit" (https://imasdk.googleapis.com/admob/sdkloader/gma_vast_video_player_20260625_00.0/simid_player_core.js:508)
07-03 22:35:55.750  1089 10126 D APM_AudioPolicyManager: selectOutput new bestOutput 13 criteria 0 100 0 0 0 0 0 2 
07-03 22:35:55.751  1089 10126 D APM_AudioPolicyManager: selectOutput new bestOutput 13 criteria 0 100 0 0 0 0 0 2 
07-03 22:35:55.752  1089 10126 D APM_AudioPolicyManager: selectOutput new bestOutput 13 criteria 0 100 0 0 0 0 0 2 
07-03 22:35:55.765  1089 10126 D APM_AudioPolicyManager: selectOutput new bestOutput 13 criteria 0 100 0 0 0 0 0 2 
07-03 22:35:55.766  1089 10126 D APM_AudioPolicyManager: selectOutput new bestOutput 13 criteria 0 100 0 0 0 0 0 2 
07-03 22:35:55.767  1089 10126 D APM_AudioPolicyManager: selectOutput new bestOutput 13 criteria 0 100 0 0 0 0 0 2 
07-03 22:35:55.785  1089 10126 I APM_AudioPolicyManager: isFadeWhiteListApp() packageName:
07-03 22:35:55.807  1089 10126 D APM_AudioPolicyManager: getOutputForAttrInt() attributes={ Content type: AUDIO_CONTENT_TYPE_MUSIC Usage: AUDIO_USAGE_MEDIA Source: AUDIO_SOURCE_DEFAULT Flags: 0x200 Tags:  } stream=AUDIO_STREAM_MUSIC session 7745 selectedDeviceId 0
07-03 22:35:55.810  1089 10126 I APM_AudioPolicyManager: getOutputForAttrInt() device {AUDIO_DEVICE_OUT_SPEAKER, @:}, sampling rate 44100, format 0x5, channel mask 0x3, flags 0x8 stream AUDIO_STREAM_MUSIC
07-03 22:35:55.818  1089 10126 D APM_AudioPolicyManager: selectOutput new bestOutput 13 criteria 0 100 0 0 0 0 2 2 
07-03 22:35:55.818  1089 10126 D APM_AudioPolicyManager: selectOutput new bestOutput 21 criteria 0 100 0 0 0 1 3 0 
07-03 22:35:55.819  1089 10126 D APM_AudioPolicyManager: getOutputForAttrInt returns output 21 selectedDeviceId 3
07-03 22:35:55.819  1089 10126 I APM_AudioPolicyManager: getOutputForAttr() returns output 21 requestedPortId 0 selectedDeviceId 3 for port ID 1041
07-03 22:35:55.874  1089  3003 I APM_AudioPolicyManager: startOutput portId 1041
07-03 22:35:55.874  1089  3003 I APM_AudioPolicyManager: startOutput() output 21, stream 3, session 7745
07-03 22:35:55.877  1089  3003 D APM_AudioPolicyManager: getNewOutputDevices selected devices {AUDIO_DEVICE_OUT_SPEAKER, @:}
07-03 22:35:55.879  1089  3003 I APM_AudioPolicyManager: setOutputDevices caller startSource[[portId:5][io:21, deep_buffer]] device {AUDIO_DEVICE_OUT_SPEAKER, @:} delayMs 0
07-03 22:35:55.884  1089  3003 E audioserver: addTrack UX is 0
07-03 22:35:55.886 17834 18032 E AudioSystem: funcName or pkg should not be null
07-03 22:35:55.990  1058 18230 E mali_gralloc: Usage not a subset. Buffer usage = 0x4000000000000133, Descriptor usage = 0x5
07-03 22:35:55.996  1058 18229 E VSP     : read_uncompressed_header, 762, -10
07-03 22:35:55.997  1058 18230 E mali_gralloc: Usage not a subset. Buffer usage = 0x4000000000000133, Descriptor usage = 0x5
07-03 22:35:56.005  1058 18230 E mali_gralloc: Usage not a subset. Buffer usage = 0x4000000000000133, Descriptor usage = 0x5
07-03 22:35:56.007  1292  1327 E ThermalActionCommon: charge has been turn off
07-03 22:35:56.015  1058 18230 E mali_gralloc: Usage not a subset. Buffer usage = 0x4000000000000133, Descriptor usage = 0x5
07-03 22:35:56.017  1058 18230 E mali_gralloc: Usage not a subset. Buffer usage = 0x4000000000000133, Descriptor usage = 0x5
07-03 22:35:56.021  1058 18230 E mali_gralloc: Usage not a subset. Buffer usage = 0x4000000000000133, Descriptor usage = 0x5
07-03 22:35:56.024  1058 18230 E mali_gralloc: Usage not a subset. Buffer usage = 0x4000000000000133, Descriptor usage = 0x5
07-03 22:35:56.029  1058 18230 E mali_gralloc: Usage not a subset. Buffer usage = 0x4000000000000133, Descriptor usage = 0x5
07-03 22:35:56.032  1058 18230 E mali_gralloc: Usage not a subset. Buffer usage = 0x4000000000000133, Descriptor usage = 0x5
07-03 22:35:56.037  1058 18230 E mali_gralloc: Usage not a subset. Buffer usage = 0x4000000000000133, Descriptor usage = 0x5
07-03 22:35:56.040  1058 18230 E mali_gralloc: Usage not a subset. Buffer usage = 0x4000000000000133, Descriptor usage = 0x5
07-03 22:35:56.043  1058 18230 E mali_gralloc: Usage not a subset. Buffer usage = 0x4000000000000133, Descriptor usage = 0x5
07-03 22:35:56.046  1058 18230 E mali_gralloc: Usage not a subset. Buffer usage = 0x4000000000000133, Descriptor usage = 0x5
07-03 22:35:56.063  1058 18230 E mali_gralloc: Usage not a subset. Buffer usage = 0x4000000000000133, Descriptor usage = 0x5
07-03 22:35:56.113 17834 18032 E AudioSystem: funcName or pkg should not be null
07-03 22:35:56.178  1292  1292 E ThermalActionCommon: charge has been turn off
07-03 22:35:56.442  1089  1434 E audioserver: removeTrack UX is 0
07-03 22:35:56.442  1089  1283 I APM_AudioPolicyManager: stopOutput portId 1041
07-03 22:35:56.442  1089  1283 I APM_AudioPolicyManager: stopOutput() output 21, stream 3, session 7745
07-03 22:35:56.442  1089  1283 D APM_AudioPolicyManager: getNewOutputDevices selected devices AUDIO_DEVICE_NONE
07-03 22:35:56.442  1089  1283 I APM_AudioPolicyManager: setOutputDevices caller stopSource[[portId:5][io:21, deep_buffer]] device AUDIO_DEVICE_NONE delayMs 320
07-03 22:35:56.444  1089  1283 D APM_AudioPolicyManager: getNewOutputDevices selected devices AUDIO_DEVICE_NONE
07-03 22:35:56.444  1089  1283 I APM_AudioPolicyManager: setOutputDevices caller stopSource[[portId:1][io:13, primary output]] device AUDIO_DEVICE_NONE delayMs 320
07-03 22:35:56.445  1089  1283 I APM_AudioPolicyManager: setOutputDevices caller stopSource[[portId:1][io:13, primary output]] changing device to AUDIO_DEVICE_NONE
07-03 22:35:56.448  1089  1283 D APM_AudioPolicyManager: getNewOutputDevices selected devices AUDIO_DEVICE_NONE
07-03 22:35:56.448  1089  1283 I APM_AudioPolicyManager: setOutputDevices caller stopSource[[portId:7][io:29, fast output]] device AUDIO_DEVICE_NONE delayMs 320
07-03 22:35:56.449  1089  1283 I APM_AudioPolicyManager: setOutputDevices caller stopSource[[portId:7][io:29, fast output]] changing device to AUDIO_DEVICE_NONE
07-03 22:35:56.474  1520  1701 E TranDynamicBarAnimControllerImpl: TranDynamicBarAnimControllerImpl setFromDynamicIslandToWindow pkgName:com.facebook.katana
07-03 22:35:56.474  1520  1701 E TranDynamicBarAnimControllerImpl: start setFromDynamicIslandToWindow startFromDynamicIsland:false
07-03 22:35:56.474  1520  1701 E TranDynamicBarAnimControllerImpl: end setFromDynamicIslandToWindow mDynamicIslandPkgName:com.facebook.katana mStartFromDynamicIsland:false
07-03 22:35:56.484  1520  1701 E TranDynamicBarAnimControllerImpl: TranDynamicBarAnimControllerImpl setFromDynamicIslandToWindow pkgName:com.facebook.katana
07-03 22:35:56.484  1520  1701 E TranDynamicBarAnimControllerImpl: start setFromDynamicIslandToWindow startFromDynamicIsland:false
07-03 22:35:56.484  1520  1701 E TranDynamicBarAnimControllerImpl: end setFromDynamicIslandToWindow mDynamicIslandPkgName:com.facebook.katana mStartFromDynamicIsland:false
07-03 22:35:56.535 17798 17798 E fb4a.SlowAppComponent: 0ms: LollipopUploadService instantiating…
07-03 22:35:56.537 17798 17798 E fb4a.SlowAppComponent: Main thread was blocked for 33ms in the background starting with LollipopUploadService
07-03 22:35:57.062 18263 18295 E cr_ChromiumAndroidLinker: RelroIsIdentical: Relocations are not identical, giving up.
07-03 22:35:57.062 18263 18295 E cr_ChromiumAndroidLinker: CompareRelroAndReplaceItBy: RELRO is not identical
07-03 22:35:57.081 18298 18298 E libc    : SetHeapTaggingLevel: re-enabling tagging after it was disabled is not supported
07-03 22:35:57.238 18263 18295 E libEGL  : eglQueryStringImpl display is EGL_NO_DISPLAY
07-03 22:35:57.573 17798 18085 E HiddenApis2: Failed to init DecodeJObjectFuncPtr
07-03 22:35:57.868 17798 18085 E InterpreterCacheClear: Could not find symbol to hook
07-03 22:35:57.924 17798 18374 E facebook.katana: mali_debug: sprd_gles_wait_last_fence is closed
07-03 22:35:57.939 17798 18375 E facebook.katana: mali_debug: sprd_gles_wait_last_fence is closed
07-03 22:35:58.193 17798 18086 E fb4a.MobileConfigInit: MobileConfigDebug: endToEndConfigLevelConsistencyTests
07-03 22:35:58.215 17798 18061 E fb4a.AppState: Returning default for firstRunInfo
07-03 22:35:58.215 17798 18061 E fb4a.AppState: Returning default for firstRunInfo
07-03 22:35:58.235  1076  1076 E vendor.sprd.hardware.combined@1.0-service: MemTrack_DEBUG--Open ion_system_heap failed
07-03 22:35:58.237  1076  1076 E vendor.sprd.hardware.combined@1.0-service: MemTrack_DEBUG--Open ion_system_heap failed
07-03 22:35:58.442 17798 18061 E fb4a.ColdstartExperimentsController: unable to set dex config
07-03 22:35:58.442 17798 18061 E fb4a.ColdstartExperimentsController: java.lang.IllegalStateException: Main DexStore is null
07-03 22:35:58.442 17798 18061 E fb4a.ColdstartExperimentsController: 	at com.facebook.common.dextricksdi.ColdstartExperimentsController.A00(:213)
07-03 22:35:58.442 17798 18061 E fb4a.ColdstartExperimentsController: 	at com.facebook.common.dextricksdi.ColdstartExperimentsController.A01(:64)
07-03 22:35:58.442 17798 18061 E fb4a.ColdstartExperimentsController: 	at X.8iR.A2b(:806)
07-03 22:35:58.442 17798 18061 E fb4a.ColdstartExperimentsController: 	at X.8iR.A3d(:3)
07-03 22:35:58.442 17798 18061 E fb4a.ColdstartExperimentsController: 	at X.2Dc.A02(:3624)
07-03 22:35:58.442 17798 18061 E fb4a.ColdstartExperimentsController: 	at X.2Dc.run(:1533)
07-03 22:35:58.442 17798 18061 E fb4a.ColdstartExperimentsController: 	at X.2Ds.call(:240)
07-03 22:35:58.442 17798 18061 E fb4a.ColdstartExperimentsController: 	at java.util.concurrent.FutureTask.run(FutureTask.java:328)
07-03 22:35:58.442 17798 18061 E fb4a.ColdstartExperimentsController: 	at X.X08.A00(:28)
07-03 22:35:58.442 17798 18061 E fb4a.ColdstartExperimentsController: 	at X.1Wk.call(:48)
07-03 22:35:58.442 17798 18061 E fb4a.ColdstartExperimentsController: 	at java.util.concurrent.FutureTask.run(FutureTask.java:328)
07-03 22:35:58.442 17798 18061 E fb4a.ColdstartExperimentsController: 	at X.1U5.run(:2)
07-03 22:35:58.442 17798 18061 E fb4a.ColdstartExperimentsController: 	at X.1DB.run(:2)
07-03 22:35:58.442 17798 18061 E fb4a.ColdstartExperimentsController: 	at java.util.concurrent.ThreadPoolExecutor.runWorker(ThreadPoolExecutor.java:1100)
07-03 22:35:58.442 17798 18061 E fb4a.ColdstartExperimentsController: 	at java.util.concurrent.ThreadPoolExecutor$Worker.run(ThreadPoolExecutor.java:624)
07-03 22:35:58.442 17798 18061 E fb4a.ColdstartExperimentsController: 	at X.1DG.run(:3)
07-03 22:35:58.442 17798 18061 E fb4a.ColdstartExperimentsController: 	at X.1DL.run(:17)
07-03 22:35:58.442 17798 18061 E fb4a.ColdstartExperimentsController: 	at java.lang.Thread.run(Thread.java:1572)
07-03 22:35:58.928 17798 18061 E fb4a.AppState: Returning default for firstRunInfo
07-03 22:35:58.934 17798 18060 E fb4a.AppState: Returning default for firstRunInfo
07-03 22:35:58.961 17798 18061 E fb4a.AppState: Returning default for firstRunInfo
07-03 22:35:59.035 17798 18061 E fb4a.AppState: Returning default for firstRunInfo
07-03 22:35:59.832  6377 17824 E GoogleApiManager: Failed to get service from broker. 
07-03 22:35:59.832  6377 17824 E GoogleApiManager: java.lang.SecurityException: Unknown calling package name 'com.google.android.gms'.
07-03 22:35:59.832  6377 17824 E GoogleApiManager: 	at android.os.Parcel.createExceptionOrNull(Parcel.java:3241)
07-03 22:35:59.832  6377 17824 E GoogleApiManager: 	at android.os.Parcel.createException(Parcel.java:3225)
07-03 22:35:59.832  6377 17824 E GoogleApiManager: 	at android.os.Parcel.readException(Parcel.java:3208)
07-03 22:35:59.832  6377 17824 E GoogleApiManager: 	at android.os.Parcel.readException(Parcel.java:3150)
07-03 22:35:59.832  6377 17824 E GoogleApiManager: 	at bdib.a(:com.google.android.gms@262434062@26.24.34 (200400-938041327):36)
07-03 22:35:59.832  6377 17824 E GoogleApiManager: 	at bdfx.y(:com.google.android.gms@262434062@26.24.34 (200400-938041327):143)
07-03 22:35:59.832  6377 17824 E GoogleApiManager: 	at bcmb.run(:com.google.android.gms@262434062@26.24.34 (200400-938041327):42)
07-03 22:35:59.832  6377 17824 E GoogleApiManager: 	at android.os.Handler.handleCallback(Handler.java:959)
07-03 22:35:59.832  6377 17824 E GoogleApiManager: 	at android.os.Handler.dispatchMessage(Handler.java:100)
07-03 22:35:59.832  6377 17824 E GoogleApiManager: 	at cmui.lY(:com.google.android.gms@262434062@26.24.34 (200400-938041327):1)
07-03 22:35:59.832  6377 17824 E GoogleApiManager: 	at cmui.dispatchMessage(:com.google.android.gms@262434062@26.24.34 (200400-938041327):5)
07-03 22:35:59.832  6377 17824 E GoogleApiManager: 	at android.os.Looper.loopOnce(Looper.java:311)
07-03 22:35:59.832  6377 17824 E GoogleApiManager: 	at android.os.Looper.loop(Looper.java:408)
07-03 22:35:59.832  6377 17824 E GoogleApiManager: 	at android.os.HandlerThread.run(HandlerThread.java:85)
07-03 22:36:01.549 18421 18426 E mali_gralloc: initIonKernelMemtrack open device:/dev/systemheap failed, 13(Permission denied)
07-03 22:36:02.388 17584 17584 E AirTransfer-AppRecycleManager: activateCount = 0  transferOpenState= null
07-03 22:36:02.389 17584 17584 E AirTransfer-AppRecycleManager: Kill my process
07-03 22:36:02.498  1076  1076 E vendor.sprd.hardware.combined@1.0-service: MemTrack_DEBUG--Open ion_system_heap failed
07-03 22:36:02.841  1520  1520 E system_server: No package ID 7f found for resource ID 0x7f010000.
07-03 22:36:02.843  1520  1520 E system_server: No package ID 7f found for resource ID 0x7f020000.
07-03 22:36:02.844  1520  1520 E system_server: No package ID 7f found for resource ID 0x7f030000.
07-03 22:36:02.844  1520  1520 E system_server: No package ID 7f found for resource ID 0x7f040000.
07-03 22:36:02.845  1520  1520 E system_server: No package ID 7f found for resource ID 0x7f050000.
07-03 22:36:02.874  1520  1520 E system_server: No package ID 7f found for resource ID 0x7f010000.
07-03 22:36:02.875  1520  1520 E system_server: No package ID 7f found for resource ID 0x7f020000.
07-03 22:36:02.875  1520  1520 E system_server: No package ID 7f found for resource ID 0x7f030000.
07-03 22:36:02.875  1520  1520 E system_server: No package ID 7f found for resource ID 0x7f040000.
07-03 22:36:02.876  1520  1520 E system_server: No package ID 7f found for resource ID 0x7f050000.
07-03 22:36:03.189  9935 10094 E MQTTBypassDGWStreamGroupCallbacks.cpp: onStreamGroupError TransientError domain: MNSQUICConnection code: 1 detail: Local error: 0x40000015: 35 seconds timeout
07-03 22:36:03.344  9935 10162 E msys    : E[N mns:DGWClient]_OnResolverSuccess(359)=>Cache refresh succeeded with system DNS resolver. IP count: 1
07-03 22:36:03.410  1076  1076 E vendor.sprd.hardware.combined@1.0-service: MemTrack_DEBUG--Open ion_system_heap failed
07-03 22:36:03.412  1076  1076 E vendor.sprd.hardware.combined@1.0-service: MemTrack_DEBUG--Open ion_system_heap failed
07-03 22:36:03.427  1076  1076 E vendor.sprd.hardware.combined@1.0-service: MemTrack_DEBUG--Open ion_system_heap failed
07-03 22:36:03.430  1076  1076 E vendor.sprd.hardware.combined@1.0-service: MemTrack_DEBUG--Open ion_system_heap failed
07-03 22:36:03.472  1227  1248 E uas-service: ioclt error: fd=3 cmd=1075336211 ux_data->pid=2325 ux_data->ux_tags=0x100420
07-03 22:36:03.606  1050  1050 E a2dp_offload: audio_extn_a2dp_set_parameters: No supported encoders identified,ignoring A2DP setparam
07-03 22:36:05.089  1050  1050 E a2dp_offload: audio_extn_a2dp_set_parameters: No supported encoders identified,ignoring A2DP setparam
07-03 22:36:05.829   358   378 E lowmemorykiller: process_mrelease 11620 failed: No such process
07-03 22:36:06.299 18460 18460 E ranssion.camera: Invalid resource ID 0x00000000.
07-03 22:36:06.299 18460 18460 E ranssion.camera: Invalid resource ID 0x00000000.
07-03 22:36:06.303 18460 18460 E CamAp_ReflectionUtils: instance Exception: java.lang.ClassNotFoundException: com.transsion.camera.analytics.AnalyticsImpl
07-03 22:36:06.306  1255  1343 E SLOGCP  : data_rate_stat: agdsp rate: total size(MB)=0.000000; per second(bytes)=0.000000, drop_cnt_=0, drop_data_size_=0, pollin event times=0.
07-03 22:36:06.315 18460 18460 E ranssion.camera: Invalid resource ID 0x00000000.
07-03 22:36:06.332 18460 18474 E ranssion.camera: Invalid resource ID 0x00000000.
07-03 22:36:06.332 18460 18475 E CamAp_ReflectionUtils: instance Exception: java.lang.ClassNotFoundException: com.transsion.camera.feature.bgservice.BGServiceProxy
07-03 22:36:06.335 18460 18475 E CamAp_ReflectionUtils: instance Exception: java.lang.ClassNotFoundException: com.transsion.camera.feature.vibrate.Vibrator
07-03 22:36:06.338 18460 18475 E CamAp_ReflectionUtils: instance Exception: java.lang.ClassNotFoundException: com.transsion.camera.feature.isphidl.ISPHidlImpl
07-03 22:36:06.369 18460 18474 E ranssion.camera: Invalid resource ID 0x00000000.
07-03 22:36:06.393 18460 18473 E VendorTagDescriptor: lookupTag: Tag name 'availableAiDetectMode' does not exist.
07-03 22:36:06.398 18460 18473 E VendorTagDescriptor: lookupTag: Tag name 'availableAisMotionResult' does not exist.
07-03 22:36:06.398 18460 18473 E VendorTagDescriptor: lookupTag: Tag name 'fovcrop' does not exist.
07-03 22:36:06.399 18460 18473 E VendorTagDescriptor: lookupTag: Tag name 'highlightStrengthenEn' does not exist.
07-03 22:36:06.399 18460 18473 E VendorTagDescriptor: lookupTag: Tag name 'fakeSensorMode' does not exist.
07-03 22:36:06.400 18460 18473 E VendorTagDescriptor: lookupTag: Tag name 'sprdMultiCameraMode' does not exist.
07-03 22:36:06.400 18460 18473 E VendorTagDescriptor: lookupTag: Tag name 'sprdMultiCameraID' does not exist.
07-03 22:36:06.400 18460 18473 E VendorTagDescriptor: lookupTag: Tag name 'sprdMultiFnumberRange' does not exist.
07-03 22:36:06.400 18460 18473 E VendorTagDescriptor: lookupTag: Tag name 'micromode' does not exist.
07-03 22:36:06.400 18460 18473 E VendorTagDescriptor: lookupTag: Tag name 'tranAvailableHighResolution' does not exist.
07-03 22:36:06.401 18460 18473 E VendorTagDescriptor: lookupTag: Tag name 'availableslimbodyMode' does not exist.
07-03 22:36:06.402 18460 18473 E VendorTagDescriptor: lookupTag: Tag name 'slimbodyFeaturesize' does not exist.
07-03 22:36:06.402 18460 18473 E VendorTagDescriptor: lookupTag: Tag name 'tranCtsInterpolationSize' does not exist.
07-03 22:36:06.403 18460 18473 E VendorTagDescriptor: lookupTag: Tag name 'tranAvailableVideoEIS' does not exist.
07-03 22:36:06.403 18460 18473 E VendorTagDescriptor: lookupTag: Tag name 'aePreCapFlowSupport' does not exist.
07-03 22:36:06.404 18460 18473 E VendorTagDescriptor: lookupTag: Tag name 'availableVideoSuperNightYuvMode' does not exist.
07-03 22:36:06.404 18460 18473 E VendorTagDescriptor: lookupTag: Tag name 'availableFilterType' does not exist.
07-03 22:36:06.405 18460 18473 E VendorTagDescriptor: lookupTag: Tag name 'availableHfpsMaxResolutions' does not exist.
07-03 22:36:06.405 18460 18473 E VendorTagDescriptor: lookupTag: Tag name 'availableHfpsModes' does not exist.
07-03 22:36:06.405 18460 18473 E VendorTagDescriptor: lookupTag: Tag name 'availableMaxMagicskyType' does not exist.
07-03 22:36:06.405 18460 18473 E VendorTagDescriptor: lookupTag: Tag name 'tranRearPortrait8MSupport' does not exist.
07-03 22:36:06.405 18460 18473 E VendorTagDescriptor: lookupTag: Tag name 'tranRearPortrait8MSize' does not exist.
07-03 22:36:06.408 18460 18473 E VendorTagDescriptor: lookupTag: Tag name 'availableAiDetectMode' does not exist.
07-03 22:36:06.408 18460 18473 E VendorTagDescriptor: lookupTag: Tag name 'availableAisMotionResult' does not exist.
07-03 22:36:06.409 18460 18473 E VendorTagDescriptor: lookupTag: Tag name 'fovcrop' does not exist.
07-03 22:36:06.409 18460 18473 E VendorTagDescriptor: lookupTag: Tag name 'highlightStrengthenEn' does not exist.
07-03 22:36:06.409 18460 18473 E VendorTagDescriptor: lookupTag: Tag name 'fakeSensorMode' does not exist.
07-03 22:36:06.409 18460 18473 E VendorTagDescriptor: lookupTag: Tag name 'sprdMultiCameraMode' does not exist.
07-03 22:36:06.409 18460 18473 E VendorTagDescriptor: lookupTag: Tag name 'sprdMultiCameraID' does not exist.
07-03 22:36:06.410 18460 18473 E VendorTagDescriptor: lookupTag: Tag name 'sprdMultiFnumberRange' does not exist.
07-03 22:36:06.410 18460 18473 E VendorTagDescriptor: lookupTag: Tag name 'micromode' does not exist.
07-03 22:36:06.410 18460 18473 E VendorTagDescriptor: lookupTag: Tag name 'tranAvailableHighResolution' does not exist.
07-03 22:36:06.410 18460 18473 E VendorTagDescriptor: lookupTag: Tag name 'availableslimbodyMode' does not exist.
07-03 22:36:06.411 18460 18473 E VendorTagDescriptor: lookupTag: Tag name 'slimbodyFeaturesize' does not exist.
07-03 22:36:06.411 18460 18473 E VendorTagDescriptor: lookupTag: Tag name 'tranCtsInterpolationSize' does not exist.
07-03 22:36:06.411 18460 18473 E VendorTagDescriptor: lookupTag: Tag name 'tranAvailableVideoEIS' does not exist.
07-03 22:36:06.411 18460 18473 E VendorTagDescriptor: lookupTag: Tag name 'aePreCapFlowSupport' does not exist.
07-03 22:36:06.411 18460 18473 E VendorTagDescriptor: lookupTag: Tag name 'availableVideoSuperNightYuvMode' does not exist.
07-03 22:36:06.411 18460 18473 E VendorTagDescriptor: lookupTag: Tag name 'availableFilterType' does not exist.
07-03 22:36:06.412 18460 18473 E VendorTagDescriptor: lookupTag: Tag name 'availableHfpsMaxResolutions' does not exist.
07-03 22:36:06.412 18460 18473 E VendorTagDescriptor: lookupTag: Tag name 'availableHfpsModes' does not exist.
07-03 22:36:06.412 18460 18473 E VendorTagDescriptor: lookupTag: Tag name 'availableMaxMagicskyType' does not exist.
07-03 22:36:06.412 18460 18473 E VendorTagDescriptor: lookupTag: Tag name 'tranRearPortrait8MSupport' does not exist.
07-03 22:36:06.412 18460 18473 E VendorTagDescriptor: lookupTag: Tag name 'tranRearPortrait8MSize' does not exist.
07-03 22:36:06.416 18460 18473 E VendorTagDescriptor: lookupTag: Tag name 'availableAiDetectMode' does not exist.
07-03 22:36:06.417 18460 18473 E VendorTagDescriptor: lookupTag: Tag name 'availableAisMotionResult' does not exist.
07-03 22:36:06.418 18460 18473 E VendorTagDescriptor: lookupTag: Tag name 'fovcrop' does not exist.
07-03 22:36:06.420 18460 18473 E VendorTagDescriptor: lookupTag: Tag name 'highlightStrengthenEn' does not exist.
07-03 22:36:06.420 18460 18473 E VendorTagDescriptor: lookupTag: Tag name 'fakeSensorMode' does not exist.
07-03 22:36:06.420 18460 18473 E VendorTagDescriptor: lookupTag: Tag name 'sprdMultiCameraMode' does not exist.
07-03 22:36:06.421 18460 18473 E VendorTagDescriptor: lookupTag: Tag name 'sprdMultiCameraID' does not exist.
07-03 22:36:06.421 18460 18473 E VendorTagDescriptor: lookupTag: Tag name 'sprdMultiFnumberRange' does not exist.
07-03 22:36:06.421 18460 18473 E VendorTagDescriptor: lookupTag: Tag name 'micromode' does not exist.
07-03 22:36:06.422 18460 18473 E VendorTagDescriptor: lookupTag: Tag name 'tranAvailableHighResolution' does not exist.
07-03 22:36:06.423 18460 18473 E VendorTagDescriptor: lookupTag: Tag name 'availableslimbodyMode' does not exist.
07-03 22:36:06.423 18460 18473 E VendorTagDescriptor: lookupTag: Tag name 'slimbodyFeaturesize' does not exist.
07-03 22:36:06.423 18460 18473 E VendorTagDescriptor: lookupTag: Tag name 'tranCtsInterpolationSize' does not exist.
07-03 22:36:06.423 18460 18473 E VendorTagDescriptor: lookupTag: Tag name 'tranAvailableVideoEIS' does not exist.
07-03 22:36:06.423 18460 18473 E VendorTagDescriptor: lookupTag: Tag name 'aePreCapFlowSupport' does not exist.
07-03 22:36:06.424 18460 18473 E VendorTagDescriptor: lookupTag: Tag name 'availableVideoSuperNightYuvMode' does not exist.
