07-03 22:36:06.424 18460 18473 E VendorTagDescriptor: lookupTag: Tag name 'availableFilterType' does not exist.
07-03 22:36:06.424 18460 18473 E VendorTagDescriptor: lookupTag: Tag name 'availableHfpsMaxResolutions' does not exist.
07-03 22:36:06.425 18460 18473 E VendorTagDescriptor: lookupTag: Tag name 'availableHfpsModes' does not exist.
07-03 22:36:06.425 18460 18473 E VendorTagDescriptor: lookupTag: Tag name 'availableMaxMagicskyType' does not exist.
07-03 22:36:06.425 18460 18473 E VendorTagDescriptor: lookupTag: Tag name 'tranRearPortrait8MSupport' does not exist.
07-03 22:36:06.425 18460 18473 E VendorTagDescriptor: lookupTag: Tag name 'tranRearPortrait8MSize' does not exist.
07-03 22:36:06.429 18460 18474 E ranssion.camera: Invalid resource ID 0x00000000.
07-03 22:36:06.429 18460 18473 E VendorTagDescriptor: lookupTag: Tag name 'availableAiDetectMode' does not exist.
07-03 22:36:06.430 18460 18473 E VendorTagDescriptor: lookupTag: Tag name 'availableAisMotionResult' does not exist.
07-03 22:36:06.430 18460 18473 E VendorTagDescriptor: lookupTag: Tag name 'fovcrop' does not exist.
07-03 22:36:06.430 18460 18473 E VendorTagDescriptor: lookupTag: Tag name 'highlightStrengthenEn' does not exist.
07-03 22:36:06.431 18460 18473 E VendorTagDescriptor: lookupTag: Tag name 'fakeSensorMode' does not exist.
07-03 22:36:06.431 18460 18473 E VendorTagDescriptor: lookupTag: Tag name 'sprdMultiCameraMode' does not exist.
07-03 22:36:06.431 18460 18473 E VendorTagDescriptor: lookupTag: Tag name 'sprdMultiCameraID' does not exist.
07-03 22:36:06.431 18460 18473 E VendorTagDescriptor: lookupTag: Tag name 'sprdMultiFnumberRange' does not exist.
07-03 22:36:06.431 18460 18473 E VendorTagDescriptor: lookupTag: Tag name 'micromode' does not exist.
07-03 22:36:06.432 18460 18473 E VendorTagDescriptor: lookupTag: Tag name 'tranAvailableHighResolution' does not exist.
07-03 22:36:06.432 18460 18473 E VendorTagDescriptor: lookupTag: Tag name 'availableslimbodyMode' does not exist.
07-03 22:36:06.432 18460 18473 E VendorTagDescriptor: lookupTag: Tag name 'slimbodyFeaturesize' does not exist.
07-03 22:36:06.432 18460 18473 E VendorTagDescriptor: lookupTag: Tag name 'tranCtsInterpolationSize' does not exist.
07-03 22:36:06.432 18460 18473 E VendorTagDescriptor: lookupTag: Tag name 'tranAvailableVideoEIS' does not exist.
07-03 22:36:06.433 18460 18478 E CamAp_ReflectionUtils: findClass ClassNotFoundException: com.transsion.camera.feature.mode.makeup.ui.MakeUpSettingUIEntry
07-03 22:36:06.433 18460 18473 E VendorTagDescriptor: lookupTag: Tag name 'aePreCapFlowSupport' does not exist.
07-03 22:36:06.433 18460 18478 E CamAp_ReflectionUtils: findClass ClassNotFoundException: com.transsion.camera.feature.mode.pmaster.ui.PMasterSettingUIEntry
07-03 22:36:06.433 18460 18473 E VendorTagDescriptor: lookupTag: Tag name 'availableVideoSuperNightYuvMode' does not exist.
07-03 22:36:06.433 18460 18478 E CamAp_ReflectionUtils: findClass ClassNotFoundException: com.transsion.camera.feature.mode.pmaster.ui.FaceBeautyOptionUIEntry
07-03 22:36:06.433 18460 18473 E VendorTagDescriptor: lookupTag: Tag name 'availableFilterType' does not exist.
07-03 22:36:06.433 18460 18478 E CamAp_ReflectionUtils: findClass ClassNotFoundException: com.transsion.camera.feature.mode.pmaster.ui.MakeUpOptionUIEntry
07-03 22:36:06.434 18460 18478 E CamAp_ReflectionUtils: findClass ClassNotFoundException: com.transsion.camera.feature.mode.pmaster.ui.SlimbodyOptionUIEntry
07-03 22:36:06.434 18460 18473 E VendorTagDescriptor: lookupTag: Tag name 'availableHfpsMaxResolutions' does not exist.
07-03 22:36:06.434 18460 18473 E VendorTagDescriptor: lookupTag: Tag name 'availableHfpsModes' does not exist.
07-03 22:36:06.434 18460 18478 E CamAp_ReflectionUtils: findClass ClassNotFoundException: com.transsion.camera.feature.mode.pmaster.ui.MonomerOptionUIEntry
07-03 22:36:06.434 18460 18474 E ranssion.camera: Invalid resource ID 0x00000000.
07-03 22:36:06.434 18460 18473 E VendorTagDescriptor: lookupTag: Tag name 'availableMaxMagicskyType' does not exist.
07-03 22:36:06.434 18460 18478 E CamAp_ReflectionUtils: findClass ClassNotFoundException: com.transsion.camera.feature.mode.pmaster.ui.StereoOptionUIEntry
07-03 22:36:06.434 18460 18473 E VendorTagDescriptor: lookupTag: Tag name 'tranRearPortrait8MSupport' does not exist.
07-03 22:36:06.434 18460 18473 E VendorTagDescriptor: lookupTag: Tag name 'tranRearPortrait8MSize' does not exist.
07-03 22:36:06.434 18460 18478 E CamAp_ReflectionUtils: findClass ClassNotFoundException: com.transsion.camera.feature.mode.pmaster.ui.VipStereoOptionUIEntry
07-03 22:36:06.435 18460 18478 E CamAp_ReflectionUtils: findClass ClassNotFoundException: com.transsion.camera.feature.mode.makeup.ui.VideoMakeUpSettingUIEntry
07-03 22:36:06.435 18460 18478 E CamAp_ReflectionUtils: findClass ClassNotFoundException: com.transsion.camera.feature.mode.makeup.ui.VideoMakeUpOptionUIEntry
07-03 22:36:06.435 18460 18478 E CamAp_ReflectionUtils: findClass ClassNotFoundException: com.transsion.camera.feature.mode.makeup.ui.VideoFaceBeautyOptionUIEntry
07-03 22:36:06.435 18460 18478 E CamAp_ReflectionUtils: findClass ClassNotFoundException: com.transsion.camera.feature.mode.makeup.ui.VideoFaceBeautySettingUIEntry
07-03 22:36:06.435 18460 18478 E CamAp_ReflectionUtils: findClass ClassNotFoundException: com.transsion.camera.feature.mode.makeup.ui.VideoFaceBeautyMakeupOptionUIEntry
07-03 22:36:06.435 18460 18478 E CamAp_ReflectionUtils: findClass ClassNotFoundException: com.transsion.camera.feature.mode.makeup.ui.VideoFaceBeautyMakeupSettingUIEntry
07-03 22:36:06.438 18460 18473 E VendorTagDescriptor: lookupTag: Tag name 'availableAiDetectMode' does not exist.
07-03 22:36:06.439 18460 18473 E VendorTagDescriptor: lookupTag: Tag name 'availableAisMotionResult' does not exist.
07-03 22:36:06.439 18460 18473 E VendorTagDescriptor: lookupTag: Tag name 'fovcrop' does not exist.
07-03 22:36:06.439 18460 18473 E VendorTagDescriptor: lookupTag: Tag name 'highlightStrengthenEn' does not exist.
07-03 22:36:06.440 18460 18473 E VendorTagDescriptor: lookupTag: Tag name 'fakeSensorMode' does not exist.
07-03 22:36:06.440 18460 18473 E VendorTagDescriptor: lookupTag: Tag name 'sprdMultiCameraMode' does not exist.
07-03 22:36:06.440 18460 18473 E VendorTagDescriptor: lookupTag: Tag name 'sprdMultiCameraID' does not exist.
07-03 22:36:06.440 18460 18473 E VendorTagDescriptor: lookupTag: Tag name 'sprdMultiFnumberRange' does not exist.
07-03 22:36:06.440 18460 18473 E VendorTagDescriptor: lookupTag: Tag name 'micromode' does not exist.
07-03 22:36:06.441 18460 18473 E VendorTagDescriptor: lookupTag: Tag name 'tranAvailableHighResolution' does not exist.
07-03 22:36:06.441 18460 18473 E VendorTagDescriptor: lookupTag: Tag name 'availableslimbodyMode' does not exist.
07-03 22:36:06.441 18460 18473 E VendorTagDescriptor: lookupTag: Tag name 'slimbodyFeaturesize' does not exist.
07-03 22:36:06.441 18460 18473 E VendorTagDescriptor: lookupTag: Tag name 'tranCtsInterpolationSize' does not exist.
07-03 22:36:06.442 18460 18473 E VendorTagDescriptor: lookupTag: Tag name 'tranAvailableVideoEIS' does not exist.
07-03 22:36:06.442 18460 18473 E VendorTagDescriptor: lookupTag: Tag name 'aePreCapFlowSupport' does not exist.
07-03 22:36:06.442 18460 18473 E VendorTagDescriptor: lookupTag: Tag name 'availableVideoSuperNightYuvMode' does not exist.
07-03 22:36:06.443 18460 18473 E VendorTagDescriptor: lookupTag: Tag name 'availableFilterType' does not exist.
07-03 22:36:06.443 18460 18473 E VendorTagDescriptor: lookupTag: Tag name 'availableHfpsMaxResolutions' does not exist.
07-03 22:36:06.443 18460 18473 E VendorTagDescriptor: lookupTag: Tag name 'availableHfpsModes' does not exist.
07-03 22:36:06.443 18460 18473 E VendorTagDescriptor: lookupTag: Tag name 'availableMaxMagicskyType' does not exist.
07-03 22:36:06.443 18460 18473 E VendorTagDescriptor: lookupTag: Tag name 'tranRearPortrait8MSupport' does not exist.
07-03 22:36:06.443 18460 18473 E VendorTagDescriptor: lookupTag: Tag name 'tranRearPortrait8MSize' does not exist.
07-03 22:36:06.446 18460 18473 E VendorTagDescriptor: lookupTag: Tag name 'availableAiDetectMode' does not exist.
07-03 22:36:06.447 18460 18473 E VendorTagDescriptor: lookupTag: Tag name 'availableAisMotionResult' does not exist.
07-03 22:36:06.447 18460 18473 E VendorTagDescriptor: lookupTag: Tag name 'fovcrop' does not exist.
07-03 22:36:06.447 18460 18478 E CamAp_ReflectionUtils: findClass ClassNotFoundException: com.transsion.camera.feature.funvideo.beauty.ui.FunVideoFaceBeautySettingUIEntry
07-03 22:36:06.447 18460 18473 E VendorTagDescriptor: lookupTag: Tag name 'highlightStrengthenEn' does not exist.
07-03 22:36:06.447 18460 18473 E VendorTagDescriptor: lookupTag: Tag name 'fakeSensorMode' does not exist.
07-03 22:36:06.447 18460 18478 E CamAp_ReflectionUtils: findClass ClassNotFoundException: com.transsion.camera.feature.colorstyle.setting.ui.ColorStyleSettingUIEntry
07-03 22:36:06.447 18460 18473 E VendorTagDescriptor: lookupTag: Tag name 'sprdMultiCameraMode' does not exist.
07-03 22:36:06.447 18460 18473 E VendorTagDescriptor: lookupTag: Tag name 'sprdMultiCameraID' does not exist.
07-03 22:36:06.448 18460 18473 E VendorTagDescriptor: lookupTag: Tag name 'sprdMultiFnumberRange' does not exist.
07-03 22:36:06.448 18460 18473 E VendorTagDescriptor: lookupTag: Tag name 'micromode' does not exist.
07-03 22:36:06.448 18460 18473 E VendorTagDescriptor: lookupTag: Tag name 'tranAvailableHighResolution' does not exist.
07-03 22:36:06.448 18460 18473 E VendorTagDescriptor: lookupTag: Tag name 'availableslimbodyMode' does not exist.
07-03 22:36:06.448 18460 18473 E VendorTagDescriptor: lookupTag: Tag name 'slimbodyFeaturesize' does not exist.
07-03 22:36:06.449 18460 18473 E VendorTagDescriptor: lookupTag: Tag name 'tranCtsInterpolationSize' does not exist.
07-03 22:36:06.449 18460 18473 E VendorTagDescriptor: lookupTag: Tag name 'tranAvailableVideoEIS' does not exist.
07-03 22:36:06.449 18460 18473 E VendorTagDescriptor: lookupTag: Tag name 'aePreCapFlowSupport' does not exist.
07-03 22:36:06.449 18460 18473 E VendorTagDescriptor: lookupTag: Tag name 'availableVideoSuperNightYuvMode' does not exist.
07-03 22:36:06.450 18460 18473 E VendorTagDescriptor: lookupTag: Tag name 'availableFilterType' does not exist.
07-03 22:36:06.450 18460 18474 E ranssion.camera: Invalid resource ID 0x00000000.
07-03 22:36:06.450 18460 18473 E VendorTagDescriptor: lookupTag: Tag name 'availableHfpsMaxResolutions' does not exist.
07-03 22:36:06.450 18460 18473 E VendorTagDescriptor: lookupTag: Tag name 'availableHfpsModes' does not exist.
07-03 22:36:06.450 18460 18473 E VendorTagDescriptor: lookupTag: Tag name 'availableMaxMagicskyType' does not exist.
07-03 22:36:06.450 18460 18473 E VendorTagDescriptor: lookupTag: Tag name 'tranRearPortrait8MSupport' does not exist.
07-03 22:36:06.450 18460 18473 E VendorTagDescriptor: lookupTag: Tag name 'tranRearPortrait8MSize' does not exist.
07-03 22:36:06.453 18460 18478 E CamAp_ReflectionUtils: findClass ClassNotFoundException: com.transsion.camera.feature.supernightfilter.ui.SuperNightFilterUIEntry
07-03 22:36:06.453 18460 18478 E CamAp_ReflectionUtils: findClass ClassNotFoundException: com.transsion.camera.feature.mode.longexposure.setting.ui.LongExposureOptionUIEntry
07-03 22:36:06.453 18460 18478 E CamAp_ReflectionUtils: findClass ClassNotFoundException: com.transsion.camera.feature.mode.longexposure.setting.ui.LongExposureSettingUIEntry
07-03 22:36:06.454 18460 18478 E CamAp_ReflectionUtils: findClass ClassNotFoundException: com.transsion.camera.feature.mode.longexposure.setting.ui.LongExposureTripodUIEntry
07-03 22:36:06.454 18460 18478 E CamAp_ReflectionUtils: findClass ClassNotFoundException: com.transsion.camera.ui.setting.transsionfilter.TranssionFilterSettingUIEntry
07-03 22:36:06.454 18460 18478 E CamAp_ReflectionUtils: findClass ClassNotFoundException: com.transsion.camera.ui.setting.videoportraitspot.VideoPortraitSpotSettingUIEntry
07-03 22:36:06.454 18460 18478 E CamAp_ReflectionUtils: findClass ClassNotFoundException: com.transsion.camera.ui.setting.videoportraitspot.VideoPortraitSpotOptionUIEntry
07-03 22:36:06.454 18460 18478 E CamAp_ReflectionUtils: findClass ClassNotFoundException: com.transsion.camera.ui.setting.videoportrait.VideoPortraitSettingUIEntry
07-03 22:36:06.454 18460 18478 E CamAp_ReflectionUtils: findClass ClassNotFoundException: com.transsion.camera.ui.setting.videoportrait.VideoPortraitSettingOptionUIEntry
07-03 22:36:06.454 18460 18478 E CamAp_ReflectionUtils: findClass ClassNotFoundException: com.transsion.camera.ui.setting.videoportraitlevel.VideoPortraitLevelSettingUIEntry
07-03 22:36:06.454 18460 18478 E CamAp_ReflectionUtils: findClass ClassNotFoundException: com.transsion.camera.ui.setting.videosightshock.VideoSightShockSettingUIEntry
07-03 22:36:06.454 18460 18478 E CamAp_ReflectionUtils: findClass ClassNotFoundException: com.transsion.camera.ui.setting.videosightshock.VideoSightShockOptionUIEntry
07-03 22:36:06.454 18460 18478 E CamAp_ReflectionUtils: findClass ClassNotFoundException: com.transsion.camera.ui.setting.transsionfilter.TranssionFilterOptionUIEntry
07-03 22:36:06.454 18460 18478 E CamAp_ReflectionUtils: findClass ClassNotFoundException: com.transsion.camera.feature.mode.aigc.setting.ui.AIGCSettingUIEntry
07-03 22:36:06.454 18460 18478 E CamAp_ReflectionUtils: findClass ClassNotFoundException: com.transsion.camera.feature.mode.aigc.setting.ui.AIGCOptionUIEntry
07-03 22:36:06.454 18460 18478 E CamAp_ReflectionUtils: findClass ClassNotFoundException: com.transsion.camera.ui.setting.antivideo.AntiVideoSettingUIEntry
07-03 22:36:06.454 18460 18478 E CamAp_ReflectionUtils: findClass ClassNotFoundException: com.transsion.camera.ui.setting.superantivideo.SuperAntiVideoSettingUIEntry
07-03 22:36:06.455 18460 18478 E CamAp_ReflectionUtils: findClass ClassNotFoundException: com.transsion.camera.ui.setting.goldwatermark.GoldWaterMarkSettingUIEntry
07-03 22:36:06.455 18460 18473 E VendorTagDescriptor: lookupTag: Tag name 'availableAiDetectMode' does not exist.
07-03 22:36:06.455 18460 18478 E CamAp_ReflectionUtils: findClass ClassNotFoundException: com.transsion.camera.ui.setting.prowatermark.ProWatermarkSettingUIEntry
07-03 22:36:06.455 18460 18478 E CamAp_ReflectionUtils: findClass ClassNotFoundException: com.transsion.camera.ui.setting.macrotorch.MacroTorchSettingUIEntry
07-03 22:36:06.455 18460 18478 E CamAp_ReflectionUtils: findClass ClassNotFoundException: com.transsion.camera.ui.setting.lenscorrection.LensCorrectionSettingUIEntry
07-03 22:36:06.455 18460 18478 E CamAp_ReflectionUtils: findClass ClassNotFoundException: com.transsion.camera.ui.setting.comvideohdr.ComVideoHDRSettingUIEntry
07-03 22:36:06.455 18460 18478 E CamAp_ReflectionUtils: findClass ClassNotFoundException: com.transsion.camera.ui.setting.dolvideohdr.DolVideoHDRSettingUIEntry
07-03 22:36:06.455 18460 18473 E VendorTagDescriptor: lookupTag: Tag name 'availableAisMotionResult' does not exist.
07-03 22:36:06.455 18460 18478 E CamAp_ReflectionUtils: findClass ClassNotFoundException: com.transsion.camera.ui.setting.picturesize.TpPictureSizeSettingUIEntry
07-03 22:36:06.455 18460 18478 E CamAp_ReflectionUtils: findClass ClassNotFoundException: com.transsion.camera.ui.setting.portraitarchitecture.PortraitArchitectureSettingUIEntry
07-03 22:36:06.455 18460 18473 E VendorTagDescriptor: lookupTag: Tag name 'fovcrop' does not exist.
07-03 22:36:06.455 18460 18478 E CamAp_ReflectionUtils: findClass ClassNotFoundException: com.transsion.camera.ui.setting.recordingeffect.RecordingEffectSettingUIEntry
07-03 22:36:06.456 18460 18478 E CamAp_ReflectionUtils: findClass ClassNotFoundException: com.transsion.camera.ui.setting.stereo.StereoSettingUIEntry
07-03 22:36:06.456 18460 18473 E VendorTagDescriptor: lookupTag: Tag name 'highlightStrengthenEn' does not exist.
07-03 22:36:06.456 18460 18478 E CamAp_ReflectionUtils: findClass ClassNotFoundException: com.transsion.camera.ui.setting.shuttersoundoptional.ShutterSoundOptionalSettingUIEntry
07-03 22:36:06.456 18460 18473 E VendorTagDescriptor: lookupTag: Tag name 'fakeSensorMode' does not exist.
07-03 22:36:06.456 18460 18478 E CamAp_ReflectionUtils: findClass ClassNotFoundException: com.transsion.camera.ui.setting.secondaryscreen.SecondaryScreenSettingUIEntry
07-03 22:36:06.456 18460 18473 E VendorTagDescriptor: lookupTag: Tag name 'sprdMultiCameraMode' does not exist.
07-03 22:36:06.456 18460 18478 E CamAp_ReflectionUtils: findClass ClassNotFoundException: com.transsion.camera.ui.setting.distortioncorrection.DistortionCorrectionSettingUIEntry
07-03 22:36:06.456 18460 18473 E VendorTagDescriptor: lookupTag: Tag name 'sprdMultiCameraID' does not exist.
07-03 22:36:06.456 18460 18474 E ranssion.camera: Invalid resource ID 0x00000000.
07-03 22:36:06.456 18460 18478 E CamAp_ReflectionUtils: findClass ClassNotFoundException: com.transsion.camera.ui.setting.superdefinition.SuperDefinitionSettingUIEntry
07-03 22:36:06.456 18460 18473 E VendorTagDescriptor: lookupTag: Tag name 'sprdMultiFnumberRange' does not exist.
07-03 22:36:06.456 18460 18478 E CamAp_ReflectionUtils: findClass ClassNotFoundException: com.transsion.camera.ui.setting.videofps.VideoFPSSettingUIEntry
07-03 22:36:06.456 18460 18478 E CamAp_ReflectionUtils: findClass ClassNotFoundException: com.transsion.camera.ui.setting.videospeed.VideoSpeedSettingUIEntry
07-03 22:36:06.456 18460 18478 E CamAp_ReflectionUtils: findClass ClassNotFoundException: com.transsion.camera.ui.setting.automacroswitch.AutoMacroSwitchSettingUIEntry
07-03 22:36:06.456 18460 18478 E CamAp_ReflectionUtils: findClass ClassNotFoundException: com.transsion.camera.ui.setting.aishutter.AiShutterSwitchSettingUIEntry
07-03 22:36:06.456 18460 18478 E CamAp_ReflectionUtils: findClass ClassNotFoundException: com.transsion.camera.ui.setting.videofacebeauty.VideoFaceBeautySettingOptionUIEntry
07-03 22:36:06.456 18460 18473 E VendorTagDescriptor: lookupTag: Tag name 'micromode' does not exist.
07-03 22:36:06.457 18460 18478 E CamAp_ReflectionUtils: findClass ClassNotFoundException: com.transsion.camera.ui.setting.videosupernight.VideoSuperNightSettingUIEntry
07-03 22:36:06.457 18460 18478 E CamAp_ReflectionUtils: findClass ClassNotFoundException: com.transsion.camera.ui.setting.videoenhance.VideoEnhanceSettingUIEntry
07-03 22:36:06.457 18460 18478 E CamAp_ReflectionUtils: findClass ClassNotFoundException: com.transsion.camera.ui.setting.videoenhanceyuv.VideoEnhanceYUVSettingUIEntry
07-03 22:36:06.457 18460 18478 E CamAp_ReflectionUtils: findClass ClassNotFoundException: com.transsion.camera.ui.setting.videoasd.VideoAsdSettingUIEntry
07-03 22:36:06.457 18460 18473 E VendorTagDescriptor: lookupTag: Tag name 'tranAvailableHighResolution' does not exist.
07-03 22:36:06.457 18460 18478 E CamAp_ReflectionUtils: findClass ClassNotFoundException: com.transsion.camera.ui.setting.aigroupphoto.AIGroupPhotoSettingUIEntry
07-03 22:36:06.457 18460 18478 E CamAp_ReflectionUtils: findClass ClassNotFoundException: com.transsion.camera.ui.setting.horizonswitchwide.HorizonSwitchWideSettingUIEntry
07-03 22:36:06.457 18460 18478 E CamAp_ReflectionUtils: findClass ClassNotFoundException: com.transsion.camera.ui.setting.videosupernight.VideoSuperNightYUVSettingUIEntry
07-03 22:36:06.457 18460 18478 E CamAp_ReflectionUtils: findClass ClassNotFoundException: com.transsion.camera.ui.setting.smiledetection.SmileDetectionSettingUIEntry
07-03 22:36:06.457 18460 18473 E VendorTagDescriptor: lookupTag: Tag name 'availableslimbodyMode' does not exist.
07-03 22:36:06.457 18460 18478 E CamAp_ReflectionUtils: findClass ClassNotFoundException: com.transsion.camera.ui.setting.gesturedetection.GestureDetectionSettingUIEntry
07-03 22:36:06.457 18460 18473 E VendorTagDescriptor: lookupTag: Tag name 'slimbodyFeaturesize' does not exist.
07-03 22:36:06.457 18460 18478 E CamAp_ReflectionUtils: findClass ClassNotFoundException: com.transsion.camera.ui.setting.telecamera.TeleCameraSettingUIEntry
07-03 22:36:06.457 18460 18478 E CamAp_ReflectionUtils: findClass ClassNotFoundException: com.transsion.camera.ui.setting.bwportrait.BWPortraitSettingUIEntry
07-03 22:36:06.457 18460 18473 E VendorTagDescriptor: lookupTag: Tag name 'tranCtsInterpolationSize' does not exist.
07-03 22:36:06.457 18460 18474 E ranssion.camera: Invalid resource ID 0x00000000.
07-03 22:36:06.457 18460 18478 E CamAp_ReflectionUtils: findClass ClassNotFoundException: com.transsion.camera.ui.setting.dualcambwportrait.DualCamBWPortraitSettingUIEntry
07-03 22:36:06.458 18460 18473 E VendorTagDescriptor: lookupTag: Tag name 'tranAvailableVideoEIS' does not exist.
07-03 22:36:06.458 18460 18478 E CamAp_ReflectionUtils: findClass ClassNotFoundException: com.transsion.camera.ui.setting.timelapsephotosettingoption.TimelapsePhotoSettingUIEntry
07-03 22:36:06.458 18460 18478 E CamAp_ReflectionUtils: findClass ClassNotFoundException: com.transsion.camera.ui.setting.smartmodeorder.SmartModeOrderSettingUIEntry
07-03 22:36:06.458 18460 18473 E VendorTagDescriptor: lookupTag: Tag name 'aePreCapFlowSupport' does not exist.
07-03 22:36:06.458 18460 18478 E CamAp_ReflectionUtils: findClass ClassNotFoundException: com.transsion.camera.feature.asdenhance.ui.ASDEnhanceSettingUIEntry
07-03 22:36:06.458 18460 18478 E CamAp_ReflectionUtils: findClass ClassNotFoundException: com.transsion.camera.feature.imagestyle.ui.ImageStyleSettingUIEntry
07-03 22:36:06.458 18460 18478 E CamAp_ReflectionUtils: findClass ClassNotFoundException: com.transsion.camera.ui.setting.streetphotostyle.StreetPhotoStyleSettingUIEntry
07-03 22:36:06.458 18460 18478 E CamAp_ReflectionUtils: findClass ClassNotFoundException: com.transsion.camera.ui.setting.humaneffect.HumanEffectSettingUIEntry
07-03 22:36:06.458 18460 18473 E VendorTagDescriptor: lookupTag: Tag name 'availableVideoSuperNightYuvMode' does not exist.
07-03 22:36:06.458 18460 18478 E CamAp_ReflectionUtils: findClass ClassNotFoundException: com.transsion.camera.ui.setting.BarcodeSettingUIEntry
07-03 22:36:06.458 18460 18473 E VendorTagDescriptor: lookupTag: Tag name 'availableFilterType' does not exist.
07-03 22:36:06.458 18460 18478 E CamAp_ReflectionUtils: findClass ClassNotFoundException: com.transsion.camera.ui.setting.moondetection.MoonDetectionSettingUIEntry
07-03 22:36:06.458 18460 18478 E CamAp_ReflectionUtils: findClass ClassNotFoundException: com.transsion.camera.ui.setting.micropantiltcalibration.MicroPanTiltCalibrationUIEntry
07-03 22:36:06.459 18460 18478 E CamAp_ReflectionUtils: findClass ClassNotFoundException: com.transsion.camera.ui.setting.periscopecamera.PeriscopeCameraSettingUIEntry
07-03 22:36:06.459 18460 18473 E VendorTagDescriptor: lookupTag: Tag name 'availableHfpsMaxResolutions' does not exist.
07-03 22:36:06.459 18460 18478 E CamAp_ReflectionUtils: findClass ClassNotFoundException: com.transsion.camera.ui.setting.magicsky.MagicSkySettingUIEntry
07-03 22:36:06.459 18460 18478 E CamAp_ReflectionUtils: findClass ClassNotFoundException: com.transsion.camera.ui.setting.autovideofps.AutoVideoFPSSettingUIEntry
07-03 22:36:06.459 18460 18473 E VendorTagDescriptor: lookupTag: Tag name 'availableHfpsModes' does not exist.
07-03 22:36:06.459 18460 18478 E CamAp_ReflectionUtils: findClass ClassNotFoundException: com.transsion.camera.ui.setting.hevcencorder.HEVCEncorderSettingUIEntry
07-03 22:36:06.459 18460 18473 E VendorTagDescriptor: lookupTag: Tag name 'availableMaxMagicskyType' does not exist.
07-03 22:36:06.459 18460 18473 E VendorTagDescriptor: lookupTag: Tag name 'tranRearPortrait8MSupport' does not exist.
07-03 22:36:06.459 18460 18473 E VendorTagDescriptor: lookupTag: Tag name 'tranRearPortrait8MSize' does not exist.
07-03 22:36:06.459 18460 18478 E CamAp_ReflectionUtils: findClass ClassNotFoundException: com.transsion.camera.ui.setting.videopreisp.VideoPreispSettingUIEntry
07-03 22:36:06.460 18460 18478 E CamAp_ReflectionUtils: findClass ClassNotFoundException: com.transsion.camera.ui.setting.supernightlite.SuperNightLiteSettingUIEntry
07-03 22:36:06.460 18460 18478 E CamAp_ReflectionUtils: findClass ClassNotFoundException: com.transsion.camera.ui.setting.portraitflare.PortraitFlareSettingUIEntry
07-03 22:36:06.460 18460 18478 E CamAp_ReflectionUtils: findClass ClassNotFoundException: com.transsion.camera.feature.dv_template.filter_icon.DVTemplateFilterIconOptionUIEntry
07-03 22:36:06.460 18460 18478 E CamAp_ReflectionUtils: findClass ClassNotFoundException: com.transsion.camera.feature.dv_template.DVTemplateSettingUIEntry
07-03 22:36:06.460 18460 18478 E CamAp_ReflectionUtils: findClass ClassNotFoundException: com.transsion.camera.feature.dv_template.entrance.DVTemplateEntranceSettingUIEntry
07-03 22:36:06.460 18460 18478 E CamAp_ReflectionUtils: findClass ClassNotFoundException: com.transsion.camera.feature.dv_template.entrance.DVTemplateEntranceSettingOptionUIEntry
07-03 22:36:06.460 18460 18474 E ranssion.camera: Invalid resource ID 0x00000000.
07-03 22:36:06.460 18460 18478 E CamAp_ReflectionUtils: findClass ClassNotFoundException: com.transsion.camera.ui.setting.motiondetectswitch.MotionDetectSwitchUIEntry
07-03 22:36:06.460 18460 18478 E CamAp_ReflectionUtils: findClass ClassNotFoundException: com.transsion.camera.feature.tuning.setting.entrance.TuningFeatureEntranceSettingUIEntry
07-03 22:36:06.460 18460 18478 E CamAp_ReflectionUtils: findClass ClassNotFoundException: com.transsion.camera.ui.setting.focusdistance.FocusDistanceSettingUIEntry
07-03 22:36:06.460 18460 18478 E CamAp_ReflectionUtils: findClass ClassNotFoundException: com.transsion.camera.ui.setting.oneclickefficiency.OneClickEfficiencySettingUIEntry
07-03 22:36:06.460 18460 18478 E CamAp_ReflectionUtils: findClass ClassNotFoundException: com.transsion.camera.ui.setting.groupcapture.GroupCaptureSettingUIEntry
07-03 22:36:06.462 18460 18478 E CamAp_ReflectionUtils: findClass ClassNotFoundException: com.transsion.camera.feature.setting.antivideo.AntiVideoEntry
07-03 22:36:06.462 18460 18473 E VendorTagDescriptor: lookupTag: Tag name 'availableAiDetectMode' does not exist.
07-03 22:36:06.462 18460 18478 E CamAp_ReflectionUtils: findClass ClassNotFoundException: com.transsion.camera.feature.setting.superantivideo.SuperAntiVideoEntry
07-03 22:36:06.462 18460 18478 E CamAp_ReflectionUtils: findClass ClassNotFoundException: com.transsion.camera.feature.setting.macrotorch.MacroTorchEntry
07-03 22:36:06.463 18460 18478 E CamAp_ReflectionUtils: findClass ClassNotFoundException: com.transsion.camera.feature.setting.comvideohdr.ComVideoHDREntry
07-03 22:36:06.463 18460 18473 E VendorTagDescriptor: lookupTag: Tag name 'availableAisMotionResult' does not exist.
07-03 22:36:06.463 18460 18478 E CamAp_ReflectionUtils: findClass ClassNotFoundException: com.transsion.camera.feature.setting.videohdr.setting.VideoHDREntry
07-03 22:36:06.463 18460 18478 E CamAp_ReflectionUtils: findClass ClassNotFoundException: com.transsion.camera.feature.setting.dolvideohdr.DolVideoHDREntry
07-03 22:36:06.463 18460 18473 E VendorTagDescriptor: lookupTag: Tag name 'fovcrop' does not exist.
07-03 22:36:06.463 18460 18473 E VendorTagDescriptor: lookupTag: Tag name 'highlightStrengthenEn' does not exist.
07-03 22:36:06.463 18460 18478 E CamAp_ReflectionUtils: findClass ClassNotFoundException: com.transsion.camera.feature.setting.recordingeffect.RecordingEffectEntry
07-03 22:36:06.463 18460 18473 E VendorTagDescriptor: lookupTag: Tag name 'fakeSensorMode' does not exist.
07-03 22:36:06.463 18460 18473 E VendorTagDescriptor: lookupTag: Tag name 'sprdMultiCameraMode' does not exist.
07-03 22:36:06.463 18460 18478 E CamAp_ReflectionUtils: findClass ClassNotFoundException: com.transsion.camera.feature.setting.skinoptimization.SkinOptimizationEntry
07-03 22:36:06.463 18460 18473 E VendorTagDescriptor: lookupTag: Tag name 'sprdMultiCameraID' does not exist.
07-03 22:36:06.463 18460 18478 E CamAp_ReflectionUtils: findClass ClassNotFoundException: com.transsion.camera.feature.setting.makeup.MakeUpSettingEntry
07-03 22:36:06.464 18460 18473 E VendorTagDescriptor: lookupTag: Tag name 'sprdMultiFnumberRange' does not exist.
07-03 22:36:06.464 18460 18478 E CamAp_ReflectionUtils: findClass ClassNotFoundException: com.transsion.camera.feature.setting.makeup.MuStereoSettingEntry
07-03 22:36:06.464 18460 18473 E VendorTagDescriptor: lookupTag: Tag name 'micromode' does not exist.
07-03 22:36:06.464 18460 18478 E CamAp_ReflectionUtils: findClass ClassNotFoundException: com.transsion.camera.feature.setting.makeup.VipStereoSettingEntry
07-03 22:36:06.464 18460 18478 E CamAp_ReflectionUtils: findClass ClassNotFoundException: com.transsion.camera.feature.setting.makeup.MuMonomerSettingEntry
07-03 22:36:06.464 18460 18473 E VendorTagDescriptor: lookupTag: Tag name 'tranAvailableHighResolution' does not exist.
07-03 22:36:06.464 18460 18478 E CamAp_ReflectionUtils: findClass ClassNotFoundException: com.transsion.camera.feature.setting.makeup.VideoMakeUpSettingEntry
07-03 22:36:06.464 18460 18478 E CamAp_ReflectionUtils: findClass ClassNotFoundException: com.transsion.camera.feature.setting.makeup.VideoMakeUpStyleSettingEntry
07-03 22:36:06.464 18460 18478 E CamAp_ReflectionUtils: findClass ClassNotFoundException: com.transsion.camera.feature.setting.makeup.VideoFaceBeautyMakeupOptionEntry
07-03 22:36:06.464 18460 18473 E VendorTagDescriptor: lookupTag: Tag name 'availableslimbodyMode' does not exist.
07-03 22:36:06.464 18460 18478 E CamAp_ReflectionUtils: findClass ClassNotFoundException: com.transsion.camera.feature.setting.makeup.VideoFaceBeautyMakeupSettingEntry
07-03 22:36:06.464 18460 18473 E VendorTagDescriptor: lookupTag: Tag name 'slimbodyFeaturesize' does not exist.
07-03 22:36:06.464 18460 18478 E CamAp_ReflectionUtils: findClass ClassNotFoundException: com.transsion.camera.feature.setting.makeup.MuSlimBodySettingEntry
07-03 22:36:06.464 18460 18473 E VendorTagDescriptor: lookupTag: Tag name 'tranCtsInterpolationSize' does not exist.
07-03 22:36:06.465 18460 18478 E CamAp_ReflectionUtils: findClass ClassNotFoundException: com.transsion.camera.feature.setting.makeup.MuFaceBeautySettingEntry
07-03 22:36:06.465 18460 18473 E VendorTagDescriptor: lookupTag: Tag name 'tranAvailableVideoEIS' does not exist.
07-03 22:36:06.465 18460 18478 E CamAp_ReflectionUtils: findClass ClassNotFoundException: com.transsion.camera.feature.setting.portraitflare.PortraitFlareEntry
07-03 22:36:06.465 18460 18473 E VendorTagDescriptor: lookupTag: Tag name 'aePreCapFlowSupport' does not exist.
07-03 22:36:06.465 18460 18478 E CamAp_ReflectionUtils: findClass ClassNotFoundException: com.transsion.camera.feature.setting.portraitarchitecture.PortraitArchitectureEntry
07-03 22:36:06.465 18460 18473 E VendorTagDescriptor: lookupTag: Tag name 'availableVideoSuperNightYuvMode' does not exist.
07-03 22:36:06.465 18460 18478 E CamAp_ReflectionUtils: findClass ClassNotFoundException: com.transsion.camera.feature.setting.shuttersoundoptional.ShutterSoundOptionalEntry
07-03 22:36:06.465 18460 18473 E VendorTagDescriptor: lookupTag: Tag name 'availableFilterType' does not exist.
07-03 22:36:06.465 18460 18478 E CamAp_ReflectionUtils: findClass ClassNotFoundException: com.transsion.camera.feature.setting.secondaryscreen.SecondaryScreenEntry
07-03 22:36:06.465 18460 18478 E CamAp_ReflectionUtils: findClass ClassNotFoundException: com.transsion.camera.feature.setting.lenscorrection.LensCorrectionEntry
07-03 22:36:06.465 18460 18473 E VendorTagDescriptor: lookupTag: Tag name 'availableHfpsMaxResolutions' does not exist.
07-03 22:36:06.466 18460 18473 E VendorTagDescriptor: lookupTag: Tag name 'availableHfpsModes' does not exist.
07-03 22:36:06.466 18460 18473 E VendorTagDescriptor: lookupTag: Tag name 'availableMaxMagicskyType' does not exist.
07-03 22:36:06.466 18460 18478 E CamAp_ReflectionUtils: findClass ClassNotFoundException: com.transsion.camera.feature.setting.stereo.StereoEntry
07-03 22:36:06.466 18460 18473 E VendorTagDescriptor: lookupTag: Tag name 'tranRearPortrait8MSupport' does not exist.
07-03 22:36:06.466 18460 18478 E CamAp_ReflectionUtils: findClass ClassNotFoundException: com.transsion.camera.feature.setting.goldwatermark.GoldWaterMarkEntry
07-03 22:36:06.466 18460 18478 E CamAp_ReflectionUtils: findClass ClassNotFoundException: com.transsion.camera.feature.setting.prowatermark.ProWatermarkEntry
07-03 22:36:06.466 18460 18473 E VendorTagDescriptor: lookupTag: Tag name 'tranRearPortrait8MSize' does not exist.
07-03 22:36:06.466 18460 18478 E CamAp_ReflectionUtils: findClass ClassNotFoundException: com.transsion.camera.feature.setting.widecamera.WideCameraEntry
07-03 22:36:06.466 18460 18478 E CamAp_ReflectionUtils: findClass ClassNotFoundException: com.transsion.camera.feature.setting.widecamera.FrontWideCameraEntry
07-03 22:36:06.466 18460 18478 E CamAp_ReflectionUtils: findClass ClassNotFoundException: com.transsion.camera.feature.setting.plugin.TranssionPluginEntry
07-03 22:36:06.466 18460 18478 E CamAp_ReflectionUtils: findClass ClassNotFoundException: com.transsion.camera.feature.setting.distortioncorrection.DistortionCorrectionEntry
07-03 22:36:06.466 18460 18478 E CamAp_ReflectionUtils: findClass ClassNotFoundException: com.transsion.camera.feature.setting.macro.MacroEntry
07-03 22:36:06.467 18460 18478 E CamAp_ReflectionUtils: findClass ClassNotFoundException: com.transsion.camera.feature.setting.aishutter.AiShutterEntry
07-03 22:36:06.467 18460 18478 E CamAp_ReflectionUtils: findClass ClassNotFoundException: com.transsion.camera.feature.setting.aishutter.AiShutterSwitchEntry
07-03 22:36:06.467 18460 18478 E CamAp_ReflectionUtils: findClass ClassNotFoundException: com.transsion.camera.feature.setting.videofilter.VideoFilterStyleEntry
07-03 22:36:06.467 18460 18478 E CamAp_ReflectionUtils: findClass ClassNotFoundException: com.transsion.camera.feature.setting.videofilter.VideoFilterEntry
07-03 22:36:06.467 18460 18478 E CamAp_ReflectionUtils: findClass ClassNotFoundException: com.transsion.camera.feature.setting.videoeffect.VideoEffectStyleEntry
07-03 22:36:06.467 18460 18478 E CamAp_ReflectionUtils: findClass ClassNotFoundException: com.transsion.camera.feature.setting.videoeffect.VideoEffectEntry
07-03 22:36:06.467 18460 18478 E CamAp_ReflectionUtils: findClass ClassNotFoundException: com.transsion.camera.feature.setting.videoframe.VideoFrameStyleEntry
07-03 22:36:06.467 18460 18478 E CamAp_ReflectionUtils: findClass ClassNotFoundException: com.transsion.camera.feature.setting.videoframe.VideoFrameEntry
07-03 22:36:06.467 18460 18478 E CamAp_ReflectionUtils: findClass ClassNotFoundException: com.transsion.camera.feature.setting.videosightshock.VideoSightShockEntry
07-03 22:36:06.467 18460 18478 E CamAp_ReflectionUtils: findClass ClassNotFoundException: com.transsion.camera.feature.setting.videoportraitspot.VideoPortraitSpotEntry
07-03 22:36:06.467 18460 18478 E CamAp_ReflectionUtils: findClass ClassNotFoundException: com.transsion.camera.feature.setting.videospot.VideoSpotEntry
07-03 22:36:06.467 18460 18478 E CamAp_ReflectionUtils: findClass ClassNotFoundException: com.transsion.camera.feature.setting.videospotlevel.VideoSpotLevelEntry
07-03 22:36:06.467 18460 18478 E CamAp_ReflectionUtils: findClass ClassNotFoundException: com.transsion.camera.feature.setting.videoportrait.VideoPortraitEntry
07-03 22:36:06.467 18460 18478 E CamAp_ReflectionUtils: findClass ClassNotFoundException: com.transsion.camera.feature.setting.videoportraitlevel.VideoPortraitLevelEntry
07-03 22:36:06.468 18460 18478 E CamAp_ReflectionUtils: findClass ClassNotFoundException: com.transsion.camera.feature.supernightfilter.setting.SuperNightFilterEntry
07-03 22:36:06.468 18460 18478 E CamAp_ReflectionUtils: findClass ClassNotFoundException: com.transsion.camera.feature.setting.superdefinition.SuperDefinitionEntry
07-03 22:36:06.468 18460 18478 E CamAp_ReflectionUtils: findClass ClassNotFoundException: com.transsion.camera.feature.setting.videointerpolation.VideoInterpolationEntry
07-03 22:36:06.468 18460 18478 E CamAp_ReflectionUtils: findClass ClassNotFoundException: com.transsion.camera.feature.setting.videofps.VideoFPSEntry
07-03 22:36:06.468 18460 18478 E CamAp_ReflectionUtils: findClass ClassNotFoundException: com.transsion.camera.feature.setting.videospeed.VideoSpeedEntry
07-03 22:36:06.468 18460 18478 E CamAp_ReflectionUtils: findClass ClassNotFoundException: com.transsion.camera.feature.setting.videofacebeauty.VideoFaceBeautyEntry
07-03 22:36:06.468 18460 18478 E CamAp_ReflectionUtils: findClass ClassNotFoundException: com.transsion.camera.feature.setting.videosupernight.VideoSuperNightEntry
07-03 22:36:06.468 18460 18478 E CamAp_ReflectionUtils: findClass ClassNotFoundException: com.transsion.camera.feature.setting.videosupernightyuv.VideoSuperNightYUVEntry
07-03 22:36:06.468 18460 18478 E CamAp_ReflectionUtils: findClass ClassNotFoundException: com.transsion.camera.feature.setting.videoenhance.VideoEnhanceEntry
07-03 22:36:06.468 18460 18478 E CamAp_ReflectionUtils: findClass ClassNotFoundException: com.transsion.camera.feature.setting.videoenhanceyuv.VideoEnhanceYUVEntry
07-03 22:36:06.468 18460 18478 E CamAp_ReflectionUtils: findClass ClassNotFoundException: com.transsion.camera.feature.setting.videoasd.VideoAsdEntry
07-03 22:36:06.468 18460 18478 E CamAp_ReflectionUtils: findClass ClassNotFoundException: com.transsion.camera.feature.setting.dxoscenedetection.DxoSceneDetectionEntry
07-03 22:36:06.468 18460 18478 E CamAp_ReflectionUtils: findClass ClassNotFoundException: com.transsion.camera.feature.setting.aigroupphoto.AIGroupPhotoEntry
07-03 22:36:06.469 18460 18478 E CamAp_ReflectionUtils: findClass ClassNotFoundException: com.transsion.camera.feature.setting.horizonswitchwide.HorizonSwitchWideEntry
07-03 22:36:06.469 18460 18478 E CamAp_ReflectionUtils: findClass ClassNotFoundException: com.transsion.camera.feature.setting.algorithmmigrate.AlgorithmMigrateEntry
07-03 22:36:06.469 18460 18473 E VendorTagDescriptor: lookupTag: Tag name 'availableAiDetectMode' does not exist.
07-03 22:36:06.469 18460 18478 E CamAp_ReflectionUtils: findClass ClassNotFoundException: com.transsion.camera.feature.setting.smartdenoise.SmartDenoiseEntry
07-03 22:36:06.469 18460 18478 E CamAp_ReflectionUtils: findClass ClassNotFoundException: com.transsion.camera.feature.setting.automacroswitch.AutoMacroSwitchEntry
07-03 22:36:06.469 18460 18478 E CamAp_ReflectionUtils: findClass ClassNotFoundException: com.transsion.camera.feature.setting.autovideofps.AutoVideoFPSEntry
07-03 22:36:06.469 18460 18478 E CamAp_ReflectionUtils: findClass ClassNotFoundException: com.transsion.camera.feature.setting.hevcencorder.HEVCEncorderEntry
07-03 22:36:06.469 18460 18478 E CamAp_ReflectionUtils: findClass ClassNotFoundException: com.transsion.camera.feature.setting.smiledetection.SmileDetectionEntry
07-03 22:36:06.469 18460 18478 E CamAp_ReflectionUtils: findClass ClassNotFoundException: com.transsion.camera.feature.setting.gesturedetection.GestureDetectionEntry
07-03 22:36:06.469 18460 18473 E VendorTagDescriptor: lookupTag: Tag name 'availableAisMotionResult' does not exist.
07-03 22:36:06.469 18460 18478 E CamAp_ReflectionUtils: findClass ClassNotFoundException: com.transsion.camera.feature.setting.telecamera.TeleCameraEntry
07-03 22:36:06.469 18460 18478 E CamAp_ReflectionUtils: findClass ClassNotFoundException: com.transsion.camera.feature.setting.bwportrait.BWPortraitEntry
07-03 22:36:06.469 18460 18478 E CamAp_ReflectionUtils: findClass ClassNotFoundException: com.transsion.camera.feature.setting.dualcambwportrait.DualCamBWPortraitEntry
07-03 22:36:06.469 18460 18473 E VendorTagDescriptor: lookupTag: Tag name 'fovcrop' does not exist.
07-03 22:36:06.469 18460 18478 E CamAp_ReflectionUtils: findClass ClassNotFoundException: com.transsion.camera.feature.setting.timelapsephotointerval.TimelapsePhotoIntervalEntry
07-03 22:36:06.470 18460 18478 E CamAp_ReflectionUtils: findClass ClassNotFoundException: com.transsion.camera.feature.setting.timelapsephotoduration.TimelapsePhotoDurationEntry
07-03 22:36:06.470 18460 18478 E CamAp_ReflectionUtils: findClass ClassNotFoundException: com.transsion.camera.feature.setting.smartmodeorder.SmartModeOrderEntry
07-03 22:36:06.470 18460 18473 E VendorTagDescriptor: lookupTag: Tag name 'highlightStrengthenEn' does not exist.
07-03 22:36:06.470 18460 18478 E CamAp_ReflectionUtils: findClass ClassNotFoundException: com.transsion.camera.feature.setting.humaneffect.HumanEffectEntry
07-03 22:36:06.470 18460 18478 E CamAp_ReflectionUtils: findClass ClassNotFoundException: com.transsion.camera.feature.setting.barcode.BarcodeEntry
07-03 22:36:06.470 18460 18473 E VendorTagDescriptor: lookupTag: Tag name 'fakeSensorMode' does not exist.
07-03 22:36:06.470 18460 18473 E VendorTagDescriptor: lookupTag: Tag name 'sprdMultiCameraMode' does not exist.
07-03 22:36:06.470 18460 18473 E VendorTagDescriptor: lookupTag: Tag name 'sprdMultiCameraID' does not exist.
07-03 22:36:06.470 18460 18473 E VendorTagDescriptor: lookupTag: Tag name 'sprdMultiFnumberRange' does not exist.
07-03 22:36:06.470 18460 18473 E VendorTagDescriptor: lookupTag: Tag name 'micromode' does not exist.
07-03 22:36:06.471 18460 18473 E VendorTagDescriptor: lookupTag: Tag name 'tranAvailableHighResolution' does not exist.
07-03 22:36:06.471 18460 18473 E VendorTagDescriptor: lookupTag: Tag name 'availableslimbodyMode' does not exist.
07-03 22:36:06.471 18460 18473 E VendorTagDescriptor: lookupTag: Tag name 'slimbodyFeaturesize' does not exist.
07-03 22:36:06.471 18460 18473 E VendorTagDescriptor: lookupTag: Tag name 'tranCtsInterpolationSize' does not exist.
07-03 22:36:06.471 18460 18473 E VendorTagDescriptor: lookupTag: Tag name 'tranAvailableVideoEIS' does not exist.
07-03 22:36:06.472 18460 18473 E VendorTagDescriptor: lookupTag: Tag name 'aePreCapFlowSupport' does not exist.
07-03 22:36:06.472 18460 18473 E VendorTagDescriptor: lookupTag: Tag name 'availableVideoSuperNightYuvMode' does not exist.
07-03 22:36:06.472 18460 18473 E VendorTagDescriptor: lookupTag: Tag name 'availableFilterType' does not exist.
07-03 22:36:06.472 18460 18473 E VendorTagDescriptor: lookupTag: Tag name 'availableHfpsMaxResolutions' does not exist.
07-03 22:36:06.473 18460 18473 E VendorTagDescriptor: lookupTag: Tag name 'availableHfpsModes' does not exist.
07-03 22:36:06.473 18460 18473 E VendorTagDescriptor: lookupTag: Tag name 'availableMaxMagicskyType' does not exist.
07-03 22:36:06.473 18460 18473 E VendorTagDescriptor: lookupTag: Tag name 'tranRearPortrait8MSupport' does not exist.
07-03 22:36:06.473 18460 18473 E VendorTagDescriptor: lookupTag: Tag name 'tranRearPortrait8MSize' does not exist.
07-03 22:36:06.475 18460 18473 E VendorTagDescriptor: lookupTag: Tag name 'availableAiDetectMode' does not exist.
07-03 22:36:06.476 18460 18473 E VendorTagDescriptor: lookupTag: Tag name 'availableAisMotionResult' does not exist.
07-03 22:36:06.476 18460 18473 E VendorTagDescriptor: lookupTag: Tag name 'fovcrop' does not exist.
07-03 22:36:06.476 18460 18473 E VendorTagDescriptor: lookupTag: Tag name 'highlightStrengthenEn' does not exist.
07-03 22:36:06.477 18460 18473 E VendorTagDescriptor: lookupTag: Tag name 'fakeSensorMode' does not exist.
07-03 22:36:06.477 18460 18473 E VendorTagDescriptor: lookupTag: Tag name 'sprdMultiCameraMode' does not exist.
07-03 22:36:06.477 18460 18473 E VendorTagDescriptor: lookupTag: Tag name 'sprdMultiCameraID' does not exist.
07-03 22:36:06.477 18460 18473 E VendorTagDescriptor: lookupTag: Tag name 'sprdMultiFnumberRange' does not exist.
07-03 22:36:06.477 18460 18473 E VendorTagDescriptor: lookupTag: Tag name 'micromode' does not exist.
07-03 22:36:06.477 18460 18473 E VendorTagDescriptor: lookupTag: Tag name 'tranAvailableHighResolution' does not exist.
07-03 22:36:06.478 18460 18473 E VendorTagDescriptor: lookupTag: Tag name 'availableslimbodyMode' does not exist.
07-03 22:36:06.478 18460 18473 E VendorTagDescriptor: lookupTag: Tag name 'slimbodyFeaturesize' does not exist.
07-03 22:36:06.478 18460 18473 E VendorTagDescriptor: lookupTag: Tag name 'tranCtsInterpolationSize' does not exist.
07-03 22:36:06.478 18460 18478 E CamAp_ReflectionUtils: findClass ClassNotFoundException: com.transsion.camera.feature.setting.magicsky.MagicSkyEntry
07-03 22:36:06.478 18460 18473 E VendorTagDescriptor: lookupTag: Tag name 'tranAvailableVideoEIS' does not exist.
07-03 22:36:06.478 18460 18478 E CamAp_ReflectionUtils: findClass ClassNotFoundException: com.transsion.camera.feature.asdenhance.ASDEnhanceEntry
07-03 22:36:06.478 18460 18478 E CamAp_ReflectionUtils: findClass ClassNotFoundException: com.transsion.camera.feature.imagestyle.ImageStyleEntry
07-03 22:36:06.478 18460 18478 E CamAp_ReflectionUtils: findClass ClassNotFoundException: com.transsion.camera.feature.setting.moondetection.MoonDetectionEntry
07-03 22:36:06.478 18460 18473 E VendorTagDescriptor: lookupTag: Tag name 'aePreCapFlowSupport' does not exist.
07-03 22:36:06.478 18460 18478 E CamAp_ReflectionUtils: findClass ClassNotFoundException: com.transsion.camera.feature.setting.micropantiltcalibration.MicroPanTiltCalibrationEntry
07-03 22:36:06.479 18460 18478 E CamAp_ReflectionUtils: findClass ClassNotFoundException: com.transsion.camera.feature.setting.periscopecamera.PeriscopeCameraEntry
07-03 22:36:06.479 18460 18478 E CamAp_ReflectionUtils: findClass ClassNotFoundException: com.transsion.camera.feature.setting.muterecoder.MuteRecoderEntry
07-03 22:36:06.479 18460 18478 E CamAp_ReflectionUtils: findClass ClassNotFoundException: com.transsion.camera.feature.setting.fusion.FusionEntry
07-03 22:36:06.479 18460 18473 E VendorTagDescriptor: lookupTag: Tag name 'availableVideoSuperNightYuvMode' does not exist.
07-03 22:36:06.479 18460 18478 E CamAp_ReflectionUtils: findClass ClassNotFoundException: com.transsion.camera.feature.mode.longexposure.setting.LongExposureEntry
07-03 22:36:06.479 18460 18473 E VendorTagDescriptor: lookupTag: Tag name 'availableFilterType' does not exist.
07-03 22:36:06.479 18460 18478 E CamAp_ReflectionUtils: findClass ClassNotFoundException: com.transsion.camera.feature.mode.longexposure.setting.LongExposureTripodEntry
07-03 22:36:06.479 18460 18478 E CamAp_ReflectionUtils: findClass ClassNotFoundException: com.transsion.camera.feature.mode.longexposure.setting.LongExposureCaptureStateEntry
07-03 22:36:06.479 18460 18478 E CamAp_ReflectionUtils: findClass ClassNotFoundException: com.transsion.camera.feature.mode.longexposure.setting.LongExposureOptionEntry
07-03 22:36:06.479 18460 18478 E CamAp_ReflectionUtils: findClass ClassNotFoundException: com.transsion.camera.feature.setting.streamflip.StreamFlipSettingEntry
07-03 22:36:06.479 18460 18478 E CamAp_ReflectionUtils: findClass ClassNotFoundException: com.transsion.camera.feature.setting.videopreisp.VideoPreIspEntry
07-03 22:36:06.479 18460 18473 E VendorTagDescriptor: lookupTag: Tag name 'availableHfpsMaxResolutions' does not exist.
07-03 22:36:06.479 18460 18478 E CamAp_ReflectionUtils: findClass ClassNotFoundException: com.transsion.camera.feature.setting.airemosaic.AIRemosaicEntry
07-03 22:36:06.479 18460 18478 E CamAp_ReflectionUtils: findClass ClassNotFoundException: com.transsion.camera.feature.setting.foldcolumn.FoldColumnEntry
07-03 22:36:06.479 18460 18473 E VendorTagDescriptor: lookupTag: Tag name 'availableHfpsModes' does not exist.
07-03 22:36:06.479 18460 18478 E CamAp_ReflectionUtils: findClass ClassNotFoundException: com.transsion.camera.feature.setting.foldswitchpreview.FoldSwitchPreviewEntry
07-03 22:36:06.479 18460 18473 E VendorTagDescriptor: lookupTag: Tag name 'availableMaxMagicskyType' does not exist.
07-03 22:36:06.479 18460 18473 E VendorTagDescriptor: lookupTag: Tag name 'tranRearPortrait8MSupport' does not exist.
07-03 22:36:06.479 18460 18478 E CamAp_ReflectionUtils: findClass ClassNotFoundException: com.transsion.camera.feature.mode.aigc.setting.AIGCOptionEntry
07-03 22:36:06.480 18460 18478 E CamAp_ReflectionUtils: findClass ClassNotFoundException: com.transsion.camera.feature.mode.aigc.setting.AIGCEffectEntry
07-03 22:36:06.480 18460 18473 E VendorTagDescriptor: lookupTag: Tag name 'tranRearPortrait8MSize' does not exist.
07-03 22:36:06.480 18460 18478 E CamAp_ReflectionUtils: findClass ClassNotFoundException: com.transsion.camera.feature.mode.aigc.setting.AIGCHairStyleEntry
07-03 22:36:06.480 18460 18478 E CamAp_ReflectionUtils: findClass ClassNotFoundException: com.transsion.camera.feature.mode.aigc.setting.AIGCClothingEntry
07-03 22:36:06.480 18460 18478 E CamAp_ReflectionUtils: findClass ClassNotFoundException: com.transsion.camera.feature.mode.aigc.setting.AIGCPortraitEntry
07-03 22:36:06.480 18460 18478 E CamAp_ReflectionUtils: findClass ClassNotFoundException: com.transsion.camera.feature.setting.supernightlite.SuperNightLiteEntry
07-03 22:36:06.480 18460 18478 E CamAp_ReflectionUtils: findClass ClassNotFoundException: com.transsion.camera.feature.setting.airaw.AIRawEntry
07-03 22:36:06.480 18460 18478 E CamAp_ReflectionUtils: findClass ClassNotFoundException: com.transsion.camera.feature.mode.facebeauty.FaceBeautyModeEntry
07-03 22:36:06.480 18460 18478 E CamAp_ReflectionUtils: findClass ClassNotFoundException: com.transsion.camera.feature.mode.makeup.MakeUpModeEntry
07-03 22:36:06.480 18460 18478 E CamAp_ReflectionUtils: findClass ClassNotFoundException: com.transsion.camera.feature.mode.pmaster.PMasterModeEntry
07-03 22:36:06.482 18460 18473 E VendorTagDescriptor: lookupTag: Tag name 'availableAiDetectMode' does not exist.
07-03 22:36:06.482 18460 18473 E VendorTagDescriptor: lookupTag: Tag name 'availableAisMotionResult' does not exist.
07-03 22:36:06.483 18460 18473 E VendorTagDescriptor: lookupTag: Tag name 'fovcrop' does not exist.
07-03 22:36:06.483 18460 18473 E VendorTagDescriptor: lookupTag: Tag name 'highlightStrengthenEn' does not exist.
