--------- beginning of main
07-03 22:25:10.426  1520  3623 E AppSearchAppsIndexerAppSearchHelper: Ran into error while indexing apps: [FAILURE(3)]: Key cannot contain a null character '\0'
07-03 22:25:10.613  2013  2013 E SmsApplication: com.transsion.cloudserver does not have system signature
--------- beginning of system
07-03 22:25:10.734  1520  1606 E KernelCpuSpeedReader: Failed to read cpu-freq: /sys/devices/system/cpu/cpu٠/cpufreq/stats/time_in_state: open failed: ENOENT (No such file or directory)
07-03 22:25:10.734  1520  1606 E KernelCpuSpeedReader: Failed to read cpu-freq: /sys/devices/system/cpu/cpu٦/cpufreq/stats/time_in_state: open failed: ENOENT (No such file or directory)
07-03 22:25:10.808  1520  4351 E TranDynamicBarAnimControllerImpl: TranDynamicBarAnimControllerImpl setFromDynamicIslandToWindow pkgName:com.google.android.gms
07-03 22:25:10.808  1520  4351 E TranDynamicBarAnimControllerImpl: end setFromDynamicIslandToWindow mDynamicIslandPkgName:com.google.android.gms mStartFromDynamicIsland:false
07-03 22:25:10.849  1520  3623 E AppSearchAppsIndexerAppSearchHelper: Ran into error while indexing apps: [FAILURE(3)]: Key cannot contain a null character '\0'
07-03 22:25:12.088 30822 30851 E Finsky  : [432] [Counters] attempted to use a non-positive increment for: 4752
07-03 22:25:12.097 30822 30853 E Finsky  : [433] [Counters] attempted to use a non-positive increment for: 4753
07-03 22:25:12.139 30822 30851 E Finsky  : [432] [Counters] attempted to use a non-positive increment for: 4752
07-03 22:25:12.140 30822 30851 E Finsky  : [432] [Counters] attempted to use a non-positive increment for: 4753
07-03 22:25:12.939 30822 30853 E Finsky  : [433] [Counters] attempted to use a non-positive increment for: 4752
07-03 22:25:12.941 30822 30851 E Finsky  : [432] [Counters] attempted to use a non-positive increment for: 4752
07-03 22:25:12.941 30822 30851 E Finsky  : [432] [Counters] attempted to use a non-positive increment for: 4753
07-03 22:25:12.944 30822 30853 E Finsky  : [433] [Counters] attempted to use a non-positive increment for: 4753
07-03 22:25:13.048  2815  2815 E os_lock_noti_DatabaseHelper: notifyChangeForOberver: uri = /allowedlist--- observer from = setNotificationData
07-03 22:25:13.098  2815  2874 E os_noti_center_NotiCenterManager: parseRuleFile: e = java.io.FileNotFoundException: /data/user/0/com.hoffnung/cache/os_noti_center_config.txt: open failed: ENOENT (No such file or directory)
07-03 22:25:13.098  2815  2874 E os_noti_center_NotiCenterManager: parseRuleFile: Coat time = 6
07-03 22:25:13.244 10735 10781 E phonemaster_log: SuperSaveUtils: Settings.Secure get super_save status fail 
07-03 22:25:13.473 10657 10657 E DocsApplication: from onCreate Completable for sending summary about blocked SyncRequests
07-03 22:25:13.473 10657 10657 E DocsApplication: java.lang.IllegalStateException
07-03 22:25:13.473 10657 10657 E DocsApplication: 	at hqr.h(PG:64)
07-03 22:25:13.473 10657 10657 E DocsApplication: 	at jxy.a(PG:261)
07-03 22:25:13.473 10657 10657 E DocsApplication: 	at hau.lambda$onCreate$2(PG:9)
07-03 22:25:13.473 10657 10657 E DocsApplication: 	at hau.$r8$lambda$M-tqsz8QJK2QrqieVTlg-c3Lhbo(PG:1)
07-03 22:25:13.473 10657 10657 E DocsApplication: 	at har.run(PG:249)
07-03 22:25:13.473 10657 10657 E DocsApplication: 	at abrp.c(PG:13)
07-03 22:25:13.473 10657 10657 E DocsApplication: 	at abpg.d(PG:3)
07-03 22:25:13.473 10657 10657 E DocsApplication: 	at abrx$a.run(PG:3)
07-03 22:25:13.473 10657 10657 E DocsApplication: 	at abpq$a.run(PG:10)
07-03 22:25:13.473 10657 10657 E DocsApplication: 	at abvg.run(PG:14)
07-03 22:25:13.473 10657 10657 E DocsApplication: 	at abvg.call(PG:1)
07-03 22:25:13.473 10657 10657 E DocsApplication: 	at java.util.concurrent.FutureTask.run(FutureTask.java:328)
07-03 22:25:13.473 10657 10657 E DocsApplication: 	at java.util.concurrent.ScheduledThreadPoolExecutor$ScheduledFutureTask.run(ScheduledThreadPoolExecutor.java:323)
07-03 22:25:13.473 10657 10657 E DocsApplication: 	at java.util.concurrent.ThreadPoolExecutor.runWorker(ThreadPoolExecutor.java:1100)
07-03 22:25:13.473 10657 10657 E DocsApplication: 	at java.util.concurrent.ThreadPoolExecutor$Worker.run(ThreadPoolExecutor.java:624)
07-03 22:25:13.473 10657 10657 E DocsApplication: 	at java.lang.Thread.run(Thread.java:1572)
07-03 22:25:13.646 10536 10567 E Finsky:background: [428] [Counters] attempted to use a non-positive increment for: 5114
07-03 22:25:13.647 10536 10567 E Finsky:background: [428] [Counters] attempted to use a non-positive increment for: 5129
07-03 22:25:13.647 10536 10567 E Finsky:background: [428] [Counters] attempted to use a non-positive increment for: 5119
07-03 22:25:13.726  1520  4439 E UnisocWatchdog: UnisocWatchdogImpl sendMessage:12
07-03 22:25:13.726  1520  4439 E UnisocWatchdog: sendMessage wait ok 
07-03 22:25:13.726  1520  4439 E UnisocWatchdog: monkeyStatus update:false
07-03 22:25:13.876  1520  4439 E ActivityTaskManager: agaresPreload error: activityInfo is null
07-03 22:25:13.929  1520  4439 E system_server: No package ID 7f found for resource ID 0x7f010000.
07-03 22:25:13.929  1520  4439 E system_server: No package ID 7f found for resource ID 0x7f020000.
07-03 22:25:13.929  1520  4439 E system_server: No package ID 7f found for resource ID 0x7f030000.
07-03 22:25:13.929  1520  4439 E system_server: No package ID 7f found for resource ID 0x7f040000.
07-03 22:25:13.929  1520  4439 E system_server: No package ID 7f found for resource ID 0x7f050000.
07-03 22:25:14.286  1520  2730 E UnisocWatchdog: UnisocWatchdogImpl sendMessage:12
07-03 22:25:14.287  1520  2730 E UnisocWatchdog: sendMessage wait ok 
07-03 22:25:14.287  1520  2730 E UnisocWatchdog: monkeyStatus update:false
07-03 22:25:14.552  1520  1606 E KernelCpuSpeedReader: Failed to read cpu-freq: /sys/devices/system/cpu/cpu٠/cpufreq/stats/time_in_state: open failed: ENOENT (No such file or directory)
07-03 22:25:14.552  1520  1606 E KernelCpuSpeedReader: Failed to read cpu-freq: /sys/devices/system/cpu/cpu٦/cpufreq/stats/time_in_state: open failed: ENOENT (No such file or directory)
07-03 22:25:14.722   444   444 E TrustyKeymaster: succeeded to send cmd (4) to com.android.trusty.keymaster with rc(1424). errno: Success
07-03 22:25:14.723   444   444 E TrustyKeymaster: Getting response size (28)
07-03 22:25:14.726   444   444 E TrustyKeymaster: succeeded to send cmd (8) to com.android.trusty.keymaster with rc(284). errno: Success
07-03 22:25:14.727   444   444 E TrustyKeymaster: Getting response size (28)
07-03 22:25:14.728   444   444 E TrustyKeymaster: succeeded to send cmd (12) to com.android.trusty.keymaster with rc(32). errno: Success
07-03 22:25:14.760   444   444 E TrustyKeymaster: Getting response size (60)
07-03 22:25:14.965 10750 10877 E Athena  : Athena-Worker, a(b.java:١٥)
07-03 22:25:14.966 10750 10877 E Athena  : invalid or not registered:{"appid":8638,"event":"page_view"}
07-03 22:25:14.982   444   444 E TrustyKeymaster: succeeded to send cmd (4) to com.android.trusty.keymaster with rc(1424). errno: Success
07-03 22:25:14.983   444   444 E TrustyKeymaster: Getting response size (28)
07-03 22:25:14.988   444   444 E TrustyKeymaster: succeeded to send cmd (8) to com.android.trusty.keymaster with rc(284). errno: Success
07-03 22:25:14.988   444   444 E TrustyKeymaster: Getting response size (28)
07-03 22:25:14.989   444   444 E TrustyKeymaster: succeeded to send cmd (12) to com.android.trusty.keymaster with rc(32). errno: Success
07-03 22:25:15.020   444   444 E TrustyKeymaster: Getting response size (8)
07-03 22:25:15.020   444   444 E TrustyKeymaster: Response of size 4 contained error code -1000
07-03 22:25:15.102 10657 10952 E GoogleApiManager: Failed to get service from broker. 
07-03 22:25:15.102 10657 10952 E GoogleApiManager: java.lang.SecurityException: Unknown calling package name 'com.google.android.gms'.
07-03 22:25:15.102 10657 10952 E GoogleApiManager: 	at android.os.Parcel.createExceptionOrNull(Parcel.java:3241)
07-03 22:25:15.102 10657 10952 E GoogleApiManager: 	at android.os.Parcel.createException(Parcel.java:3225)
07-03 22:25:15.102 10657 10952 E GoogleApiManager: 	at android.os.Parcel.readException(Parcel.java:3208)
07-03 22:25:15.102 10657 10952 E GoogleApiManager: 	at android.os.Parcel.readException(Parcel.java:3150)
07-03 22:25:15.102 10657 10952 E GoogleApiManager: 	at bdib.a(:com.google.android.gms@262434062@26.24.34 (200400-938041327):36)
07-03 22:25:15.102 10657 10952 E GoogleApiManager: 	at bdfx.y(:com.google.android.gms@262434062@26.24.34 (200400-938041327):143)
07-03 22:25:15.102 10657 10952 E GoogleApiManager: 	at bcmb.run(:com.google.android.gms@262434062@26.24.34 (200400-938041327):42)
07-03 22:25:15.102 10657 10952 E GoogleApiManager: 	at android.os.Handler.handleCallback(Handler.java:959)
07-03 22:25:15.102 10657 10952 E GoogleApiManager: 	at android.os.Handler.dispatchMessage(Handler.java:100)
07-03 22:25:15.102 10657 10952 E GoogleApiManager: 	at cmui.lY(:com.google.android.gms@262434062@26.24.34 (200400-938041327):1)
07-03 22:25:15.102 10657 10952 E GoogleApiManager: 	at cmui.dispatchMessage(:com.google.android.gms@262434062@26.24.34 (200400-938041327):5)
07-03 22:25:15.102 10657 10952 E GoogleApiManager: 	at android.os.Looper.loopOnce(Looper.java:311)
07-03 22:25:15.102 10657 10952 E GoogleApiManager: 	at android.os.Looper.loop(Looper.java:408)
07-03 22:25:15.102 10657 10952 E GoogleApiManager: 	at android.os.HandlerThread.run(HandlerThread.java:85)
07-03 22:25:15.156   444   444 E trusty_keymaster_hal: Cmd 12 returned error: -1000
07-03 22:25:15.157   443  9306 E keystore2: system/security/keystore2/src/error.rs:171 - system/security/keystore2/src/operation.rs:847: KeystoreOperation::finish
07-03 22:25:15.157   443  9306 E keystore2: 
07-03 22:25:15.157   443  9306 E keystore2: Caused by:
07-03 22:25:15.157   443  9306 E keystore2:     0: system/security/keystore2/src/operation.rs:428: Finish failed.
07-03 22:25:15.157   443  9306 E keystore2:     1: Error::Km(r#UNKNOWN_ERROR)
07-03 22:25:15.253 10657 10952 E GoogleApiManager: Failed to get service from broker. 
07-03 22:25:15.253 10657 10952 E GoogleApiManager: java.lang.SecurityException: Unknown calling package name 'com.google.android.gms'.
07-03 22:25:15.253 10657 10952 E GoogleApiManager: 	at android.os.Parcel.createExceptionOrNull(Parcel.java:3241)
07-03 22:25:15.253 10657 10952 E GoogleApiManager: 	at android.os.Parcel.createException(Parcel.java:3225)
07-03 22:25:15.253 10657 10952 E GoogleApiManager: 	at android.os.Parcel.readException(Parcel.java:3208)
07-03 22:25:15.253 10657 10952 E GoogleApiManager: 	at android.os.Parcel.readException(Parcel.java:3150)
07-03 22:25:15.253 10657 10952 E GoogleApiManager: 	at bdib.a(:com.google.android.gms@262434062@26.24.34 (200400-938041327):36)
07-03 22:25:15.253 10657 10952 E GoogleApiManager: 	at bdfx.y(:com.google.android.gms@262434062@26.24.34 (200400-938041327):143)
07-03 22:25:15.253 10657 10952 E GoogleApiManager: 	at bcmb.run(:com.google.android.gms@262434062@26.24.34 (200400-938041327):42)
07-03 22:25:15.253 10657 10952 E GoogleApiManager: 	at android.os.Handler.handleCallback(Handler.java:959)
07-03 22:25:15.253 10657 10952 E GoogleApiManager: 	at android.os.Handler.dispatchMessage(Handler.java:100)
07-03 22:25:15.253 10657 10952 E GoogleApiManager: 	at cmui.lY(:com.google.android.gms@262434062@26.24.34 (200400-938041327):1)
07-03 22:25:15.253 10657 10952 E GoogleApiManager: 	at cmui.dispatchMessage(:com.google.android.gms@262434062@26.24.34 (200400-938041327):5)
07-03 22:25:15.253 10657 10952 E GoogleApiManager: 	at android.os.Looper.loopOnce(Looper.java:311)
07-03 22:25:15.253 10657 10952 E GoogleApiManager: 	at android.os.Looper.loop(Looper.java:408)
07-03 22:25:15.253 10657 10952 E GoogleApiManager: 	at android.os.HandlerThread.run(HandlerThread.java:85)
07-03 22:25:15.296 10657 10952 E GoogleApiManager: Failed to get service from broker. 
07-03 22:25:15.296 10657 10952 E GoogleApiManager: java.lang.SecurityException: Unknown calling package name 'com.google.android.gms'.
07-03 22:25:15.296 10657 10952 E GoogleApiManager: 	at android.os.Parcel.createExceptionOrNull(Parcel.java:3241)
07-03 22:25:15.296 10657 10952 E GoogleApiManager: 	at android.os.Parcel.createException(Parcel.java:3225)
07-03 22:25:15.296 10657 10952 E GoogleApiManager: 	at android.os.Parcel.readException(Parcel.java:3208)
07-03 22:25:15.296 10657 10952 E GoogleApiManager: 	at android.os.Parcel.readException(Parcel.java:3150)
07-03 22:25:15.296 10657 10952 E GoogleApiManager: 	at bdib.a(:com.google.android.gms@262434062@26.24.34 (200400-938041327):36)
07-03 22:25:15.296 10657 10952 E GoogleApiManager: 	at bdfx.y(:com.google.android.gms@262434062@26.24.34 (200400-938041327):143)
07-03 22:25:15.296 10657 10952 E GoogleApiManager: 	at bcmb.run(:com.google.android.gms@262434062@26.24.34 (200400-938041327):42)
07-03 22:25:15.296 10657 10952 E GoogleApiManager: 	at android.os.Handler.handleCallback(Handler.java:959)
07-03 22:25:15.296 10657 10952 E GoogleApiManager: 	at android.os.Handler.dispatchMessage(Handler.java:100)
07-03 22:25:15.296 10657 10952 E GoogleApiManager: 	at cmui.lY(:com.google.android.gms@262434062@26.24.34 (200400-938041327):1)
07-03 22:25:15.296 10657 10952 E GoogleApiManager: 	at cmui.dispatchMessage(:com.google.android.gms@262434062@26.24.34 (200400-938041327):5)
07-03 22:25:15.296 10657 10952 E GoogleApiManager: 	at android.os.Looper.loopOnce(Looper.java:311)
07-03 22:25:15.296 10657 10952 E GoogleApiManager: 	at android.os.Looper.loop(Looper.java:408)
07-03 22:25:15.296 10657 10952 E GoogleApiManager: 	at android.os.HandlerThread.run(HandlerThread.java:85)
07-03 22:25:15.303  1076  1076 E vendor.sprd.hardware.combined@1.0-service: MemTrack_DEBUG--Open ion_system_heap failed
07-03 22:25:15.424  2013  2013 E SmsApplication: com.transsion.cloudserver does not have system signature
07-03 22:25:15.426 10657 10821 E DefaultHttpIssuer: Attempt to close HttpIssuer when no request is executing.
07-03 22:25:15.433  1520  1845 E system_server: No package ID 7f found for resource ID 0x7f080460.
07-03 22:25:15.434  1520  1845 E system_server: No package ID 7f found for resource ID 0x7f140d2a.
07-03 22:25:15.434  1520  1845 E system_server: No package ID 7f found for resource ID 0x7f140d2a.
07-03 22:25:15.438  1520  1845 E system_server: No package ID 7f found for resource ID 0x7f08045c.
07-03 22:25:15.438  1520  2527 E RoleControllerServiceImpl: Default/fallback role holder package doesn't qualify for the role, package: com.google.android.gms.supervision, role: android.app.role.SYSTEM_SUPERVISION, user: 0
07-03 22:25:15.439  1520  1845 E system_server: No package ID 7f found for resource ID 0x7f140d28.
07-03 22:25:15.439  1520  1845 E system_server: No package ID 7f found for resource ID 0x7f140d28.
07-03 22:25:15.441  1520  2527 E RoleControllerServiceImpl: Default/fallback role holder package doesn't qualify for the role, package: com.google.android.gms, role: android.app.role.SYSTEM_CALL_STREAMING, user: 0
07-03 22:25:15.442  1520  1845 E system_server: No package ID 7f found for resource ID 0x7f08045e.
07-03 22:25:15.442  1520  1845 E system_server: No package ID 7f found for resource ID 0x7f140d29.
07-03 22:25:15.442  1520  1845 E system_server: No package ID 7f found for resource ID 0x7f140d29.
07-03 22:25:15.442  1520  1845 E ShortcutService: Ignoring excessive intent tag.
07-03 22:25:15.514  1520  2527 E RoleControllerServiceImpl: Default/fallback role holder package doesn't qualify for the role, package: com.google.android.devicelockcontroller, role: android.app.role.SYSTEM_FINANCED_DEVICE_CONTROLLER, user: 0
07-03 22:25:15.515  2013  2013 E SmsApplication: com.transsion.cloudserver does not have system signature
07-03 22:25:15.520  1520  2527 E AppOpService: Blocked setUidMode call for runtime permission app op: uid = 10142, code = FINE_LOCATION, mode = foreground, callingUid = 1000, oldMode = allow
07-03 22:25:15.520  1520  2527 E AppOpService: java.lang.RuntimeException
07-03 22:25:15.520  1520  2527 E AppOpService: 	at com.android.server.permission.access.appop.AppOpService.setUidMode(AppOpService.kt:268)
07-03 22:25:15.520  1520  2527 E AppOpService: 	at com.android.server.appop.AppOpsCheckingServiceTracingDecorator.setUidMode(AppOpsCheckingServiceTracingDecorator.java:120)
07-03 22:25:15.520  1520  2527 E AppOpService: 	at com.android.server.appop.AppOpsService.setUidMode(AppOpsService.java:2119)
07-03 22:25:15.520  1520  2527 E AppOpService: 	at com.android.server.appop.AppOpsService.setUidMode(AppOpsService.java:2069)
07-03 22:25:15.520  1520  2527 E AppOpService: 	at android.app.AppOpsManager.setUidMode(AppOpsManager.java:8603)
07-03 22:25:15.520  1520  2527 E AppOpService: 	at com.android.role.controller.model.Permissions.setAppOpModeAsUser(Permissions.java:908)
07-03 22:25:15.520  1520  2527 E AppOpService: 	at com.android.role.controller.model.Permissions.setAppOpUidModeAsUser(Permissions.java:885)
07-03 22:25:15.520  1520  2527 E AppOpService: 	at com.android.role.controller.model.Permissions.grantPermissionAndAppOpAsUser(Permissions.java:373)
07-03 22:25:15.520  1520  2527 E AppOpService: 	at com.android.role.controller.model.Permissions.grantSingleAsUser(Permissions.java:247)
07-03 22:25:15.520  1520  2527 E AppOpService: 	at com.android.role.controller.model.Permissions.grantAsUser(Permissions.java:205)
07-03 22:25:15.520  1520  2527 E AppOpService: 	at com.android.role.controller.behavior.BrowserRoleBehavior.grantAsUser(BrowserRoleBehavior.java:142)
07-03 22:25:15.520  1520  2527 E AppOpService: 	at com.android.role.controller.model.Role.grantAsUser(Role.java:973)
07-03 22:25:15.520  1520  2527 E AppOpService: 	at com.android.role.controller.service.RoleControllerServiceImpl.addRoleHolderInternal(RoleControllerServiceImpl.java:380)
07-03 22:25:15.520  1520  2527 E AppOpService: 	at com.android.role.controller.service.RoleControllerServiceImpl.onGrantDefaultRoles(RoleControllerServiceImpl.java:163)
07-03 22:25:15.520  1520  2527 E AppOpService: 	at com.android.role.LocalRoleController.lambda$grantDefaultRoles$1(LocalRoleController.java:56)
07-03 22:25:15.520  1520  2527 E AppOpService: 	at com.android.role.LocalRoleController.$r8$lambda$ye-flP7Mf14AbTzwSmiTgndT6Cg(LocalRoleController.java:0)
07-03 22:25:15.520  1520  2527 E AppOpService: 	at com.android.role.LocalRoleController$$ExternalSyntheticLambda1.run(R8$$SyntheticClass:0)
07-03 22:25:15.520  1520  2527 E AppOpService: 	at android.os.Handler.handleCallback(Handler.java:959)
07-03 22:25:15.520  1520  2527 E AppOpService: 	at android.os.Handler.dispatchMessage(Handler.java:100)
07-03 22:25:15.520  1520  2527 E AppOpService: 	at android.os.Looper.loopOnce(Looper.java:311)
07-03 22:25:15.520  1520  2527 E AppOpService: 	at android.os.Looper.loop(Looper.java:408)
07-03 22:25:15.520  1520  2527 E AppOpService: 	at android.os.HandlerThread.run(HandlerThread.java:85)
07-03 22:25:15.521  1520  2527 E AppOpService: Blocked setUidMode call for runtime permission app op: uid = 10142, code = COARSE_LOCATION, mode = foreground, callingUid = 1000, oldMode = allow
07-03 22:25:15.521  1520  2527 E AppOpService: java.lang.RuntimeException
07-03 22:25:15.521  1520  2527 E AppOpService: 	at com.android.server.permission.access.appop.AppOpService.setUidMode(AppOpService.kt:268)
07-03 22:25:15.521  1520  2527 E AppOpService: 	at com.android.server.appop.AppOpsCheckingServiceTracingDecorator.setUidMode(AppOpsCheckingServiceTracingDecorator.java:120)
07-03 22:25:15.521  1520  2527 E AppOpService: 	at com.android.server.appop.AppOpsService.setUidMode(AppOpsService.java:2119)
07-03 22:25:15.521  1520  2527 E AppOpService: 	at com.android.server.appop.AppOpsService.setUidMode(AppOpsService.java:2069)
07-03 22:25:15.521  1520  2527 E AppOpService: 	at android.app.AppOpsManager.setUidMode(AppOpsManager.java:8603)
07-03 22:25:15.521  1520  2527 E AppOpService: 	at com.android.role.controller.model.Permissions.setAppOpModeAsUser(Permissions.java:908)
07-03 22:25:15.521  1520  2527 E AppOpService: 	at com.android.role.controller.model.Permissions.setAppOpUidModeAsUser(Permissions.java:885)
07-03 22:25:15.521  1520  2527 E AppOpService: 	at com.android.role.controller.model.Permissions.grantPermissionAndAppOpAsUser(Permissions.java:373)
07-03 22:25:15.521  1520  2527 E AppOpService: 	at com.android.role.controller.model.Permissions.grantSingleAsUser(Permissions.java:247)
07-03 22:25:15.521  1520  2527 E AppOpService: 	at com.android.role.controller.model.Permissions.grantAsUser(Permissions.java:205)
07-03 22:25:15.521  1520  2527 E AppOpService: 	at com.android.role.controller.behavior.BrowserRoleBehavior.grantAsUser(BrowserRoleBehavior.java:142)
07-03 22:25:15.521  1520  2527 E AppOpService: 	at com.android.role.controller.model.Role.grantAsUser(Role.java:973)
07-03 22:25:15.521  1520  2527 E AppOpService: 	at com.android.role.controller.service.RoleControllerServiceImpl.addRoleHolderInternal(RoleControllerServiceImpl.java:380)
07-03 22:25:15.521  1520  2527 E AppOpService: 	at com.android.role.controller.service.RoleControllerServiceImpl.onGrantDefaultRoles(RoleControllerServiceImpl.java:163)
07-03 22:25:15.521  1520  2527 E AppOpService: 	at com.android.role.LocalRoleController.lambda$grantDefaultRoles$1(LocalRoleController.java:56)
07-03 22:25:15.521  1520  2527 E AppOpService: 	at com.android.role.LocalRoleController.$r8$lambda$ye-flP7Mf14AbTzwSmiTgndT6Cg(LocalRoleController.java:0)
07-03 22:25:15.521  1520  2527 E AppOpService: 	at com.android.role.LocalRoleController$$ExternalSyntheticLambda1.run(R8$$SyntheticClass:0)
07-03 22:25:15.521  1520  2527 E AppOpService: 	at android.os.Handler.handleCallback(Handler.java:959)
07-03 22:25:15.521  1520  2527 E AppOpService: 	at android.os.Handler.dispatchMessage(Handler.java:100)
07-03 22:25:15.521  1520  2527 E AppOpService: 	at android.os.Looper.loopOnce(Looper.java:311)
07-03 22:25:15.521  1520  2527 E AppOpService: 	at android.os.Looper.loop(Looper.java:408)
07-03 22:25:15.521  1520  2527 E AppOpService: 	at android.os.HandlerThread.run(HandlerThread.java:85)
07-03 22:25:15.586 10787 10977 E SplitCompat: Failed to set broadcast receiver to always on.
07-03 22:25:15.598 10657 10845 E Cello   : [10845:NonCelloThread] authenticated_transport.cc:182:DumpToLog Request 0xb4000071ab4670c8: 0 transport: UNAVAILABLE: From legacy status [type.googleapis.com/drive.ds.Status='UNAVAILABLE_WHILE_OFFLINE']
07-03 22:25:15.598 10657 10845 E Cello   : === Source Location Trace: === 
07-03 22:25:15.598 10657 10845 E Cello   : java/com/google/android/libraries/drive/core/impl/cello/jni/http_transport.cc:63
07-03 22:25:15.598 10657 10845 E Cello   :  reader: OK url: https://play.googleapis.com/log
07-03 22:25:15.598 10657 10845 E Cello   : [10845:NonCelloThread] authenticated_transport.cc:182:DumpToLog req.hdr 0xb4000071ab4670c8: Content-Type=
07-03 22:25:15.598 10657 10845 E Cello   : [10845:NonCelloThread] authenticated_transport.cc:182:DumpToLog Response body 0xb4000071ab4670c8: (no response body)
07-03 22:25:15.599 10657 10847 E Cello   : [10847:MetricsTransportThread-CELLO] metrics_transport.cc:235:SendRequest Request failed: drive::ds::Status::UNAVAILABLE_WHILE_OFFLINE
07-03 22:25:15.687 10787 10787 E phonemaster_log: SharePreferenceUtil: ClassCastException:java.lang.NullPointerException: Attempt to invoke virtual method 'android.content.SharedPreferences android.content.Context.getSharedPreferences(java.lang.String, int)' on a null object reference
07-03 22:25:15.914  1520  2772 E libprocessgroup: No such cgroup attribute: /sys/fs/cgroup/uid_99316/cgroup.freeze
07-03 22:25:15.980 10787 10988 E phonemaster_log: SharePreferenceUtil: ClassCastException:java.lang.NullPointerException: Attempt to invoke virtual method 'android.content.SharedPreferences android.content.Context.getSharedPreferences(java.lang.String, int)' on a null object reference
07-03 22:25:15.984 10787 10988 E phonemaster_log: SharePreferenceUtil: ClassCastException:java.lang.NullPointerException: Attempt to invoke virtual method 'android.content.SharedPreferences android.content.Context.getSharedPreferences(java.lang.String, int)' on a null object reference
07-03 22:25:15.986 10787 10995 E phonemaster_log: SharePreferenceUtil: ClassCastException:java.lang.NullPointerException: Attempt to invoke virtual method 'android.content.SharedPreferences android.content.Context.getSharedPreferences(java.lang.String, int)' on a null object reference
07-03 22:25:15.987 10787 10995 E phonemaster_log: SharePreferenceUtil: ClassCastException:java.lang.NullPointerException: Attempt to invoke virtual method 'android.content.SharedPreferences android.content.Context.getSharedPreferences(java.lang.String, int)' on a null object reference
07-03 22:25:16.008 10787 10995 E phonemaster_log: SharePreferenceUtil: ClassCastException:java.lang.NullPointerException: Attempt to invoke virtual method 'android.content.SharedPreferences android.content.Context.getSharedPreferences(java.lang.String, int)' on a null object reference
07-03 22:25:16.025 10787 10787 E phonemaster_log: SharePreferenceUtil: ClassCastException:java.lang.NullPointerException: Attempt to invoke virtual method 'android.content.SharedPreferences android.content.Context.getSharedPreferences(java.lang.String, int)' on a null object reference
07-03 22:25:16.025 10787 10787 E phonemaster_log: SharePreferenceUtil: ClassCastException:java.lang.NullPointerException: Attempt to invoke virtual method 'android.content.SharedPreferences android.content.Context.getSharedPreferences(java.lang.String, int)' on a null object reference
07-03 22:25:16.026 10787 10787 E phonemaster_log: SharePreferenceUtil: ClassCastException:java.lang.NullPointerException: Attempt to invoke virtual method 'android.content.SharedPreferences android.content.Context.getSharedPreferences(java.lang.String, int)' on a null object reference
07-03 22:25:16.027 10787 10787 E phonemaster_log: SharePreferenceUtil: ClassCastException:java.lang.NullPointerException: Attempt to invoke virtual method 'android.content.SharedPreferences android.content.Context.getSharedPreferences(java.lang.String, int)' on a null object reference
07-03 22:25:16.028 10787 10787 E phonemaster_log: SharePreferenceUtil: ClassCastException:java.lang.NullPointerException: Attempt to invoke virtual method 'android.content.SharedPreferences android.content.Context.getSharedPreferences(java.lang.String, int)' on a null object reference
07-03 22:25:16.031 10787 10787 E phonemaster_log: SharePreferenceUtil: ClassCastException:java.lang.NullPointerException: Attempt to invoke virtual method 'android.content.SharedPreferences android.content.Context.getSharedPreferences(java.lang.String, int)' on a null object reference
07-03 22:25:16.031 10787 10787 E phonemaster_log: SharePreferenceUtil: ClassCastException:java.lang.NullPointerException: Attempt to invoke virtual method 'android.content.SharedPreferences android.content.Context.getSharedPreferences(java.lang.String, int)' on a null object reference
07-03 22:25:16.033 10787 10787 E phonemaster_log: SharePreferenceUtil: ClassCastException:java.lang.NullPointerException: Attempt to invoke virtual method 'android.content.SharedPreferences android.content.Context.getSharedPreferences(java.lang.String, int)' on a null object reference
07-03 22:25:16.034 10787 10787 E phonemaster_log: SharePreferenceUtil: ClassCastException:java.lang.NullPointerException: Attempt to invoke virtual method 'android.content.SharedPreferences android.content.Context.getSharedPreferences(java.lang.String, int)' on a null object reference
07-03 22:25:16.052 10787 10787 E phonemaster_log: SharePreferenceUtil: ClassCastException:java.lang.NullPointerException: Attempt to invoke virtual method 'android.content.SharedPreferences android.content.Context.getSharedPreferences(java.lang.String, int)' on a null object reference
07-03 22:25:16.053 10787 10787 E phonemaster_log: SharePreferenceUtil: ClassCastException:java.lang.NullPointerException: Attempt to invoke virtual method 'android.content.SharedPreferences android.content.Context.getSharedPreferences(java.lang.String, int)' on a null object reference
07-03 22:25:16.054 10787 10787 E phonemaster_log: SharePreferenceUtil: ClassCastException:java.lang.NullPointerException: Attempt to invoke virtual method 'android.content.SharedPreferences android.content.Context.getSharedPreferences(java.lang.String, int)' on a null object reference
07-03 22:25:16.067 10787 10787 E phonemaster_log: SharePreferenceUtil: ClassCastException:java.lang.NullPointerException: Attempt to invoke virtual method 'android.content.SharedPreferences android.content.Context.getSharedPreferences(java.lang.String, int)' on a null object reference
07-03 22:25:16.068 10787 10787 E phonemaster_log: SharePreferenceUtil: ClassCastException:java.lang.NullPointerException: Attempt to invoke virtual method 'android.content.SharedPreferences android.content.Context.getSharedPreferences(java.lang.String, int)' on a null object reference
07-03 22:25:16.069 10787 10787 E phonemaster_log: SharePreferenceUtil: ClassCastException:java.lang.NullPointerException: Attempt to invoke virtual method 'android.content.SharedPreferences android.content.Context.getSharedPreferences(java.lang.String, int)' on a null object reference
07-03 22:25:16.071 10787 10787 E phonemaster_log: SharePreferenceUtil: ClassCastException:java.lang.NullPointerException: Attempt to invoke virtual method 'android.content.SharedPreferences android.content.Context.getSharedPreferences(java.lang.String, int)' on a null object reference
07-03 22:25:16.072 10787 10787 E phonemaster_log: SharePreferenceUtil: ClassCastException:java.lang.NullPointerException: Attempt to invoke virtual method 'android.content.SharedPreferences android.content.Context.getSharedPreferences(java.lang.String, int)' on a null object reference
07-03 22:25:16.079 10787 10995 E phonemaster_log: SharePreferenceUtil: ClassCastException:java.lang.NullPointerException: Attempt to invoke virtual method 'android.content.SharedPreferences android.content.Context.getSharedPreferences(java.lang.String, int)' on a null object reference
07-03 22:25:16.147 10787 11006 E phonemaster_log: SharePreferenceUtil: ClassCastException:java.lang.NullPointerException: Attempt to invoke virtual method 'android.content.SharedPreferences android.content.Context.getSharedPreferences(java.lang.String, int)' on a null object reference
07-03 22:25:16.148 10787 11006 E phonemaster_log: SharePreferenceUtil: ClassCastException:java.lang.NullPointerException: Attempt to invoke virtual method 'android.content.SharedPreferences android.content.Context.getSharedPreferences(java.lang.String, int)' on a null object reference
07-03 22:25:16.161 10787 11010 E phonemaster_log: SharePreferenceUtil: ClassCastException:java.lang.NullPointerException: Attempt to invoke virtual method 'android.content.SharedPreferences android.content.Context.getSharedPreferences(java.lang.String, int)' on a null object reference
07-03 22:25:16.161 10787 11010 E phonemaster_log: SharePreferenceUtil: ClassCastException:java.lang.NullPointerException: Attempt to invoke virtual method 'android.content.SharedPreferences android.content.Context.getSharedPreferences(java.lang.String, int)' on a null object reference
07-03 22:25:16.162 10787 11010 E phonemaster_log: SharePreferenceUtil: ClassCastException:java.lang.NullPointerException: Attempt to invoke virtual method 'android.content.SharedPreferences android.content.Context.getSharedPreferences(java.lang.String, int)' on a null object reference
07-03 22:25:16.196 10787 10995 E phonemaster_log: SharePreferenceUtil: ClassCastException:java.lang.NullPointerException: Attempt to invoke virtual method 'android.content.SharedPreferences android.content.Context.getSharedPreferences(java.lang.String, int)' on a null object reference
07-03 22:25:16.198 10787 10995 E phonemaster_log: SharePreferenceUtil: ClassCastException:java.lang.NullPointerException: Attempt to invoke virtual method 'android.content.SharedPreferences android.content.Context.getSharedPreferences(java.lang.String, int)' on a null object reference
07-03 22:25:16.199 10787 10995 E phonemaster_log: SharePreferenceUtil: ClassCastException:java.lang.NullPointerException: Attempt to invoke virtual method 'android.content.SharedPreferences android.content.Context.getSharedPreferences(java.lang.String, int)' on a null object reference
07-03 22:25:16.205 10787 10995 E phonemaster_log: SharePreferenceUtil: ClassCastException:java.lang.NullPointerException: Attempt to invoke virtual method 'android.content.SharedPreferences android.content.Context.getSharedPreferences(java.lang.String, int)' on a null object reference
07-03 22:25:16.232 10787 10787 E phonemaster_log: SharePreferenceUtil: ClassCastException:java.lang.NullPointerException: Attempt to invoke virtual method 'android.content.SharedPreferences android.content.Context.getSharedPreferences(java.lang.String, int)' on a null object reference
07-03 22:25:16.245 10787 10787 E phonemaster_log: SharePreferenceUtil: ClassCastException:java.lang.NullPointerException: Attempt to invoke virtual method 'android.content.SharedPreferences android.content.Context.getSharedPreferences(java.lang.String, int)' on a null object reference
07-03 22:25:16.292 10787 11013 E phonemaster_log: SharePreferenceUtil: ClassCastException:java.lang.NullPointerException: Attempt to invoke virtual method 'android.content.SharedPreferences android.content.Context.getSharedPreferences(java.lang.String, int)' on a null object reference
07-03 22:25:16.292 10787 11013 E phonemaster_log: SharePreferenceUtil: ClassCastException:java.lang.NullPointerException: Attempt to invoke virtual method 'android.content.SharedPreferences android.content.Context.getSharedPreferences(java.lang.String, int)' on a null object reference
07-03 22:25:16.292 10787 11013 E ion.phonemaster: No package ID 74 found for resource ID 0x740b0013.
07-03 22:25:16.331 10787 10787 E DefaultLog.AtomicCoreUtils: isSupportAtomicCoreCard: android.content.pm.PackageManager$NameNotFoundException: com.transsion.atomiccore
07-03 22:25:16.378 10856 10918 E mali_gralloc: Requested R8 format is not supported with this allocator. R8 format is only supported with the AIDL allocator
07-03 22:25:16.378 10856 10918 E mali_gralloc: ERROR: Unrecognized and/or unsupported format R8 and usage TEXTURE + RENDER + HWC
07-03 22:25:16.378 10856 10918 E mali_gralloc: ERROR: Unrecognized and/or unsupported format RGBA_10101010 and usage TEXTURE + RENDER + HWC
07-03 22:25:16.378 10856 10918 E mali_gralloc: Requested R8 format is not supported with this allocator. R8 format is only supported with the AIDL allocator
07-03 22:25:16.378 10856 10918 E mali_gralloc: ERROR: Unrecognized and/or unsupported format R8 and usage TEXTURE + RENDER + HWC
07-03 22:25:16.378 10856 10918 E mali_gralloc: ERROR: Unrecognized and/or unsupported format RGBA_10101010 and usage TEXTURE + RENDER + HWC
07-03 22:25:16.682 10787 10787 E ADSDK_S_AdxPreferencesHelper: main, <init>(a.java:٥٢)
07-03 22:25:16.682 10787 10787 E ADSDK_S_AdxPreferencesHelper: ******mmkv is not ajust target 35******
07-03 22:25:16.753   444   444 E TrustyKeymaster: succeeded to send cmd (4) to com.android.trusty.keymaster with rc(1425). errno: Success
07-03 22:25:16.754   444   444 E TrustyKeymaster: Getting response size (28)
07-03 22:25:16.785   444   444 E TrustyKeymaster: succeeded to send cmd (8) to com.android.trusty.keymaster with rc(284). errno: Success
07-03 22:25:16.785   444   444 E TrustyKeymaster: Getting response size (28)
07-03 22:25:16.790   444   444 E TrustyKeymaster: succeeded to send cmd (12) to com.android.trusty.keymaster with rc(32). errno: Success
07-03 22:25:16.821   444   444 E TrustyKeymaster: Getting response size (60)
07-03 22:25:17.025   444   444 E TrustyKeymaster: succeeded to send cmd (4) to com.android.trusty.keymaster with rc(1425). errno: Success
07-03 22:25:17.028   444   444 E TrustyKeymaster: Getting response size (28)
07-03 22:25:17.035   444   444 E TrustyKeymaster: succeeded to send cmd (8) to com.android.trusty.keymaster with rc(284). errno: Success
07-03 22:25:17.036   444   444 E TrustyKeymaster: Getting response size (28)
07-03 22:25:17.049   444   444 E TrustyKeymaster: succeeded to send cmd (12) to com.android.trusty.keymaster with rc(32). errno: Success
07-03 22:25:17.088   444   444 E TrustyKeymaster: Getting response size (8)
07-03 22:25:17.088   444   444 E TrustyKeymaster: Response of size 4 contained error code -1000
07-03 22:25:17.088   444   444 E trusty_keymaster_hal: Cmd 12 returned error: -1000
07-03 22:25:17.090   443  9306 E keystore2: system/security/keystore2/src/error.rs:171 - system/security/keystore2/src/operation.rs:847: KeystoreOperation::finish
07-03 22:25:17.090   443  9306 E keystore2: 
07-03 22:25:17.090   443  9306 E keystore2: Caused by:
07-03 22:25:17.090   443  9306 E keystore2:     0: system/security/keystore2/src/operation.rs:428: Finish failed.
07-03 22:25:17.090   443  9306 E keystore2:     1: Error::Km(r#UNKNOWN_ERROR)
07-03 22:25:17.128 10902 11048 E SQLiteLog: (283) recovered 386 frames from WAL file /data/data/com.snapchat.android/databases/core.db-wal
07-03 22:25:17.246   444   444 E TrustyKeymaster: succeeded to send cmd (4) to com.android.trusty.keymaster with rc(1425). errno: Success
07-03 22:25:17.247   444   444 E TrustyKeymaster: Getting response size (28)
07-03 22:25:17.249   444   444 E TrustyKeymaster: succeeded to send cmd (8) to com.android.trusty.keymaster with rc(284). errno: Success
07-03 22:25:17.249   444   444 E TrustyKeymaster: Getting response size (28)
07-03 22:25:17.250   444   444 E TrustyKeymaster: succeeded to send cmd (12) to com.android.trusty.keymaster with rc(32). errno: Success
07-03 22:25:17.281   444   444 E TrustyKeymaster: Getting response size (60)
07-03 22:25:17.502  1076  1076 E vendor.sprd.hardware.combined@1.0-service: MemTrack_DEBUG--Open ion_system_heap failed
07-03 22:25:17.760 30822 30854 E incfs   : could not open IncFs kernel module "/vendor/lib/modules/incrementalfs.ko": No such file or directory
07-03 22:25:17.880   444   444 E TrustyKeymaster: succeeded to send cmd (4) to com.android.trusty.keymaster with rc(1425). errno: Success
07-03 22:25:17.880   444   444 E TrustyKeymaster: Getting response size (28)
07-03 22:25:17.884   444   444 E TrustyKeymaster: succeeded to send cmd (8) to com.android.trusty.keymaster with rc(284). errno: Success
07-03 22:25:17.884   444   444 E TrustyKeymaster: Getting response size (28)
07-03 22:25:17.887   444   444 E TrustyKeymaster: succeeded to send cmd (12) to com.android.trusty.keymaster with rc(32). errno: Success
07-03 22:25:17.918   444   444 E TrustyKeymaster: Getting response size (88)
07-03 22:25:18.027 10902 11082 E SQLiteLog: (283) recovered 10 frames from WAL file /data/data/com.snapchat.android/databases/durable_job-wal
07-03 22:25:18.249   444   444 E TrustyKeymaster: succeeded to send cmd (4) to com.android.trusty.keymaster with rc(1425). errno: Success
07-03 22:25:18.250   444   444 E TrustyKeymaster: Getting response size (28)
07-03 22:25:18.254   444   444 E TrustyKeymaster: succeeded to send cmd (8) to com.android.trusty.keymaster with rc(284). errno: Success
07-03 22:25:18.255   444   444 E TrustyKeymaster: Getting response size (28)
07-03 22:25:18.262   444   444 E TrustyKeymaster: succeeded to send cmd (12) to com.android.trusty.keymaster with rc(32). errno: Success
07-03 22:25:18.293   444   444 E TrustyKeymaster: Getting response size (88)
07-03 22:25:18.614  9935 10124 E msys    : E[N mns:TigonMNS]_OnResolverSuccess(359)=>Cache refresh succeeded with system DNS resolver. IP count: 1
07-03 22:25:19.382 11174 11174 E libc    : SetHeapTaggingLevel: re-enabling tagging after it was disabled is not supported
07-03 22:25:19.778   444   444 E TrustyKeymaster: succeeded to send cmd (4) to com.android.trusty.keymaster with rc(1425). errno: Success
07-03 22:25:19.779   444   444 E TrustyKeymaster: Getting response size (28)
07-03 22:25:19.788   444   444 E TrustyKeymaster: succeeded to send cmd (8) to com.android.trusty.keymaster with rc(284). errno: Success
07-03 22:25:19.789   444   444 E TrustyKeymaster: Getting response size (28)
07-03 22:25:19.792   444   444 E TrustyKeymaster: succeeded to send cmd (12) to com.android.trusty.keymaster with rc(32). errno: Success
07-03 22:25:19.822   444   444 E TrustyKeymaster: Getting response size (88)
07-03 22:25:19.856   444   444 E TrustyKeymaster: succeeded to send cmd (4) to com.android.trusty.keymaster with rc(1425). errno: Success
07-03 22:25:19.857   444   444 E TrustyKeymaster: Getting response size (28)
07-03 22:25:19.860   444   444 E TrustyKeymaster: succeeded to send cmd (8) to com.android.trusty.keymaster with rc(284). errno: Success
07-03 22:25:19.861   444   444 E TrustyKeymaster: Getting response size (28)
07-03 22:25:19.863   444   444 E TrustyKeymaster: succeeded to send cmd (12) to com.android.trusty.keymaster with rc(32). errno: Success
07-03 22:25:19.896   444   444 E TrustyKeymaster: Getting response size (88)
07-03 22:25:20.197   444   444 E TrustyKeymaster: succeeded to send cmd (4) to com.android.trusty.keymaster with rc(1425). errno: Success
07-03 22:25:20.198   444   444 E TrustyKeymaster: Getting response size (28)
07-03 22:25:20.202   444   444 E TrustyKeymaster: succeeded to send cmd (8) to com.android.trusty.keymaster with rc(284). errno: Success
07-03 22:25:20.202   444   444 E TrustyKeymaster: Getting response size (28)
07-03 22:25:20.206   444   444 E TrustyKeymaster: succeeded to send cmd (12) to com.android.trusty.keymaster with rc(32). errno: Success
07-03 22:25:20.237   444   444 E TrustyKeymaster: Getting response size (88)
07-03 22:25:20.267   444   444 E TrustyKeymaster: succeeded to send cmd (4) to com.android.trusty.keymaster with rc(1425). errno: Success
07-03 22:25:20.268   444   444 E TrustyKeymaster: Getting response size (28)
07-03 22:25:20.273   444   444 E TrustyKeymaster: succeeded to send cmd (8) to com.android.trusty.keymaster with rc(284). errno: Success
07-03 22:25:20.278   444   444 E TrustyKeymaster: Getting response size (28)
07-03 22:25:20.279   444   444 E TrustyKeymaster: succeeded to send cmd (12) to com.android.trusty.keymaster with rc(32). errno: Success
07-03 22:25:20.310   444   444 E TrustyKeymaster: Getting response size (88)
07-03 22:25:20.429   444   444 E TrustyKeymaster: succeeded to send cmd (4) to com.android.trusty.keymaster with rc(1425). errno: Success
07-03 22:25:20.430   444   444 E TrustyKeymaster: Getting response size (28)
07-03 22:25:20.454   444   444 E TrustyKeymaster: succeeded to send cmd (8) to com.android.trusty.keymaster with rc(284). errno: Success
07-03 22:25:20.455   444   444 E TrustyKeymaster: Getting response size (28)
07-03 22:25:20.461   444   444 E TrustyKeymaster: succeeded to send cmd (12) to com.android.trusty.keymaster with rc(32). errno: Success
07-03 22:25:20.468 10856 11259 E libEGL  : eglQueryStringImpl display is EGL_NO_DISPLAY
07-03 22:25:20.491   444   444 E TrustyKeymaster: Getting response size (88)
07-03 22:25:20.582   444   444 E TrustyKeymaster: succeeded to send cmd (4) to com.android.trusty.keymaster with rc(1425). errno: Success
07-03 22:25:20.583   444   444 E TrustyKeymaster: Getting response size (28)
07-03 22:25:20.588   444   444 E TrustyKeymaster: succeeded to send cmd (8) to com.android.trusty.keymaster with rc(284). errno: Success
07-03 22:25:20.589   444   444 E TrustyKeymaster: Getting response size (28)
07-03 22:25:20.593   444   444 E TrustyKeymaster: succeeded to send cmd (12) to com.android.trusty.keymaster with rc(32). errno: Success
07-03 22:25:20.604 10856 11259 E k.mathchallenge: mali_debug: sprd_gles_wait_last_fence is closed
07-03 22:25:20.624   444   444 E TrustyKeymaster: Getting response size (88)
07-03 22:25:20.791   444   444 E TrustyKeymaster: succeeded to send cmd (4) to com.android.trusty.keymaster with rc(1425). errno: Success
07-03 22:25:20.792   444   444 E TrustyKeymaster: Getting response size (28)
07-03 22:25:20.795   444   444 E TrustyKeymaster: succeeded to send cmd (8) to com.android.trusty.keymaster with rc(284). errno: Success
07-03 22:25:20.795   444   444 E TrustyKeymaster: Getting response size (28)
07-03 22:25:20.797   444   444 E TrustyKeymaster: succeeded to send cmd (12) to com.android.trusty.keymaster with rc(32). errno: Success
07-03 22:25:20.827   444   444 E TrustyKeymaster: Getting response size (88)
07-03 22:25:20.874   444   444 E TrustyKeymaster: succeeded to send cmd (4) to com.android.trusty.keymaster with rc(1425). errno: Success
07-03 22:25:20.875   444   444 E TrustyKeymaster: Getting response size (28)
07-03 22:25:20.902   444   444 E TrustyKeymaster: succeeded to send cmd (8) to com.android.trusty.keymaster with rc(284). errno: Success
07-03 22:25:20.902   444   444 E TrustyKeymaster: Getting response size (28)
07-03 22:25:20.905   444   444 E TrustyKeymaster: succeeded to send cmd (12) to com.android.trusty.keymaster with rc(32). errno: Success
07-03 22:25:20.936   444   444 E TrustyKeymaster: Getting response size (88)
07-03 22:25:21.037   444   444 E TrustyKeymaster: succeeded to send cmd (4) to com.android.trusty.keymaster with rc(1425). errno: Success
07-03 22:25:21.038   444   444 E TrustyKeymaster: Getting response size (28)
07-03 22:25:21.044   444   444 E TrustyKeymaster: succeeded to send cmd (8) to com.android.trusty.keymaster with rc(284). errno: Success
07-03 22:25:21.045   444   444 E TrustyKeymaster: Getting response size (28)
07-03 22:25:21.046   444   444 E TrustyKeymaster: succeeded to send cmd (12) to com.android.trusty.keymaster with rc(32). errno: Success
07-03 22:25:21.077   444   444 E TrustyKeymaster: Getting response size (88)
07-03 22:25:21.184   444   444 E TrustyKeymaster: succeeded to send cmd (4) to com.android.trusty.keymaster with rc(1425). errno: Success
07-03 22:25:21.189   444   444 E TrustyKeymaster: Getting response size (28)
07-03 22:25:21.196   444   444 E TrustyKeymaster: succeeded to send cmd (8) to com.android.trusty.keymaster with rc(284). errno: Success
07-03 22:25:21.197   444   444 E TrustyKeymaster: Getting response size (28)
07-03 22:25:21.198   444   444 E TrustyKeymaster: succeeded to send cmd (12) to com.android.trusty.keymaster with rc(32). errno: Success
07-03 22:25:21.229   444   444 E TrustyKeymaster: Getting response size (88)
07-03 22:25:21.231  1076  1076 E vendor.sprd.hardware.combined@1.0-service: MemTrack_DEBUG--Open ion_system_heap failed
07-03 22:25:21.232  1076  1076 E vendor.sprd.hardware.combined@1.0-service: MemTrack_DEBUG--Open ion_system_heap failed
07-03 22:25:21.292   444   444 E TrustyKeymaster: succeeded to send cmd (4) to com.android.trusty.keymaster with rc(1425). errno: Success
07-03 22:25:21.293   444   444 E TrustyKeymaster: Getting response size (28)
07-03 22:25:21.297   444   444 E TrustyKeymaster: succeeded to send cmd (8) to com.android.trusty.keymaster with rc(284). errno: Success
07-03 22:25:21.297   444   444 E TrustyKeymaster: Getting response size (28)
07-03 22:25:21.298   444   444 E TrustyKeymaster: succeeded to send cmd (12) to com.android.trusty.keymaster with rc(32). errno: Success
07-03 22:25:21.330   444   444 E TrustyKeymaster: Getting response size (88)
07-03 22:25:21.358   444   444 E TrustyKeymaster: succeeded to send cmd (4) to com.android.trusty.keymaster with rc(1425). errno: Success
07-03 22:25:21.359   444   444 E TrustyKeymaster: Getting response size (28)
07-03 22:25:21.362   444   444 E TrustyKeymaster: succeeded to send cmd (8) to com.android.trusty.keymaster with rc(284). errno: Success
07-03 22:25:21.362   444   444 E TrustyKeymaster: Getting response size (28)
07-03 22:25:21.364   444   444 E TrustyKeymaster: succeeded to send cmd (12) to com.android.trusty.keymaster with rc(32). errno: Success
07-03 22:25:21.395   444   444 E TrustyKeymaster: Getting response size (88)
